78134349824285344951047108382937027298983565672556526645992411521774521827838042945012736594906931761309836048588024520829036887403946698025471564
