3889
99743
97548
187
39
87021
43337
3752670
85761095
29391093
1185
260
382
13119762
12
194730
5
738640
633713
38895568
3101396
38688347
4980067
48412
784
39693827
242598
6450747
7469601
5
13343664
0
365151815
684940576
58567
580
2
763
49
154309
1
7
1
2
2
214086
400676
140
1
476402
143326699
2762104
7193
57182296
3651
4
2923
42
335720
15744608
4
14285768
17004806
12
80111851
89
2856
24
407
4884686
376
572
7637
503466562
2
404396
1663
25
57337504
316441
13791
8
56975750
32940182
295
106
128370
915
229795
195155720
370
16212
121492
224
68023957
0
14131
1044448
