1
2964
1
13633306
33175612
845
516575
305
1050828
2421
2166
91
1
5
1
1890
7
28122595
4426531
357195629
52521691
3614
15825
20
1
11
2
13
41661717
311
0
17369
69875
1248860
5
363795267
1
1
16
25
659869
198
1
1466467
956105
2
355627
1
113842895
102831
1
8
1
1401000
3872
21
13891491
50079
10
501876
21
11
2
120
7994934
221
41260023
1986495
303858
148157802
1
12439059
1342827
37750
23824
2
167499
2192
1
799
3014259
1555674
695720268
31
45747703
210054298
1589632
1558397
109651307
3
10607
3460611
69
