wstnbvwyqgnzlclflijtuuokajtm
xkexsxartkkfwudhdsdoovizlimyur
wstnbvwyqgnzlclflijtuuokajtm
xkexsxartkkfwudhdsdoovizlimyur
xkexsxartkkfwudhdsdoovizlimyur
xkexsxartkkfwudhdsdoovizlimyur
d
wstnbvwyqgnzlclflijtuuokajtm
vocekfvnunxrsa
vocekfvnunxrsa
hlpok
ltklc
uxcwddfluuemsrwr
wstnbvwyqgnzlclflijtuuokajtm
xkexsxartkkfwudhdsdoovizlimyur
wstnbvwyqgnzlclflijtuuokajtm
xkexsxartkkfwudhdsdoovizlimyur
uxcwddfluuemsrwr
xkexsxartkkfwudhdsdoovizlimyur
xkexsxartkkfwudhdsdoovizlimyur
wstnbvwyqgnzlclflijtuuokajtm
xkexsxartkkfwudhdsdoovizlimyur
xkexsxartkkfwudhdsdoovizlimyur
xkexsxartkkfwudhdsdoovizlimyur
vocekfvnunxrsa
pg
xkexsxartkkfwudhdsdoovizlimyur
vocekfvnunxrsa
xkexsxartkkfwudhdsdoovizlimyur
wstnbvwyqgnzlclflijtuuokajtm
wstnbvwyqgnzlclflijtuuokajtm
xkexsxartkkfwudhdsdoovizlimyur
hlpok
wstnbvwyqgnzlclflijtuuokajtm
vocekfvnunxrsa
vocekfvnunxrsa
lahmynxuxrmbxkilewwmtqxqoxcmy
xkexsxartkkfwudhdsdoovizlimyur
wstnbvwyqgnzlclflijtuuokajtm
hkgkrcacrssntgxuftpccdizg
pg
wstnbvwyqgnzlclflijtuuokajtm
xkexsxartkkfwudhdsdoovizlimyur
xkexsxartkkfwudhdsdoovizlimyur
xkexsxartkkfwudhdsdoovizlimyur
wstnbvwyqgnzlclflijtuuokajtm
xkexsxartkkfwudhdsdoovizlimyur
ltklc
vocekfvnunxrsa
lahmynxuxrmbxkilewwmtqxqoxcmy
xkexsxartkkfwudhdsdoovizlimyur
xkexsxartkkfwudhdsdoovizlimyur
wstnbvwyqgnzlclflijtuuokajtm
xkexsxartkkfwudhdsdoovizlimyur
wstnbvwyqgnzlclflijtuuokajtm
vocekfvnunxrsa
wstnbvwyqgnzlclflijtuuokajtm
uxcwddfluuemsrwr
wstnbvwyqgnzlclflijtuuokajtm
lahmynxuxrmbxkilewwmtqxqoxcmy
vocekfvnunxrsa
uxcwddfluuemsrwr
xkexsxartkkfwudhdsdoovizlimyur
xkexsxartkkfwudhdsdoovizlimyur
vocekfvnunxrsa
xkexsxartkkfwudhdsdoovizlimyur
vocekfvnunxrsa
xkexsxartkkfwudhdsdoovizlimyur
xkexsxartkkfwudhdsdoovizlimyur
ltklc
wstnbvwyqgnzlclflijtuuokajtm
wstnbvwyqgnzlclflijtuuokajtm
xkexsxartkkfwudhdsdoovizlimyur
xkexsxartkkfwudhdsdoovizlimyur
wstnbvwyqgnzlclflijtuuokajtm
xkexsxartkkfwudhdsdoovizlimyur
ltklc
wstnbvwyqgnzlclflijtuuokajtm
xkexsxartkkfwudhdsdoovizlimyur
vocekfvnunxrsa
xkexsxartkkfwudhdsdoovizlimyur
xkexsxartkkfwudhdsdoovizlimyur
xkexsxartkkfwudhdsdoovizlimyur
vocekfvnunxrsa
uxcwddfluuemsrwr
uxcwddfluuemsrwr
wstnbvwyqgnzlclflijtuuokajtm
xkexsxartkkfwudhdsdoovizlimyur
ltklc
xkexsxartkkfwudhdsdoovizlimyur
wstnbvwyqgnzlclflijtuuokajtm
pg
hlpok
pg
wstnbvwyqgnzlclflijtuuokajtm
vocekfvnunxrsa
vocekfvnunxrsa
xkexsxartkkfwudhdsdoovizlimyur
vocekfvnunxrsa
uxcwddfluuemsrwr
wstnbvwyqgnzlclflijtuuokajtm
xkexsxartkkfwudhdsdoovizlimyur
xkexsxartkkfwudhdsdoovizlimyur
xkexsxartkkfwudhdsdoovizlimyur
wstnbvwyqgnzlclflijtuuokajtm
wstnbvwyqgnzlclflijtuuokajtm
uxcwddfluuemsrwr
xkexsxartkkfwudhdsdoovizlimyur
xkexsxartkkfwudhdsdoovizlimyur
xkexsxartkkfwudhdsdoovizlimyur
uxcwddfluuemsrwr
vocekfvnunxrsa
xkexsxartkkfwudhdsdoovizlimyur
wstnbvwyqgnzlclflijtuuokajtm
xkexsxartkkfwudhdsdoovizlimyur
vocekfvnunxrsa
vocekfvnunxrsa
wstnbvwyqgnzlclflijtuuokajtm
wstnbvwyqgnzlclflijtuuokajtm
vocekfvnunxrsa
lahmynxuxrmbxkilewwmtqxqoxcmy
xkexsxartkkfwudhdsdoovizlimyur
hlpok
hkgkrcacrssntgxuftpccdizg
wstnbvwyqgnzlclflijtuuokajtm
uxcwddfluuemsrwr
pg
hlpok
vocekfvnunxrsa
uxcwddfluuemsrwr
wstnbvwyqgnzlclflijtuuokajtm
vocekfvnunxrsa
xkexsxartkkfwudhdsdoovizlimyur
xkexsxartkkfwudhdsdoovizlimyur
lahmynxuxrmbxkilewwmtqxqoxcmy
uxcwddfluuemsrwr
xkexsxartkkfwudhdsdoovizlimyur
wstnbvwyqgnzlclflijtuuokajtm
xkexsxartkkfwudhdsdoovizlimyur
wstnbvwyqgnzlclflijtuuokajtm
wstnbvwyqgnzlclflijtuuokajtm
vocekfvnunxrsa
ltklc
pg
wstnbvwyqgnzlclflijtuuokajtm
wstnbvwyqgnzlclflijtuuokajtm
xkexsxartkkfwudhdsdoovizlimyur
xkexsxartkkfwudhdsdoovizlimyur
vocekfvnunxrsa
wstnbvwyqgnzlclflijtuuokajtm
hkgkrcacrssntgxuftpccdizg
vocekfvnunxrsa
xkexsxartkkfwudhdsdoovizlimyur
wstnbvwyqgnzlclflijtuuokajtm
wstnbvwyqgnzlclflijtuuokajtm
wstnbvwyqgnzlclflijtuuokajtm
ltklc
uxcwddfluuemsrwr
uxcwddfluuemsrwr
uxcwddfluuemsrwr
uxcwddfluuemsrwr
xkexsxartkkfwudhdsdoovizlimyur
xkexsxartkkfwudhdsdoovizlimyur
xkexsxartkkfwudhdsdoovizlimyur
vocekfvnunxrsa
xkexsxartkkfwudhdsdoovizlimyur
xkexsxartkkfwudhdsdoovizlimyur
xkexsxartkkfwudhdsdoovizlimyur
xkexsxartkkfwudhdsdoovizlimyur
xkexsxartkkfwudhdsdoovizlimyur
uxcwddfluuemsrwr
hkgkrcacrssntgxuftpccdizg
vocekfvnunxrsa
xkexsxartkkfwudhdsdoovizlimyur
hlpok
xkexsxartkkfwudhdsdoovizlimyur
xkexsxartkkfwudhdsdoovizlimyur
xkexsxartkkfwudhdsdoovizlimyur
xkexsxartkkfwudhdsdoovizlimyur
wstnbvwyqgnzlclflijtuuokajtm
hlpok
xkexsxartkkfwudhdsdoovizlimyur
wstnbvwyqgnzlclflijtuuokajtm
wstnbvwyqgnzlclflijtuuokajtm
wstnbvwyqgnzlclflijtuuokajtm
vocekfvnunxrsa
xkexsxartkkfwudhdsdoovizlimyur
wstnbvwyqgnzlclflijtuuokajtm
lahmynxuxrmbxkilewwmtqxqoxcmy
xkexsxartkkfwudhdsdoovizlimyur
xkexsxartkkfwudhdsdoovizlimyur
xkexsxartkkfwudhdsdoovizlimyur
xkexsxartkkfwudhdsdoovizlimyur
xkexsxartkkfwudhdsdoovizlimyur
uxcwddfluuemsrwr
wstnbvwyqgnzlclflijtuuokajtm
xkexsxartkkfwudhdsdoovizlimyur
wstnbvwyqgnzlclflijtuuokajtm
pg
xkexsxartkkfwudhdsdoovizlimyur
xkexsxartkkfwudhdsdoovizlimyur
xkexsxartkkfwudhdsdoovizlimyur
ltklc
vocekfvnunxrsa
xkexsxartkkfwudhdsdoovizlimyur
xkexsxartkkfwudhdsdoovizlimyur
wstnbvwyqgnzlclflijtuuokajtm
wstnbvwyqgnzlclflijtuuokajtm
xkexsxartkkfwudhdsdoovizlimyur
xkexsxartkkfwudhdsdoovizlimyur
xkexsxartkkfwudhdsdoovizlimyur
ltklc
xkexsxartkkfwudhdsdoovizlimyur
wstnbvwyqgnzlclflijtuuokajtm
pg
vocekfvnunxrsa
wstnbvwyqgnzlclflijtuuokajtm
ltklc
vocekfvnunxrsa
xkexsxartkkfwudhdsdoovizlimyur
d
xkexsxartkkfwudhdsdoovizlimyur
wstnbvwyqgnzlclflijtuuokajtm
wstnbvwyqgnzlclflijtuuokajtm
xkexsxartkkfwudhdsdoovizlimyur
hkgkrcacrssntgxuftpccdizg
xkexsxartkkfwudhdsdoovizlimyur
wstnbvwyqgnzlclflijtuuokajtm
xkexsxartkkfwudhdsdoovizlimyur
xkexsxartkkfwudhdsdoovizlimyur
xkexsxartkkfwudhdsdoovizlimyur
xkexsxartkkfwudhdsdoovizlimyur
xkexsxartkkfwudhdsdoovizlimyur
wstnbvwyqgnzlclflijtuuokajtm
vocekfvnunxrsa
vocekfvnunxrsa
uxcwddfluuemsrwr
xkexsxartkkfwudhdsdoovizlimyur
d
vocekfvnunxrsa
lahmynxuxrmbxkilewwmtqxqoxcmy
xkexsxartkkfwudhdsdoovizlimyur
pg
hlpok
xkexsxartkkfwudhdsdoovizlimyur
wstnbvwyqgnzlclflijtuuokajtm
uxcwddfluuemsrwr
wstnbvwyqgnzlclflijtuuokajtm
xkexsxartkkfwudhdsdoovizlimyur
xkexsxartkkfwudhdsdoovizlimyur
xkexsxartkkfwudhdsdoovizlimyur
wstnbvwyqgnzlclflijtuuokajtm
uxcwddfluuemsrwr
xkexsxartkkfwudhdsdoovizlimyur
vocekfvnunxrsa
wstnbvwyqgnzlclflijtuuokajtm
vocekfvnunxrsa
d
vocekfvnunxrsa
hlpok
ltklc
xkexsxartkkfwudhdsdoovizlimyur
xkexsxartkkfwudhdsdoovizlimyur
wstnbvwyqgnzlclflijtuuokajtm
wstnbvwyqgnzlclflijtuuokajtm
vocekfvnunxrsa
pg
xkexsxartkkfwudhdsdoovizlimyur
vocekfvnunxrsa
vocekfvnunxrsa
xkexsxartkkfwudhdsdoovizlimyur
xkexsxartkkfwudhdsdoovizlimyur
xkexsxartkkfwudhdsdoovizlimyur
xkexsxartkkfwudhdsdoovizlimyur
lahmynxuxrmbxkilewwmtqxqoxcmy
xkexsxartkkfwudhdsdoovizlimyur
xkexsxartkkfwudhdsdoovizlimyur
vocekfvnunxrsa
xkexsxartkkfwudhdsdoovizlimyur
wstnbvwyqgnzlclflijtuuokajtm
d
xkexsxartkkfwudhdsdoovizlimyur
pg
uxcwddfluuemsrwr
wstnbvwyqgnzlclflijtuuokajtm
xkexsxartkkfwudhdsdoovizlimyur
xkexsxartkkfwudhdsdoovizlimyur
xkexsxartkkfwudhdsdoovizlimyur
xkexsxartkkfwudhdsdoovizlimyur
pg
xkexsxartkkfwudhdsdoovizlimyur
pg
vocekfvnunxrsa
pg
wstnbvwyqgnzlclflijtuuokajtm
hlpok
xkexsxartkkfwudhdsdoovizlimyur
wstnbvwyqgnzlclflijtuuokajtm
xkexsxartkkfwudhdsdoovizlimyur
d
uxcwddfluuemsrwr
wstnbvwyqgnzlclflijtuuokajtm
xkexsxartkkfwudhdsdoovizlimyur
vocekfvnunxrsa
xkexsxartkkfwudhdsdoovizlimyur
xkexsxartkkfwudhdsdoovizlimyur
xkexsxartkkfwudhdsdoovizlimyur
d
vocekfvnunxrsa
lahmynxuxrmbxkilewwmtqxqoxcmy
vocekfvnunxrsa
wstnbvwyqgnzlclflijtuuokajtm
wstnbvwyqgnzlclflijtuuokajtm
vocekfvnunxrsa
xkexsxartkkfwudhdsdoovizlimyur
xkexsxartkkfwudhdsdoovizlimyur
lahmynxuxrmbxkilewwmtqxqoxcmy
pg
wstnbvwyqgnzlclflijtuuokajtm
uxcwddfluuemsrwr
wstnbvwyqgnzlclflijtuuokajtm
pg
wstnbvwyqgnzlclflijtuuokajtm
wstnbvwyqgnzlclflijtuuokajtm
wstnbvwyqgnzlclflijtuuokajtm
xkexsxartkkfwudhdsdoovizlimyur
wstnbvwyqgnzlclflijtuuokajtm
vocekfvnunxrsa
vocekfvnunxrsa
xkexsxartkkfwudhdsdoovizlimyur
hlpok
xkexsxartkkfwudhdsdoovizlimyur
xkexsxartkkfwudhdsdoovizlimyur
uxcwddfluuemsrwr
xkexsxartkkfwudhdsdoovizlimyur
wstnbvwyqgnzlclflijtuuokajtm
vocekfvnunxrsa
xkexsxartkkfwudhdsdoovizlimyur
wstnbvwyqgnzlclflijtuuokajtm
vocekfvnunxrsa
xkexsxartkkfwudhdsdoovizlimyur
xkexsxartkkfwudhdsdoovizlimyur
wstnbvwyqgnzlclflijtuuokajtm
xkexsxartkkfwudhdsdoovizlimyur
wstnbvwyqgnzlclflijtuuokajtm
d
xkexsxartkkfwudhdsdoovizlimyur
wstnbvwyqgnzlclflijtuuokajtm
vocekfvnunxrsa
xkexsxartkkfwudhdsdoovizlimyur
wstnbvwyqgnzlclflijtuuokajtm
vocekfvnunxrsa
xkexsxartkkfwudhdsdoovizlimyur
xkexsxartkkfwudhdsdoovizlimyur
wstnbvwyqgnzlclflijtuuokajtm
xkexsxartkkfwudhdsdoovizlimyur
uxcwddfluuemsrwr
wstnbvwyqgnzlclflijtuuokajtm
xkexsxartkkfwudhdsdoovizlimyur
xkexsxartkkfwudhdsdoovizlimyur
uxcwddfluuemsrwr
xkexsxartkkfwudhdsdoovizlimyur
vocekfvnunxrsa
xkexsxartkkfwudhdsdoovizlimyur
uxcwddfluuemsrwr
xkexsxartkkfwudhdsdoovizlimyur
wstnbvwyqgnzlclflijtuuokajtm
wstnbvwyqgnzlclflijtuuokajtm
xkexsxartkkfwudhdsdoovizlimyur
xkexsxartkkfwudhdsdoovizlimyur
wstnbvwyqgnzlclflijtuuokajtm
vocekfvnunxrsa
xkexsxartkkfwudhdsdoovizlimyur
xkexsxartkkfwudhdsdoovizlimyur
vocekfvnunxrsa
lahmynxuxrmbxkilewwmtqxqoxcmy
xkexsxartkkfwudhdsdoovizlimyur
hlpok
wstnbvwyqgnzlclflijtuuokajtm
wstnbvwyqgnzlclflijtuuokajtm
pg
xkexsxartkkfwudhdsdoovizlimyur
xkexsxartkkfwudhdsdoovizlimyur
xkexsxartkkfwudhdsdoovizlimyur
uxcwddfluuemsrwr
xkexsxartkkfwudhdsdoovizlimyur
xkexsxartkkfwudhdsdoovizlimyur
lahmynxuxrmbxkilewwmtqxqoxcmy
pg
pg
xkexsxartkkfwudhdsdoovizlimyur
xkexsxartkkfwudhdsdoovizlimyur
pg
uxcwddfluuemsrwr
xkexsxartkkfwudhdsdoovizlimyur
vocekfvnunxrsa
xkexsxartkkfwudhdsdoovizlimyur
xkexsxartkkfwudhdsdoovizlimyur
hlpok
uxcwddfluuemsrwr
wstnbvwyqgnzlclflijtuuokajtm
xkexsxartkkfwudhdsdoovizlimyur
pg
uxcwddfluuemsrwr
xkexsxartkkfwudhdsdoovizlimyur
wstnbvwyqgnzlclflijtuuokajtm
xkexsxartkkfwudhdsdoovizlimyur
xkexsxartkkfwudhdsdoovizlimyur
xkexsxartkkfwudhdsdoovizlimyur
xkexsxartkkfwudhdsdoovizlimyur
wstnbvwyqgnzlclflijtuuokajtm
xkexsxartkkfwudhdsdoovizlimyur
vocekfvnunxrsa
xkexsxartkkfwudhdsdoovizlimyur
ltklc
xkexsxartkkfwudhdsdoovizlimyur
wstnbvwyqgnzlclflijtuuokajtm
xkexsxartkkfwudhdsdoovizlimyur
vocekfvnunxrsa
xkexsxartkkfwudhdsdoovizlimyur
xkexsxartkkfwudhdsdoovizlimyur
xkexsxartkkfwudhdsdoovizlimyur
wstnbvwyqgnzlclflijtuuokajtm
vocekfvnunxrsa
ltklc
xkexsxartkkfwudhdsdoovizlimyur
xkexsxartkkfwudhdsdoovizlimyur
wstnbvwyqgnzlclflijtuuokajtm
xkexsxartkkfwudhdsdoovizlimyur
wstnbvwyqgnzlclflijtuuokajtm
xkexsxartkkfwudhdsdoovizlimyur
wstnbvwyqgnzlclflijtuuokajtm
hlpok
xkexsxartkkfwudhdsdoovizlimyur
xkexsxartkkfwudhdsdoovizlimyur
uxcwddfluuemsrwr
xkexsxartkkfwudhdsdoovizlimyur
lahmynxuxrmbxkilewwmtqxqoxcmy
xkexsxartkkfwudhdsdoovizlimyur
uxcwddfluuemsrwr
wstnbvwyqgnzlclflijtuuokajtm
pg
wstnbvwyqgnzlclflijtuuokajtm
xkexsxartkkfwudhdsdoovizlimyur
xkexsxartkkfwudhdsdoovizlimyur
wstnbvwyqgnzlclflijtuuokajtm
xkexsxartkkfwudhdsdoovizlimyur
xkexsxartkkfwudhdsdoovizlimyur
lahmynxuxrmbxkilewwmtqxqoxcmy
vocekfvnunxrsa
lahmynxuxrmbxkilewwmtqxqoxcmy
wstnbvwyqgnzlclflijtuuokajtm
xkexsxartkkfwudhdsdoovizlimyur
wstnbvwyqgnzlclflijtuuokajtm
uxcwddfluuemsrwr
uxcwddfluuemsrwr
wstnbvwyqgnzlclflijtuuokajtm
xkexsxartkkfwudhdsdoovizlimyur
ltklc
xkexsxartkkfwudhdsdoovizlimyur
ltklc
xkexsxartkkfwudhdsdoovizlimyur
uxcwddfluuemsrwr
xkexsxartkkfwudhdsdoovizlimyur
xkexsxartkkfwudhdsdoovizlimyur
uxcwddfluuemsrwr
pg
vocekfvnunxrsa
xkexsxartkkfwudhdsdoovizlimyur
lahmynxuxrmbxkilewwmtqxqoxcmy
wstnbvwyqgnzlclflijtuuokajtm
xkexsxartkkfwudhdsdoovizlimyur
uxcwddfluuemsrwr
uxcwddfluuemsrwr
xkexsxartkkfwudhdsdoovizlimyur
pg
uxcwddfluuemsrwr
xkexsxartkkfwudhdsdoovizlimyur
wstnbvwyqgnzlclflijtuuokajtm
d
xkexsxartkkfwudhdsdoovizlimyur
wstnbvwyqgnzlclflijtuuokajtm
xkexsxartkkfwudhdsdoovizlimyur
pg
xkexsxartkkfwudhdsdoovizlimyur
ltklc
xkexsxartkkfwudhdsdoovizlimyur
xkexsxartkkfwudhdsdoovizlimyur
wstnbvwyqgnzlclflijtuuokajtm
xkexsxartkkfwudhdsdoovizlimyur
wstnbvwyqgnzlclflijtuuokajtm
wstnbvwyqgnzlclflijtuuokajtm
hlpok
wstnbvwyqgnzlclflijtuuokajtm
ltklc
xkexsxartkkfwudhdsdoovizlimyur
xkexsxartkkfwudhdsdoovizlimyur
vocekfvnunxrsa
uxcwddfluuemsrwr
hkgkrcacrssntgxuftpccdizg
wstnbvwyqgnzlclflijtuuokajtm
xkexsxartkkfwudhdsdoovizlimyur
xkexsxartkkfwudhdsdoovizlimyur
xkexsxartkkfwudhdsdoovizlimyur
wstnbvwyqgnzlclflijtuuokajtm
uxcwddfluuemsrwr
vocekfvnunxrsa
vocekfvnunxrsa
xkexsxartkkfwudhdsdoovizlimyur
xkexsxartkkfwudhdsdoovizlimyur
pg
xkexsxartkkfwudhdsdoovizlimyur
xkexsxartkkfwudhdsdoovizlimyur
xkexsxartkkfwudhdsdoovizlimyur
xkexsxartkkfwudhdsdoovizlimyur
wstnbvwyqgnzlclflijtuuokajtm
xkexsxartkkfwudhdsdoovizlimyur
xkexsxartkkfwudhdsdoovizlimyur
hlpok
wstnbvwyqgnzlclflijtuuokajtm
wstnbvwyqgnzlclflijtuuokajtm
xkexsxartkkfwudhdsdoovizlimyur
wstnbvwyqgnzlclflijtuuokajtm
wstnbvwyqgnzlclflijtuuokajtm
wstnbvwyqgnzlclflijtuuokajtm
xkexsxartkkfwudhdsdoovizlimyur
wstnbvwyqgnzlclflijtuuokajtm
uxcwddfluuemsrwr
uxcwddfluuemsrwr
uxcwddfluuemsrwr
wstnbvwyqgnzlclflijtuuokajtm
uxcwddfluuemsrwr
xkexsxartkkfwudhdsdoovizlimyur
xkexsxartkkfwudhdsdoovizlimyur
xkexsxartkkfwudhdsdoovizlimyur
uxcwddfluuemsrwr
ltklc
uxcwddfluuemsrwr
xkexsxartkkfwudhdsdoovizlimyur
vocekfvnunxrsa
xkexsxartkkfwudhdsdoovizlimyur
xkexsxartkkfwudhdsdoovizlimyur
xkexsxartkkfwudhdsdoovizlimyur
xkexsxartkkfwudhdsdoovizlimyur
wstnbvwyqgnzlclflijtuuokajtm
xkexsxartkkfwudhdsdoovizlimyur
xkexsxartkkfwudhdsdoovizlimyur
xkexsxartkkfwudhdsdoovizlimyur
ltklc
vocekfvnunxrsa
pg
vocekfvnunxrsa
xkexsxartkkfwudhdsdoovizlimyur
hkgkrcacrssntgxuftpccdizg
xkexsxartkkfwudhdsdoovizlimyur
xkexsxartkkfwudhdsdoovizlimyur
wstnbvwyqgnzlclflijtuuokajtm
wstnbvwyqgnzlclflijtuuokajtm
vocekfvnunxrsa
xkexsxartkkfwudhdsdoovizlimyur
hkgkrcacrssntgxuftpccdizg
xkexsxartkkfwudhdsdoovizlimyur
wstnbvwyqgnzlclflijtuuokajtm
wstnbvwyqgnzlclflijtuuokajtm
xkexsxartkkfwudhdsdoovizlimyur
uxcwddfluuemsrwr
uxcwddfluuemsrwr
vocekfvnunxrsa
d
xkexsxartkkfwudhdsdoovizlimyur
xkexsxartkkfwudhdsdoovizlimyur
xkexsxartkkfwudhdsdoovizlimyur
xkexsxartkkfwudhdsdoovizlimyur
vocekfvnunxrsa
wstnbvwyqgnzlclflijtuuokajtm
vocekfvnunxrsa
pg
xkexsxartkkfwudhdsdoovizlimyur
xkexsxartkkfwudhdsdoovizlimyur
ltklc
xkexsxartkkfwudhdsdoovizlimyur
xkexsxartkkfwudhdsdoovizlimyur
wstnbvwyqgnzlclflijtuuokajtm
xkexsxartkkfwudhdsdoovizlimyur
ltklc
xkexsxartkkfwudhdsdoovizlimyur
vocekfvnunxrsa
hlpok
xkexsxartkkfwudhdsdoovizlimyur
vocekfvnunxrsa
xkexsxartkkfwudhdsdoovizlimyur
xkexsxartkkfwudhdsdoovizlimyur
pg
pg
xkexsxartkkfwudhdsdoovizlimyur
vocekfvnunxrsa
ltklc
xkexsxartkkfwudhdsdoovizlimyur
wstnbvwyqgnzlclflijtuuokajtm
xkexsxartkkfwudhdsdoovizlimyur
xkexsxartkkfwudhdsdoovizlimyur
wstnbvwyqgnzlclflijtuuokajtm
uxcwddfluuemsrwr
xkexsxartkkfwudhdsdoovizlimyur
xkexsxartkkfwudhdsdoovizlimyur
vocekfvnunxrsa
uxcwddfluuemsrwr
xkexsxartkkfwudhdsdoovizlimyur
xkexsxartkkfwudhdsdoovizlimyur
ltklc
xkexsxartkkfwudhdsdoovizlimyur
wstnbvwyqgnzlclflijtuuokajtm
hlpok
pg
uxcwddfluuemsrwr
vocekfvnunxrsa
wstnbvwyqgnzlclflijtuuokajtm
uxcwddfluuemsrwr
vocekfvnunxrsa
vocekfvnunxrsa
xkexsxartkkfwudhdsdoovizlimyur
uxcwddfluuemsrwr
wstnbvwyqgnzlclflijtuuokajtm
vocekfvnunxrsa
xkexsxartkkfwudhdsdoovizlimyur
ltklc
wstnbvwyqgnzlclflijtuuokajtm
wstnbvwyqgnzlclflijtuuokajtm
wstnbvwyqgnzlclflijtuuokajtm
wstnbvwyqgnzlclflijtuuokajtm
xkexsxartkkfwudhdsdoovizlimyur
xkexsxartkkfwudhdsdoovizlimyur
xkexsxartkkfwudhdsdoovizlimyur
xkexsxartkkfwudhdsdoovizlimyur
xkexsxartkkfwudhdsdoovizlimyur
xkexsxartkkfwudhdsdoovizlimyur
xkexsxartkkfwudhdsdoovizlimyur
xkexsxartkkfwudhdsdoovizlimyur
xkexsxartkkfwudhdsdoovizlimyur
xkexsxartkkfwudhdsdoovizlimyur
xkexsxartkkfwudhdsdoovizlimyur
xkexsxartkkfwudhdsdoovizlimyur
xkexsxartkkfwudhdsdoovizlimyur
vocekfvnunxrsa
vocekfvnunxrsa
wstnbvwyqgnzlclflijtuuokajtm
xkexsxartkkfwudhdsdoovizlimyur
xkexsxartkkfwudhdsdoovizlimyur
xkexsxartkkfwudhdsdoovizlimyur
xkexsxartkkfwudhdsdoovizlimyur
xkexsxartkkfwudhdsdoovizlimyur
xkexsxartkkfwudhdsdoovizlimyur
xkexsxartkkfwudhdsdoovizlimyur
wstnbvwyqgnzlclflijtuuokajtm
wstnbvwyqgnzlclflijtuuokajtm
xkexsxartkkfwudhdsdoovizlimyur
vocekfvnunxrsa
vocekfvnunxrsa
uxcwddfluuemsrwr
vocekfvnunxrsa
xkexsxartkkfwudhdsdoovizlimyur
uxcwddfluuemsrwr
vocekfvnunxrsa
wstnbvwyqgnzlclflijtuuokajtm
vocekfvnunxrsa
xkexsxartkkfwudhdsdoovizlimyur
wstnbvwyqgnzlclflijtuuokajtm
hlpok
xkexsxartkkfwudhdsdoovizlimyur
wstnbvwyqgnzlclflijtuuokajtm
uxcwddfluuemsrwr
pg
uxcwddfluuemsrwr
pg
xkexsxartkkfwudhdsdoovizlimyur
hlpok
xkexsxartkkfwudhdsdoovizlimyur
wstnbvwyqgnzlclflijtuuokajtm
vocekfvnunxrsa
vocekfvnunxrsa
ltklc
wstnbvwyqgnzlclflijtuuokajtm
xkexsxartkkfwudhdsdoovizlimyur
wstnbvwyqgnzlclflijtuuokajtm
wstnbvwyqgnzlclflijtuuokajtm
xkexsxartkkfwudhdsdoovizlimyur
ltklc
xkexsxartkkfwudhdsdoovizlimyur
xkexsxartkkfwudhdsdoovizlimyur
wstnbvwyqgnzlclflijtuuokajtm
xkexsxartkkfwudhdsdoovizlimyur
xkexsxartkkfwudhdsdoovizlimyur
wstnbvwyqgnzlclflijtuuokajtm
ltklc
xkexsxartkkfwudhdsdoovizlimyur
wstnbvwyqgnzlclflijtuuokajtm
xkexsxartkkfwudhdsdoovizlimyur
wstnbvwyqgnzlclflijtuuokajtm
xkexsxartkkfwudhdsdoovizlimyur
xkexsxartkkfwudhdsdoovizlimyur
vocekfvnunxrsa
wstnbvwyqgnzlclflijtuuokajtm
xkexsxartkkfwudhdsdoovizlimyur
wstnbvwyqgnzlclflijtuuokajtm
wstnbvwyqgnzlclflijtuuokajtm
wstnbvwyqgnzlclflijtuuokajtm
xkexsxartkkfwudhdsdoovizlimyur
xkexsxartkkfwudhdsdoovizlimyur
hkgkrcacrssntgxuftpccdizg
wstnbvwyqgnzlclflijtuuokajtm
uxcwddfluuemsrwr
wstnbvwyqgnzlclflijtuuokajtm
xkexsxartkkfwudhdsdoovizlimyur
xkexsxartkkfwudhdsdoovizlimyur
wstnbvwyqgnzlclflijtuuokajtm
ltklc
xkexsxartkkfwudhdsdoovizlimyur
vocekfvnunxrsa
pg
xkexsxartkkfwudhdsdoovizlimyur
wstnbvwyqgnzlclflijtuuokajtm
wstnbvwyqgnzlclflijtuuokajtm
uxcwddfluuemsrwr
xkexsxartkkfwudhdsdoovizlimyur
xkexsxartkkfwudhdsdoovizlimyur
xkexsxartkkfwudhdsdoovizlimyur
ltklc
vocekfvnunxrsa
wstnbvwyqgnzlclflijtuuokajtm
xkexsxartkkfwudhdsdoovizlimyur
wstnbvwyqgnzlclflijtuuokajtm
wstnbvwyqgnzlclflijtuuokajtm
hlpok
uxcwddfluuemsrwr
xkexsxartkkfwudhdsdoovizlimyur
uxcwddfluuemsrwr
hlpok
wstnbvwyqgnzlclflijtuuokajtm
wstnbvwyqgnzlclflijtuuokajtm
xkexsxartkkfwudhdsdoovizlimyur
xkexsxartkkfwudhdsdoovizlimyur
vocekfvnunxrsa
xkexsxartkkfwudhdsdoovizlimyur
wstnbvwyqgnzlclflijtuuokajtm
xkexsxartkkfwudhdsdoovizlimyur
wstnbvwyqgnzlclflijtuuokajtm
uxcwddfluuemsrwr
vocekfvnunxrsa
xkexsxartkkfwudhdsdoovizlimyur
xkexsxartkkfwudhdsdoovizlimyur
vocekfvnunxrsa
lahmynxuxrmbxkilewwmtqxqoxcmy
vocekfvnunxrsa
d
pg
uxcwddfluuemsrwr
xkexsxartkkfwudhdsdoovizlimyur
wstnbvwyqgnzlclflijtuuokajtm
xkexsxartkkfwudhdsdoovizlimyur
wstnbvwyqgnzlclflijtuuokajtm
pg
xkexsxartkkfwudhdsdoovizlimyur
vocekfvnunxrsa
xkexsxartkkfwudhdsdoovizlimyur
wstnbvwyqgnzlclflijtuuokajtm
xkexsxartkkfwudhdsdoovizlimyur
wstnbvwyqgnzlclflijtuuokajtm
wstnbvwyqgnzlclflijtuuokajtm
xkexsxartkkfwudhdsdoovizlimyur
wstnbvwyqgnzlclflijtuuokajtm
xkexsxartkkfwudhdsdoovizlimyur
xkexsxartkkfwudhdsdoovizlimyur
vocekfvnunxrsa
vocekfvnunxrsa
vocekfvnunxrsa
ltklc
uxcwddfluuemsrwr
wstnbvwyqgnzlclflijtuuokajtm
vocekfvnunxrsa
wstnbvwyqgnzlclflijtuuokajtm
xkexsxartkkfwudhdsdoovizlimyur
xkexsxartkkfwudhdsdoovizlimyur
ltklc
xkexsxartkkfwudhdsdoovizlimyur
xkexsxartkkfwudhdsdoovizlimyur
xkexsxartkkfwudhdsdoovizlimyur
uxcwddfluuemsrwr
xkexsxartkkfwudhdsdoovizlimyur
xkexsxartkkfwudhdsdoovizlimyur
xkexsxartkkfwudhdsdoovizlimyur
wstnbvwyqgnzlclflijtuuokajtm
uxcwddfluuemsrwr
vocekfvnunxrsa
wstnbvwyqgnzlclflijtuuokajtm
wstnbvwyqgnzlclflijtuuokajtm
wstnbvwyqgnzlclflijtuuokajtm
xkexsxartkkfwudhdsdoovizlimyur
wstnbvwyqgnzlclflijtuuokajtm
wstnbvwyqgnzlclflijtuuokajtm
wstnbvwyqgnzlclflijtuuokajtm
d
xkexsxartkkfwudhdsdoovizlimyur
xkexsxartkkfwudhdsdoovizlimyur
xkexsxartkkfwudhdsdoovizlimyur
xkexsxartkkfwudhdsdoovizlimyur
wstnbvwyqgnzlclflijtuuokajtm
wstnbvwyqgnzlclflijtuuokajtm
hlpok
xkexsxartkkfwudhdsdoovizlimyur
xkexsxartkkfwudhdsdoovizlimyur
wstnbvwyqgnzlclflijtuuokajtm
lahmynxuxrmbxkilewwmtqxqoxcmy
wstnbvwyqgnzlclflijtuuokajtm
xkexsxartkkfwudhdsdoovizlimyur
xkexsxartkkfwudhdsdoovizlimyur
uxcwddfluuemsrwr
xkexsxartkkfwudhdsdoovizlimyur
vocekfvnunxrsa
uxcwddfluuemsrwr
xkexsxartkkfwudhdsdoovizlimyur
uxcwddfluuemsrwr
xkexsxartkkfwudhdsdoovizlimyur
xkexsxartkkfwudhdsdoovizlimyur
vocekfvnunxrsa
xkexsxartkkfwudhdsdoovizlimyur
xkexsxartkkfwudhdsdoovizlimyur
xkexsxartkkfwudhdsdoovizlimyur
d
xkexsxartkkfwudhdsdoovizlimyur
xkexsxartkkfwudhdsdoovizlimyur
wstnbvwyqgnzlclflijtuuokajtm
pg
vocekfvnunxrsa
xkexsxartkkfwudhdsdoovizlimyur
wstnbvwyqgnzlclflijtuuokajtm
pg
pg
vocekfvnunxrsa
xkexsxartkkfwudhdsdoovizlimyur
xkexsxartkkfwudhdsdoovizlimyur
wstnbvwyqgnzlclflijtuuokajtm
vocekfvnunxrsa
wstnbvwyqgnzlclflijtuuokajtm
uxcwddfluuemsrwr
xkexsxartkkfwudhdsdoovizlimyur
wstnbvwyqgnzlclflijtuuokajtm
vocekfvnunxrsa
xkexsxartkkfwudhdsdoovizlimyur
uxcwddfluuemsrwr
vocekfvnunxrsa
xkexsxartkkfwudhdsdoovizlimyur
pg
wstnbvwyqgnzlclflijtuuokajtm
wstnbvwyqgnzlclflijtuuokajtm
wstnbvwyqgnzlclflijtuuokajtm
xkexsxartkkfwudhdsdoovizlimyur
wstnbvwyqgnzlclflijtuuokajtm
uxcwddfluuemsrwr
xkexsxartkkfwudhdsdoovizlimyur
wstnbvwyqgnzlclflijtuuokajtm
pg
pg
ltklc
wstnbvwyqgnzlclflijtuuokajtm
wstnbvwyqgnzlclflijtuuokajtm
vocekfvnunxrsa
uxcwddfluuemsrwr
pg
wstnbvwyqgnzlclflijtuuokajtm
wstnbvwyqgnzlclflijtuuokajtm
xkexsxartkkfwudhdsdoovizlimyur
xkexsxartkkfwudhdsdoovizlimyur
xkexsxartkkfwudhdsdoovizlimyur
pg
uxcwddfluuemsrwr
pg
wstnbvwyqgnzlclflijtuuokajtm
xkexsxartkkfwudhdsdoovizlimyur
xkexsxartkkfwudhdsdoovizlimyur
wstnbvwyqgnzlclflijtuuokajtm
vocekfvnunxrsa
vocekfvnunxrsa
xkexsxartkkfwudhdsdoovizlimyur
wstnbvwyqgnzlclflijtuuokajtm
wstnbvwyqgnzlclflijtuuokajtm
vocekfvnunxrsa
vocekfvnunxrsa
xkexsxartkkfwudhdsdoovizlimyur
vocekfvnunxrsa
xkexsxartkkfwudhdsdoovizlimyur
pg
vocekfvnunxrsa
xkexsxartkkfwudhdsdoovizlimyur
xkexsxartkkfwudhdsdoovizlimyur
vocekfvnunxrsa
pg
pg
vocekfvnunxrsa
vocekfvnunxrsa
hkgkrcacrssntgxuftpccdizg
xkexsxartkkfwudhdsdoovizlimyur
xkexsxartkkfwudhdsdoovizlimyur
xkexsxartkkfwudhdsdoovizlimyur
xkexsxartkkfwudhdsdoovizlimyur
xkexsxartkkfwudhdsdoovizlimyur
vocekfvnunxrsa
vocekfvnunxrsa
xkexsxartkkfwudhdsdoovizlimyur
vocekfvnunxrsa
vocekfvnunxrsa
xkexsxartkkfwudhdsdoovizlimyur
d
ltklc
xkexsxartkkfwudhdsdoovizlimyur
uxcwddfluuemsrwr
wstnbvwyqgnzlclflijtuuokajtm
xkexsxartkkfwudhdsdoovizlimyur
xkexsxartkkfwudhdsdoovizlimyur
xkexsxartkkfwudhdsdoovizlimyur
uxcwddfluuemsrwr
uxcwddfluuemsrwr
xkexsxartkkfwudhdsdoovizlimyur
vocekfvnunxrsa
xkexsxartkkfwudhdsdoovizlimyur
xkexsxartkkfwudhdsdoovizlimyur
xkexsxartkkfwudhdsdoovizlimyur
lahmynxuxrmbxkilewwmtqxqoxcmy
hlpok
vocekfvnunxrsa
pg
xkexsxartkkfwudhdsdoovizlimyur
vocekfvnunxrsa
d
xkexsxartkkfwudhdsdoovizlimyur
xkexsxartkkfwudhdsdoovizlimyur
wstnbvwyqgnzlclflijtuuokajtm
xkexsxartkkfwudhdsdoovizlimyur
vocekfvnunxrsa
xkexsxartkkfwudhdsdoovizlimyur
xkexsxartkkfwudhdsdoovizlimyur
vocekfvnunxrsa
vocekfvnunxrsa
xkexsxartkkfwudhdsdoovizlimyur
pg
xkexsxartkkfwudhdsdoovizlimyur
xkexsxartkkfwudhdsdoovizlimyur
xkexsxartkkfwudhdsdoovizlimyur
xkexsxartkkfwudhdsdoovizlimyur
vocekfvnunxrsa
wstnbvwyqgnzlclflijtuuokajtm
xkexsxartkkfwudhdsdoovizlimyur
xkexsxartkkfwudhdsdoovizlimyur
lahmynxuxrmbxkilewwmtqxqoxcmy
wstnbvwyqgnzlclflijtuuokajtm
ltklc
uxcwddfluuemsrwr
xkexsxartkkfwudhdsdoovizlimyur
xkexsxartkkfwudhdsdoovizlimyur
wstnbvwyqgnzlclflijtuuokajtm
lahmynxuxrmbxkilewwmtqxqoxcmy
pg
uxcwddfluuemsrwr
xkexsxartkkfwudhdsdoovizlimyur
wstnbvwyqgnzlclflijtuuokajtm
xkexsxartkkfwudhdsdoovizlimyur
uxcwddfluuemsrwr
wstnbvwyqgnzlclflijtuuokajtm
xkexsxartkkfwudhdsdoovizlimyur
xkexsxartkkfwudhdsdoovizlimyur
wstnbvwyqgnzlclflijtuuokajtm
ltklc
xkexsxartkkfwudhdsdoovizlimyur
wstnbvwyqgnzlclflijtuuokajtm
wstnbvwyqgnzlclflijtuuokajtm
vocekfvnunxrsa
wstnbvwyqgnzlclflijtuuokajtm
wstnbvwyqgnzlclflijtuuokajtm
pg
wstnbvwyqgnzlclflijtuuokajtm
lahmynxuxrmbxkilewwmtqxqoxcmy
ltklc
vocekfvnunxrsa
wstnbvwyqgnzlclflijtuuokajtm
uxcwddfluuemsrwr
vocekfvnunxrsa
xkexsxartkkfwudhdsdoovizlimyur
xkexsxartkkfwudhdsdoovizlimyur
vocekfvnunxrsa
pg
xkexsxartkkfwudhdsdoovizlimyur
xkexsxartkkfwudhdsdoovizlimyur
xkexsxartkkfwudhdsdoovizlimyur
xkexsxartkkfwudhdsdoovizlimyur
wstnbvwyqgnzlclflijtuuokajtm
xkexsxartkkfwudhdsdoovizlimyur
uxcwddfluuemsrwr
xkexsxartkkfwudhdsdoovizlimyur
vocekfvnunxrsa
xkexsxartkkfwudhdsdoovizlimyur
pg
