3618360
336891
3597921
3
2254
2147
78
5549
1
3722
85
10
552605699
7709575
1
0
121770
1
13547748
82
2138236
80868
9
28106
16677176
117186
284641844
10006
5
368
70333
73
5104
204451
70251
285
5922
3
4
7980
39361
165
141
4
