33868007
650040
52975271
844031
4
1590883
0
10
9
117553
3
20
14
999
553485
18933945
324530975
132
38904
13
2
90468660
0
6202
313238
61411
3328010
148551
19
323501
19
1402
3906
598
1
153455
463585
171125
119979
248174418
646
105356096
4
389066086
1
18367
2195764
1
7881
8282596
3924446
2689
7103063
85138
1
302566700
726
5423214
1
73
111
1
5847355
1544
3945
147097
1083871
4743
26435052
31770
1
67221351
3
43
848
2
378
33
2732708
905767
57555
56018
162293
1301549
