zydcerkjrmrgrsaiaqcoqhe
vitt
xqs
vitt
xqs
zydcerkjrmrgrsaiaqcoqhe
zydcerkjrmrgrsaiaqcoqhe
rnjpdfcupfwnvteytcjmjqnmtkom
rvjbnohzr
xqs
vitt
xqs
zydcerkjrmrgrsaiaqcoqhe
zydcerkjrmrgrsaiaqcoqhe
xqs
vitt
xqs
vitt
zydcerkjrmrgrsaiaqcoqhe
xqs
rvjbnohzr
zydcerkjrmrgrsaiaqcoqhe
puygaajexxxibsaihmqsueacvbiccmoekf
zydcerkjrmrgrsaiaqcoqhe
rnjpdfcupfwnvteytcjmjqnmtkom
zydcerkjrmrgrsaiaqcoqhe
vitt
zydcerkjrmrgrsaiaqcoqhe
zydcerkjrmrgrsaiaqcoqhe
zydcerkjrmrgrsaiaqcoqhe
rebidzmzgfb
xqs
vitt
zydcerkjrmrgrsaiaqcoqhe
zydcerkjrmrgrsaiaqcoqhe
rnjpdfcupfwnvteytcjmjqnmtkom
vitt
zydcerkjrmrgrsaiaqcoqhe
zydcerkjrmrgrsaiaqcoqhe
zydcerkjrmrgrsaiaqcoqhe
vitt
xqs
rnjpdfcupfwnvteytcjmjqnmtkom
rnjpdfcupfwnvteytcjmjqnmtkom
zydcerkjrmrgrsaiaqcoqhe
zydcerkjrmrgrsaiaqcoqhe
xqs
xqs
vitt
zydcerkjrmrgrsaiaqcoqhe
rvjbnohzr
rnjpdfcupfwnvteytcjmjqnmtkom
xqs
rvjbnohzr
xqs
vitt
rvjbnohzr
zydcerkjrmrgrsaiaqcoqhe
zydcerkjrmrgrsaiaqcoqhe
xqs
xqs
puygaajexxxibsaihmqsueacvbiccmoekf
vitt
rnjpdfcupfwnvteytcjmjqnmtkom
zydcerkjrmrgrsaiaqcoqhe
ehbliedi
zydcerkjrmrgrsaiaqcoqhe
xqs
vitt
zydcerkjrmrgrsaiaqcoqhe
xqs
zydcerkjrmrgrsaiaqcoqhe
xqs
zydcerkjrmrgrsaiaqcoqhe
zydcerkjrmrgrsaiaqcoqhe
vitt
zydcerkjrmrgrsaiaqcoqhe
rnjpdfcupfwnvteytcjmjqnmtkom
rnjpdfcupfwnvteytcjmjqnmtkom
xqs
rebidzmzgfb
xqs
zydcerkjrmrgrsaiaqcoqhe
vitt
zydcerkjrmrgrsaiaqcoqhe
xqs
zydcerkjrmrgrsaiaqcoqhe
vitt
rebidzmzgfb
xqs
rebidzmzgfb
vitt
zydcerkjrmrgrsaiaqcoqhe
zydcerkjrmrgrsaiaqcoqhe
zydcerkjrmrgrsaiaqcoqhe
puygaajexxxibsaihmqsueacvbiccmoekf
vitt
xqs
zydcerkjrmrgrsaiaqcoqhe
zydcerkjrmrgrsaiaqcoqhe
zydcerkjrmrgrsaiaqcoqhe
rebidzmzgfb
xqs
zydcerkjrmrgrsaiaqcoqhe
ehbliedi
rnjpdfcupfwnvteytcjmjqnmtkom
xqs
puygaajexxxibsaihmqsueacvbiccmoekf
xqs
zydcerkjrmrgrsaiaqcoqhe
vitt
dgzinvwjgfpzoikqcdvcikutpqhvjxumfquokrqoryngfp
vitt
zydcerkjrmrgrsaiaqcoqhe
zydcerkjrmrgrsaiaqcoqhe
xqs
zydcerkjrmrgrsaiaqcoqhe
xqs
xqs
xqs
xqs
rvjbnohzr
vitt
rnjpdfcupfwnvteytcjmjqnmtkom
zydcerkjrmrgrsaiaqcoqhe
xqs
zydcerkjrmrgrsaiaqcoqhe
puygaajexxxibsaihmqsueacvbiccmoekf
vitt
vitt
zydcerkjrmrgrsaiaqcoqhe
zydcerkjrmrgrsaiaqcoqhe
zydcerkjrmrgrsaiaqcoqhe
xqs
puygaajexxxibsaihmqsueacvbiccmoekf
zydcerkjrmrgrsaiaqcoqhe
zydcerkjrmrgrsaiaqcoqhe
zydcerkjrmrgrsaiaqcoqhe
rnjpdfcupfwnvteytcjmjqnmtkom
cmefyodqigqpcxhvfdypkkkegvfduolrqbtmglgtd
xqs
zydcerkjrmrgrsaiaqcoqhe
xqs
zydcerkjrmrgrsaiaqcoqhe
zydcerkjrmrgrsaiaqcoqhe
xqs
zydcerkjrmrgrsaiaqcoqhe
zydcerkjrmrgrsaiaqcoqhe
zydcerkjrmrgrsaiaqcoqhe
rvjbnohzr
zydcerkjrmrgrsaiaqcoqhe
zydcerkjrmrgrsaiaqcoqhe
puygaajexxxibsaihmqsueacvbiccmoekf
zydcerkjrmrgrsaiaqcoqhe
xqs
rnjpdfcupfwnvteytcjmjqnmtkom
xqs
rvjbnohzr
zydcerkjrmrgrsaiaqcoqhe
zydcerkjrmrgrsaiaqcoqhe
zydcerkjrmrgrsaiaqcoqhe
zydcerkjrmrgrsaiaqcoqhe
vitt
zydcerkjrmrgrsaiaqcoqhe
zydcerkjrmrgrsaiaqcoqhe
vitt
xqs
zydcerkjrmrgrsaiaqcoqhe
rvjbnohzr
xqs
zydcerkjrmrgrsaiaqcoqhe
rvjbnohzr
xqs
rvjbnohzr
xqs
zydcerkjrmrgrsaiaqcoqhe
rnjpdfcupfwnvteytcjmjqnmtkom
dgzinvwjgfpzoikqcdvcikutpqhvjxumfquokrqoryngfp
xqs
zydcerkjrmrgrsaiaqcoqhe
xqs
vitt
vitt
zydcerkjrmrgrsaiaqcoqhe
vitt
zydcerkjrmrgrsaiaqcoqhe
zydcerkjrmrgrsaiaqcoqhe
zydcerkjrmrgrsaiaqcoqhe
puygaajexxxibsaihmqsueacvbiccmoekf
xqs
rnjpdfcupfwnvteytcjmjqnmtkom
zydcerkjrmrgrsaiaqcoqhe
rebidzmzgfb
xqs
puygaajexxxibsaihmqsueacvbiccmoekf
zydcerkjrmrgrsaiaqcoqhe
zydcerkjrmrgrsaiaqcoqhe
cmefyodqigqpcxhvfdypkkkegvfduolrqbtmglgtd
zydcerkjrmrgrsaiaqcoqhe
rvjbnohzr
vitt
rnjpdfcupfwnvteytcjmjqnmtkom
zydcerkjrmrgrsaiaqcoqhe
zydcerkjrmrgrsaiaqcoqhe
xqs
zydcerkjrmrgrsaiaqcoqhe
xqs
zydcerkjrmrgrsaiaqcoqhe
zydcerkjrmrgrsaiaqcoqhe
zydcerkjrmrgrsaiaqcoqhe
vitt
zydcerkjrmrgrsaiaqcoqhe
zydcerkjrmrgrsaiaqcoqhe
xqs
zydcerkjrmrgrsaiaqcoqhe
vitt
xqs
zydcerkjrmrgrsaiaqcoqhe
zydcerkjrmrgrsaiaqcoqhe
rvjbnohzr
rebidzmzgfb
zydcerkjrmrgrsaiaqcoqhe
xqs
rnjpdfcupfwnvteytcjmjqnmtkom
zydcerkjrmrgrsaiaqcoqhe
cmefyodqigqpcxhvfdypkkkegvfduolrqbtmglgtd
xqs
xqs
ehbliedi
xqs
rvjbnohzr
vitt
zydcerkjrmrgrsaiaqcoqhe
dgzinvwjgfpzoikqcdvcikutpqhvjxumfquokrqoryngfp
dgzinvwjgfpzoikqcdvcikutpqhvjxumfquokrqoryngfp
zydcerkjrmrgrsaiaqcoqhe
vitt
rnjpdfcupfwnvteytcjmjqnmtkom
zydcerkjrmrgrsaiaqcoqhe
xqs
zydcerkjrmrgrsaiaqcoqhe
zydcerkjrmrgrsaiaqcoqhe
rebidzmzgfb
xqs
zydcerkjrmrgrsaiaqcoqhe
rvjbnohzr
cmefyodqigqpcxhvfdypkkkegvfduolrqbtmglgtd
zydcerkjrmrgrsaiaqcoqhe
xqs
zydcerkjrmrgrsaiaqcoqhe
rvjbnohzr
zydcerkjrmrgrsaiaqcoqhe
xqs
rvjbnohzr
rvjbnohzr
zydcerkjrmrgrsaiaqcoqhe
xqs
vitt
xqs
xqs
dgzinvwjgfpzoikqcdvcikutpqhvjxumfquokrqoryngfp
zydcerkjrmrgrsaiaqcoqhe
zydcerkjrmrgrsaiaqcoqhe
zydcerkjrmrgrsaiaqcoqhe
zydcerkjrmrgrsaiaqcoqhe
rvjbnohzr
xqs
vitt
zydcerkjrmrgrsaiaqcoqhe
rvjbnohzr
cmefyodqigqpcxhvfdypkkkegvfduolrqbtmglgtd
zydcerkjrmrgrsaiaqcoqhe
zydcerkjrmrgrsaiaqcoqhe
zydcerkjrmrgrsaiaqcoqhe
zydcerkjrmrgrsaiaqcoqhe
zydcerkjrmrgrsaiaqcoqhe
zydcerkjrmrgrsaiaqcoqhe
xqs
zydcerkjrmrgrsaiaqcoqhe
zydcerkjrmrgrsaiaqcoqhe
rnjpdfcupfwnvteytcjmjqnmtkom
zydcerkjrmrgrsaiaqcoqhe
xqs
rnjpdfcupfwnvteytcjmjqnmtkom
xqs
zydcerkjrmrgrsaiaqcoqhe
zydcerkjrmrgrsaiaqcoqhe
vitt
rnjpdfcupfwnvteytcjmjqnmtkom
zydcerkjrmrgrsaiaqcoqhe
xqs
xqs
zydcerkjrmrgrsaiaqcoqhe
rnjpdfcupfwnvteytcjmjqnmtkom
rvjbnohzr
cmefyodqigqpcxhvfdypkkkegvfduolrqbtmglgtd
zydcerkjrmrgrsaiaqcoqhe
zydcerkjrmrgrsaiaqcoqhe
zydcerkjrmrgrsaiaqcoqhe
xqs
vitt
rvjbnohzr
zydcerkjrmrgrsaiaqcoqhe
rebidzmzgfb
rvjbnohzr
rvjbnohzr
zydcerkjrmrgrsaiaqcoqhe
zydcerkjrmrgrsaiaqcoqhe
rvjbnohzr
zydcerkjrmrgrsaiaqcoqhe
zydcerkjrmrgrsaiaqcoqhe
vitt
vitt
vitt
zydcerkjrmrgrsaiaqcoqhe
zydcerkjrmrgrsaiaqcoqhe
rebidzmzgfb
vitt
rvjbnohzr
rnjpdfcupfwnvteytcjmjqnmtkom
zydcerkjrmrgrsaiaqcoqhe
puygaajexxxibsaihmqsueacvbiccmoekf
zydcerkjrmrgrsaiaqcoqhe
zydcerkjrmrgrsaiaqcoqhe
rvjbnohzr
xqs
zydcerkjrmrgrsaiaqcoqhe
zydcerkjrmrgrsaiaqcoqhe
xqs
xqs
zydcerkjrmrgrsaiaqcoqhe
vitt
xqs
cmefyodqigqpcxhvfdypkkkegvfduolrqbtmglgtd
vitt
xqs
zydcerkjrmrgrsaiaqcoqhe
xqs
xqs
dgzinvwjgfpzoikqcdvcikutpqhvjxumfquokrqoryngfp
zydcerkjrmrgrsaiaqcoqhe
rnjpdfcupfwnvteytcjmjqnmtkom
vitt
xqs
rnjpdfcupfwnvteytcjmjqnmtkom
rvjbnohzr
dgzinvwjgfpzoikqcdvcikutpqhvjxumfquokrqoryngfp
rvjbnohzr
zydcerkjrmrgrsaiaqcoqhe
zydcerkjrmrgrsaiaqcoqhe
zydcerkjrmrgrsaiaqcoqhe
xqs
rvjbnohzr
zydcerkjrmrgrsaiaqcoqhe
zydcerkjrmrgrsaiaqcoqhe
zydcerkjrmrgrsaiaqcoqhe
vitt
zydcerkjrmrgrsaiaqcoqhe
rnjpdfcupfwnvteytcjmjqnmtkom
zydcerkjrmrgrsaiaqcoqhe
zydcerkjrmrgrsaiaqcoqhe
rebidzmzgfb
zydcerkjrmrgrsaiaqcoqhe
xqs
dgzinvwjgfpzoikqcdvcikutpqhvjxumfquokrqoryngfp
xqs
xqs
xqs
xqs
vitt
zydcerkjrmrgrsaiaqcoqhe
zydcerkjrmrgrsaiaqcoqhe
zydcerkjrmrgrsaiaqcoqhe
vitt
zydcerkjrmrgrsaiaqcoqhe
zydcerkjrmrgrsaiaqcoqhe
zydcerkjrmrgrsaiaqcoqhe
dgzinvwjgfpzoikqcdvcikutpqhvjxumfquokrqoryngfp
vitt
vitt
xqs
zydcerkjrmrgrsaiaqcoqhe
vitt
rvjbnohzr
dgzinvwjgfpzoikqcdvcikutpqhvjxumfquokrqoryngfp
xqs
vitt
vitt
zydcerkjrmrgrsaiaqcoqhe
rvjbnohzr
vitt
vitt
xqs
rvjbnohzr
zydcerkjrmrgrsaiaqcoqhe
xqs
zydcerkjrmrgrsaiaqcoqhe
puygaajexxxibsaihmqsueacvbiccmoekf
zydcerkjrmrgrsaiaqcoqhe
cmefyodqigqpcxhvfdypkkkegvfduolrqbtmglgtd
zydcerkjrmrgrsaiaqcoqhe
zydcerkjrmrgrsaiaqcoqhe
zydcerkjrmrgrsaiaqcoqhe
vitt
zydcerkjrmrgrsaiaqcoqhe
rvjbnohzr
xqs
vitt
zydcerkjrmrgrsaiaqcoqhe
xqs
vitt
vitt
xqs
zydcerkjrmrgrsaiaqcoqhe
xqs
vitt
zydcerkjrmrgrsaiaqcoqhe
rvjbnohzr
xqs
zydcerkjrmrgrsaiaqcoqhe
puygaajexxxibsaihmqsueacvbiccmoekf
vitt
rebidzmzgfb
zydcerkjrmrgrsaiaqcoqhe
xqs
xqs
dgzinvwjgfpzoikqcdvcikutpqhvjxumfquokrqoryngfp
zydcerkjrmrgrsaiaqcoqhe
xqs
zydcerkjrmrgrsaiaqcoqhe
xqs
rvjbnohzr
zydcerkjrmrgrsaiaqcoqhe
zydcerkjrmrgrsaiaqcoqhe
xqs
ehbliedi
zydcerkjrmrgrsaiaqcoqhe
puygaajexxxibsaihmqsueacvbiccmoekf
rvjbnohzr
xqs
rebidzmzgfb
ehbliedi
rebidzmzgfb
zydcerkjrmrgrsaiaqcoqhe
xqs
zydcerkjrmrgrsaiaqcoqhe
vitt
zydcerkjrmrgrsaiaqcoqhe
rvjbnohzr
xqs
xqs
vitt
zydcerkjrmrgrsaiaqcoqhe
puygaajexxxibsaihmqsueacvbiccmoekf
zydcerkjrmrgrsaiaqcoqhe
zydcerkjrmrgrsaiaqcoqhe
zydcerkjrmrgrsaiaqcoqhe
rebidzmzgfb
zydcerkjrmrgrsaiaqcoqhe
zydcerkjrmrgrsaiaqcoqhe
xqs
xqs
vitt
rebidzmzgfb
vitt
zydcerkjrmrgrsaiaqcoqhe
rnjpdfcupfwnvteytcjmjqnmtkom
puygaajexxxibsaihmqsueacvbiccmoekf
zydcerkjrmrgrsaiaqcoqhe
vitt
rnjpdfcupfwnvteytcjmjqnmtkom
rvjbnohzr
zydcerkjrmrgrsaiaqcoqhe
rvjbnohzr
zydcerkjrmrgrsaiaqcoqhe
rnjpdfcupfwnvteytcjmjqnmtkom
xqs
xqs
zydcerkjrmrgrsaiaqcoqhe
zydcerkjrmrgrsaiaqcoqhe
rvjbnohzr
vitt
vitt
zydcerkjrmrgrsaiaqcoqhe
xqs
zydcerkjrmrgrsaiaqcoqhe
rnjpdfcupfwnvteytcjmjqnmtkom
xqs
zydcerkjrmrgrsaiaqcoqhe
zydcerkjrmrgrsaiaqcoqhe
xqs
zydcerkjrmrgrsaiaqcoqhe
zydcerkjrmrgrsaiaqcoqhe
zydcerkjrmrgrsaiaqcoqhe
zydcerkjrmrgrsaiaqcoqhe
xqs
cmefyodqigqpcxhvfdypkkkegvfduolrqbtmglgtd
vitt
rvjbnohzr
zydcerkjrmrgrsaiaqcoqhe
zydcerkjrmrgrsaiaqcoqhe
zydcerkjrmrgrsaiaqcoqhe
zydcerkjrmrgrsaiaqcoqhe
zydcerkjrmrgrsaiaqcoqhe
zydcerkjrmrgrsaiaqcoqhe
xqs
xqs
zydcerkjrmrgrsaiaqcoqhe
zydcerkjrmrgrsaiaqcoqhe
zydcerkjrmrgrsaiaqcoqhe
puygaajexxxibsaihmqsueacvbiccmoekf
puygaajexxxibsaihmqsueacvbiccmoekf
rnjpdfcupfwnvteytcjmjqnmtkom
zydcerkjrmrgrsaiaqcoqhe
rnjpdfcupfwnvteytcjmjqnmtkom
zydcerkjrmrgrsaiaqcoqhe
vitt
vitt
zydcerkjrmrgrsaiaqcoqhe
zydcerkjrmrgrsaiaqcoqhe
zydcerkjrmrgrsaiaqcoqhe
vitt
zydcerkjrmrgrsaiaqcoqhe
zydcerkjrmrgrsaiaqcoqhe
zydcerkjrmrgrsaiaqcoqhe
zydcerkjrmrgrsaiaqcoqhe
ehbliedi
xqs
zydcerkjrmrgrsaiaqcoqhe
vitt
xqs
xqs
zydcerkjrmrgrsaiaqcoqhe
zydcerkjrmrgrsaiaqcoqhe
xqs
xqs
vitt
zydcerkjrmrgrsaiaqcoqhe
vitt
xqs
vitt
vitt
zydcerkjrmrgrsaiaqcoqhe
zydcerkjrmrgrsaiaqcoqhe
zydcerkjrmrgrsaiaqcoqhe
zydcerkjrmrgrsaiaqcoqhe
zydcerkjrmrgrsaiaqcoqhe
zydcerkjrmrgrsaiaqcoqhe
zydcerkjrmrgrsaiaqcoqhe
zydcerkjrmrgrsaiaqcoqhe
rebidzmzgfb
vitt
vitt
rvjbnohzr
puygaajexxxibsaihmqsueacvbiccmoekf
puygaajexxxibsaihmqsueacvbiccmoekf
vitt
zydcerkjrmrgrsaiaqcoqhe
vitt
xqs
puygaajexxxibsaihmqsueacvbiccmoekf
zydcerkjrmrgrsaiaqcoqhe
vitt
zydcerkjrmrgrsaiaqcoqhe
zydcerkjrmrgrsaiaqcoqhe
zydcerkjrmrgrsaiaqcoqhe
vitt
xqs
vitt
zydcerkjrmrgrsaiaqcoqhe
xqs
zydcerkjrmrgrsaiaqcoqhe
zydcerkjrmrgrsaiaqcoqhe
zydcerkjrmrgrsaiaqcoqhe
cmefyodqigqpcxhvfdypkkkegvfduolrqbtmglgtd
zydcerkjrmrgrsaiaqcoqhe
rvjbnohzr
xqs
rnjpdfcupfwnvteytcjmjqnmtkom
vitt
vitt
zydcerkjrmrgrsaiaqcoqhe
vitt
puygaajexxxibsaihmqsueacvbiccmoekf
xqs
zydcerkjrmrgrsaiaqcoqhe
dgzinvwjgfpzoikqcdvcikutpqhvjxumfquokrqoryngfp
rebidzmzgfb
xqs
rnjpdfcupfwnvteytcjmjqnmtkom
zydcerkjrmrgrsaiaqcoqhe
zydcerkjrmrgrsaiaqcoqhe
rebidzmzgfb
zydcerkjrmrgrsaiaqcoqhe
zydcerkjrmrgrsaiaqcoqhe
vitt
zydcerkjrmrgrsaiaqcoqhe
puygaajexxxibsaihmqsueacvbiccmoekf
zydcerkjrmrgrsaiaqcoqhe
xqs
xqs
dgzinvwjgfpzoikqcdvcikutpqhvjxumfquokrqoryngfp
vitt
vitt
puygaajexxxibsaihmqsueacvbiccmoekf
rnjpdfcupfwnvteytcjmjqnmtkom
vitt
dgzinvwjgfpzoikqcdvcikutpqhvjxumfquokrqoryngfp
zydcerkjrmrgrsaiaqcoqhe
xqs
ehbliedi
vitt
zydcerkjrmrgrsaiaqcoqhe
zydcerkjrmrgrsaiaqcoqhe
vitt
zydcerkjrmrgrsaiaqcoqhe
rvjbnohzr
rnjpdfcupfwnvteytcjmjqnmtkom
zydcerkjrmrgrsaiaqcoqhe
rnjpdfcupfwnvteytcjmjqnmtkom
rvjbnohzr
zydcerkjrmrgrsaiaqcoqhe
zydcerkjrmrgrsaiaqcoqhe
xqs
zydcerkjrmrgrsaiaqcoqhe
ehbliedi
cmefyodqigqpcxhvfdypkkkegvfduolrqbtmglgtd
xqs
vitt
vitt
rvjbnohzr
zydcerkjrmrgrsaiaqcoqhe
rnjpdfcupfwnvteytcjmjqnmtkom
xqs
rvjbnohzr
zydcerkjrmrgrsaiaqcoqhe
rvjbnohzr
zydcerkjrmrgrsaiaqcoqhe
xqs
xqs
xqs
xqs
rnjpdfcupfwnvteytcjmjqnmtkom
dgzinvwjgfpzoikqcdvcikutpqhvjxumfquokrqoryngfp
rnjpdfcupfwnvteytcjmjqnmtkom
xqs
rnjpdfcupfwnvteytcjmjqnmtkom
zydcerkjrmrgrsaiaqcoqhe
zydcerkjrmrgrsaiaqcoqhe
vitt
xqs
vitt
puygaajexxxibsaihmqsueacvbiccmoekf
xqs
zydcerkjrmrgrsaiaqcoqhe
vitt
vitt
zydcerkjrmrgrsaiaqcoqhe
zydcerkjrmrgrsaiaqcoqhe
zydcerkjrmrgrsaiaqcoqhe
zydcerkjrmrgrsaiaqcoqhe
zydcerkjrmrgrsaiaqcoqhe
xqs
rebidzmzgfb
zydcerkjrmrgrsaiaqcoqhe
rebidzmzgfb
zydcerkjrmrgrsaiaqcoqhe
zydcerkjrmrgrsaiaqcoqhe
xqs
xqs
xqs
zydcerkjrmrgrsaiaqcoqhe
zydcerkjrmrgrsaiaqcoqhe
vitt
rvjbnohzr
zydcerkjrmrgrsaiaqcoqhe
xqs
zydcerkjrmrgrsaiaqcoqhe
zydcerkjrmrgrsaiaqcoqhe
zydcerkjrmrgrsaiaqcoqhe
xqs
puygaajexxxibsaihmqsueacvbiccmoekf
rvjbnohzr
rvjbnohzr
zydcerkjrmrgrsaiaqcoqhe
dgzinvwjgfpzoikqcdvcikutpqhvjxumfquokrqoryngfp
xqs
rebidzmzgfb
vitt
dgzinvwjgfpzoikqcdvcikutpqhvjxumfquokrqoryngfp
xqs
zydcerkjrmrgrsaiaqcoqhe
xqs
zydcerkjrmrgrsaiaqcoqhe
rnjpdfcupfwnvteytcjmjqnmtkom
zydcerkjrmrgrsaiaqcoqhe
zydcerkjrmrgrsaiaqcoqhe
rvjbnohzr
vitt
zydcerkjrmrgrsaiaqcoqhe
zydcerkjrmrgrsaiaqcoqhe
zydcerkjrmrgrsaiaqcoqhe
vitt
zydcerkjrmrgrsaiaqcoqhe
vitt
zydcerkjrmrgrsaiaqcoqhe
zydcerkjrmrgrsaiaqcoqhe
zydcerkjrmrgrsaiaqcoqhe
zydcerkjrmrgrsaiaqcoqhe
vitt
zydcerkjrmrgrsaiaqcoqhe
vitt
zydcerkjrmrgrsaiaqcoqhe
vitt
xqs
zydcerkjrmrgrsaiaqcoqhe
rnjpdfcupfwnvteytcjmjqnmtkom
zydcerkjrmrgrsaiaqcoqhe
rvjbnohzr
zydcerkjrmrgrsaiaqcoqhe
puygaajexxxibsaihmqsueacvbiccmoekf
zydcerkjrmrgrsaiaqcoqhe
xqs
xqs
zydcerkjrmrgrsaiaqcoqhe
rnjpdfcupfwnvteytcjmjqnmtkom
zydcerkjrmrgrsaiaqcoqhe
zydcerkjrmrgrsaiaqcoqhe
xqs
puygaajexxxibsaihmqsueacvbiccmoekf
rvjbnohzr
xqs
rvjbnohzr
zydcerkjrmrgrsaiaqcoqhe
xqs
zydcerkjrmrgrsaiaqcoqhe
zydcerkjrmrgrsaiaqcoqhe
zydcerkjrmrgrsaiaqcoqhe
zydcerkjrmrgrsaiaqcoqhe
xqs
zydcerkjrmrgrsaiaqcoqhe
zydcerkjrmrgrsaiaqcoqhe
puygaajexxxibsaihmqsueacvbiccmoekf
vitt
xqs
zydcerkjrmrgrsaiaqcoqhe
zydcerkjrmrgrsaiaqcoqhe
zydcerkjrmrgrsaiaqcoqhe
zydcerkjrmrgrsaiaqcoqhe
zydcerkjrmrgrsaiaqcoqhe
xqs
zydcerkjrmrgrsaiaqcoqhe
vitt
xqs
zydcerkjrmrgrsaiaqcoqhe
rvjbnohzr
xqs
xqs
dgzinvwjgfpzoikqcdvcikutpqhvjxumfquokrqoryngfp
puygaajexxxibsaihmqsueacvbiccmoekf
xqs
zydcerkjrmrgrsaiaqcoqhe
vitt
rebidzmzgfb
rvjbnohzr
vitt
zydcerkjrmrgrsaiaqcoqhe
zydcerkjrmrgrsaiaqcoqhe
puygaajexxxibsaihmqsueacvbiccmoekf
zydcerkjrmrgrsaiaqcoqhe
zydcerkjrmrgrsaiaqcoqhe
xqs
rvjbnohzr
ehbliedi
zydcerkjrmrgrsaiaqcoqhe
dgzinvwjgfpzoikqcdvcikutpqhvjxumfquokrqoryngfp
xqs
rebidzmzgfb
zydcerkjrmrgrsaiaqcoqhe
zydcerkjrmrgrsaiaqcoqhe
zydcerkjrmrgrsaiaqcoqhe
xqs
xqs
ehbliedi
xqs
zydcerkjrmrgrsaiaqcoqhe
rebidzmzgfb
zydcerkjrmrgrsaiaqcoqhe
zydcerkjrmrgrsaiaqcoqhe
vitt
vitt
rebidzmzgfb
vitt
rvjbnohzr
xqs
vitt
xqs
xqs
zydcerkjrmrgrsaiaqcoqhe
vitt
zydcerkjrmrgrsaiaqcoqhe
rvjbnohzr
zydcerkjrmrgrsaiaqcoqhe
rvjbnohzr
zydcerkjrmrgrsaiaqcoqhe
vitt
xqs
xqs
xqs
vitt
zydcerkjrmrgrsaiaqcoqhe
rvjbnohzr
xqs
zydcerkjrmrgrsaiaqcoqhe
vitt
rnjpdfcupfwnvteytcjmjqnmtkom
rnjpdfcupfwnvteytcjmjqnmtkom
zydcerkjrmrgrsaiaqcoqhe
rvjbnohzr
dgzinvwjgfpzoikqcdvcikutpqhvjxumfquokrqoryngfp
zydcerkjrmrgrsaiaqcoqhe
zydcerkjrmrgrsaiaqcoqhe
zydcerkjrmrgrsaiaqcoqhe
xqs
xqs
rebidzmzgfb
zydcerkjrmrgrsaiaqcoqhe
vitt
vitt
ehbliedi
xqs
zydcerkjrmrgrsaiaqcoqhe
zydcerkjrmrgrsaiaqcoqhe
zydcerkjrmrgrsaiaqcoqhe
zydcerkjrmrgrsaiaqcoqhe
rnjpdfcupfwnvteytcjmjqnmtkom
rvjbnohzr
zydcerkjrmrgrsaiaqcoqhe
vitt
vitt
zydcerkjrmrgrsaiaqcoqhe
xqs
ehbliedi
zydcerkjrmrgrsaiaqcoqhe
zydcerkjrmrgrsaiaqcoqhe
zydcerkjrmrgrsaiaqcoqhe
vitt
ehbliedi
xqs
zydcerkjrmrgrsaiaqcoqhe
vitt
rnjpdfcupfwnvteytcjmjqnmtkom
vitt
rvjbnohzr
puygaajexxxibsaihmqsueacvbiccmoekf
xqs
zydcerkjrmrgrsaiaqcoqhe
xqs
zydcerkjrmrgrsaiaqcoqhe
vitt
rvjbnohzr
xqs
rvjbnohzr
xqs
xqs
xqs
xqs
zydcerkjrmrgrsaiaqcoqhe
zydcerkjrmrgrsaiaqcoqhe
zydcerkjrmrgrsaiaqcoqhe
xqs
zydcerkjrmrgrsaiaqcoqhe
vitt
puygaajexxxibsaihmqsueacvbiccmoekf
zydcerkjrmrgrsaiaqcoqhe
rebidzmzgfb
zydcerkjrmrgrsaiaqcoqhe
zydcerkjrmrgrsaiaqcoqhe
zydcerkjrmrgrsaiaqcoqhe
zydcerkjrmrgrsaiaqcoqhe
zydcerkjrmrgrsaiaqcoqhe
xqs
xqs
rebidzmzgfb
xqs
zydcerkjrmrgrsaiaqcoqhe
xqs
xqs
ehbliedi
zydcerkjrmrgrsaiaqcoqhe
zydcerkjrmrgrsaiaqcoqhe
rebidzmzgfb
zydcerkjrmrgrsaiaqcoqhe
zydcerkjrmrgrsaiaqcoqhe
vitt
rvjbnohzr
dgzinvwjgfpzoikqcdvcikutpqhvjxumfquokrqoryngfp
vitt
xqs
zydcerkjrmrgrsaiaqcoqhe
xqs
zydcerkjrmrgrsaiaqcoqhe
ehbliedi
xqs
rvjbnohzr
xqs
puygaajexxxibsaihmqsueacvbiccmoekf
zydcerkjrmrgrsaiaqcoqhe
zydcerkjrmrgrsaiaqcoqhe
xqs
rvjbnohzr
rnjpdfcupfwnvteytcjmjqnmtkom
zydcerkjrmrgrsaiaqcoqhe
xqs
vitt
zydcerkjrmrgrsaiaqcoqhe
zydcerkjrmrgrsaiaqcoqhe
zydcerkjrmrgrsaiaqcoqhe
vitt
zydcerkjrmrgrsaiaqcoqhe
zydcerkjrmrgrsaiaqcoqhe
xqs
vitt
zydcerkjrmrgrsaiaqcoqhe
zydcerkjrmrgrsaiaqcoqhe
vitt
cmefyodqigqpcxhvfdypkkkegvfduolrqbtmglgtd
zydcerkjrmrgrsaiaqcoqhe
zydcerkjrmrgrsaiaqcoqhe
xqs
xqs
vitt
vitt
rebidzmzgfb
zydcerkjrmrgrsaiaqcoqhe
rvjbnohzr
xqs
zydcerkjrmrgrsaiaqcoqhe
rebidzmzgfb
rebidzmzgfb
zydcerkjrmrgrsaiaqcoqhe
xqs
zydcerkjrmrgrsaiaqcoqhe
rvjbnohzr
zydcerkjrmrgrsaiaqcoqhe
zydcerkjrmrgrsaiaqcoqhe
xqs
vitt
zydcerkjrmrgrsaiaqcoqhe
puygaajexxxibsaihmqsueacvbiccmoekf
xqs
rvjbnohzr
xqs
rebidzmzgfb
rnjpdfcupfwnvteytcjmjqnmtkom
zydcerkjrmrgrsaiaqcoqhe
xqs
rvjbnohzr
xqs
xqs
rvjbnohzr
zydcerkjrmrgrsaiaqcoqhe
zydcerkjrmrgrsaiaqcoqhe
rnjpdfcupfwnvteytcjmjqnmtkom
zydcerkjrmrgrsaiaqcoqhe
rnjpdfcupfwnvteytcjmjqnmtkom
xqs
rvjbnohzr
rebidzmzgfb
xqs
xqs
zydcerkjrmrgrsaiaqcoqhe
rnjpdfcupfwnvteytcjmjqnmtkom
xqs
rvjbnohzr
zydcerkjrmrgrsaiaqcoqhe
xqs
zydcerkjrmrgrsaiaqcoqhe
xqs
zydcerkjrmrgrsaiaqcoqhe
puygaajexxxibsaihmqsueacvbiccmoekf
vitt
dgzinvwjgfpzoikqcdvcikutpqhvjxumfquokrqoryngfp
zydcerkjrmrgrsaiaqcoqhe
zydcerkjrmrgrsaiaqcoqhe
xqs
zydcerkjrmrgrsaiaqcoqhe
vitt
zydcerkjrmrgrsaiaqcoqhe
zydcerkjrmrgrsaiaqcoqhe
rnjpdfcupfwnvteytcjmjqnmtkom
zydcerkjrmrgrsaiaqcoqhe
vitt
rnjpdfcupfwnvteytcjmjqnmtkom
zydcerkjrmrgrsaiaqcoqhe
rebidzmzgfb
vitt
rvjbnohzr
dgzinvwjgfpzoikqcdvcikutpqhvjxumfquokrqoryngfp
rnjpdfcupfwnvteytcjmjqnmtkom
