zxkgrevkxjocpouhjjitehqyxypu
up
vgnorzefdouddej
zxkgrevkxjocpouhjjitehqyxypu
ymdrswkdkgbfurjnelwejpcwl
ymdrswkdkgbfurjnelwejpcwl
ymdrswkdkgbfurjnelwejpcwl
oonxnxmxqarzh
ymdrswkdkgbfurjnelwejpcwl
zxkgrevkxjocpouhjjitehqyxypu
up
up
up
vgnorzefdouddej
vgnorzefdouddej
zxkgrevkxjocpouhjjitehqyxypu
ymdrswkdkgbfurjnelwejpcwl
pkqblpm
zxkgrevkxjocpouhjjitehqyxypu
ymdrswkdkgbfurjnelwejpcwl
oonxnxmxqarzh
up
ymdrswkdkgbfurjnelwejpcwl
vgnorzefdouddej
up
ymdrswkdkgbfurjnelwejpcwl
vgnorzefdouddej
zxkgrevkxjocpouhjjitehqyxypu
zxkgrevkxjocpouhjjitehqyxypu
zxkgrevkxjocpouhjjitehqyxypu
vgnorzefdouddej
vgnorzefdouddej
lkiruqyqulketpeuaoxhyuivhgxaxgamllfkq
up
pkqblpm
zxkgrevkxjocpouhjjitehqyxypu
zxkgrevkxjocpouhjjitehqyxypu
pkqblpm
jjaehxeqemhborefkxpluyrnwfxmusiaiffdt
zxkgrevkxjocpouhjjitehqyxypu
zxkgrevkxjocpouhjjitehqyxypu
ymdrswkdkgbfurjnelwejpcwl
lkiruqyqulketpeuaoxhyuivhgxaxgamllfkq
ymdrswkdkgbfurjnelwejpcwl
up
ymdrswkdkgbfurjnelwejpcwl
ymdrswkdkgbfurjnelwejpcwl
pkqblpm
ymdrswkdkgbfurjnelwejpcwl
zxkgrevkxjocpouhjjitehqyxypu
zxkgrevkxjocpouhjjitehqyxypu
vgnorzefdouddej
ymdrswkdkgbfurjnelwejpcwl
zxkgrevkxjocpouhjjitehqyxypu
vgnorzefdouddej
ymdrswkdkgbfurjnelwejpcwl
zxkgrevkxjocpouhjjitehqyxypu
aujmskcvkbbfktrpemcafytnpe
ymdrswkdkgbfurjnelwejpcwl
zxkgrevkxjocpouhjjitehqyxypu
vgnorzefdouddej
ymdrswkdkgbfurjnelwejpcwl
zxkgrevkxjocpouhjjitehqyxypu
up
ymdrswkdkgbfurjnelwejpcwl
ymdrswkdkgbfurjnelwejpcwl
zxkgrevkxjocpouhjjitehqyxypu
vgnorzefdouddej
zxkgrevkxjocpouhjjitehqyxypu
vgnorzefdouddej
zxkgrevkxjocpouhjjitehqyxypu
vgnorzefdouddej
zxkgrevkxjocpouhjjitehqyxypu
zxkgrevkxjocpouhjjitehqyxypu
vgnorzefdouddej
ymdrswkdkgbfurjnelwejpcwl
zxkgrevkxjocpouhjjitehqyxypu
vgnorzefdouddej
lkiruqyqulketpeuaoxhyuivhgxaxgamllfkq
zxkgrevkxjocpouhjjitehqyxypu
ymdrswkdkgbfurjnelwejpcwl
ymdrswkdkgbfurjnelwejpcwl
pkqblpm
zxkgrevkxjocpouhjjitehqyxypu
zxkgrevkxjocpouhjjitehqyxypu
zxkgrevkxjocpouhjjitehqyxypu
ymdrswkdkgbfurjnelwejpcwl
zxkgrevkxjocpouhjjitehqyxypu
zxkgrevkxjocpouhjjitehqyxypu
vgnorzefdouddej
oonxnxmxqarzh
ymdrswkdkgbfurjnelwejpcwl
lkiruqyqulketpeuaoxhyuivhgxaxgamllfkq
ymdrswkdkgbfurjnelwejpcwl
oonxnxmxqarzh
zxkgrevkxjocpouhjjitehqyxypu
oonxnxmxqarzh
vgnorzefdouddej
up
zxkgrevkxjocpouhjjitehqyxypu
ymdrswkdkgbfurjnelwejpcwl
zxkgrevkxjocpouhjjitehqyxypu
ymdrswkdkgbfurjnelwejpcwl
ymdrswkdkgbfurjnelwejpcwl
zxkgrevkxjocpouhjjitehqyxypu
zxkgrevkxjocpouhjjitehqyxypu
zxkgrevkxjocpouhjjitehqyxypu
up
zxkgrevkxjocpouhjjitehqyxypu
ymdrswkdkgbfurjnelwejpcwl
zxkgrevkxjocpouhjjitehqyxypu
zxkgrevkxjocpouhjjitehqyxypu
jjaehxeqemhborefkxpluyrnwfxmusiaiffdt
zxkgrevkxjocpouhjjitehqyxypu
ymdrswkdkgbfurjnelwejpcwl
vgnorzefdouddej
ymdrswkdkgbfurjnelwejpcwl
oonxnxmxqarzh
oonxnxmxqarzh
zxkgrevkxjocpouhjjitehqyxypu
zxkgrevkxjocpouhjjitehqyxypu
zxkgrevkxjocpouhjjitehqyxypu
zxkgrevkxjocpouhjjitehqyxypu
zxkgrevkxjocpouhjjitehqyxypu
ymdrswkdkgbfurjnelwejpcwl
zxkgrevkxjocpouhjjitehqyxypu
zxkgrevkxjocpouhjjitehqyxypu
zxkgrevkxjocpouhjjitehqyxypu
zxkgrevkxjocpouhjjitehqyxypu
up
zxkgrevkxjocpouhjjitehqyxypu
gysxrfpsmndqdkkoakacfkchysxrhsinupvxhteuwmzktvcsf
ymdrswkdkgbfurjnelwejpcwl
oonxnxmxqarzh
zxkgrevkxjocpouhjjitehqyxypu
lkiruqyqulketpeuaoxhyuivhgxaxgamllfkq
ymdrswkdkgbfurjnelwejpcwl
zxkgrevkxjocpouhjjitehqyxypu
up
zxkgrevkxjocpouhjjitehqyxypu
vgnorzefdouddej
zxkgrevkxjocpouhjjitehqyxypu
zxkgrevkxjocpouhjjitehqyxypu
up
vgnorzefdouddej
ymdrswkdkgbfurjnelwejpcwl
up
vgnorzefdouddej
pkqblpm
up
ymdrswkdkgbfurjnelwejpcwl
ymdrswkdkgbfurjnelwejpcwl
zxkgrevkxjocpouhjjitehqyxypu
gysxrfpsmndqdkkoakacfkchysxrhsinupvxhteuwmzktvcsf
ymdrswkdkgbfurjnelwejpcwl
aujmskcvkbbfktrpemcafytnpe
ymdrswkdkgbfurjnelwejpcwl
zxkgrevkxjocpouhjjitehqyxypu
ymdrswkdkgbfurjnelwejpcwl
zxkgrevkxjocpouhjjitehqyxypu
jjaehxeqemhborefkxpluyrnwfxmusiaiffdt
up
zxkgrevkxjocpouhjjitehqyxypu
zxkgrevkxjocpouhjjitehqyxypu
zxkgrevkxjocpouhjjitehqyxypu
vgnorzefdouddej
ymdrswkdkgbfurjnelwejpcwl
zxkgrevkxjocpouhjjitehqyxypu
up
ymdrswkdkgbfurjnelwejpcwl
jjaehxeqemhborefkxpluyrnwfxmusiaiffdt
zxkgrevkxjocpouhjjitehqyxypu
up
zxkgrevkxjocpouhjjitehqyxypu
lkiruqyqulketpeuaoxhyuivhgxaxgamllfkq
gysxrfpsmndqdkkoakacfkchysxrhsinupvxhteuwmzktvcsf
zxkgrevkxjocpouhjjitehqyxypu
vgnorzefdouddej
vgnorzefdouddej
zxkgrevkxjocpouhjjitehqyxypu
zxkgrevkxjocpouhjjitehqyxypu
zxkgrevkxjocpouhjjitehqyxypu
oonxnxmxqarzh
pkqblpm
vgnorzefdouddej
jjaehxeqemhborefkxpluyrnwfxmusiaiffdt
pkqblpm
zxkgrevkxjocpouhjjitehqyxypu
ymdrswkdkgbfurjnelwejpcwl
ymdrswkdkgbfurjnelwejpcwl
zxkgrevkxjocpouhjjitehqyxypu
ymdrswkdkgbfurjnelwejpcwl
ymdrswkdkgbfurjnelwejpcwl
zxkgrevkxjocpouhjjitehqyxypu
ymdrswkdkgbfurjnelwejpcwl
ymdrswkdkgbfurjnelwejpcwl
zxkgrevkxjocpouhjjitehqyxypu
zxkgrevkxjocpouhjjitehqyxypu
zxkgrevkxjocpouhjjitehqyxypu
pkqblpm
zxkgrevkxjocpouhjjitehqyxypu
up
zxkgrevkxjocpouhjjitehqyxypu
vgnorzefdouddej
gysxrfpsmndqdkkoakacfkchysxrhsinupvxhteuwmzktvcsf
up
zxkgrevkxjocpouhjjitehqyxypu
zxkgrevkxjocpouhjjitehqyxypu
zxkgrevkxjocpouhjjitehqyxypu
zxkgrevkxjocpouhjjitehqyxypu
zxkgrevkxjocpouhjjitehqyxypu
ymdrswkdkgbfurjnelwejpcwl
zxkgrevkxjocpouhjjitehqyxypu
ymdrswkdkgbfurjnelwejpcwl
zxkgrevkxjocpouhjjitehqyxypu
ymdrswkdkgbfurjnelwejpcwl
zxkgrevkxjocpouhjjitehqyxypu
vgnorzefdouddej
vgnorzefdouddej
zxkgrevkxjocpouhjjitehqyxypu
ymdrswkdkgbfurjnelwejpcwl
pkqblpm
zxkgrevkxjocpouhjjitehqyxypu
vgnorzefdouddej
zxkgrevkxjocpouhjjitehqyxypu
zxkgrevkxjocpouhjjitehqyxypu
ymdrswkdkgbfurjnelwejpcwl
oonxnxmxqarzh
zxkgrevkxjocpouhjjitehqyxypu
ymdrswkdkgbfurjnelwejpcwl
pkqblpm
zxkgrevkxjocpouhjjitehqyxypu
vgnorzefdouddej
up
vgnorzefdouddej
zxkgrevkxjocpouhjjitehqyxypu
zxkgrevkxjocpouhjjitehqyxypu
ymdrswkdkgbfurjnelwejpcwl
zxkgrevkxjocpouhjjitehqyxypu
up
zxkgrevkxjocpouhjjitehqyxypu
up
zxkgrevkxjocpouhjjitehqyxypu
zxkgrevkxjocpouhjjitehqyxypu
zxkgrevkxjocpouhjjitehqyxypu
ymdrswkdkgbfurjnelwejpcwl
zxkgrevkxjocpouhjjitehqyxypu
oonxnxmxqarzh
zxkgrevkxjocpouhjjitehqyxypu
ymdrswkdkgbfurjnelwejpcwl
vgnorzefdouddej
ymdrswkdkgbfurjnelwejpcwl
zxkgrevkxjocpouhjjitehqyxypu
zxkgrevkxjocpouhjjitehqyxypu
ymdrswkdkgbfurjnelwejpcwl
ymdrswkdkgbfurjnelwejpcwl
vgnorzefdouddej
ymdrswkdkgbfurjnelwejpcwl
jjaehxeqemhborefkxpluyrnwfxmusiaiffdt
zxkgrevkxjocpouhjjitehqyxypu
zxkgrevkxjocpouhjjitehqyxypu
ymdrswkdkgbfurjnelwejpcwl
zxkgrevkxjocpouhjjitehqyxypu
zxkgrevkxjocpouhjjitehqyxypu
ymdrswkdkgbfurjnelwejpcwl
ymdrswkdkgbfurjnelwejpcwl
zxkgrevkxjocpouhjjitehqyxypu
vgnorzefdouddej
zxkgrevkxjocpouhjjitehqyxypu
zxkgrevkxjocpouhjjitehqyxypu
pkqblpm
pkqblpm
up
zxkgrevkxjocpouhjjitehqyxypu
ymdrswkdkgbfurjnelwejpcwl
zxkgrevkxjocpouhjjitehqyxypu
zxkgrevkxjocpouhjjitehqyxypu
lkiruqyqulketpeuaoxhyuivhgxaxgamllfkq
vgnorzefdouddej
zxkgrevkxjocpouhjjitehqyxypu
zxkgrevkxjocpouhjjitehqyxypu
zxkgrevkxjocpouhjjitehqyxypu
vgnorzefdouddej
zxkgrevkxjocpouhjjitehqyxypu
ymdrswkdkgbfurjnelwejpcwl
zxkgrevkxjocpouhjjitehqyxypu
ymdrswkdkgbfurjnelwejpcwl
ymdrswkdkgbfurjnelwejpcwl
ymdrswkdkgbfurjnelwejpcwl
zxkgrevkxjocpouhjjitehqyxypu
zxkgrevkxjocpouhjjitehqyxypu
zxkgrevkxjocpouhjjitehqyxypu
ymdrswkdkgbfurjnelwejpcwl
zxkgrevkxjocpouhjjitehqyxypu
vgnorzefdouddej
up
ymdrswkdkgbfurjnelwejpcwl
zxkgrevkxjocpouhjjitehqyxypu
ymdrswkdkgbfurjnelwejpcwl
pkqblpm
pkqblpm
zxkgrevkxjocpouhjjitehqyxypu
zxkgrevkxjocpouhjjitehqyxypu
vgnorzefdouddej
vgnorzefdouddej
pkqblpm
pkqblpm
zxkgrevkxjocpouhjjitehqyxypu
up
ymdrswkdkgbfurjnelwejpcwl
zxkgrevkxjocpouhjjitehqyxypu
vgnorzefdouddej
zxkgrevkxjocpouhjjitehqyxypu
zxkgrevkxjocpouhjjitehqyxypu
ymdrswkdkgbfurjnelwejpcwl
ymdrswkdkgbfurjnelwejpcwl
ymdrswkdkgbfurjnelwejpcwl
zxkgrevkxjocpouhjjitehqyxypu
oonxnxmxqarzh
up
vgnorzefdouddej
vgnorzefdouddej
vgnorzefdouddej
zxkgrevkxjocpouhjjitehqyxypu
zxkgrevkxjocpouhjjitehqyxypu
zxkgrevkxjocpouhjjitehqyxypu
zxkgrevkxjocpouhjjitehqyxypu
ymdrswkdkgbfurjnelwejpcwl
vgnorzefdouddej
up
oonxnxmxqarzh
zxkgrevkxjocpouhjjitehqyxypu
zxkgrevkxjocpouhjjitehqyxypu
zxkgrevkxjocpouhjjitehqyxypu
zxkgrevkxjocpouhjjitehqyxypu
vgnorzefdouddej
zxkgrevkxjocpouhjjitehqyxypu
zxkgrevkxjocpouhjjitehqyxypu
zxkgrevkxjocpouhjjitehqyxypu
ymdrswkdkgbfurjnelwejpcwl
vgnorzefdouddej
zxkgrevkxjocpouhjjitehqyxypu
pkqblpm
vgnorzefdouddej
aujmskcvkbbfktrpemcafytnpe
zxkgrevkxjocpouhjjitehqyxypu
pkqblpm
zxkgrevkxjocpouhjjitehqyxypu
pkqblpm
zxkgrevkxjocpouhjjitehqyxypu
zxkgrevkxjocpouhjjitehqyxypu
zxkgrevkxjocpouhjjitehqyxypu
ymdrswkdkgbfurjnelwejpcwl
zxkgrevkxjocpouhjjitehqyxypu
ymdrswkdkgbfurjnelwejpcwl
zxkgrevkxjocpouhjjitehqyxypu
zxkgrevkxjocpouhjjitehqyxypu
ymdrswkdkgbfurjnelwejpcwl
pkqblpm
ymdrswkdkgbfurjnelwejpcwl
zxkgrevkxjocpouhjjitehqyxypu
oonxnxmxqarzh
zxkgrevkxjocpouhjjitehqyxypu
aujmskcvkbbfktrpemcafytnpe
zxkgrevkxjocpouhjjitehqyxypu
pkqblpm
zxkgrevkxjocpouhjjitehqyxypu
ymdrswkdkgbfurjnelwejpcwl
zxkgrevkxjocpouhjjitehqyxypu
up
zxkgrevkxjocpouhjjitehqyxypu
zxkgrevkxjocpouhjjitehqyxypu
zxkgrevkxjocpouhjjitehqyxypu
aujmskcvkbbfktrpemcafytnpe
gysxrfpsmndqdkkoakacfkchysxrhsinupvxhteuwmzktvcsf
pkqblpm
zxkgrevkxjocpouhjjitehqyxypu
ymdrswkdkgbfurjnelwejpcwl
ymdrswkdkgbfurjnelwejpcwl
zxkgrevkxjocpouhjjitehqyxypu
zxkgrevkxjocpouhjjitehqyxypu
aujmskcvkbbfktrpemcafytnpe
vgnorzefdouddej
gysxrfpsmndqdkkoakacfkchysxrhsinupvxhteuwmzktvcsf
zxkgrevkxjocpouhjjitehqyxypu
vgnorzefdouddej
zxkgrevkxjocpouhjjitehqyxypu
zxkgrevkxjocpouhjjitehqyxypu
up
pkqblpm
up
zxkgrevkxjocpouhjjitehqyxypu
up
ymdrswkdkgbfurjnelwejpcwl
ymdrswkdkgbfurjnelwejpcwl
zxkgrevkxjocpouhjjitehqyxypu
vgnorzefdouddej
zxkgrevkxjocpouhjjitehqyxypu
zxkgrevkxjocpouhjjitehqyxypu
vgnorzefdouddej
zxkgrevkxjocpouhjjitehqyxypu
zxkgrevkxjocpouhjjitehqyxypu
ymdrswkdkgbfurjnelwejpcwl
ymdrswkdkgbfurjnelwejpcwl
ymdrswkdkgbfurjnelwejpcwl
zxkgrevkxjocpouhjjitehqyxypu
vgnorzefdouddej
oonxnxmxqarzh
up
ymdrswkdkgbfurjnelwejpcwl
pkqblpm
zxkgrevkxjocpouhjjitehqyxypu
zxkgrevkxjocpouhjjitehqyxypu
zxkgrevkxjocpouhjjitehqyxypu
zxkgrevkxjocpouhjjitehqyxypu
vgnorzefdouddej
ymdrswkdkgbfurjnelwejpcwl
vgnorzefdouddej
pkqblpm
up
ymdrswkdkgbfurjnelwejpcwl
ymdrswkdkgbfurjnelwejpcwl
ymdrswkdkgbfurjnelwejpcwl
ymdrswkdkgbfurjnelwejpcwl
vgnorzefdouddej
zxkgrevkxjocpouhjjitehqyxypu
oonxnxmxqarzh
ymdrswkdkgbfurjnelwejpcwl
zxkgrevkxjocpouhjjitehqyxypu
zxkgrevkxjocpouhjjitehqyxypu
pkqblpm
up
ymdrswkdkgbfurjnelwejpcwl
lkiruqyqulketpeuaoxhyuivhgxaxgamllfkq
ymdrswkdkgbfurjnelwejpcwl
jjaehxeqemhborefkxpluyrnwfxmusiaiffdt
zxkgrevkxjocpouhjjitehqyxypu
up
zxkgrevkxjocpouhjjitehqyxypu
zxkgrevkxjocpouhjjitehqyxypu
lkiruqyqulketpeuaoxhyuivhgxaxgamllfkq
zxkgrevkxjocpouhjjitehqyxypu
pkqblpm
vgnorzefdouddej
vgnorzefdouddej
gysxrfpsmndqdkkoakacfkchysxrhsinupvxhteuwmzktvcsf
zxkgrevkxjocpouhjjitehqyxypu
vgnorzefdouddej
vgnorzefdouddej
zxkgrevkxjocpouhjjitehqyxypu
ymdrswkdkgbfurjnelwejpcwl
vgnorzefdouddej
pkqblpm
zxkgrevkxjocpouhjjitehqyxypu
zxkgrevkxjocpouhjjitehqyxypu
lkiruqyqulketpeuaoxhyuivhgxaxgamllfkq
ymdrswkdkgbfurjnelwejpcwl
ymdrswkdkgbfurjnelwejpcwl
ymdrswkdkgbfurjnelwejpcwl
zxkgrevkxjocpouhjjitehqyxypu
zxkgrevkxjocpouhjjitehqyxypu
up
vgnorzefdouddej
vgnorzefdouddej
vgnorzefdouddej
zxkgrevkxjocpouhjjitehqyxypu
pkqblpm
zxkgrevkxjocpouhjjitehqyxypu
zxkgrevkxjocpouhjjitehqyxypu
ymdrswkdkgbfurjnelwejpcwl
zxkgrevkxjocpouhjjitehqyxypu
up
ymdrswkdkgbfurjnelwejpcwl
zxkgrevkxjocpouhjjitehqyxypu
ymdrswkdkgbfurjnelwejpcwl
ymdrswkdkgbfurjnelwejpcwl
zxkgrevkxjocpouhjjitehqyxypu
ymdrswkdkgbfurjnelwejpcwl
zxkgrevkxjocpouhjjitehqyxypu
zxkgrevkxjocpouhjjitehqyxypu
vgnorzefdouddej
pkqblpm
pkqblpm
zxkgrevkxjocpouhjjitehqyxypu
zxkgrevkxjocpouhjjitehqyxypu
ymdrswkdkgbfurjnelwejpcwl
zxkgrevkxjocpouhjjitehqyxypu
vgnorzefdouddej
zxkgrevkxjocpouhjjitehqyxypu
zxkgrevkxjocpouhjjitehqyxypu
ymdrswkdkgbfurjnelwejpcwl
ymdrswkdkgbfurjnelwejpcwl
lkiruqyqulketpeuaoxhyuivhgxaxgamllfkq
vgnorzefdouddej
zxkgrevkxjocpouhjjitehqyxypu
zxkgrevkxjocpouhjjitehqyxypu
vgnorzefdouddej
ymdrswkdkgbfurjnelwejpcwl
vgnorzefdouddej
zxkgrevkxjocpouhjjitehqyxypu
vgnorzefdouddej
oonxnxmxqarzh
zxkgrevkxjocpouhjjitehqyxypu
vgnorzefdouddej
ymdrswkdkgbfurjnelwejpcwl
zxkgrevkxjocpouhjjitehqyxypu
ymdrswkdkgbfurjnelwejpcwl
ymdrswkdkgbfurjnelwejpcwl
up
gysxrfpsmndqdkkoakacfkchysxrhsinupvxhteuwmzktvcsf
zxkgrevkxjocpouhjjitehqyxypu
pkqblpm
up
zxkgrevkxjocpouhjjitehqyxypu
zxkgrevkxjocpouhjjitehqyxypu
zxkgrevkxjocpouhjjitehqyxypu
zxkgrevkxjocpouhjjitehqyxypu
ymdrswkdkgbfurjnelwejpcwl
aujmskcvkbbfktrpemcafytnpe
zxkgrevkxjocpouhjjitehqyxypu
zxkgrevkxjocpouhjjitehqyxypu
zxkgrevkxjocpouhjjitehqyxypu
vgnorzefdouddej
vgnorzefdouddej
zxkgrevkxjocpouhjjitehqyxypu
oonxnxmxqarzh
zxkgrevkxjocpouhjjitehqyxypu
gysxrfpsmndqdkkoakacfkchysxrhsinupvxhteuwmzktvcsf
lkiruqyqulketpeuaoxhyuivhgxaxgamllfkq
zxkgrevkxjocpouhjjitehqyxypu
gysxrfpsmndqdkkoakacfkchysxrhsinupvxhteuwmzktvcsf
jjaehxeqemhborefkxpluyrnwfxmusiaiffdt
vgnorzefdouddej
zxkgrevkxjocpouhjjitehqyxypu
zxkgrevkxjocpouhjjitehqyxypu
zxkgrevkxjocpouhjjitehqyxypu
aujmskcvkbbfktrpemcafytnpe
zxkgrevkxjocpouhjjitehqyxypu
pkqblpm
zxkgrevkxjocpouhjjitehqyxypu
ymdrswkdkgbfurjnelwejpcwl
ymdrswkdkgbfurjnelwejpcwl
lkiruqyqulketpeuaoxhyuivhgxaxgamllfkq
ymdrswkdkgbfurjnelwejpcwl
ymdrswkdkgbfurjnelwejpcwl
oonxnxmxqarzh
vgnorzefdouddej
zxkgrevkxjocpouhjjitehqyxypu
ymdrswkdkgbfurjnelwejpcwl
pkqblpm
zxkgrevkxjocpouhjjitehqyxypu
zxkgrevkxjocpouhjjitehqyxypu
ymdrswkdkgbfurjnelwejpcwl
lkiruqyqulketpeuaoxhyuivhgxaxgamllfkq
vgnorzefdouddej
up
ymdrswkdkgbfurjnelwejpcwl
zxkgrevkxjocpouhjjitehqyxypu
ymdrswkdkgbfurjnelwejpcwl
zxkgrevkxjocpouhjjitehqyxypu
zxkgrevkxjocpouhjjitehqyxypu
zxkgrevkxjocpouhjjitehqyxypu
ymdrswkdkgbfurjnelwejpcwl
zxkgrevkxjocpouhjjitehqyxypu
ymdrswkdkgbfurjnelwejpcwl
zxkgrevkxjocpouhjjitehqyxypu
ymdrswkdkgbfurjnelwejpcwl
zxkgrevkxjocpouhjjitehqyxypu
oonxnxmxqarzh
vgnorzefdouddej
zxkgrevkxjocpouhjjitehqyxypu
zxkgrevkxjocpouhjjitehqyxypu
up
ymdrswkdkgbfurjnelwejpcwl
zxkgrevkxjocpouhjjitehqyxypu
zxkgrevkxjocpouhjjitehqyxypu
zxkgrevkxjocpouhjjitehqyxypu
zxkgrevkxjocpouhjjitehqyxypu
zxkgrevkxjocpouhjjitehqyxypu
ymdrswkdkgbfurjnelwejpcwl
zxkgrevkxjocpouhjjitehqyxypu
up
zxkgrevkxjocpouhjjitehqyxypu
oonxnxmxqarzh
zxkgrevkxjocpouhjjitehqyxypu
jjaehxeqemhborefkxpluyrnwfxmusiaiffdt
zxkgrevkxjocpouhjjitehqyxypu
ymdrswkdkgbfurjnelwejpcwl
zxkgrevkxjocpouhjjitehqyxypu
vgnorzefdouddej
zxkgrevkxjocpouhjjitehqyxypu
vgnorzefdouddej
zxkgrevkxjocpouhjjitehqyxypu
up
ymdrswkdkgbfurjnelwejpcwl
zxkgrevkxjocpouhjjitehqyxypu
zxkgrevkxjocpouhjjitehqyxypu
zxkgrevkxjocpouhjjitehqyxypu
up
up
pkqblpm
lkiruqyqulketpeuaoxhyuivhgxaxgamllfkq
vgnorzefdouddej
pkqblpm
ymdrswkdkgbfurjnelwejpcwl
zxkgrevkxjocpouhjjitehqyxypu
zxkgrevkxjocpouhjjitehqyxypu
ymdrswkdkgbfurjnelwejpcwl
jjaehxeqemhborefkxpluyrnwfxmusiaiffdt
ymdrswkdkgbfurjnelwejpcwl
vgnorzefdouddej
pkqblpm
ymdrswkdkgbfurjnelwejpcwl
up
zxkgrevkxjocpouhjjitehqyxypu
zxkgrevkxjocpouhjjitehqyxypu
zxkgrevkxjocpouhjjitehqyxypu
zxkgrevkxjocpouhjjitehqyxypu
zxkgrevkxjocpouhjjitehqyxypu
ymdrswkdkgbfurjnelwejpcwl
ymdrswkdkgbfurjnelwejpcwl
ymdrswkdkgbfurjnelwejpcwl
ymdrswkdkgbfurjnelwejpcwl
zxkgrevkxjocpouhjjitehqyxypu
vgnorzefdouddej
zxkgrevkxjocpouhjjitehqyxypu
up
ymdrswkdkgbfurjnelwejpcwl
up
zxkgrevkxjocpouhjjitehqyxypu
up
aujmskcvkbbfktrpemcafytnpe
vgnorzefdouddej
zxkgrevkxjocpouhjjitehqyxypu
vgnorzefdouddej
vgnorzefdouddej
vgnorzefdouddej
zxkgrevkxjocpouhjjitehqyxypu
zxkgrevkxjocpouhjjitehqyxypu
vgnorzefdouddej
zxkgrevkxjocpouhjjitehqyxypu
pkqblpm
zxkgrevkxjocpouhjjitehqyxypu
up
zxkgrevkxjocpouhjjitehqyxypu
zxkgrevkxjocpouhjjitehqyxypu
zxkgrevkxjocpouhjjitehqyxypu
vgnorzefdouddej
pkqblpm
ymdrswkdkgbfurjnelwejpcwl
pkqblpm
ymdrswkdkgbfurjnelwejpcwl
oonxnxmxqarzh
vgnorzefdouddej
vgnorzefdouddej
zxkgrevkxjocpouhjjitehqyxypu
up
ymdrswkdkgbfurjnelwejpcwl
lkiruqyqulketpeuaoxhyuivhgxaxgamllfkq
ymdrswkdkgbfurjnelwejpcwl
vgnorzefdouddej
ymdrswkdkgbfurjnelwejpcwl
ymdrswkdkgbfurjnelwejpcwl
pkqblpm
vgnorzefdouddej
oonxnxmxqarzh
zxkgrevkxjocpouhjjitehqyxypu
vgnorzefdouddej
ymdrswkdkgbfurjnelwejpcwl
zxkgrevkxjocpouhjjitehqyxypu
zxkgrevkxjocpouhjjitehqyxypu
gysxrfpsmndqdkkoakacfkchysxrhsinupvxhteuwmzktvcsf
ymdrswkdkgbfurjnelwejpcwl
zxkgrevkxjocpouhjjitehqyxypu
ymdrswkdkgbfurjnelwejpcwl
pkqblpm
ymdrswkdkgbfurjnelwejpcwl
lkiruqyqulketpeuaoxhyuivhgxaxgamllfkq
zxkgrevkxjocpouhjjitehqyxypu
oonxnxmxqarzh
ymdrswkdkgbfurjnelwejpcwl
zxkgrevkxjocpouhjjitehqyxypu
ymdrswkdkgbfurjnelwejpcwl
zxkgrevkxjocpouhjjitehqyxypu
zxkgrevkxjocpouhjjitehqyxypu
lkiruqyqulketpeuaoxhyuivhgxaxgamllfkq
zxkgrevkxjocpouhjjitehqyxypu
zxkgrevkxjocpouhjjitehqyxypu
ymdrswkdkgbfurjnelwejpcwl
zxkgrevkxjocpouhjjitehqyxypu
ymdrswkdkgbfurjnelwejpcwl
ymdrswkdkgbfurjnelwejpcwl
zxkgrevkxjocpouhjjitehqyxypu
ymdrswkdkgbfurjnelwejpcwl
vgnorzefdouddej
gysxrfpsmndqdkkoakacfkchysxrhsinupvxhteuwmzktvcsf
ymdrswkdkgbfurjnelwejpcwl
zxkgrevkxjocpouhjjitehqyxypu
vgnorzefdouddej
pkqblpm
zxkgrevkxjocpouhjjitehqyxypu
ymdrswkdkgbfurjnelwejpcwl
ymdrswkdkgbfurjnelwejpcwl
zxkgrevkxjocpouhjjitehqyxypu
zxkgrevkxjocpouhjjitehqyxypu
zxkgrevkxjocpouhjjitehqyxypu
pkqblpm
vgnorzefdouddej
zxkgrevkxjocpouhjjitehqyxypu
vgnorzefdouddej
vgnorzefdouddej
zxkgrevkxjocpouhjjitehqyxypu
ymdrswkdkgbfurjnelwejpcwl
oonxnxmxqarzh
zxkgrevkxjocpouhjjitehqyxypu
jjaehxeqemhborefkxpluyrnwfxmusiaiffdt
zxkgrevkxjocpouhjjitehqyxypu
vgnorzefdouddej
ymdrswkdkgbfurjnelwejpcwl
up
zxkgrevkxjocpouhjjitehqyxypu
lkiruqyqulketpeuaoxhyuivhgxaxgamllfkq
zxkgrevkxjocpouhjjitehqyxypu
zxkgrevkxjocpouhjjitehqyxypu
up
pkqblpm
zxkgrevkxjocpouhjjitehqyxypu
up
vgnorzefdouddej
jjaehxeqemhborefkxpluyrnwfxmusiaiffdt
vgnorzefdouddej
up
zxkgrevkxjocpouhjjitehqyxypu
ymdrswkdkgbfurjnelwejpcwl
ymdrswkdkgbfurjnelwejpcwl
zxkgrevkxjocpouhjjitehqyxypu
zxkgrevkxjocpouhjjitehqyxypu
up
vgnorzefdouddej
vgnorzefdouddej
zxkgrevkxjocpouhjjitehqyxypu
zxkgrevkxjocpouhjjitehqyxypu
zxkgrevkxjocpouhjjitehqyxypu
zxkgrevkxjocpouhjjitehqyxypu
ymdrswkdkgbfurjnelwejpcwl
vgnorzefdouddej
zxkgrevkxjocpouhjjitehqyxypu
ymdrswkdkgbfurjnelwejpcwl
ymdrswkdkgbfurjnelwejpcwl
pkqblpm
zxkgrevkxjocpouhjjitehqyxypu
zxkgrevkxjocpouhjjitehqyxypu
zxkgrevkxjocpouhjjitehqyxypu
up
ymdrswkdkgbfurjnelwejpcwl
up
lkiruqyqulketpeuaoxhyuivhgxaxgamllfkq
vgnorzefdouddej
ymdrswkdkgbfurjnelwejpcwl
pkqblpm
zxkgrevkxjocpouhjjitehqyxypu
vgnorzefdouddej
ymdrswkdkgbfurjnelwejpcwl
vgnorzefdouddej
up
lkiruqyqulketpeuaoxhyuivhgxaxgamllfkq
jjaehxeqemhborefkxpluyrnwfxmusiaiffdt
zxkgrevkxjocpouhjjitehqyxypu
zxkgrevkxjocpouhjjitehqyxypu
zxkgrevkxjocpouhjjitehqyxypu
zxkgrevkxjocpouhjjitehqyxypu
pkqblpm
up
ymdrswkdkgbfurjnelwejpcwl
vgnorzefdouddej
zxkgrevkxjocpouhjjitehqyxypu
zxkgrevkxjocpouhjjitehqyxypu
zxkgrevkxjocpouhjjitehqyxypu
vgnorzefdouddej
ymdrswkdkgbfurjnelwejpcwl
ymdrswkdkgbfurjnelwejpcwl
pkqblpm
zxkgrevkxjocpouhjjitehqyxypu
zxkgrevkxjocpouhjjitehqyxypu
ymdrswkdkgbfurjnelwejpcwl
ymdrswkdkgbfurjnelwejpcwl
zxkgrevkxjocpouhjjitehqyxypu
ymdrswkdkgbfurjnelwejpcwl
ymdrswkdkgbfurjnelwejpcwl
aujmskcvkbbfktrpemcafytnpe
vgnorzefdouddej
ymdrswkdkgbfurjnelwejpcwl
up
zxkgrevkxjocpouhjjitehqyxypu
zxkgrevkxjocpouhjjitehqyxypu
vgnorzefdouddej
zxkgrevkxjocpouhjjitehqyxypu
up
lkiruqyqulketpeuaoxhyuivhgxaxgamllfkq
zxkgrevkxjocpouhjjitehqyxypu
zxkgrevkxjocpouhjjitehqyxypu
zxkgrevkxjocpouhjjitehqyxypu
oonxnxmxqarzh
zxkgrevkxjocpouhjjitehqyxypu
zxkgrevkxjocpouhjjitehqyxypu
zxkgrevkxjocpouhjjitehqyxypu
zxkgrevkxjocpouhjjitehqyxypu
pkqblpm
ymdrswkdkgbfurjnelwejpcwl
zxkgrevkxjocpouhjjitehqyxypu
zxkgrevkxjocpouhjjitehqyxypu
ymdrswkdkgbfurjnelwejpcwl
jjaehxeqemhborefkxpluyrnwfxmusiaiffdt
vgnorzefdouddej
zxkgrevkxjocpouhjjitehqyxypu
lkiruqyqulketpeuaoxhyuivhgxaxgamllfkq
oonxnxmxqarzh
up
ymdrswkdkgbfurjnelwejpcwl
zxkgrevkxjocpouhjjitehqyxypu
aujmskcvkbbfktrpemcafytnpe
ymdrswkdkgbfurjnelwejpcwl
pkqblpm
up
up
zxkgrevkxjocpouhjjitehqyxypu
zxkgrevkxjocpouhjjitehqyxypu
zxkgrevkxjocpouhjjitehqyxypu
vgnorzefdouddej
ymdrswkdkgbfurjnelwejpcwl
pkqblpm
ymdrswkdkgbfurjnelwejpcwl
vgnorzefdouddej
pkqblpm
zxkgrevkxjocpouhjjitehqyxypu
pkqblpm
zxkgrevkxjocpouhjjitehqyxypu
ymdrswkdkgbfurjnelwejpcwl
zxkgrevkxjocpouhjjitehqyxypu
zxkgrevkxjocpouhjjitehqyxypu
zxkgrevkxjocpouhjjitehqyxypu
up
zxkgrevkxjocpouhjjitehqyxypu
zxkgrevkxjocpouhjjitehqyxypu
zxkgrevkxjocpouhjjitehqyxypu
up
up
ymdrswkdkgbfurjnelwejpcwl
ymdrswkdkgbfurjnelwejpcwl
vgnorzefdouddej
vgnorzefdouddej
ymdrswkdkgbfurjnelwejpcwl
oonxnxmxqarzh
zxkgrevkxjocpouhjjitehqyxypu
ymdrswkdkgbfurjnelwejpcwl
ymdrswkdkgbfurjnelwejpcwl
pkqblpm
ymdrswkdkgbfurjnelwejpcwl
zxkgrevkxjocpouhjjitehqyxypu
zxkgrevkxjocpouhjjitehqyxypu
up
vgnorzefdouddej
pkqblpm
ymdrswkdkgbfurjnelwejpcwl
ymdrswkdkgbfurjnelwejpcwl
ymdrswkdkgbfurjnelwejpcwl
pkqblpm
zxkgrevkxjocpouhjjitehqyxypu
zxkgrevkxjocpouhjjitehqyxypu
zxkgrevkxjocpouhjjitehqyxypu
up
zxkgrevkxjocpouhjjitehqyxypu
vgnorzefdouddej
zxkgrevkxjocpouhjjitehqyxypu
ymdrswkdkgbfurjnelwejpcwl
zxkgrevkxjocpouhjjitehqyxypu
vgnorzefdouddej
zxkgrevkxjocpouhjjitehqyxypu
zxkgrevkxjocpouhjjitehqyxypu
zxkgrevkxjocpouhjjitehqyxypu
zxkgrevkxjocpouhjjitehqyxypu
up
lkiruqyqulketpeuaoxhyuivhgxaxgamllfkq
zxkgrevkxjocpouhjjitehqyxypu
zxkgrevkxjocpouhjjitehqyxypu
oonxnxmxqarzh
vgnorzefdouddej
zxkgrevkxjocpouhjjitehqyxypu
ymdrswkdkgbfurjnelwejpcwl
vgnorzefdouddej
ymdrswkdkgbfurjnelwejpcwl
zxkgrevkxjocpouhjjitehqyxypu
zxkgrevkxjocpouhjjitehqyxypu
oonxnxmxqarzh
zxkgrevkxjocpouhjjitehqyxypu
ymdrswkdkgbfurjnelwejpcwl
zxkgrevkxjocpouhjjitehqyxypu
zxkgrevkxjocpouhjjitehqyxypu
zxkgrevkxjocpouhjjitehqyxypu
up
aujmskcvkbbfktrpemcafytnpe
zxkgrevkxjocpouhjjitehqyxypu
zxkgrevkxjocpouhjjitehqyxypu
vgnorzefdouddej
vgnorzefdouddej
pkqblpm
zxkgrevkxjocpouhjjitehqyxypu
vgnorzefdouddej
zxkgrevkxjocpouhjjitehqyxypu
zxkgrevkxjocpouhjjitehqyxypu
vgnorzefdouddej
zxkgrevkxjocpouhjjitehqyxypu
ymdrswkdkgbfurjnelwejpcwl
aujmskcvkbbfktrpemcafytnpe
vgnorzefdouddej
oonxnxmxqarzh
vgnorzefdouddej
up
pkqblpm
ymdrswkdkgbfurjnelwejpcwl
ymdrswkdkgbfurjnelwejpcwl
zxkgrevkxjocpouhjjitehqyxypu
ymdrswkdkgbfurjnelwejpcwl
ymdrswkdkgbfurjnelwejpcwl
oonxnxmxqarzh
zxkgrevkxjocpouhjjitehqyxypu
zxkgrevkxjocpouhjjitehqyxypu
ymdrswkdkgbfurjnelwejpcwl
vgnorzefdouddej
zxkgrevkxjocpouhjjitehqyxypu
aujmskcvkbbfktrpemcafytnpe
zxkgrevkxjocpouhjjitehqyxypu
ymdrswkdkgbfurjnelwejpcwl
zxkgrevkxjocpouhjjitehqyxypu
vgnorzefdouddej
vgnorzefdouddej
ymdrswkdkgbfurjnelwejpcwl
gysxrfpsmndqdkkoakacfkchysxrhsinupvxhteuwmzktvcsf
zxkgrevkxjocpouhjjitehqyxypu
zxkgrevkxjocpouhjjitehqyxypu
vgnorzefdouddej
vgnorzefdouddej
ymdrswkdkgbfurjnelwejpcwl
ymdrswkdkgbfurjnelwejpcwl
ymdrswkdkgbfurjnelwejpcwl
lkiruqyqulketpeuaoxhyuivhgxaxgamllfkq
vgnorzefdouddej
up
zxkgrevkxjocpouhjjitehqyxypu
zxkgrevkxjocpouhjjitehqyxypu
zxkgrevkxjocpouhjjitehqyxypu
up
ymdrswkdkgbfurjnelwejpcwl
vgnorzefdouddej
zxkgrevkxjocpouhjjitehqyxypu
zxkgrevkxjocpouhjjitehqyxypu
vgnorzefdouddej
zxkgrevkxjocpouhjjitehqyxypu
ymdrswkdkgbfurjnelwejpcwl
up
oonxnxmxqarzh
zxkgrevkxjocpouhjjitehqyxypu
zxkgrevkxjocpouhjjitehqyxypu
ymdrswkdkgbfurjnelwejpcwl
zxkgrevkxjocpouhjjitehqyxypu
up
zxkgrevkxjocpouhjjitehqyxypu
up
zxkgrevkxjocpouhjjitehqyxypu
zxkgrevkxjocpouhjjitehqyxypu
up
vgnorzefdouddej
zxkgrevkxjocpouhjjitehqyxypu
vgnorzefdouddej
ymdrswkdkgbfurjnelwejpcwl
zxkgrevkxjocpouhjjitehqyxypu
ymdrswkdkgbfurjnelwejpcwl
pkqblpm
ymdrswkdkgbfurjnelwejpcwl
up
ymdrswkdkgbfurjnelwejpcwl
zxkgrevkxjocpouhjjitehqyxypu
ymdrswkdkgbfurjnelwejpcwl
zxkgrevkxjocpouhjjitehqyxypu
lkiruqyqulketpeuaoxhyuivhgxaxgamllfkq
up
lkiruqyqulketpeuaoxhyuivhgxaxgamllfkq
oonxnxmxqarzh
vgnorzefdouddej
vgnorzefdouddej
oonxnxmxqarzh
oonxnxmxqarzh
up
up
zxkgrevkxjocpouhjjitehqyxypu
zxkgrevkxjocpouhjjitehqyxypu
zxkgrevkxjocpouhjjitehqyxypu
pkqblpm
zxkgrevkxjocpouhjjitehqyxypu
lkiruqyqulketpeuaoxhyuivhgxaxgamllfkq
