yvfedtjszignc
idnh
srvqvqrwvxvjmchntlrydzmeohebct
srvqvqrwvxvjmchntlrydzmeohebct
q
ffgbmjgucktpzgkqll
zoapzxsktdmghgmnofszhznnslurjhwmbfkhtfeyziugmjbg
yvfedtjszignc
srvqvqrwvxvjmchntlrydzmeohebct
zoapzxsktdmghgmnofszhznnslurjhwmbfkhtfeyziugmjbg
yvfedtjszignc
lhqqoknmchrfekdejbfw
yvfedtjszignc
zoapzxsktdmghgmnofszhznnslurjhwmbfkhtfeyziugmjbg
q
zoapzxsktdmghgmnofszhznnslurjhwmbfkhtfeyziugmjbg
zoapzxsktdmghgmnofszhznnslurjhwmbfkhtfeyziugmjbg
lhqqoknmchrfekdejbfw
zoapzxsktdmghgmnofszhznnslurjhwmbfkhtfeyziugmjbg
srvqvqrwvxvjmchntlrydzmeohebct
zoapzxsktdmghgmnofszhznnslurjhwmbfkhtfeyziugmjbg
zoapzxsktdmghgmnofszhznnslurjhwmbfkhtfeyziugmjbg
zoapzxsktdmghgmnofszhznnslurjhwmbfkhtfeyziugmjbg
fvmfkwpgllanbalewyre
zoapzxsktdmghgmnofszhznnslurjhwmbfkhtfeyziugmjbg
jfkkpciyxfxrfrihkirpxhkzecfqjtjhkpnfkz
srvqvqrwvxvjmchntlrydzmeohebct
jfkkpciyxfxrfrihkirpxhkzecfqjtjhkpnfkz
idnh
q
proqucmbphvdh
srvqvqrwvxvjmchntlrydzmeohebct
q
q
zoapzxsktdmghgmnofszhznnslurjhwmbfkhtfeyziugmjbg
yvfedtjszignc
lhqqoknmchrfekdejbfw
lhqqoknmchrfekdejbfw
zoapzxsktdmghgmnofszhznnslurjhwmbfkhtfeyziugmjbg
zoapzxsktdmghgmnofszhznnslurjhwmbfkhtfeyziugmjbg
fvmfkwpgllanbalewyre
zoapzxsktdmghgmnofszhznnslurjhwmbfkhtfeyziugmjbg
yvfedtjszignc
zoapzxsktdmghgmnofszhznnslurjhwmbfkhtfeyziugmjbg
zoapzxsktdmghgmnofszhznnslurjhwmbfkhtfeyziugmjbg
srvqvqrwvxvjmchntlrydzmeohebct
lhqqoknmchrfekdejbfw
proqucmbphvdh
proqucmbphvdh
q
srvqvqrwvxvjmchntlrydzmeohebct
q
yvfedtjszignc
zoapzxsktdmghgmnofszhznnslurjhwmbfkhtfeyziugmjbg
q
lhqqoknmchrfekdejbfw
q
zoapzxsktdmghgmnofszhznnslurjhwmbfkhtfeyziugmjbg
zoapzxsktdmghgmnofszhznnslurjhwmbfkhtfeyziugmjbg
yvfedtjszignc
zoapzxsktdmghgmnofszhznnslurjhwmbfkhtfeyziugmjbg
srvqvqrwvxvjmchntlrydzmeohebct
srvqvqrwvxvjmchntlrydzmeohebct
srvqvqrwvxvjmchntlrydzmeohebct
q
zoapzxsktdmghgmnofszhznnslurjhwmbfkhtfeyziugmjbg
jfkkpciyxfxrfrihkirpxhkzecfqjtjhkpnfkz
zoapzxsktdmghgmnofszhznnslurjhwmbfkhtfeyziugmjbg
yvfedtjszignc
jfkkpciyxfxrfrihkirpxhkzecfqjtjhkpnfkz
yvfedtjszignc
q
zoapzxsktdmghgmnofszhznnslurjhwmbfkhtfeyziugmjbg
zoapzxsktdmghgmnofszhznnslurjhwmbfkhtfeyziugmjbg
proqucmbphvdh
yvfedtjszignc
zoapzxsktdmghgmnofszhznnslurjhwmbfkhtfeyziugmjbg
yvfedtjszignc
lhqqoknmchrfekdejbfw
zoapzxsktdmghgmnofszhznnslurjhwmbfkhtfeyziugmjbg
srvqvqrwvxvjmchntlrydzmeohebct
proqucmbphvdh
srvqvqrwvxvjmchntlrydzmeohebct
zoapzxsktdmghgmnofszhznnslurjhwmbfkhtfeyziugmjbg
srvqvqrwvxvjmchntlrydzmeohebct
q
zoapzxsktdmghgmnofszhznnslurjhwmbfkhtfeyziugmjbg
yvfedtjszignc
zoapzxsktdmghgmnofszhznnslurjhwmbfkhtfeyziugmjbg
yvfedtjszignc
fvmfkwpgllanbalewyre
srvqvqrwvxvjmchntlrydzmeohebct
zoapzxsktdmghgmnofszhznnslurjhwmbfkhtfeyziugmjbg
proqucmbphvdh
proqucmbphvdh
srvqvqrwvxvjmchntlrydzmeohebct
zoapzxsktdmghgmnofszhznnslurjhwmbfkhtfeyziugmjbg
zoapzxsktdmghgmnofszhznnslurjhwmbfkhtfeyziugmjbg
q
zoapzxsktdmghgmnofszhznnslurjhwmbfkhtfeyziugmjbg
zoapzxsktdmghgmnofszhznnslurjhwmbfkhtfeyziugmjbg
yvfedtjszignc
zoapzxsktdmghgmnofszhznnslurjhwmbfkhtfeyziugmjbg
zoapzxsktdmghgmnofszhznnslurjhwmbfkhtfeyziugmjbg
srvqvqrwvxvjmchntlrydzmeohebct
zoapzxsktdmghgmnofszhznnslurjhwmbfkhtfeyziugmjbg
zoapzxsktdmghgmnofszhznnslurjhwmbfkhtfeyziugmjbg
srvqvqrwvxvjmchntlrydzmeohebct
yvfedtjszignc
zoapzxsktdmghgmnofszhznnslurjhwmbfkhtfeyziugmjbg
srvqvqrwvxvjmchntlrydzmeohebct
yvfedtjszignc
zoapzxsktdmghgmnofszhznnslurjhwmbfkhtfeyziugmjbg
srvqvqrwvxvjmchntlrydzmeohebct
zoapzxsktdmghgmnofszhznnslurjhwmbfkhtfeyziugmjbg
q
zoapzxsktdmghgmnofszhznnslurjhwmbfkhtfeyziugmjbg
yvfedtjszignc
srvqvqrwvxvjmchntlrydzmeohebct
yvfedtjszignc
zoapzxsktdmghgmnofszhznnslurjhwmbfkhtfeyziugmjbg
zoapzxsktdmghgmnofszhznnslurjhwmbfkhtfeyziugmjbg
yvfedtjszignc
zoapzxsktdmghgmnofszhznnslurjhwmbfkhtfeyziugmjbg
yvfedtjszignc
q
q
srvqvqrwvxvjmchntlrydzmeohebct
srvqvqrwvxvjmchntlrydzmeohebct
zoapzxsktdmghgmnofszhznnslurjhwmbfkhtfeyziugmjbg
zoapzxsktdmghgmnofszhznnslurjhwmbfkhtfeyziugmjbg
ffgbmjgucktpzgkqll
q
q
zoapzxsktdmghgmnofszhznnslurjhwmbfkhtfeyziugmjbg
yvfedtjszignc
proqucmbphvdh
yvfedtjszignc
q
jfkkpciyxfxrfrihkirpxhkzecfqjtjhkpnfkz
zoapzxsktdmghgmnofszhznnslurjhwmbfkhtfeyziugmjbg
srvqvqrwvxvjmchntlrydzmeohebct
yvfedtjszignc
yvfedtjszignc
yvfedtjszignc
srvqvqrwvxvjmchntlrydzmeohebct
yvfedtjszignc
q
srvqvqrwvxvjmchntlrydzmeohebct
lhqqoknmchrfekdejbfw
yvfedtjszignc
q
yvfedtjszignc
srvqvqrwvxvjmchntlrydzmeohebct
lhqqoknmchrfekdejbfw
zoapzxsktdmghgmnofszhznnslurjhwmbfkhtfeyziugmjbg
zoapzxsktdmghgmnofszhznnslurjhwmbfkhtfeyziugmjbg
zoapzxsktdmghgmnofszhznnslurjhwmbfkhtfeyziugmjbg
srvqvqrwvxvjmchntlrydzmeohebct
zoapzxsktdmghgmnofszhznnslurjhwmbfkhtfeyziugmjbg
proqucmbphvdh
srvqvqrwvxvjmchntlrydzmeohebct
srvqvqrwvxvjmchntlrydzmeohebct
srvqvqrwvxvjmchntlrydzmeohebct
zoapzxsktdmghgmnofszhznnslurjhwmbfkhtfeyziugmjbg
zoapzxsktdmghgmnofszhznnslurjhwmbfkhtfeyziugmjbg
srvqvqrwvxvjmchntlrydzmeohebct
zoapzxsktdmghgmnofszhznnslurjhwmbfkhtfeyziugmjbg
zoapzxsktdmghgmnofszhznnslurjhwmbfkhtfeyziugmjbg
yvfedtjszignc
zoapzxsktdmghgmnofszhznnslurjhwmbfkhtfeyziugmjbg
zoapzxsktdmghgmnofszhznnslurjhwmbfkhtfeyziugmjbg
lhqqoknmchrfekdejbfw
zoapzxsktdmghgmnofszhznnslurjhwmbfkhtfeyziugmjbg
yvfedtjszignc
yvfedtjszignc
yvfedtjszignc
yvfedtjszignc
zoapzxsktdmghgmnofszhznnslurjhwmbfkhtfeyziugmjbg
yvfedtjszignc
zoapzxsktdmghgmnofszhznnslurjhwmbfkhtfeyziugmjbg
zoapzxsktdmghgmnofszhznnslurjhwmbfkhtfeyziugmjbg
q
jfkkpciyxfxrfrihkirpxhkzecfqjtjhkpnfkz
zoapzxsktdmghgmnofszhznnslurjhwmbfkhtfeyziugmjbg
zoapzxsktdmghgmnofszhznnslurjhwmbfkhtfeyziugmjbg
q
yvfedtjszignc
zoapzxsktdmghgmnofszhznnslurjhwmbfkhtfeyziugmjbg
yvfedtjszignc
srvqvqrwvxvjmchntlrydzmeohebct
srvqvqrwvxvjmchntlrydzmeohebct
zoapzxsktdmghgmnofszhznnslurjhwmbfkhtfeyziugmjbg
q
proqucmbphvdh
q
zoapzxsktdmghgmnofszhznnslurjhwmbfkhtfeyziugmjbg
srvqvqrwvxvjmchntlrydzmeohebct
zoapzxsktdmghgmnofszhznnslurjhwmbfkhtfeyziugmjbg
q
idnh
yvfedtjszignc
srvqvqrwvxvjmchntlrydzmeohebct
yvfedtjszignc
fvmfkwpgllanbalewyre
zoapzxsktdmghgmnofszhznnslurjhwmbfkhtfeyziugmjbg
q
zoapzxsktdmghgmnofszhznnslurjhwmbfkhtfeyziugmjbg
zoapzxsktdmghgmnofszhznnslurjhwmbfkhtfeyziugmjbg
lhqqoknmchrfekdejbfw
yvfedtjszignc
ffgbmjgucktpzgkqll
q
proqucmbphvdh
zoapzxsktdmghgmnofszhznnslurjhwmbfkhtfeyziugmjbg
q
zoapzxsktdmghgmnofszhznnslurjhwmbfkhtfeyziugmjbg
yvfedtjszignc
zoapzxsktdmghgmnofszhznnslurjhwmbfkhtfeyziugmjbg
srvqvqrwvxvjmchntlrydzmeohebct
yvfedtjszignc
yvfedtjszignc
yvfedtjszignc
zoapzxsktdmghgmnofszhznnslurjhwmbfkhtfeyziugmjbg
zoapzxsktdmghgmnofszhznnslurjhwmbfkhtfeyziugmjbg
lhqqoknmchrfekdejbfw
srvqvqrwvxvjmchntlrydzmeohebct
zoapzxsktdmghgmnofszhznnslurjhwmbfkhtfeyziugmjbg
zoapzxsktdmghgmnofszhznnslurjhwmbfkhtfeyziugmjbg
fvmfkwpgllanbalewyre
srvqvqrwvxvjmchntlrydzmeohebct
yvfedtjszignc
zoapzxsktdmghgmnofszhznnslurjhwmbfkhtfeyziugmjbg
zoapzxsktdmghgmnofszhznnslurjhwmbfkhtfeyziugmjbg
yvfedtjszignc
yvfedtjszignc
srvqvqrwvxvjmchntlrydzmeohebct
zoapzxsktdmghgmnofszhznnslurjhwmbfkhtfeyziugmjbg
zoapzxsktdmghgmnofszhznnslurjhwmbfkhtfeyziugmjbg
q
zoapzxsktdmghgmnofszhznnslurjhwmbfkhtfeyziugmjbg
lhqqoknmchrfekdejbfw
zoapzxsktdmghgmnofszhznnslurjhwmbfkhtfeyziugmjbg
zoapzxsktdmghgmnofszhznnslurjhwmbfkhtfeyziugmjbg
lhqqoknmchrfekdejbfw
zoapzxsktdmghgmnofszhznnslurjhwmbfkhtfeyziugmjbg
yvfedtjszignc
yvfedtjszignc
srvqvqrwvxvjmchntlrydzmeohebct
yvfedtjszignc
lhqqoknmchrfekdejbfw
yvfedtjszignc
zoapzxsktdmghgmnofszhznnslurjhwmbfkhtfeyziugmjbg
zoapzxsktdmghgmnofszhznnslurjhwmbfkhtfeyziugmjbg
zoapzxsktdmghgmnofszhznnslurjhwmbfkhtfeyziugmjbg
zoapzxsktdmghgmnofszhznnslurjhwmbfkhtfeyziugmjbg
ffgbmjgucktpzgkqll
zoapzxsktdmghgmnofszhznnslurjhwmbfkhtfeyziugmjbg
zoapzxsktdmghgmnofszhznnslurjhwmbfkhtfeyziugmjbg
srvqvqrwvxvjmchntlrydzmeohebct
q
zoapzxsktdmghgmnofszhznnslurjhwmbfkhtfeyziugmjbg
zoapzxsktdmghgmnofszhznnslurjhwmbfkhtfeyziugmjbg
q
zoapzxsktdmghgmnofszhznnslurjhwmbfkhtfeyziugmjbg
yvfedtjszignc
yvfedtjszignc
zoapzxsktdmghgmnofszhznnslurjhwmbfkhtfeyziugmjbg
proqucmbphvdh
lhqqoknmchrfekdejbfw
zoapzxsktdmghgmnofszhznnslurjhwmbfkhtfeyziugmjbg
zoapzxsktdmghgmnofszhznnslurjhwmbfkhtfeyziugmjbg
zoapzxsktdmghgmnofszhznnslurjhwmbfkhtfeyziugmjbg
proqucmbphvdh
zoapzxsktdmghgmnofszhznnslurjhwmbfkhtfeyziugmjbg
srvqvqrwvxvjmchntlrydzmeohebct
q
zoapzxsktdmghgmnofszhznnslurjhwmbfkhtfeyziugmjbg
zoapzxsktdmghgmnofszhznnslurjhwmbfkhtfeyziugmjbg
yvfedtjszignc
srvqvqrwvxvjmchntlrydzmeohebct
q
lhqqoknmchrfekdejbfw
zoapzxsktdmghgmnofszhznnslurjhwmbfkhtfeyziugmjbg
idnh
zoapzxsktdmghgmnofszhznnslurjhwmbfkhtfeyziugmjbg
yvfedtjszignc
zoapzxsktdmghgmnofszhznnslurjhwmbfkhtfeyziugmjbg
yvfedtjszignc
zoapzxsktdmghgmnofszhznnslurjhwmbfkhtfeyziugmjbg
q
zoapzxsktdmghgmnofszhznnslurjhwmbfkhtfeyziugmjbg
proqucmbphvdh
zoapzxsktdmghgmnofszhznnslurjhwmbfkhtfeyziugmjbg
srvqvqrwvxvjmchntlrydzmeohebct
yvfedtjszignc
yvfedtjszignc
q
zoapzxsktdmghgmnofszhznnslurjhwmbfkhtfeyziugmjbg
q
lhqqoknmchrfekdejbfw
jfkkpciyxfxrfrihkirpxhkzecfqjtjhkpnfkz
srvqvqrwvxvjmchntlrydzmeohebct
zoapzxsktdmghgmnofszhznnslurjhwmbfkhtfeyziugmjbg
srvqvqrwvxvjmchntlrydzmeohebct
zoapzxsktdmghgmnofszhznnslurjhwmbfkhtfeyziugmjbg
q
zoapzxsktdmghgmnofszhznnslurjhwmbfkhtfeyziugmjbg
jfkkpciyxfxrfrihkirpxhkzecfqjtjhkpnfkz
zoapzxsktdmghgmnofszhznnslurjhwmbfkhtfeyziugmjbg
zoapzxsktdmghgmnofszhznnslurjhwmbfkhtfeyziugmjbg
zoapzxsktdmghgmnofszhznnslurjhwmbfkhtfeyziugmjbg
lhqqoknmchrfekdejbfw
lhqqoknmchrfekdejbfw
zoapzxsktdmghgmnofszhznnslurjhwmbfkhtfeyziugmjbg
srvqvqrwvxvjmchntlrydzmeohebct
q
srvqvqrwvxvjmchntlrydzmeohebct
zoapzxsktdmghgmnofszhznnslurjhwmbfkhtfeyziugmjbg
zoapzxsktdmghgmnofszhznnslurjhwmbfkhtfeyziugmjbg
yvfedtjszignc
idnh
yvfedtjszignc
yvfedtjszignc
srvqvqrwvxvjmchntlrydzmeohebct
srvqvqrwvxvjmchntlrydzmeohebct
q
yvfedtjszignc
zoapzxsktdmghgmnofszhznnslurjhwmbfkhtfeyziugmjbg
zoapzxsktdmghgmnofszhznnslurjhwmbfkhtfeyziugmjbg
zoapzxsktdmghgmnofszhznnslurjhwmbfkhtfeyziugmjbg
yvfedtjszignc
proqucmbphvdh
yvfedtjszignc
zoapzxsktdmghgmnofszhznnslurjhwmbfkhtfeyziugmjbg
yvfedtjszignc
q
zoapzxsktdmghgmnofszhznnslurjhwmbfkhtfeyziugmjbg
zoapzxsktdmghgmnofszhznnslurjhwmbfkhtfeyziugmjbg
srvqvqrwvxvjmchntlrydzmeohebct
idnh
q
zoapzxsktdmghgmnofszhznnslurjhwmbfkhtfeyziugmjbg
zoapzxsktdmghgmnofszhznnslurjhwmbfkhtfeyziugmjbg
zoapzxsktdmghgmnofszhznnslurjhwmbfkhtfeyziugmjbg
zoapzxsktdmghgmnofszhznnslurjhwmbfkhtfeyziugmjbg
zoapzxsktdmghgmnofszhznnslurjhwmbfkhtfeyziugmjbg
zoapzxsktdmghgmnofszhznnslurjhwmbfkhtfeyziugmjbg
zoapzxsktdmghgmnofszhznnslurjhwmbfkhtfeyziugmjbg
proqucmbphvdh
ffgbmjgucktpzgkqll
q
zoapzxsktdmghgmnofszhznnslurjhwmbfkhtfeyziugmjbg
zoapzxsktdmghgmnofszhznnslurjhwmbfkhtfeyziugmjbg
zoapzxsktdmghgmnofszhznnslurjhwmbfkhtfeyziugmjbg
jfkkpciyxfxrfrihkirpxhkzecfqjtjhkpnfkz
ffgbmjgucktpzgkqll
zoapzxsktdmghgmnofszhznnslurjhwmbfkhtfeyziugmjbg
yvfedtjszignc
srvqvqrwvxvjmchntlrydzmeohebct
yvfedtjszignc
zoapzxsktdmghgmnofszhznnslurjhwmbfkhtfeyziugmjbg
zoapzxsktdmghgmnofszhznnslurjhwmbfkhtfeyziugmjbg
q
lhqqoknmchrfekdejbfw
zoapzxsktdmghgmnofszhznnslurjhwmbfkhtfeyziugmjbg
yvfedtjszignc
zoapzxsktdmghgmnofszhznnslurjhwmbfkhtfeyziugmjbg
q
zoapzxsktdmghgmnofszhznnslurjhwmbfkhtfeyziugmjbg
zoapzxsktdmghgmnofszhznnslurjhwmbfkhtfeyziugmjbg
yvfedtjszignc
zoapzxsktdmghgmnofszhznnslurjhwmbfkhtfeyziugmjbg
lhqqoknmchrfekdejbfw
q
srvqvqrwvxvjmchntlrydzmeohebct
srvqvqrwvxvjmchntlrydzmeohebct
zoapzxsktdmghgmnofszhznnslurjhwmbfkhtfeyziugmjbg
proqucmbphvdh
proqucmbphvdh
zoapzxsktdmghgmnofszhznnslurjhwmbfkhtfeyziugmjbg
q
yvfedtjszignc
srvqvqrwvxvjmchntlrydzmeohebct
zoapzxsktdmghgmnofszhznnslurjhwmbfkhtfeyziugmjbg
srvqvqrwvxvjmchntlrydzmeohebct
yvfedtjszignc
zoapzxsktdmghgmnofszhznnslurjhwmbfkhtfeyziugmjbg
zoapzxsktdmghgmnofszhznnslurjhwmbfkhtfeyziugmjbg
zoapzxsktdmghgmnofszhznnslurjhwmbfkhtfeyziugmjbg
zoapzxsktdmghgmnofszhznnslurjhwmbfkhtfeyziugmjbg
idnh
srvqvqrwvxvjmchntlrydzmeohebct
srvqvqrwvxvjmchntlrydzmeohebct
zoapzxsktdmghgmnofszhznnslurjhwmbfkhtfeyziugmjbg
srvqvqrwvxvjmchntlrydzmeohebct
zoapzxsktdmghgmnofszhznnslurjhwmbfkhtfeyziugmjbg
zoapzxsktdmghgmnofszhznnslurjhwmbfkhtfeyziugmjbg
ffgbmjgucktpzgkqll
srvqvqrwvxvjmchntlrydzmeohebct
idnh
zoapzxsktdmghgmnofszhznnslurjhwmbfkhtfeyziugmjbg
zoapzxsktdmghgmnofszhznnslurjhwmbfkhtfeyziugmjbg
fvmfkwpgllanbalewyre
zoapzxsktdmghgmnofszhznnslurjhwmbfkhtfeyziugmjbg
yvfedtjszignc
yvfedtjszignc
yvfedtjszignc
zoapzxsktdmghgmnofszhznnslurjhwmbfkhtfeyziugmjbg
zoapzxsktdmghgmnofszhznnslurjhwmbfkhtfeyziugmjbg
ffgbmjgucktpzgkqll
jfkkpciyxfxrfrihkirpxhkzecfqjtjhkpnfkz
yvfedtjszignc
zoapzxsktdmghgmnofszhznnslurjhwmbfkhtfeyziugmjbg
q
srvqvqrwvxvjmchntlrydzmeohebct
zoapzxsktdmghgmnofszhznnslurjhwmbfkhtfeyziugmjbg
srvqvqrwvxvjmchntlrydzmeohebct
proqucmbphvdh
ffgbmjgucktpzgkqll
zoapzxsktdmghgmnofszhznnslurjhwmbfkhtfeyziugmjbg
zoapzxsktdmghgmnofszhznnslurjhwmbfkhtfeyziugmjbg
zoapzxsktdmghgmnofszhznnslurjhwmbfkhtfeyziugmjbg
lhqqoknmchrfekdejbfw
jfkkpciyxfxrfrihkirpxhkzecfqjtjhkpnfkz
zoapzxsktdmghgmnofszhznnslurjhwmbfkhtfeyziugmjbg
zoapzxsktdmghgmnofszhznnslurjhwmbfkhtfeyziugmjbg
q
zoapzxsktdmghgmnofszhznnslurjhwmbfkhtfeyziugmjbg
fvmfkwpgllanbalewyre
lhqqoknmchrfekdejbfw
proqucmbphvdh
zoapzxsktdmghgmnofszhznnslurjhwmbfkhtfeyziugmjbg
zoapzxsktdmghgmnofszhznnslurjhwmbfkhtfeyziugmjbg
yvfedtjszignc
zoapzxsktdmghgmnofszhznnslurjhwmbfkhtfeyziugmjbg
srvqvqrwvxvjmchntlrydzmeohebct
srvqvqrwvxvjmchntlrydzmeohebct
yvfedtjszignc
zoapzxsktdmghgmnofszhznnslurjhwmbfkhtfeyziugmjbg
zoapzxsktdmghgmnofszhznnslurjhwmbfkhtfeyziugmjbg
srvqvqrwvxvjmchntlrydzmeohebct
yvfedtjszignc
lhqqoknmchrfekdejbfw
yvfedtjszignc
proqucmbphvdh
yvfedtjszignc
yvfedtjszignc
zoapzxsktdmghgmnofszhznnslurjhwmbfkhtfeyziugmjbg
yvfedtjszignc
q
zoapzxsktdmghgmnofszhznnslurjhwmbfkhtfeyziugmjbg
yvfedtjszignc
zoapzxsktdmghgmnofszhznnslurjhwmbfkhtfeyziugmjbg
yvfedtjszignc
yvfedtjszignc
yvfedtjszignc
ffgbmjgucktpzgkqll
proqucmbphvdh
zoapzxsktdmghgmnofszhznnslurjhwmbfkhtfeyziugmjbg
srvqvqrwvxvjmchntlrydzmeohebct
zoapzxsktdmghgmnofszhznnslurjhwmbfkhtfeyziugmjbg
fvmfkwpgllanbalewyre
srvqvqrwvxvjmchntlrydzmeohebct
yvfedtjszignc
zoapzxsktdmghgmnofszhznnslurjhwmbfkhtfeyziugmjbg
zoapzxsktdmghgmnofszhznnslurjhwmbfkhtfeyziugmjbg
zoapzxsktdmghgmnofszhznnslurjhwmbfkhtfeyziugmjbg
srvqvqrwvxvjmchntlrydzmeohebct
srvqvqrwvxvjmchntlrydzmeohebct
yvfedtjszignc
yvfedtjszignc
yvfedtjszignc
zoapzxsktdmghgmnofszhznnslurjhwmbfkhtfeyziugmjbg
ffgbmjgucktpzgkqll
q
srvqvqrwvxvjmchntlrydzmeohebct
yvfedtjszignc
zoapzxsktdmghgmnofszhznnslurjhwmbfkhtfeyziugmjbg
fvmfkwpgllanbalewyre
yvfedtjszignc
srvqvqrwvxvjmchntlrydzmeohebct
zoapzxsktdmghgmnofszhznnslurjhwmbfkhtfeyziugmjbg
yvfedtjszignc
zoapzxsktdmghgmnofszhznnslurjhwmbfkhtfeyziugmjbg
yvfedtjszignc
zoapzxsktdmghgmnofszhznnslurjhwmbfkhtfeyziugmjbg
srvqvqrwvxvjmchntlrydzmeohebct
srvqvqrwvxvjmchntlrydzmeohebct
srvqvqrwvxvjmchntlrydzmeohebct
zoapzxsktdmghgmnofszhznnslurjhwmbfkhtfeyziugmjbg
yvfedtjszignc
yvfedtjszignc
yvfedtjszignc
lhqqoknmchrfekdejbfw
yvfedtjszignc
idnh
zoapzxsktdmghgmnofszhznnslurjhwmbfkhtfeyziugmjbg
zoapzxsktdmghgmnofszhznnslurjhwmbfkhtfeyziugmjbg
zoapzxsktdmghgmnofszhznnslurjhwmbfkhtfeyziugmjbg
zoapzxsktdmghgmnofszhznnslurjhwmbfkhtfeyziugmjbg
zoapzxsktdmghgmnofszhznnslurjhwmbfkhtfeyziugmjbg
jfkkpciyxfxrfrihkirpxhkzecfqjtjhkpnfkz
zoapzxsktdmghgmnofszhznnslurjhwmbfkhtfeyziugmjbg
q
zoapzxsktdmghgmnofszhznnslurjhwmbfkhtfeyziugmjbg
zoapzxsktdmghgmnofszhznnslurjhwmbfkhtfeyziugmjbg
zoapzxsktdmghgmnofszhznnslurjhwmbfkhtfeyziugmjbg
srvqvqrwvxvjmchntlrydzmeohebct
proqucmbphvdh
yvfedtjszignc
zoapzxsktdmghgmnofszhznnslurjhwmbfkhtfeyziugmjbg
yvfedtjszignc
zoapzxsktdmghgmnofszhznnslurjhwmbfkhtfeyziugmjbg
q
zoapzxsktdmghgmnofszhznnslurjhwmbfkhtfeyziugmjbg
lhqqoknmchrfekdejbfw
idnh
zoapzxsktdmghgmnofszhznnslurjhwmbfkhtfeyziugmjbg
zoapzxsktdmghgmnofszhznnslurjhwmbfkhtfeyziugmjbg
zoapzxsktdmghgmnofszhznnslurjhwmbfkhtfeyziugmjbg
zoapzxsktdmghgmnofszhznnslurjhwmbfkhtfeyziugmjbg
lhqqoknmchrfekdejbfw
srvqvqrwvxvjmchntlrydzmeohebct
srvqvqrwvxvjmchntlrydzmeohebct
zoapzxsktdmghgmnofszhznnslurjhwmbfkhtfeyziugmjbg
yvfedtjszignc
proqucmbphvdh
srvqvqrwvxvjmchntlrydzmeohebct
zoapzxsktdmghgmnofszhznnslurjhwmbfkhtfeyziugmjbg
lhqqoknmchrfekdejbfw
zoapzxsktdmghgmnofszhznnslurjhwmbfkhtfeyziugmjbg
zoapzxsktdmghgmnofszhznnslurjhwmbfkhtfeyziugmjbg
zoapzxsktdmghgmnofszhznnslurjhwmbfkhtfeyziugmjbg
yvfedtjszignc
q
srvqvqrwvxvjmchntlrydzmeohebct
yvfedtjszignc
q
zoapzxsktdmghgmnofszhznnslurjhwmbfkhtfeyziugmjbg
q
srvqvqrwvxvjmchntlrydzmeohebct
srvqvqrwvxvjmchntlrydzmeohebct
zoapzxsktdmghgmnofszhznnslurjhwmbfkhtfeyziugmjbg
yvfedtjszignc
zoapzxsktdmghgmnofszhznnslurjhwmbfkhtfeyziugmjbg
zoapzxsktdmghgmnofszhznnslurjhwmbfkhtfeyziugmjbg
yvfedtjszignc
yvfedtjszignc
zoapzxsktdmghgmnofszhznnslurjhwmbfkhtfeyziugmjbg
srvqvqrwvxvjmchntlrydzmeohebct
zoapzxsktdmghgmnofszhznnslurjhwmbfkhtfeyziugmjbg
zoapzxsktdmghgmnofszhznnslurjhwmbfkhtfeyziugmjbg
proqucmbphvdh
zoapzxsktdmghgmnofszhznnslurjhwmbfkhtfeyziugmjbg
yvfedtjszignc
zoapzxsktdmghgmnofszhznnslurjhwmbfkhtfeyziugmjbg
proqucmbphvdh
zoapzxsktdmghgmnofszhznnslurjhwmbfkhtfeyziugmjbg
zoapzxsktdmghgmnofszhznnslurjhwmbfkhtfeyziugmjbg
yvfedtjszignc
q
zoapzxsktdmghgmnofszhznnslurjhwmbfkhtfeyziugmjbg
zoapzxsktdmghgmnofszhznnslurjhwmbfkhtfeyziugmjbg
zoapzxsktdmghgmnofszhznnslurjhwmbfkhtfeyziugmjbg
zoapzxsktdmghgmnofszhznnslurjhwmbfkhtfeyziugmjbg
srvqvqrwvxvjmchntlrydzmeohebct
srvqvqrwvxvjmchntlrydzmeohebct
zoapzxsktdmghgmnofszhznnslurjhwmbfkhtfeyziugmjbg
zoapzxsktdmghgmnofszhznnslurjhwmbfkhtfeyziugmjbg
yvfedtjszignc
q
zoapzxsktdmghgmnofszhznnslurjhwmbfkhtfeyziugmjbg
zoapzxsktdmghgmnofszhznnslurjhwmbfkhtfeyziugmjbg
yvfedtjszignc
yvfedtjszignc
yvfedtjszignc
ffgbmjgucktpzgkqll
yvfedtjszignc
yvfedtjszignc
zoapzxsktdmghgmnofszhznnslurjhwmbfkhtfeyziugmjbg
srvqvqrwvxvjmchntlrydzmeohebct
srvqvqrwvxvjmchntlrydzmeohebct
yvfedtjszignc
srvqvqrwvxvjmchntlrydzmeohebct
srvqvqrwvxvjmchntlrydzmeohebct
zoapzxsktdmghgmnofszhznnslurjhwmbfkhtfeyziugmjbg
srvqvqrwvxvjmchntlrydzmeohebct
q
zoapzxsktdmghgmnofszhznnslurjhwmbfkhtfeyziugmjbg
lhqqoknmchrfekdejbfw
zoapzxsktdmghgmnofszhznnslurjhwmbfkhtfeyziugmjbg
idnh
lhqqoknmchrfekdejbfw
jfkkpciyxfxrfrihkirpxhkzecfqjtjhkpnfkz
srvqvqrwvxvjmchntlrydzmeohebct
q
yvfedtjszignc
q
proqucmbphvdh
zoapzxsktdmghgmnofszhznnslurjhwmbfkhtfeyziugmjbg
zoapzxsktdmghgmnofszhznnslurjhwmbfkhtfeyziugmjbg
proqucmbphvdh
zoapzxsktdmghgmnofszhznnslurjhwmbfkhtfeyziugmjbg
lhqqoknmchrfekdejbfw
yvfedtjszignc
yvfedtjszignc
zoapzxsktdmghgmnofszhznnslurjhwmbfkhtfeyziugmjbg
zoapzxsktdmghgmnofszhznnslurjhwmbfkhtfeyziugmjbg
lhqqoknmchrfekdejbfw
idnh
jfkkpciyxfxrfrihkirpxhkzecfqjtjhkpnfkz
zoapzxsktdmghgmnofszhznnslurjhwmbfkhtfeyziugmjbg
q
zoapzxsktdmghgmnofszhznnslurjhwmbfkhtfeyziugmjbg
srvqvqrwvxvjmchntlrydzmeohebct
yvfedtjszignc
srvqvqrwvxvjmchntlrydzmeohebct
idnh
jfkkpciyxfxrfrihkirpxhkzecfqjtjhkpnfkz
srvqvqrwvxvjmchntlrydzmeohebct
zoapzxsktdmghgmnofszhznnslurjhwmbfkhtfeyziugmjbg
zoapzxsktdmghgmnofszhznnslurjhwmbfkhtfeyziugmjbg
srvqvqrwvxvjmchntlrydzmeohebct
idnh
jfkkpciyxfxrfrihkirpxhkzecfqjtjhkpnfkz
q
proqucmbphvdh
srvqvqrwvxvjmchntlrydzmeohebct
yvfedtjszignc
zoapzxsktdmghgmnofszhznnslurjhwmbfkhtfeyziugmjbg
idnh
proqucmbphvdh
yvfedtjszignc
yvfedtjszignc
srvqvqrwvxvjmchntlrydzmeohebct
srvqvqrwvxvjmchntlrydzmeohebct
q
zoapzxsktdmghgmnofszhznnslurjhwmbfkhtfeyziugmjbg
yvfedtjszignc
zoapzxsktdmghgmnofszhznnslurjhwmbfkhtfeyziugmjbg
yvfedtjszignc
proqucmbphvdh
zoapzxsktdmghgmnofszhznnslurjhwmbfkhtfeyziugmjbg
zoapzxsktdmghgmnofszhznnslurjhwmbfkhtfeyziugmjbg
zoapzxsktdmghgmnofszhznnslurjhwmbfkhtfeyziugmjbg
yvfedtjszignc
zoapzxsktdmghgmnofszhznnslurjhwmbfkhtfeyziugmjbg
yvfedtjszignc
yvfedtjszignc
zoapzxsktdmghgmnofszhznnslurjhwmbfkhtfeyziugmjbg
yvfedtjszignc
proqucmbphvdh
zoapzxsktdmghgmnofszhznnslurjhwmbfkhtfeyziugmjbg
ffgbmjgucktpzgkqll
zoapzxsktdmghgmnofszhznnslurjhwmbfkhtfeyziugmjbg
zoapzxsktdmghgmnofszhznnslurjhwmbfkhtfeyziugmjbg
q
idnh
yvfedtjszignc
zoapzxsktdmghgmnofszhznnslurjhwmbfkhtfeyziugmjbg
zoapzxsktdmghgmnofszhznnslurjhwmbfkhtfeyziugmjbg
zoapzxsktdmghgmnofszhznnslurjhwmbfkhtfeyziugmjbg
srvqvqrwvxvjmchntlrydzmeohebct
q
srvqvqrwvxvjmchntlrydzmeohebct
yvfedtjszignc
yvfedtjszignc
idnh
srvqvqrwvxvjmchntlrydzmeohebct
zoapzxsktdmghgmnofszhznnslurjhwmbfkhtfeyziugmjbg
q
zoapzxsktdmghgmnofszhznnslurjhwmbfkhtfeyziugmjbg
zoapzxsktdmghgmnofszhznnslurjhwmbfkhtfeyziugmjbg
zoapzxsktdmghgmnofszhznnslurjhwmbfkhtfeyziugmjbg
srvqvqrwvxvjmchntlrydzmeohebct
zoapzxsktdmghgmnofszhznnslurjhwmbfkhtfeyziugmjbg
lhqqoknmchrfekdejbfw
srvqvqrwvxvjmchntlrydzmeohebct
srvqvqrwvxvjmchntlrydzmeohebct
zoapzxsktdmghgmnofszhznnslurjhwmbfkhtfeyziugmjbg
proqucmbphvdh
q
zoapzxsktdmghgmnofszhznnslurjhwmbfkhtfeyziugmjbg
ffgbmjgucktpzgkqll
q
zoapzxsktdmghgmnofszhznnslurjhwmbfkhtfeyziugmjbg
lhqqoknmchrfekdejbfw
ffgbmjgucktpzgkqll
yvfedtjszignc
srvqvqrwvxvjmchntlrydzmeohebct
zoapzxsktdmghgmnofszhznnslurjhwmbfkhtfeyziugmjbg
srvqvqrwvxvjmchntlrydzmeohebct
zoapzxsktdmghgmnofszhznnslurjhwmbfkhtfeyziugmjbg
zoapzxsktdmghgmnofszhznnslurjhwmbfkhtfeyziugmjbg
yvfedtjszignc
lhqqoknmchrfekdejbfw
zoapzxsktdmghgmnofszhznnslurjhwmbfkhtfeyziugmjbg
q
proqucmbphvdh
zoapzxsktdmghgmnofszhznnslurjhwmbfkhtfeyziugmjbg
yvfedtjszignc
srvqvqrwvxvjmchntlrydzmeohebct
idnh
zoapzxsktdmghgmnofszhznnslurjhwmbfkhtfeyziugmjbg
zoapzxsktdmghgmnofszhznnslurjhwmbfkhtfeyziugmjbg
zoapzxsktdmghgmnofszhznnslurjhwmbfkhtfeyziugmjbg
zoapzxsktdmghgmnofszhznnslurjhwmbfkhtfeyziugmjbg
zoapzxsktdmghgmnofszhznnslurjhwmbfkhtfeyziugmjbg
lhqqoknmchrfekdejbfw
yvfedtjszignc
q
zoapzxsktdmghgmnofszhznnslurjhwmbfkhtfeyziugmjbg
zoapzxsktdmghgmnofszhznnslurjhwmbfkhtfeyziugmjbg
srvqvqrwvxvjmchntlrydzmeohebct
proqucmbphvdh
zoapzxsktdmghgmnofszhznnslurjhwmbfkhtfeyziugmjbg
q
yvfedtjszignc
zoapzxsktdmghgmnofszhznnslurjhwmbfkhtfeyziugmjbg
zoapzxsktdmghgmnofszhznnslurjhwmbfkhtfeyziugmjbg
srvqvqrwvxvjmchntlrydzmeohebct
yvfedtjszignc
srvqvqrwvxvjmchntlrydzmeohebct
zoapzxsktdmghgmnofszhznnslurjhwmbfkhtfeyziugmjbg
idnh
zoapzxsktdmghgmnofszhznnslurjhwmbfkhtfeyziugmjbg
proqucmbphvdh
yvfedtjszignc
lhqqoknmchrfekdejbfw
q
yvfedtjszignc
srvqvqrwvxvjmchntlrydzmeohebct
proqucmbphvdh
zoapzxsktdmghgmnofszhznnslurjhwmbfkhtfeyziugmjbg
q
zoapzxsktdmghgmnofszhznnslurjhwmbfkhtfeyziugmjbg
yvfedtjszignc
yvfedtjszignc
zoapzxsktdmghgmnofszhznnslurjhwmbfkhtfeyziugmjbg
fvmfkwpgllanbalewyre
zoapzxsktdmghgmnofszhznnslurjhwmbfkhtfeyziugmjbg
zoapzxsktdmghgmnofszhznnslurjhwmbfkhtfeyziugmjbg
zoapzxsktdmghgmnofszhznnslurjhwmbfkhtfeyziugmjbg
srvqvqrwvxvjmchntlrydzmeohebct
zoapzxsktdmghgmnofszhznnslurjhwmbfkhtfeyziugmjbg
q
srvqvqrwvxvjmchntlrydzmeohebct
yvfedtjszignc
zoapzxsktdmghgmnofszhznnslurjhwmbfkhtfeyziugmjbg
proqucmbphvdh
yvfedtjszignc
yvfedtjszignc
zoapzxsktdmghgmnofszhznnslurjhwmbfkhtfeyziugmjbg
zoapzxsktdmghgmnofszhznnslurjhwmbfkhtfeyziugmjbg
srvqvqrwvxvjmchntlrydzmeohebct
zoapzxsktdmghgmnofszhznnslurjhwmbfkhtfeyziugmjbg
q
yvfedtjszignc
srvqvqrwvxvjmchntlrydzmeohebct
srvqvqrwvxvjmchntlrydzmeohebct
yvfedtjszignc
q
srvqvqrwvxvjmchntlrydzmeohebct
zoapzxsktdmghgmnofszhznnslurjhwmbfkhtfeyziugmjbg
zoapzxsktdmghgmnofszhznnslurjhwmbfkhtfeyziugmjbg
proqucmbphvdh
q
q
zoapzxsktdmghgmnofszhznnslurjhwmbfkhtfeyziugmjbg
zoapzxsktdmghgmnofszhznnslurjhwmbfkhtfeyziugmjbg
srvqvqrwvxvjmchntlrydzmeohebct
proqucmbphvdh
zoapzxsktdmghgmnofszhznnslurjhwmbfkhtfeyziugmjbg
idnh
lhqqoknmchrfekdejbfw
zoapzxsktdmghgmnofszhznnslurjhwmbfkhtfeyziugmjbg
zoapzxsktdmghgmnofszhznnslurjhwmbfkhtfeyziugmjbg
zoapzxsktdmghgmnofszhznnslurjhwmbfkhtfeyziugmjbg
idnh
idnh
zoapzxsktdmghgmnofszhznnslurjhwmbfkhtfeyziugmjbg
zoapzxsktdmghgmnofszhznnslurjhwmbfkhtfeyziugmjbg
srvqvqrwvxvjmchntlrydzmeohebct
zoapzxsktdmghgmnofszhznnslurjhwmbfkhtfeyziugmjbg
yvfedtjszignc
zoapzxsktdmghgmnofszhznnslurjhwmbfkhtfeyziugmjbg
zoapzxsktdmghgmnofszhznnslurjhwmbfkhtfeyziugmjbg
zoapzxsktdmghgmnofszhznnslurjhwmbfkhtfeyziugmjbg
zoapzxsktdmghgmnofszhznnslurjhwmbfkhtfeyziugmjbg
zoapzxsktdmghgmnofszhznnslurjhwmbfkhtfeyziugmjbg
fvmfkwpgllanbalewyre
zoapzxsktdmghgmnofszhznnslurjhwmbfkhtfeyziugmjbg
idnh
srvqvqrwvxvjmchntlrydzmeohebct
q
yvfedtjszignc
zoapzxsktdmghgmnofszhznnslurjhwmbfkhtfeyziugmjbg
yvfedtjszignc
q
idnh
zoapzxsktdmghgmnofszhznnslurjhwmbfkhtfeyziugmjbg
yvfedtjszignc
zoapzxsktdmghgmnofszhznnslurjhwmbfkhtfeyziugmjbg
lhqqoknmchrfekdejbfw
proqucmbphvdh
yvfedtjszignc
ffgbmjgucktpzgkqll
yvfedtjszignc
proqucmbphvdh
proqucmbphvdh
zoapzxsktdmghgmnofszhznnslurjhwmbfkhtfeyziugmjbg
srvqvqrwvxvjmchntlrydzmeohebct
yvfedtjszignc
q
q
yvfedtjszignc
zoapzxsktdmghgmnofszhznnslurjhwmbfkhtfeyziugmjbg
srvqvqrwvxvjmchntlrydzmeohebct
zoapzxsktdmghgmnofszhznnslurjhwmbfkhtfeyziugmjbg
yvfedtjszignc
jfkkpciyxfxrfrihkirpxhkzecfqjtjhkpnfkz
yvfedtjszignc
yvfedtjszignc
zoapzxsktdmghgmnofszhznnslurjhwmbfkhtfeyziugmjbg
zoapzxsktdmghgmnofszhznnslurjhwmbfkhtfeyziugmjbg
yvfedtjszignc
q
yvfedtjszignc
yvfedtjszignc
zoapzxsktdmghgmnofszhznnslurjhwmbfkhtfeyziugmjbg
yvfedtjszignc
zoapzxsktdmghgmnofszhznnslurjhwmbfkhtfeyziugmjbg
zoapzxsktdmghgmnofszhznnslurjhwmbfkhtfeyziugmjbg
zoapzxsktdmghgmnofszhznnslurjhwmbfkhtfeyziugmjbg
zoapzxsktdmghgmnofszhznnslurjhwmbfkhtfeyziugmjbg
srvqvqrwvxvjmchntlrydzmeohebct
zoapzxsktdmghgmnofszhznnslurjhwmbfkhtfeyziugmjbg
fvmfkwpgllanbalewyre
zoapzxsktdmghgmnofszhznnslurjhwmbfkhtfeyziugmjbg
idnh
yvfedtjszignc
zoapzxsktdmghgmnofszhznnslurjhwmbfkhtfeyziugmjbg
q
yvfedtjszignc
zoapzxsktdmghgmnofszhznnslurjhwmbfkhtfeyziugmjbg
zoapzxsktdmghgmnofszhznnslurjhwmbfkhtfeyziugmjbg
yvfedtjszignc
yvfedtjszignc
yvfedtjszignc
zoapzxsktdmghgmnofszhznnslurjhwmbfkhtfeyziugmjbg
proqucmbphvdh
q
zoapzxsktdmghgmnofszhznnslurjhwmbfkhtfeyziugmjbg
ffgbmjgucktpzgkqll
srvqvqrwvxvjmchntlrydzmeohebct
yvfedtjszignc
proqucmbphvdh
fvmfkwpgllanbalewyre
zoapzxsktdmghgmnofszhznnslurjhwmbfkhtfeyziugmjbg
zoapzxsktdmghgmnofszhznnslurjhwmbfkhtfeyziugmjbg
jfkkpciyxfxrfrihkirpxhkzecfqjtjhkpnfkz
zoapzxsktdmghgmnofszhznnslurjhwmbfkhtfeyziugmjbg
yvfedtjszignc
zoapzxsktdmghgmnofszhznnslurjhwmbfkhtfeyziugmjbg
zoapzxsktdmghgmnofszhznnslurjhwmbfkhtfeyziugmjbg
zoapzxsktdmghgmnofszhznnslurjhwmbfkhtfeyziugmjbg
zoapzxsktdmghgmnofszhznnslurjhwmbfkhtfeyziugmjbg
srvqvqrwvxvjmchntlrydzmeohebct
yvfedtjszignc
yvfedtjszignc
q
yvfedtjszignc
q
ffgbmjgucktpzgkqll
zoapzxsktdmghgmnofszhznnslurjhwmbfkhtfeyziugmjbg
yvfedtjszignc
yvfedtjszignc
zoapzxsktdmghgmnofszhznnslurjhwmbfkhtfeyziugmjbg
yvfedtjszignc
lhqqoknmchrfekdejbfw
proqucmbphvdh
yvfedtjszignc
lhqqoknmchrfekdejbfw
q
proqucmbphvdh
zoapzxsktdmghgmnofszhznnslurjhwmbfkhtfeyziugmjbg
zoapzxsktdmghgmnofszhznnslurjhwmbfkhtfeyziugmjbg
srvqvqrwvxvjmchntlrydzmeohebct
yvfedtjszignc
zoapzxsktdmghgmnofszhznnslurjhwmbfkhtfeyziugmjbg
yvfedtjszignc
proqucmbphvdh
q
yvfedtjszignc
yvfedtjszignc
lhqqoknmchrfekdejbfw
zoapzxsktdmghgmnofszhznnslurjhwmbfkhtfeyziugmjbg
yvfedtjszignc
yvfedtjszignc
zoapzxsktdmghgmnofszhznnslurjhwmbfkhtfeyziugmjbg
zoapzxsktdmghgmnofszhznnslurjhwmbfkhtfeyziugmjbg
yvfedtjszignc
idnh
zoapzxsktdmghgmnofszhznnslurjhwmbfkhtfeyziugmjbg
yvfedtjszignc
q
zoapzxsktdmghgmnofszhznnslurjhwmbfkhtfeyziugmjbg
yvfedtjszignc
lhqqoknmchrfekdejbfw
zoapzxsktdmghgmnofszhznnslurjhwmbfkhtfeyziugmjbg
zoapzxsktdmghgmnofszhznnslurjhwmbfkhtfeyziugmjbg
zoapzxsktdmghgmnofszhznnslurjhwmbfkhtfeyziugmjbg
yvfedtjszignc
zoapzxsktdmghgmnofszhznnslurjhwmbfkhtfeyziugmjbg
jfkkpciyxfxrfrihkirpxhkzecfqjtjhkpnfkz
yvfedtjszignc
yvfedtjszignc
srvqvqrwvxvjmchntlrydzmeohebct
srvqvqrwvxvjmchntlrydzmeohebct
lhqqoknmchrfekdejbfw
zoapzxsktdmghgmnofszhznnslurjhwmbfkhtfeyziugmjbg
yvfedtjszignc
zoapzxsktdmghgmnofszhznnslurjhwmbfkhtfeyziugmjbg
zoapzxsktdmghgmnofszhznnslurjhwmbfkhtfeyziugmjbg
yvfedtjszignc
jfkkpciyxfxrfrihkirpxhkzecfqjtjhkpnfkz
srvqvqrwvxvjmchntlrydzmeohebct
zoapzxsktdmghgmnofszhznnslurjhwmbfkhtfeyziugmjbg
yvfedtjszignc
lhqqoknmchrfekdejbfw
zoapzxsktdmghgmnofszhznnslurjhwmbfkhtfeyziugmjbg
yvfedtjszignc
yvfedtjszignc
yvfedtjszignc
srvqvqrwvxvjmchntlrydzmeohebct
yvfedtjszignc
q
zoapzxsktdmghgmnofszhznnslurjhwmbfkhtfeyziugmjbg
zoapzxsktdmghgmnofszhznnslurjhwmbfkhtfeyziugmjbg
srvqvqrwvxvjmchntlrydzmeohebct
srvqvqrwvxvjmchntlrydzmeohebct
proqucmbphvdh
srvqvqrwvxvjmchntlrydzmeohebct
yvfedtjszignc
yvfedtjszignc
proqucmbphvdh
zoapzxsktdmghgmnofszhznnslurjhwmbfkhtfeyziugmjbg
yvfedtjszignc
q
srvqvqrwvxvjmchntlrydzmeohebct
idnh
zoapzxsktdmghgmnofszhznnslurjhwmbfkhtfeyziugmjbg
zoapzxsktdmghgmnofszhznnslurjhwmbfkhtfeyziugmjbg
srvqvqrwvxvjmchntlrydzmeohebct
zoapzxsktdmghgmnofszhznnslurjhwmbfkhtfeyziugmjbg
proqucmbphvdh
q
idnh
yvfedtjszignc
q
yvfedtjszignc
yvfedtjszignc
yvfedtjszignc
proqucmbphvdh
ffgbmjgucktpzgkqll
yvfedtjszignc
yvfedtjszignc
srvqvqrwvxvjmchntlrydzmeohebct
zoapzxsktdmghgmnofszhznnslurjhwmbfkhtfeyziugmjbg
yvfedtjszignc
q
srvqvqrwvxvjmchntlrydzmeohebct
q
yvfedtjszignc
zoapzxsktdmghgmnofszhznnslurjhwmbfkhtfeyziugmjbg
lhqqoknmchrfekdejbfw
proqucmbphvdh
q
zoapzxsktdmghgmnofszhznnslurjhwmbfkhtfeyziugmjbg
fvmfkwpgllanbalewyre
idnh
srvqvqrwvxvjmchntlrydzmeohebct
srvqvqrwvxvjmchntlrydzmeohebct
proqucmbphvdh
srvqvqrwvxvjmchntlrydzmeohebct
srvqvqrwvxvjmchntlrydzmeohebct
jfkkpciyxfxrfrihkirpxhkzecfqjtjhkpnfkz
zoapzxsktdmghgmnofszhznnslurjhwmbfkhtfeyziugmjbg
zoapzxsktdmghgmnofszhznnslurjhwmbfkhtfeyziugmjbg
zoapzxsktdmghgmnofszhznnslurjhwmbfkhtfeyziugmjbg
yvfedtjszignc
zoapzxsktdmghgmnofszhznnslurjhwmbfkhtfeyziugmjbg
srvqvqrwvxvjmchntlrydzmeohebct
lhqqoknmchrfekdejbfw
srvqvqrwvxvjmchntlrydzmeohebct
zoapzxsktdmghgmnofszhznnslurjhwmbfkhtfeyziugmjbg
zoapzxsktdmghgmnofszhznnslurjhwmbfkhtfeyziugmjbg
proqucmbphvdh
q
