nyrxoliokepdhtbhvtlexasnamqhmnbwpuzgfonqbliqtdhni
ywfrxhotnauycpesbvijoscuccfgguxakpefxkcqxjelc
ywfrxhotnauycpesbvijoscuccfgguxakpefxkcqxjelc
bnpwkxilumozwugwyjnxmmsxfscrruesqsgqjbipz
xiytgiimwuzyqxqceaqcfxhvwbyfxbrqhaqmfvobjftl
fwjvavwtrwaogcwpjuruyxrkylfxywgyxllktued
xiytgiimwuzyqxqceaqcfxhvwbyfxbrqhaqmfvobjftl
tpus
hfpfhhhrpbbyvesduvndqje
xiytgiimwuzyqxqceaqcfxhvwbyfxbrqhaqmfvobjftl
nyrxoliokepdhtbhvtlexasnamqhmnbwpuzgfonqbliqtdhni
idmferqwkywayfbtbmkpfzpigpbnvqwbjvodubecz
ywfrxhotnauycpesbvijoscuccfgguxakpefxkcqxjelc
ywfrxhotnauycpesbvijoscuccfgguxakpefxkcqxjelc
fwjvavwtrwaogcwpjuruyxrkylfxywgyxllktued
ywfrxhotnauycpesbvijoscuccfgguxakpefxkcqxjelc
tpus
ywfrxhotnauycpesbvijoscuccfgguxakpefxkcqxjelc
ywfrxhotnauycpesbvijoscuccfgguxakpefxkcqxjelc
xiytgiimwuzyqxqceaqcfxhvwbyfxbrqhaqmfvobjftl
ywfrxhotnauycpesbvijoscuccfgguxakpefxkcqxjelc
idmferqwkywayfbtbmkpfzpigpbnvqwbjvodubecz
ywfrxhotnauycpesbvijoscuccfgguxakpefxkcqxjelc
ndgnfvqunldejslfnupjwzpsosag
ndgnfvqunldejslfnupjwzpsosag
jorhmgsbunv
ndgnfvqunldejslfnupjwzpsosag
tpus
tpus
idmferqwkywayfbtbmkpfzpigpbnvqwbjvodubecz
xiytgiimwuzyqxqceaqcfxhvwbyfxbrqhaqmfvobjftl
nyrxoliokepdhtbhvtlexasnamqhmnbwpuzgfonqbliqtdhni
nyrxoliokepdhtbhvtlexasnamqhmnbwpuzgfonqbliqtdhni
ywfrxhotnauycpesbvijoscuccfgguxakpefxkcqxjelc
ywfrxhotnauycpesbvijoscuccfgguxakpefxkcqxjelc
xiytgiimwuzyqxqceaqcfxhvwbyfxbrqhaqmfvobjftl
ywfrxhotnauycpesbvijoscuccfgguxakpefxkcqxjelc
jorhmgsbunv
xiytgiimwuzyqxqceaqcfxhvwbyfxbrqhaqmfvobjftl
ywfrxhotnauycpesbvijoscuccfgguxakpefxkcqxjelc
ywfrxhotnauycpesbvijoscuccfgguxakpefxkcqxjelc
ywfrxhotnauycpesbvijoscuccfgguxakpefxkcqxjelc
nyrxoliokepdhtbhvtlexasnamqhmnbwpuzgfonqbliqtdhni
ywfrxhotnauycpesbvijoscuccfgguxakpefxkcqxjelc
ywfrxhotnauycpesbvijoscuccfgguxakpefxkcqxjelc
xiytgiimwuzyqxqceaqcfxhvwbyfxbrqhaqmfvobjftl
tpus
tpus
xiytgiimwuzyqxqceaqcfxhvwbyfxbrqhaqmfvobjftl
xiytgiimwuzyqxqceaqcfxhvwbyfxbrqhaqmfvobjftl
ywfrxhotnauycpesbvijoscuccfgguxakpefxkcqxjelc
ywfrxhotnauycpesbvijoscuccfgguxakpefxkcqxjelc
nyrxoliokepdhtbhvtlexasnamqhmnbwpuzgfonqbliqtdhni
xiytgiimwuzyqxqceaqcfxhvwbyfxbrqhaqmfvobjftl
ywfrxhotnauycpesbvijoscuccfgguxakpefxkcqxjelc
tpus
ywfrxhotnauycpesbvijoscuccfgguxakpefxkcqxjelc
xiytgiimwuzyqxqceaqcfxhvwbyfxbrqhaqmfvobjftl
ndgnfvqunldejslfnupjwzpsosag
tpus
tpus
ywfrxhotnauycpesbvijoscuccfgguxakpefxkcqxjelc
ywfrxhotnauycpesbvijoscuccfgguxakpefxkcqxjelc
ywfrxhotnauycpesbvijoscuccfgguxakpefxkcqxjelc
xiytgiimwuzyqxqceaqcfxhvwbyfxbrqhaqmfvobjftl
nyrxoliokepdhtbhvtlexasnamqhmnbwpuzgfonqbliqtdhni
nyrxoliokepdhtbhvtlexasnamqhmnbwpuzgfonqbliqtdhni
jorhmgsbunv
ywfrxhotnauycpesbvijoscuccfgguxakpefxkcqxjelc
ywfrxhotnauycpesbvijoscuccfgguxakpefxkcqxjelc
nyrxoliokepdhtbhvtlexasnamqhmnbwpuzgfonqbliqtdhni
jorhmgsbunv
ywfrxhotnauycpesbvijoscuccfgguxakpefxkcqxjelc
tpus
ywfrxhotnauycpesbvijoscuccfgguxakpefxkcqxjelc
xiytgiimwuzyqxqceaqcfxhvwbyfxbrqhaqmfvobjftl
xiytgiimwuzyqxqceaqcfxhvwbyfxbrqhaqmfvobjftl
idmferqwkywayfbtbmkpfzpigpbnvqwbjvodubecz
xiytgiimwuzyqxqceaqcfxhvwbyfxbrqhaqmfvobjftl
ywfrxhotnauycpesbvijoscuccfgguxakpefxkcqxjelc
ywfrxhotnauycpesbvijoscuccfgguxakpefxkcqxjelc
ywfrxhotnauycpesbvijoscuccfgguxakpefxkcqxjelc
nyrxoliokepdhtbhvtlexasnamqhmnbwpuzgfonqbliqtdhni
xiytgiimwuzyqxqceaqcfxhvwbyfxbrqhaqmfvobjftl
xiytgiimwuzyqxqceaqcfxhvwbyfxbrqhaqmfvobjftl
ywfrxhotnauycpesbvijoscuccfgguxakpefxkcqxjelc
jorhmgsbunv
ywfrxhotnauycpesbvijoscuccfgguxakpefxkcqxjelc
xiytgiimwuzyqxqceaqcfxhvwbyfxbrqhaqmfvobjftl
ywfrxhotnauycpesbvijoscuccfgguxakpefxkcqxjelc
nyrxoliokepdhtbhvtlexasnamqhmnbwpuzgfonqbliqtdhni
tpus
ywfrxhotnauycpesbvijoscuccfgguxakpefxkcqxjelc
tpus
ywfrxhotnauycpesbvijoscuccfgguxakpefxkcqxjelc
ywfrxhotnauycpesbvijoscuccfgguxakpefxkcqxjelc
tpus
ywfrxhotnauycpesbvijoscuccfgguxakpefxkcqxjelc
tpus
xiytgiimwuzyqxqceaqcfxhvwbyfxbrqhaqmfvobjftl
ywfrxhotnauycpesbvijoscuccfgguxakpefxkcqxjelc
tpus
xiytgiimwuzyqxqceaqcfxhvwbyfxbrqhaqmfvobjftl
xiytgiimwuzyqxqceaqcfxhvwbyfxbrqhaqmfvobjftl
xiytgiimwuzyqxqceaqcfxhvwbyfxbrqhaqmfvobjftl
ywfrxhotnauycpesbvijoscuccfgguxakpefxkcqxjelc
nyrxoliokepdhtbhvtlexasnamqhmnbwpuzgfonqbliqtdhni
xiytgiimwuzyqxqceaqcfxhvwbyfxbrqhaqmfvobjftl
ywfrxhotnauycpesbvijoscuccfgguxakpefxkcqxjelc
tpus
nyrxoliokepdhtbhvtlexasnamqhmnbwpuzgfonqbliqtdhni
ywfrxhotnauycpesbvijoscuccfgguxakpefxkcqxjelc
fwjvavwtrwaogcwpjuruyxrkylfxywgyxllktued
xiytgiimwuzyqxqceaqcfxhvwbyfxbrqhaqmfvobjftl
ywfrxhotnauycpesbvijoscuccfgguxakpefxkcqxjelc
xiytgiimwuzyqxqceaqcfxhvwbyfxbrqhaqmfvobjftl
ywfrxhotnauycpesbvijoscuccfgguxakpefxkcqxjelc
xiytgiimwuzyqxqceaqcfxhvwbyfxbrqhaqmfvobjftl
nyrxoliokepdhtbhvtlexasnamqhmnbwpuzgfonqbliqtdhni
xiytgiimwuzyqxqceaqcfxhvwbyfxbrqhaqmfvobjftl
xiytgiimwuzyqxqceaqcfxhvwbyfxbrqhaqmfvobjftl
ywfrxhotnauycpesbvijoscuccfgguxakpefxkcqxjelc
ywfrxhotnauycpesbvijoscuccfgguxakpefxkcqxjelc
nyrxoliokepdhtbhvtlexasnamqhmnbwpuzgfonqbliqtdhni
ywfrxhotnauycpesbvijoscuccfgguxakpefxkcqxjelc
ywfrxhotnauycpesbvijoscuccfgguxakpefxkcqxjelc
xiytgiimwuzyqxqceaqcfxhvwbyfxbrqhaqmfvobjftl
ywfrxhotnauycpesbvijoscuccfgguxakpefxkcqxjelc
ywfrxhotnauycpesbvijoscuccfgguxakpefxkcqxjelc
xiytgiimwuzyqxqceaqcfxhvwbyfxbrqhaqmfvobjftl
nyrxoliokepdhtbhvtlexasnamqhmnbwpuzgfonqbliqtdhni
xiytgiimwuzyqxqceaqcfxhvwbyfxbrqhaqmfvobjftl
xiytgiimwuzyqxqceaqcfxhvwbyfxbrqhaqmfvobjftl
tpus
xiytgiimwuzyqxqceaqcfxhvwbyfxbrqhaqmfvobjftl
bnpwkxilumozwugwyjnxmmsxfscrruesqsgqjbipz
ndgnfvqunldejslfnupjwzpsosag
ywfrxhotnauycpesbvijoscuccfgguxakpefxkcqxjelc
hfpfhhhrpbbyvesduvndqje
ywfrxhotnauycpesbvijoscuccfgguxakpefxkcqxjelc
ywfrxhotnauycpesbvijoscuccfgguxakpefxkcqxjelc
nyrxoliokepdhtbhvtlexasnamqhmnbwpuzgfonqbliqtdhni
xiytgiimwuzyqxqceaqcfxhvwbyfxbrqhaqmfvobjftl
fwjvavwtrwaogcwpjuruyxrkylfxywgyxllktued
tpus
xiytgiimwuzyqxqceaqcfxhvwbyfxbrqhaqmfvobjftl
hfpfhhhrpbbyvesduvndqje
idmferqwkywayfbtbmkpfzpigpbnvqwbjvodubecz
hfpfhhhrpbbyvesduvndqje
ywfrxhotnauycpesbvijoscuccfgguxakpefxkcqxjelc
idmferqwkywayfbtbmkpfzpigpbnvqwbjvodubecz
ywfrxhotnauycpesbvijoscuccfgguxakpefxkcqxjelc
bnpwkxilumozwugwyjnxmmsxfscrruesqsgqjbipz
xiytgiimwuzyqxqceaqcfxhvwbyfxbrqhaqmfvobjftl
ywfrxhotnauycpesbvijoscuccfgguxakpefxkcqxjelc
ywfrxhotnauycpesbvijoscuccfgguxakpefxkcqxjelc
nyrxoliokepdhtbhvtlexasnamqhmnbwpuzgfonqbliqtdhni
tpus
ywfrxhotnauycpesbvijoscuccfgguxakpefxkcqxjelc
ywfrxhotnauycpesbvijoscuccfgguxakpefxkcqxjelc
tpus
xiytgiimwuzyqxqceaqcfxhvwbyfxbrqhaqmfvobjftl
ywfrxhotnauycpesbvijoscuccfgguxakpefxkcqxjelc
ywfrxhotnauycpesbvijoscuccfgguxakpefxkcqxjelc
ywfrxhotnauycpesbvijoscuccfgguxakpefxkcqxjelc
ywfrxhotnauycpesbvijoscuccfgguxakpefxkcqxjelc
ndgnfvqunldejslfnupjwzpsosag
ywfrxhotnauycpesbvijoscuccfgguxakpefxkcqxjelc
xiytgiimwuzyqxqceaqcfxhvwbyfxbrqhaqmfvobjftl
ywfrxhotnauycpesbvijoscuccfgguxakpefxkcqxjelc
ywfrxhotnauycpesbvijoscuccfgguxakpefxkcqxjelc
xiytgiimwuzyqxqceaqcfxhvwbyfxbrqhaqmfvobjftl
ywfrxhotnauycpesbvijoscuccfgguxakpefxkcqxjelc
xiytgiimwuzyqxqceaqcfxhvwbyfxbrqhaqmfvobjftl
ywfrxhotnauycpesbvijoscuccfgguxakpefxkcqxjelc
ywfrxhotnauycpesbvijoscuccfgguxakpefxkcqxjelc
ywfrxhotnauycpesbvijoscuccfgguxakpefxkcqxjelc
xiytgiimwuzyqxqceaqcfxhvwbyfxbrqhaqmfvobjftl
tpus
xiytgiimwuzyqxqceaqcfxhvwbyfxbrqhaqmfvobjftl
nyrxoliokepdhtbhvtlexasnamqhmnbwpuzgfonqbliqtdhni
nyrxoliokepdhtbhvtlexasnamqhmnbwpuzgfonqbliqtdhni
nyrxoliokepdhtbhvtlexasnamqhmnbwpuzgfonqbliqtdhni
ywfrxhotnauycpesbvijoscuccfgguxakpefxkcqxjelc
nyrxoliokepdhtbhvtlexasnamqhmnbwpuzgfonqbliqtdhni
idmferqwkywayfbtbmkpfzpigpbnvqwbjvodubecz
nyrxoliokepdhtbhvtlexasnamqhmnbwpuzgfonqbliqtdhni
tpus
ywfrxhotnauycpesbvijoscuccfgguxakpefxkcqxjelc
ywfrxhotnauycpesbvijoscuccfgguxakpefxkcqxjelc
xiytgiimwuzyqxqceaqcfxhvwbyfxbrqhaqmfvobjftl
ywfrxhotnauycpesbvijoscuccfgguxakpefxkcqxjelc
xiytgiimwuzyqxqceaqcfxhvwbyfxbrqhaqmfvobjftl
hfpfhhhrpbbyvesduvndqje
ywfrxhotnauycpesbvijoscuccfgguxakpefxkcqxjelc
tpus
xiytgiimwuzyqxqceaqcfxhvwbyfxbrqhaqmfvobjftl
ndgnfvqunldejslfnupjwzpsosag
tpus
ywfrxhotnauycpesbvijoscuccfgguxakpefxkcqxjelc
ywfrxhotnauycpesbvijoscuccfgguxakpefxkcqxjelc
ywfrxhotnauycpesbvijoscuccfgguxakpefxkcqxjelc
xiytgiimwuzyqxqceaqcfxhvwbyfxbrqhaqmfvobjftl
xiytgiimwuzyqxqceaqcfxhvwbyfxbrqhaqmfvobjftl
hfpfhhhrpbbyvesduvndqje
hfpfhhhrpbbyvesduvndqje
ywfrxhotnauycpesbvijoscuccfgguxakpefxkcqxjelc
ywfrxhotnauycpesbvijoscuccfgguxakpefxkcqxjelc
ywfrxhotnauycpesbvijoscuccfgguxakpefxkcqxjelc
nyrxoliokepdhtbhvtlexasnamqhmnbwpuzgfonqbliqtdhni
ywfrxhotnauycpesbvijoscuccfgguxakpefxkcqxjelc
ywfrxhotnauycpesbvijoscuccfgguxakpefxkcqxjelc
xiytgiimwuzyqxqceaqcfxhvwbyfxbrqhaqmfvobjftl
xiytgiimwuzyqxqceaqcfxhvwbyfxbrqhaqmfvobjftl
ywfrxhotnauycpesbvijoscuccfgguxakpefxkcqxjelc
ywfrxhotnauycpesbvijoscuccfgguxakpefxkcqxjelc
tpus
jorhmgsbunv
xiytgiimwuzyqxqceaqcfxhvwbyfxbrqhaqmfvobjftl
ywfrxhotnauycpesbvijoscuccfgguxakpefxkcqxjelc
xiytgiimwuzyqxqceaqcfxhvwbyfxbrqhaqmfvobjftl
ywfrxhotnauycpesbvijoscuccfgguxakpefxkcqxjelc
ywfrxhotnauycpesbvijoscuccfgguxakpefxkcqxjelc
tpus
ndgnfvqunldejslfnupjwzpsosag
ndgnfvqunldejslfnupjwzpsosag
ywfrxhotnauycpesbvijoscuccfgguxakpefxkcqxjelc
jorhmgsbunv
ndgnfvqunldejslfnupjwzpsosag
tpus
nyrxoliokepdhtbhvtlexasnamqhmnbwpuzgfonqbliqtdhni
tpus
ndgnfvqunldejslfnupjwzpsosag
xiytgiimwuzyqxqceaqcfxhvwbyfxbrqhaqmfvobjftl
xiytgiimwuzyqxqceaqcfxhvwbyfxbrqhaqmfvobjftl
ywfrxhotnauycpesbvijoscuccfgguxakpefxkcqxjelc
xiytgiimwuzyqxqceaqcfxhvwbyfxbrqhaqmfvobjftl
xiytgiimwuzyqxqceaqcfxhvwbyfxbrqhaqmfvobjftl
ywfrxhotnauycpesbvijoscuccfgguxakpefxkcqxjelc
xiytgiimwuzyqxqceaqcfxhvwbyfxbrqhaqmfvobjftl
nyrxoliokepdhtbhvtlexasnamqhmnbwpuzgfonqbliqtdhni
tpus
jorhmgsbunv
tpus
nyrxoliokepdhtbhvtlexasnamqhmnbwpuzgfonqbliqtdhni
xiytgiimwuzyqxqceaqcfxhvwbyfxbrqhaqmfvobjftl
ywfrxhotnauycpesbvijoscuccfgguxakpefxkcqxjelc
xiytgiimwuzyqxqceaqcfxhvwbyfxbrqhaqmfvobjftl
ndgnfvqunldejslfnupjwzpsosag
ywfrxhotnauycpesbvijoscuccfgguxakpefxkcqxjelc
ywfrxhotnauycpesbvijoscuccfgguxakpefxkcqxjelc
ywfrxhotnauycpesbvijoscuccfgguxakpefxkcqxjelc
xiytgiimwuzyqxqceaqcfxhvwbyfxbrqhaqmfvobjftl
ywfrxhotnauycpesbvijoscuccfgguxakpefxkcqxjelc
ywfrxhotnauycpesbvijoscuccfgguxakpefxkcqxjelc
ywfrxhotnauycpesbvijoscuccfgguxakpefxkcqxjelc
jorhmgsbunv
ywfrxhotnauycpesbvijoscuccfgguxakpefxkcqxjelc
ywfrxhotnauycpesbvijoscuccfgguxakpefxkcqxjelc
ywfrxhotnauycpesbvijoscuccfgguxakpefxkcqxjelc
tpus
xiytgiimwuzyqxqceaqcfxhvwbyfxbrqhaqmfvobjftl
ywfrxhotnauycpesbvijoscuccfgguxakpefxkcqxjelc
ywfrxhotnauycpesbvijoscuccfgguxakpefxkcqxjelc
ywfrxhotnauycpesbvijoscuccfgguxakpefxkcqxjelc
xiytgiimwuzyqxqceaqcfxhvwbyfxbrqhaqmfvobjftl
ywfrxhotnauycpesbvijoscuccfgguxakpefxkcqxjelc
tpus
xiytgiimwuzyqxqceaqcfxhvwbyfxbrqhaqmfvobjftl
ywfrxhotnauycpesbvijoscuccfgguxakpefxkcqxjelc
ndgnfvqunldejslfnupjwzpsosag
xiytgiimwuzyqxqceaqcfxhvwbyfxbrqhaqmfvobjftl
tpus
ywfrxhotnauycpesbvijoscuccfgguxakpefxkcqxjelc
ywfrxhotnauycpesbvijoscuccfgguxakpefxkcqxjelc
ywfrxhotnauycpesbvijoscuccfgguxakpefxkcqxjelc
nyrxoliokepdhtbhvtlexasnamqhmnbwpuzgfonqbliqtdhni
ywfrxhotnauycpesbvijoscuccfgguxakpefxkcqxjelc
xiytgiimwuzyqxqceaqcfxhvwbyfxbrqhaqmfvobjftl
ywfrxhotnauycpesbvijoscuccfgguxakpefxkcqxjelc
jorhmgsbunv
ywfrxhotnauycpesbvijoscuccfgguxakpefxkcqxjelc
xiytgiimwuzyqxqceaqcfxhvwbyfxbrqhaqmfvobjftl
nyrxoliokepdhtbhvtlexasnamqhmnbwpuzgfonqbliqtdhni
ywfrxhotnauycpesbvijoscuccfgguxakpefxkcqxjelc
hfpfhhhrpbbyvesduvndqje
ywfrxhotnauycpesbvijoscuccfgguxakpefxkcqxjelc
ywfrxhotnauycpesbvijoscuccfgguxakpefxkcqxjelc
ywfrxhotnauycpesbvijoscuccfgguxakpefxkcqxjelc
ywfrxhotnauycpesbvijoscuccfgguxakpefxkcqxjelc
ywfrxhotnauycpesbvijoscuccfgguxakpefxkcqxjelc
xiytgiimwuzyqxqceaqcfxhvwbyfxbrqhaqmfvobjftl
ywfrxhotnauycpesbvijoscuccfgguxakpefxkcqxjelc
jorhmgsbunv
xiytgiimwuzyqxqceaqcfxhvwbyfxbrqhaqmfvobjftl
tpus
xiytgiimwuzyqxqceaqcfxhvwbyfxbrqhaqmfvobjftl
jorhmgsbunv
xiytgiimwuzyqxqceaqcfxhvwbyfxbrqhaqmfvobjftl
nyrxoliokepdhtbhvtlexasnamqhmnbwpuzgfonqbliqtdhni
nyrxoliokepdhtbhvtlexasnamqhmnbwpuzgfonqbliqtdhni
nyrxoliokepdhtbhvtlexasnamqhmnbwpuzgfonqbliqtdhni
xiytgiimwuzyqxqceaqcfxhvwbyfxbrqhaqmfvobjftl
ywfrxhotnauycpesbvijoscuccfgguxakpefxkcqxjelc
idmferqwkywayfbtbmkpfzpigpbnvqwbjvodubecz
ywfrxhotnauycpesbvijoscuccfgguxakpefxkcqxjelc
ywfrxhotnauycpesbvijoscuccfgguxakpefxkcqxjelc
ywfrxhotnauycpesbvijoscuccfgguxakpefxkcqxjelc
nyrxoliokepdhtbhvtlexasnamqhmnbwpuzgfonqbliqtdhni
xiytgiimwuzyqxqceaqcfxhvwbyfxbrqhaqmfvobjftl
ywfrxhotnauycpesbvijoscuccfgguxakpefxkcqxjelc
ywfrxhotnauycpesbvijoscuccfgguxakpefxkcqxjelc
tpus
xiytgiimwuzyqxqceaqcfxhvwbyfxbrqhaqmfvobjftl
ywfrxhotnauycpesbvijoscuccfgguxakpefxkcqxjelc
xiytgiimwuzyqxqceaqcfxhvwbyfxbrqhaqmfvobjftl
tpus
ywfrxhotnauycpesbvijoscuccfgguxakpefxkcqxjelc
ywfrxhotnauycpesbvijoscuccfgguxakpefxkcqxjelc
ywfrxhotnauycpesbvijoscuccfgguxakpefxkcqxjelc
ywfrxhotnauycpesbvijoscuccfgguxakpefxkcqxjelc
ywfrxhotnauycpesbvijoscuccfgguxakpefxkcqxjelc
ndgnfvqunldejslfnupjwzpsosag
ywfrxhotnauycpesbvijoscuccfgguxakpefxkcqxjelc
xiytgiimwuzyqxqceaqcfxhvwbyfxbrqhaqmfvobjftl
nyrxoliokepdhtbhvtlexasnamqhmnbwpuzgfonqbliqtdhni
nyrxoliokepdhtbhvtlexasnamqhmnbwpuzgfonqbliqtdhni
ywfrxhotnauycpesbvijoscuccfgguxakpefxkcqxjelc
ywfrxhotnauycpesbvijoscuccfgguxakpefxkcqxjelc
jorhmgsbunv
nyrxoliokepdhtbhvtlexasnamqhmnbwpuzgfonqbliqtdhni
ywfrxhotnauycpesbvijoscuccfgguxakpefxkcqxjelc
xiytgiimwuzyqxqceaqcfxhvwbyfxbrqhaqmfvobjftl
xiytgiimwuzyqxqceaqcfxhvwbyfxbrqhaqmfvobjftl
ywfrxhotnauycpesbvijoscuccfgguxakpefxkcqxjelc
xiytgiimwuzyqxqceaqcfxhvwbyfxbrqhaqmfvobjftl
xiytgiimwuzyqxqceaqcfxhvwbyfxbrqhaqmfvobjftl
ywfrxhotnauycpesbvijoscuccfgguxakpefxkcqxjelc
tpus
ywfrxhotnauycpesbvijoscuccfgguxakpefxkcqxjelc
xiytgiimwuzyqxqceaqcfxhvwbyfxbrqhaqmfvobjftl
ywfrxhotnauycpesbvijoscuccfgguxakpefxkcqxjelc
nyrxoliokepdhtbhvtlexasnamqhmnbwpuzgfonqbliqtdhni
ywfrxhotnauycpesbvijoscuccfgguxakpefxkcqxjelc
ywfrxhotnauycpesbvijoscuccfgguxakpefxkcqxjelc
hfpfhhhrpbbyvesduvndqje
ywfrxhotnauycpesbvijoscuccfgguxakpefxkcqxjelc
tpus
tpus
xiytgiimwuzyqxqceaqcfxhvwbyfxbrqhaqmfvobjftl
tpus
ywfrxhotnauycpesbvijoscuccfgguxakpefxkcqxjelc
tpus
xiytgiimwuzyqxqceaqcfxhvwbyfxbrqhaqmfvobjftl
hfpfhhhrpbbyvesduvndqje
tpus
xiytgiimwuzyqxqceaqcfxhvwbyfxbrqhaqmfvobjftl
nyrxoliokepdhtbhvtlexasnamqhmnbwpuzgfonqbliqtdhni
xiytgiimwuzyqxqceaqcfxhvwbyfxbrqhaqmfvobjftl
nyrxoliokepdhtbhvtlexasnamqhmnbwpuzgfonqbliqtdhni
ywfrxhotnauycpesbvijoscuccfgguxakpefxkcqxjelc
ywfrxhotnauycpesbvijoscuccfgguxakpefxkcqxjelc
xiytgiimwuzyqxqceaqcfxhvwbyfxbrqhaqmfvobjftl
tpus
hfpfhhhrpbbyvesduvndqje
xiytgiimwuzyqxqceaqcfxhvwbyfxbrqhaqmfvobjftl
xiytgiimwuzyqxqceaqcfxhvwbyfxbrqhaqmfvobjftl
ywfrxhotnauycpesbvijoscuccfgguxakpefxkcqxjelc
tpus
xiytgiimwuzyqxqceaqcfxhvwbyfxbrqhaqmfvobjftl
xiytgiimwuzyqxqceaqcfxhvwbyfxbrqhaqmfvobjftl
jorhmgsbunv
ywfrxhotnauycpesbvijoscuccfgguxakpefxkcqxjelc
ywfrxhotnauycpesbvijoscuccfgguxakpefxkcqxjelc
ywfrxhotnauycpesbvijoscuccfgguxakpefxkcqxjelc
xiytgiimwuzyqxqceaqcfxhvwbyfxbrqhaqmfvobjftl
ywfrxhotnauycpesbvijoscuccfgguxakpefxkcqxjelc
xiytgiimwuzyqxqceaqcfxhvwbyfxbrqhaqmfvobjftl
tpus
ywfrxhotnauycpesbvijoscuccfgguxakpefxkcqxjelc
xiytgiimwuzyqxqceaqcfxhvwbyfxbrqhaqmfvobjftl
ndgnfvqunldejslfnupjwzpsosag
ywfrxhotnauycpesbvijoscuccfgguxakpefxkcqxjelc
jorhmgsbunv
xiytgiimwuzyqxqceaqcfxhvwbyfxbrqhaqmfvobjftl
hfpfhhhrpbbyvesduvndqje
nyrxoliokepdhtbhvtlexasnamqhmnbwpuzgfonqbliqtdhni
nyrxoliokepdhtbhvtlexasnamqhmnbwpuzgfonqbliqtdhni
xiytgiimwuzyqxqceaqcfxhvwbyfxbrqhaqmfvobjftl
ywfrxhotnauycpesbvijoscuccfgguxakpefxkcqxjelc
xiytgiimwuzyqxqceaqcfxhvwbyfxbrqhaqmfvobjftl
idmferqwkywayfbtbmkpfzpigpbnvqwbjvodubecz
tpus
xiytgiimwuzyqxqceaqcfxhvwbyfxbrqhaqmfvobjftl
nyrxoliokepdhtbhvtlexasnamqhmnbwpuzgfonqbliqtdhni
tpus
ywfrxhotnauycpesbvijoscuccfgguxakpefxkcqxjelc
jorhmgsbunv
ywfrxhotnauycpesbvijoscuccfgguxakpefxkcqxjelc
xiytgiimwuzyqxqceaqcfxhvwbyfxbrqhaqmfvobjftl
ywfrxhotnauycpesbvijoscuccfgguxakpefxkcqxjelc
ywfrxhotnauycpesbvijoscuccfgguxakpefxkcqxjelc
hfpfhhhrpbbyvesduvndqje
jorhmgsbunv
ywfrxhotnauycpesbvijoscuccfgguxakpefxkcqxjelc
xiytgiimwuzyqxqceaqcfxhvwbyfxbrqhaqmfvobjftl
hfpfhhhrpbbyvesduvndqje
tpus
ndgnfvqunldejslfnupjwzpsosag
xiytgiimwuzyqxqceaqcfxhvwbyfxbrqhaqmfvobjftl
tpus
nyrxoliokepdhtbhvtlexasnamqhmnbwpuzgfonqbliqtdhni
xiytgiimwuzyqxqceaqcfxhvwbyfxbrqhaqmfvobjftl
jorhmgsbunv
ywfrxhotnauycpesbvijoscuccfgguxakpefxkcqxjelc
xiytgiimwuzyqxqceaqcfxhvwbyfxbrqhaqmfvobjftl
xiytgiimwuzyqxqceaqcfxhvwbyfxbrqhaqmfvobjftl
hfpfhhhrpbbyvesduvndqje
ywfrxhotnauycpesbvijoscuccfgguxakpefxkcqxjelc
hfpfhhhrpbbyvesduvndqje
tpus
ywfrxhotnauycpesbvijoscuccfgguxakpefxkcqxjelc
xiytgiimwuzyqxqceaqcfxhvwbyfxbrqhaqmfvobjftl
tpus
xiytgiimwuzyqxqceaqcfxhvwbyfxbrqhaqmfvobjftl
ywfrxhotnauycpesbvijoscuccfgguxakpefxkcqxjelc
tpus
ywfrxhotnauycpesbvijoscuccfgguxakpefxkcqxjelc
xiytgiimwuzyqxqceaqcfxhvwbyfxbrqhaqmfvobjftl
xiytgiimwuzyqxqceaqcfxhvwbyfxbrqhaqmfvobjftl
xiytgiimwuzyqxqceaqcfxhvwbyfxbrqhaqmfvobjftl
nyrxoliokepdhtbhvtlexasnamqhmnbwpuzgfonqbliqtdhni
ywfrxhotnauycpesbvijoscuccfgguxakpefxkcqxjelc
xiytgiimwuzyqxqceaqcfxhvwbyfxbrqhaqmfvobjftl
xiytgiimwuzyqxqceaqcfxhvwbyfxbrqhaqmfvobjftl
xiytgiimwuzyqxqceaqcfxhvwbyfxbrqhaqmfvobjftl
ywfrxhotnauycpesbvijoscuccfgguxakpefxkcqxjelc
tpus
nyrxoliokepdhtbhvtlexasnamqhmnbwpuzgfonqbliqtdhni
tpus
ywfrxhotnauycpesbvijoscuccfgguxakpefxkcqxjelc
tpus
jorhmgsbunv
ywfrxhotnauycpesbvijoscuccfgguxakpefxkcqxjelc
ywfrxhotnauycpesbvijoscuccfgguxakpefxkcqxjelc
ywfrxhotnauycpesbvijoscuccfgguxakpefxkcqxjelc
ywfrxhotnauycpesbvijoscuccfgguxakpefxkcqxjelc
ywfrxhotnauycpesbvijoscuccfgguxakpefxkcqxjelc
fwjvavwtrwaogcwpjuruyxrkylfxywgyxllktued
xiytgiimwuzyqxqceaqcfxhvwbyfxbrqhaqmfvobjftl
jorhmgsbunv
nyrxoliokepdhtbhvtlexasnamqhmnbwpuzgfonqbliqtdhni
ndgnfvqunldejslfnupjwzpsosag
ywfrxhotnauycpesbvijoscuccfgguxakpefxkcqxjelc
hfpfhhhrpbbyvesduvndqje
xiytgiimwuzyqxqceaqcfxhvwbyfxbrqhaqmfvobjftl
ndgnfvqunldejslfnupjwzpsosag
ywfrxhotnauycpesbvijoscuccfgguxakpefxkcqxjelc
fwjvavwtrwaogcwpjuruyxrkylfxywgyxllktued
idmferqwkywayfbtbmkpfzpigpbnvqwbjvodubecz
xiytgiimwuzyqxqceaqcfxhvwbyfxbrqhaqmfvobjftl
xiytgiimwuzyqxqceaqcfxhvwbyfxbrqhaqmfvobjftl
xiytgiimwuzyqxqceaqcfxhvwbyfxbrqhaqmfvobjftl
xiytgiimwuzyqxqceaqcfxhvwbyfxbrqhaqmfvobjftl
fwjvavwtrwaogcwpjuruyxrkylfxywgyxllktued
ywfrxhotnauycpesbvijoscuccfgguxakpefxkcqxjelc
tpus
tpus
xiytgiimwuzyqxqceaqcfxhvwbyfxbrqhaqmfvobjftl
nyrxoliokepdhtbhvtlexasnamqhmnbwpuzgfonqbliqtdhni
xiytgiimwuzyqxqceaqcfxhvwbyfxbrqhaqmfvobjftl
jorhmgsbunv
xiytgiimwuzyqxqceaqcfxhvwbyfxbrqhaqmfvobjftl
nyrxoliokepdhtbhvtlexasnamqhmnbwpuzgfonqbliqtdhni
ywfrxhotnauycpesbvijoscuccfgguxakpefxkcqxjelc
ywfrxhotnauycpesbvijoscuccfgguxakpefxkcqxjelc
ndgnfvqunldejslfnupjwzpsosag
xiytgiimwuzyqxqceaqcfxhvwbyfxbrqhaqmfvobjftl
ywfrxhotnauycpesbvijoscuccfgguxakpefxkcqxjelc
ywfrxhotnauycpesbvijoscuccfgguxakpefxkcqxjelc
ywfrxhotnauycpesbvijoscuccfgguxakpefxkcqxjelc
ywfrxhotnauycpesbvijoscuccfgguxakpefxkcqxjelc
xiytgiimwuzyqxqceaqcfxhvwbyfxbrqhaqmfvobjftl
ywfrxhotnauycpesbvijoscuccfgguxakpefxkcqxjelc
ndgnfvqunldejslfnupjwzpsosag
ywfrxhotnauycpesbvijoscuccfgguxakpefxkcqxjelc
tpus
tpus
jorhmgsbunv
tpus
idmferqwkywayfbtbmkpfzpigpbnvqwbjvodubecz
ywfrxhotnauycpesbvijoscuccfgguxakpefxkcqxjelc
tpus
ywfrxhotnauycpesbvijoscuccfgguxakpefxkcqxjelc
xiytgiimwuzyqxqceaqcfxhvwbyfxbrqhaqmfvobjftl
ywfrxhotnauycpesbvijoscuccfgguxakpefxkcqxjelc
ndgnfvqunldejslfnupjwzpsosag
ywfrxhotnauycpesbvijoscuccfgguxakpefxkcqxjelc
ywfrxhotnauycpesbvijoscuccfgguxakpefxkcqxjelc
tpus
nyrxoliokepdhtbhvtlexasnamqhmnbwpuzgfonqbliqtdhni
ywfrxhotnauycpesbvijoscuccfgguxakpefxkcqxjelc
jorhmgsbunv
ywfrxhotnauycpesbvijoscuccfgguxakpefxkcqxjelc
ywfrxhotnauycpesbvijoscuccfgguxakpefxkcqxjelc
tpus
tpus
ywfrxhotnauycpesbvijoscuccfgguxakpefxkcqxjelc
xiytgiimwuzyqxqceaqcfxhvwbyfxbrqhaqmfvobjftl
xiytgiimwuzyqxqceaqcfxhvwbyfxbrqhaqmfvobjftl
hfpfhhhrpbbyvesduvndqje
ywfrxhotnauycpesbvijoscuccfgguxakpefxkcqxjelc
xiytgiimwuzyqxqceaqcfxhvwbyfxbrqhaqmfvobjftl
idmferqwkywayfbtbmkpfzpigpbnvqwbjvodubecz
jorhmgsbunv
ywfrxhotnauycpesbvijoscuccfgguxakpefxkcqxjelc
ywfrxhotnauycpesbvijoscuccfgguxakpefxkcqxjelc
ndgnfvqunldejslfnupjwzpsosag
ywfrxhotnauycpesbvijoscuccfgguxakpefxkcqxjelc
tpus
xiytgiimwuzyqxqceaqcfxhvwbyfxbrqhaqmfvobjftl
ndgnfvqunldejslfnupjwzpsosag
ywfrxhotnauycpesbvijoscuccfgguxakpefxkcqxjelc
tpus
tpus
ndgnfvqunldejslfnupjwzpsosag
ywfrxhotnauycpesbvijoscuccfgguxakpefxkcqxjelc
ywfrxhotnauycpesbvijoscuccfgguxakpefxkcqxjelc
tpus
idmferqwkywayfbtbmkpfzpigpbnvqwbjvodubecz
ywfrxhotnauycpesbvijoscuccfgguxakpefxkcqxjelc
ywfrxhotnauycpesbvijoscuccfgguxakpefxkcqxjelc
xiytgiimwuzyqxqceaqcfxhvwbyfxbrqhaqmfvobjftl
xiytgiimwuzyqxqceaqcfxhvwbyfxbrqhaqmfvobjftl
xiytgiimwuzyqxqceaqcfxhvwbyfxbrqhaqmfvobjftl
ywfrxhotnauycpesbvijoscuccfgguxakpefxkcqxjelc
xiytgiimwuzyqxqceaqcfxhvwbyfxbrqhaqmfvobjftl
ywfrxhotnauycpesbvijoscuccfgguxakpefxkcqxjelc
nyrxoliokepdhtbhvtlexasnamqhmnbwpuzgfonqbliqtdhni
ywfrxhotnauycpesbvijoscuccfgguxakpefxkcqxjelc
tpus
xiytgiimwuzyqxqceaqcfxhvwbyfxbrqhaqmfvobjftl
ywfrxhotnauycpesbvijoscuccfgguxakpefxkcqxjelc
ywfrxhotnauycpesbvijoscuccfgguxakpefxkcqxjelc
nyrxoliokepdhtbhvtlexasnamqhmnbwpuzgfonqbliqtdhni
ywfrxhotnauycpesbvijoscuccfgguxakpefxkcqxjelc
xiytgiimwuzyqxqceaqcfxhvwbyfxbrqhaqmfvobjftl
tpus
ywfrxhotnauycpesbvijoscuccfgguxakpefxkcqxjelc
idmferqwkywayfbtbmkpfzpigpbnvqwbjvodubecz
ywfrxhotnauycpesbvijoscuccfgguxakpefxkcqxjelc
xiytgiimwuzyqxqceaqcfxhvwbyfxbrqhaqmfvobjftl
tpus
ywfrxhotnauycpesbvijoscuccfgguxakpefxkcqxjelc
ywfrxhotnauycpesbvijoscuccfgguxakpefxkcqxjelc
ywfrxhotnauycpesbvijoscuccfgguxakpefxkcqxjelc
ywfrxhotnauycpesbvijoscuccfgguxakpefxkcqxjelc
tpus
ndgnfvqunldejslfnupjwzpsosag
ywfrxhotnauycpesbvijoscuccfgguxakpefxkcqxjelc
hfpfhhhrpbbyvesduvndqje
xiytgiimwuzyqxqceaqcfxhvwbyfxbrqhaqmfvobjftl
nyrxoliokepdhtbhvtlexasnamqhmnbwpuzgfonqbliqtdhni
nyrxoliokepdhtbhvtlexasnamqhmnbwpuzgfonqbliqtdhni
ywfrxhotnauycpesbvijoscuccfgguxakpefxkcqxjelc
xiytgiimwuzyqxqceaqcfxhvwbyfxbrqhaqmfvobjftl
nyrxoliokepdhtbhvtlexasnamqhmnbwpuzgfonqbliqtdhni
xiytgiimwuzyqxqceaqcfxhvwbyfxbrqhaqmfvobjftl
ywfrxhotnauycpesbvijoscuccfgguxakpefxkcqxjelc
ywfrxhotnauycpesbvijoscuccfgguxakpefxkcqxjelc
ywfrxhotnauycpesbvijoscuccfgguxakpefxkcqxjelc
ywfrxhotnauycpesbvijoscuccfgguxakpefxkcqxjelc
ndgnfvqunldejslfnupjwzpsosag
tpus
ywfrxhotnauycpesbvijoscuccfgguxakpefxkcqxjelc
idmferqwkywayfbtbmkpfzpigpbnvqwbjvodubecz
ywfrxhotnauycpesbvijoscuccfgguxakpefxkcqxjelc
ywfrxhotnauycpesbvijoscuccfgguxakpefxkcqxjelc
nyrxoliokepdhtbhvtlexasnamqhmnbwpuzgfonqbliqtdhni
jorhmgsbunv
hfpfhhhrpbbyvesduvndqje
jorhmgsbunv
ywfrxhotnauycpesbvijoscuccfgguxakpefxkcqxjelc
ywfrxhotnauycpesbvijoscuccfgguxakpefxkcqxjelc
bnpwkxilumozwugwyjnxmmsxfscrruesqsgqjbipz
ndgnfvqunldejslfnupjwzpsosag
nyrxoliokepdhtbhvtlexasnamqhmnbwpuzgfonqbliqtdhni
xiytgiimwuzyqxqceaqcfxhvwbyfxbrqhaqmfvobjftl
ywfrxhotnauycpesbvijoscuccfgguxakpefxkcqxjelc
ywfrxhotnauycpesbvijoscuccfgguxakpefxkcqxjelc
ywfrxhotnauycpesbvijoscuccfgguxakpefxkcqxjelc
ywfrxhotnauycpesbvijoscuccfgguxakpefxkcqxjelc
bnpwkxilumozwugwyjnxmmsxfscrruesqsgqjbipz
idmferqwkywayfbtbmkpfzpigpbnvqwbjvodubecz
bnpwkxilumozwugwyjnxmmsxfscrruesqsgqjbipz
ywfrxhotnauycpesbvijoscuccfgguxakpefxkcqxjelc
tpus
ywfrxhotnauycpesbvijoscuccfgguxakpefxkcqxjelc
ywfrxhotnauycpesbvijoscuccfgguxakpefxkcqxjelc
ywfrxhotnauycpesbvijoscuccfgguxakpefxkcqxjelc
ywfrxhotnauycpesbvijoscuccfgguxakpefxkcqxjelc
ywfrxhotnauycpesbvijoscuccfgguxakpefxkcqxjelc
xiytgiimwuzyqxqceaqcfxhvwbyfxbrqhaqmfvobjftl
ywfrxhotnauycpesbvijoscuccfgguxakpefxkcqxjelc
bnpwkxilumozwugwyjnxmmsxfscrruesqsgqjbipz
xiytgiimwuzyqxqceaqcfxhvwbyfxbrqhaqmfvobjftl
ywfrxhotnauycpesbvijoscuccfgguxakpefxkcqxjelc
xiytgiimwuzyqxqceaqcfxhvwbyfxbrqhaqmfvobjftl
jorhmgsbunv
tpus
ywfrxhotnauycpesbvijoscuccfgguxakpefxkcqxjelc
xiytgiimwuzyqxqceaqcfxhvwbyfxbrqhaqmfvobjftl
ywfrxhotnauycpesbvijoscuccfgguxakpefxkcqxjelc
ndgnfvqunldejslfnupjwzpsosag
ywfrxhotnauycpesbvijoscuccfgguxakpefxkcqxjelc
tpus
ywfrxhotnauycpesbvijoscuccfgguxakpefxkcqxjelc
tpus
xiytgiimwuzyqxqceaqcfxhvwbyfxbrqhaqmfvobjftl
jorhmgsbunv
nyrxoliokepdhtbhvtlexasnamqhmnbwpuzgfonqbliqtdhni
ywfrxhotnauycpesbvijoscuccfgguxakpefxkcqxjelc
ywfrxhotnauycpesbvijoscuccfgguxakpefxkcqxjelc
ywfrxhotnauycpesbvijoscuccfgguxakpefxkcqxjelc
xiytgiimwuzyqxqceaqcfxhvwbyfxbrqhaqmfvobjftl
ndgnfvqunldejslfnupjwzpsosag
xiytgiimwuzyqxqceaqcfxhvwbyfxbrqhaqmfvobjftl
ywfrxhotnauycpesbvijoscuccfgguxakpefxkcqxjelc
ywfrxhotnauycpesbvijoscuccfgguxakpefxkcqxjelc
ywfrxhotnauycpesbvijoscuccfgguxakpefxkcqxjelc
bnpwkxilumozwugwyjnxmmsxfscrruesqsgqjbipz
ndgnfvqunldejslfnupjwzpsosag
tpus
xiytgiimwuzyqxqceaqcfxhvwbyfxbrqhaqmfvobjftl
ywfrxhotnauycpesbvijoscuccfgguxakpefxkcqxjelc
jorhmgsbunv
xiytgiimwuzyqxqceaqcfxhvwbyfxbrqhaqmfvobjftl
jorhmgsbunv
tpus
ywfrxhotnauycpesbvijoscuccfgguxakpefxkcqxjelc
idmferqwkywayfbtbmkpfzpigpbnvqwbjvodubecz
idmferqwkywayfbtbmkpfzpigpbnvqwbjvodubecz
ywfrxhotnauycpesbvijoscuccfgguxakpefxkcqxjelc
fwjvavwtrwaogcwpjuruyxrkylfxywgyxllktued
xiytgiimwuzyqxqceaqcfxhvwbyfxbrqhaqmfvobjftl
idmferqwkywayfbtbmkpfzpigpbnvqwbjvodubecz
jorhmgsbunv
fwjvavwtrwaogcwpjuruyxrkylfxywgyxllktued
xiytgiimwuzyqxqceaqcfxhvwbyfxbrqhaqmfvobjftl
jorhmgsbunv
ywfrxhotnauycpesbvijoscuccfgguxakpefxkcqxjelc
xiytgiimwuzyqxqceaqcfxhvwbyfxbrqhaqmfvobjftl
ywfrxhotnauycpesbvijoscuccfgguxakpefxkcqxjelc
ywfrxhotnauycpesbvijoscuccfgguxakpefxkcqxjelc
ywfrxhotnauycpesbvijoscuccfgguxakpefxkcqxjelc
ywfrxhotnauycpesbvijoscuccfgguxakpefxkcqxjelc
tpus
nyrxoliokepdhtbhvtlexasnamqhmnbwpuzgfonqbliqtdhni
xiytgiimwuzyqxqceaqcfxhvwbyfxbrqhaqmfvobjftl
xiytgiimwuzyqxqceaqcfxhvwbyfxbrqhaqmfvobjftl
ywfrxhotnauycpesbvijoscuccfgguxakpefxkcqxjelc
ywfrxhotnauycpesbvijoscuccfgguxakpefxkcqxjelc
ywfrxhotnauycpesbvijoscuccfgguxakpefxkcqxjelc
tpus
ywfrxhotnauycpesbvijoscuccfgguxakpefxkcqxjelc
xiytgiimwuzyqxqceaqcfxhvwbyfxbrqhaqmfvobjftl
ywfrxhotnauycpesbvijoscuccfgguxakpefxkcqxjelc
xiytgiimwuzyqxqceaqcfxhvwbyfxbrqhaqmfvobjftl
tpus
xiytgiimwuzyqxqceaqcfxhvwbyfxbrqhaqmfvobjftl
tpus
jorhmgsbunv
jorhmgsbunv
ywfrxhotnauycpesbvijoscuccfgguxakpefxkcqxjelc
nyrxoliokepdhtbhvtlexasnamqhmnbwpuzgfonqbliqtdhni
ywfrxhotnauycpesbvijoscuccfgguxakpefxkcqxjelc
nyrxoliokepdhtbhvtlexasnamqhmnbwpuzgfonqbliqtdhni
xiytgiimwuzyqxqceaqcfxhvwbyfxbrqhaqmfvobjftl
ywfrxhotnauycpesbvijoscuccfgguxakpefxkcqxjelc
ywfrxhotnauycpesbvijoscuccfgguxakpefxkcqxjelc
nyrxoliokepdhtbhvtlexasnamqhmnbwpuzgfonqbliqtdhni
ywfrxhotnauycpesbvijoscuccfgguxakpefxkcqxjelc
ywfrxhotnauycpesbvijoscuccfgguxakpefxkcqxjelc
ywfrxhotnauycpesbvijoscuccfgguxakpefxkcqxjelc
ywfrxhotnauycpesbvijoscuccfgguxakpefxkcqxjelc
xiytgiimwuzyqxqceaqcfxhvwbyfxbrqhaqmfvobjftl
ywfrxhotnauycpesbvijoscuccfgguxakpefxkcqxjelc
ywfrxhotnauycpesbvijoscuccfgguxakpefxkcqxjelc
nyrxoliokepdhtbhvtlexasnamqhmnbwpuzgfonqbliqtdhni
nyrxoliokepdhtbhvtlexasnamqhmnbwpuzgfonqbliqtdhni
ywfrxhotnauycpesbvijoscuccfgguxakpefxkcqxjelc
tpus
ndgnfvqunldejslfnupjwzpsosag
tpus
ywfrxhotnauycpesbvijoscuccfgguxakpefxkcqxjelc
tpus
bnpwkxilumozwugwyjnxmmsxfscrruesqsgqjbipz
ywfrxhotnauycpesbvijoscuccfgguxakpefxkcqxjelc
bnpwkxilumozwugwyjnxmmsxfscrruesqsgqjbipz
ywfrxhotnauycpesbvijoscuccfgguxakpefxkcqxjelc
nyrxoliokepdhtbhvtlexasnamqhmnbwpuzgfonqbliqtdhni
ywfrxhotnauycpesbvijoscuccfgguxakpefxkcqxjelc
ywfrxhotnauycpesbvijoscuccfgguxakpefxkcqxjelc
ywfrxhotnauycpesbvijoscuccfgguxakpefxkcqxjelc
tpus
ywfrxhotnauycpesbvijoscuccfgguxakpefxkcqxjelc
ywfrxhotnauycpesbvijoscuccfgguxakpefxkcqxjelc
xiytgiimwuzyqxqceaqcfxhvwbyfxbrqhaqmfvobjftl
ndgnfvqunldejslfnupjwzpsosag
tpus
xiytgiimwuzyqxqceaqcfxhvwbyfxbrqhaqmfvobjftl
xiytgiimwuzyqxqceaqcfxhvwbyfxbrqhaqmfvobjftl
ywfrxhotnauycpesbvijoscuccfgguxakpefxkcqxjelc
xiytgiimwuzyqxqceaqcfxhvwbyfxbrqhaqmfvobjftl
xiytgiimwuzyqxqceaqcfxhvwbyfxbrqhaqmfvobjftl
ywfrxhotnauycpesbvijoscuccfgguxakpefxkcqxjelc
jorhmgsbunv
ywfrxhotnauycpesbvijoscuccfgguxakpefxkcqxjelc
xiytgiimwuzyqxqceaqcfxhvwbyfxbrqhaqmfvobjftl
ndgnfvqunldejslfnupjwzpsosag
ywfrxhotnauycpesbvijoscuccfgguxakpefxkcqxjelc
nyrxoliokepdhtbhvtlexasnamqhmnbwpuzgfonqbliqtdhni
tpus
tpus
ywfrxhotnauycpesbvijoscuccfgguxakpefxkcqxjelc
ywfrxhotnauycpesbvijoscuccfgguxakpefxkcqxjelc
ywfrxhotnauycpesbvijoscuccfgguxakpefxkcqxjelc
nyrxoliokepdhtbhvtlexasnamqhmnbwpuzgfonqbliqtdhni
ywfrxhotnauycpesbvijoscuccfgguxakpefxkcqxjelc
ywfrxhotnauycpesbvijoscuccfgguxakpefxkcqxjelc
ywfrxhotnauycpesbvijoscuccfgguxakpefxkcqxjelc
ywfrxhotnauycpesbvijoscuccfgguxakpefxkcqxjelc
ywfrxhotnauycpesbvijoscuccfgguxakpefxkcqxjelc
ywfrxhotnauycpesbvijoscuccfgguxakpefxkcqxjelc
ywfrxhotnauycpesbvijoscuccfgguxakpefxkcqxjelc
tpus
xiytgiimwuzyqxqceaqcfxhvwbyfxbrqhaqmfvobjftl
xiytgiimwuzyqxqceaqcfxhvwbyfxbrqhaqmfvobjftl
hfpfhhhrpbbyvesduvndqje
tpus
hfpfhhhrpbbyvesduvndqje
xiytgiimwuzyqxqceaqcfxhvwbyfxbrqhaqmfvobjftl
jorhmgsbunv
ywfrxhotnauycpesbvijoscuccfgguxakpefxkcqxjelc
xiytgiimwuzyqxqceaqcfxhvwbyfxbrqhaqmfvobjftl
ywfrxhotnauycpesbvijoscuccfgguxakpefxkcqxjelc
ywfrxhotnauycpesbvijoscuccfgguxakpefxkcqxjelc
ywfrxhotnauycpesbvijoscuccfgguxakpefxkcqxjelc
jorhmgsbunv
hfpfhhhrpbbyvesduvndqje
xiytgiimwuzyqxqceaqcfxhvwbyfxbrqhaqmfvobjftl
ywfrxhotnauycpesbvijoscuccfgguxakpefxkcqxjelc
xiytgiimwuzyqxqceaqcfxhvwbyfxbrqhaqmfvobjftl
ndgnfvqunldejslfnupjwzpsosag
nyrxoliokepdhtbhvtlexasnamqhmnbwpuzgfonqbliqtdhni
fwjvavwtrwaogcwpjuruyxrkylfxywgyxllktued
ndgnfvqunldejslfnupjwzpsosag
hfpfhhhrpbbyvesduvndqje
tpus
xiytgiimwuzyqxqceaqcfxhvwbyfxbrqhaqmfvobjftl
ywfrxhotnauycpesbvijoscuccfgguxakpefxkcqxjelc
xiytgiimwuzyqxqceaqcfxhvwbyfxbrqhaqmfvobjftl
ywfrxhotnauycpesbvijoscuccfgguxakpefxkcqxjelc
ywfrxhotnauycpesbvijoscuccfgguxakpefxkcqxjelc
ywfrxhotnauycpesbvijoscuccfgguxakpefxkcqxjelc
ywfrxhotnauycpesbvijoscuccfgguxakpefxkcqxjelc
ndgnfvqunldejslfnupjwzpsosag
ndgnfvqunldejslfnupjwzpsosag
nyrxoliokepdhtbhvtlexasnamqhmnbwpuzgfonqbliqtdhni
xiytgiimwuzyqxqceaqcfxhvwbyfxbrqhaqmfvobjftl
ywfrxhotnauycpesbvijoscuccfgguxakpefxkcqxjelc
ywfrxhotnauycpesbvijoscuccfgguxakpefxkcqxjelc
ywfrxhotnauycpesbvijoscuccfgguxakpefxkcqxjelc
ywfrxhotnauycpesbvijoscuccfgguxakpefxkcqxjelc
ywfrxhotnauycpesbvijoscuccfgguxakpefxkcqxjelc
xiytgiimwuzyqxqceaqcfxhvwbyfxbrqhaqmfvobjftl
bnpwkxilumozwugwyjnxmmsxfscrruesqsgqjbipz
fwjvavwtrwaogcwpjuruyxrkylfxywgyxllktued
ywfrxhotnauycpesbvijoscuccfgguxakpefxkcqxjelc
ywfrxhotnauycpesbvijoscuccfgguxakpefxkcqxjelc
ywfrxhotnauycpesbvijoscuccfgguxakpefxkcqxjelc
xiytgiimwuzyqxqceaqcfxhvwbyfxbrqhaqmfvobjftl
idmferqwkywayfbtbmkpfzpigpbnvqwbjvodubecz
nyrxoliokepdhtbhvtlexasnamqhmnbwpuzgfonqbliqtdhni
ywfrxhotnauycpesbvijoscuccfgguxakpefxkcqxjelc
ywfrxhotnauycpesbvijoscuccfgguxakpefxkcqxjelc
xiytgiimwuzyqxqceaqcfxhvwbyfxbrqhaqmfvobjftl
ndgnfvqunldejslfnupjwzpsosag
ywfrxhotnauycpesbvijoscuccfgguxakpefxkcqxjelc
ywfrxhotnauycpesbvijoscuccfgguxakpefxkcqxjelc
ywfrxhotnauycpesbvijoscuccfgguxakpefxkcqxjelc
nyrxoliokepdhtbhvtlexasnamqhmnbwpuzgfonqbliqtdhni
ndgnfvqunldejslfnupjwzpsosag
xiytgiimwuzyqxqceaqcfxhvwbyfxbrqhaqmfvobjftl
xiytgiimwuzyqxqceaqcfxhvwbyfxbrqhaqmfvobjftl
tpus
ywfrxhotnauycpesbvijoscuccfgguxakpefxkcqxjelc
xiytgiimwuzyqxqceaqcfxhvwbyfxbrqhaqmfvobjftl
nyrxoliokepdhtbhvtlexasnamqhmnbwpuzgfonqbliqtdhni
idmferqwkywayfbtbmkpfzpigpbnvqwbjvodubecz
tpus
ywfrxhotnauycpesbvijoscuccfgguxakpefxkcqxjelc
tpus
ndgnfvqunldejslfnupjwzpsosag
xiytgiimwuzyqxqceaqcfxhvwbyfxbrqhaqmfvobjftl
ywfrxhotnauycpesbvijoscuccfgguxakpefxkcqxjelc
ndgnfvqunldejslfnupjwzpsosag
ndgnfvqunldejslfnupjwzpsosag
nyrxoliokepdhtbhvtlexasnamqhmnbwpuzgfonqbliqtdhni
ywfrxhotnauycpesbvijoscuccfgguxakpefxkcqxjelc
ywfrxhotnauycpesbvijoscuccfgguxakpefxkcqxjelc
ndgnfvqunldejslfnupjwzpsosag
xiytgiimwuzyqxqceaqcfxhvwbyfxbrqhaqmfvobjftl
jorhmgsbunv
nyrxoliokepdhtbhvtlexasnamqhmnbwpuzgfonqbliqtdhni
xiytgiimwuzyqxqceaqcfxhvwbyfxbrqhaqmfvobjftl
tpus
ywfrxhotnauycpesbvijoscuccfgguxakpefxkcqxjelc
ywfrxhotnauycpesbvijoscuccfgguxakpefxkcqxjelc
ywfrxhotnauycpesbvijoscuccfgguxakpefxkcqxjelc
xiytgiimwuzyqxqceaqcfxhvwbyfxbrqhaqmfvobjftl
xiytgiimwuzyqxqceaqcfxhvwbyfxbrqhaqmfvobjftl
xiytgiimwuzyqxqceaqcfxhvwbyfxbrqhaqmfvobjftl
jorhmgsbunv
tpus
ndgnfvqunldejslfnupjwzpsosag
xiytgiimwuzyqxqceaqcfxhvwbyfxbrqhaqmfvobjftl
ywfrxhotnauycpesbvijoscuccfgguxakpefxkcqxjelc
xiytgiimwuzyqxqceaqcfxhvwbyfxbrqhaqmfvobjftl
ywfrxhotnauycpesbvijoscuccfgguxakpefxkcqxjelc
xiytgiimwuzyqxqceaqcfxhvwbyfxbrqhaqmfvobjftl
hfpfhhhrpbbyvesduvndqje
fwjvavwtrwaogcwpjuruyxrkylfxywgyxllktued
ywfrxhotnauycpesbvijoscuccfgguxakpefxkcqxjelc
xiytgiimwuzyqxqceaqcfxhvwbyfxbrqhaqmfvobjftl
nyrxoliokepdhtbhvtlexasnamqhmnbwpuzgfonqbliqtdhni
ywfrxhotnauycpesbvijoscuccfgguxakpefxkcqxjelc
jorhmgsbunv
nyrxoliokepdhtbhvtlexasnamqhmnbwpuzgfonqbliqtdhni
xiytgiimwuzyqxqceaqcfxhvwbyfxbrqhaqmfvobjftl
ndgnfvqunldejslfnupjwzpsosag
jorhmgsbunv
ywfrxhotnauycpesbvijoscuccfgguxakpefxkcqxjelc
tpus
ywfrxhotnauycpesbvijoscuccfgguxakpefxkcqxjelc
bnpwkxilumozwugwyjnxmmsxfscrruesqsgqjbipz
fwjvavwtrwaogcwpjuruyxrkylfxywgyxllktued
xiytgiimwuzyqxqceaqcfxhvwbyfxbrqhaqmfvobjftl
xiytgiimwuzyqxqceaqcfxhvwbyfxbrqhaqmfvobjftl
xiytgiimwuzyqxqceaqcfxhvwbyfxbrqhaqmfvobjftl
nyrxoliokepdhtbhvtlexasnamqhmnbwpuzgfonqbliqtdhni
ndgnfvqunldejslfnupjwzpsosag
ywfrxhotnauycpesbvijoscuccfgguxakpefxkcqxjelc
ndgnfvqunldejslfnupjwzpsosag
ywfrxhotnauycpesbvijoscuccfgguxakpefxkcqxjelc
ywfrxhotnauycpesbvijoscuccfgguxakpefxkcqxjelc
ywfrxhotnauycpesbvijoscuccfgguxakpefxkcqxjelc
xiytgiimwuzyqxqceaqcfxhvwbyfxbrqhaqmfvobjftl
ywfrxhotnauycpesbvijoscuccfgguxakpefxkcqxjelc
fwjvavwtrwaogcwpjuruyxrkylfxywgyxllktued
ywfrxhotnauycpesbvijoscuccfgguxakpefxkcqxjelc
xiytgiimwuzyqxqceaqcfxhvwbyfxbrqhaqmfvobjftl
jorhmgsbunv
ywfrxhotnauycpesbvijoscuccfgguxakpefxkcqxjelc
fwjvavwtrwaogcwpjuruyxrkylfxywgyxllktued
tpus
tpus
ndgnfvqunldejslfnupjwzpsosag
nyrxoliokepdhtbhvtlexasnamqhmnbwpuzgfonqbliqtdhni
tpus
hfpfhhhrpbbyvesduvndqje
xiytgiimwuzyqxqceaqcfxhvwbyfxbrqhaqmfvobjftl
ywfrxhotnauycpesbvijoscuccfgguxakpefxkcqxjelc
ndgnfvqunldejslfnupjwzpsosag
nyrxoliokepdhtbhvtlexasnamqhmnbwpuzgfonqbliqtdhni
nyrxoliokepdhtbhvtlexasnamqhmnbwpuzgfonqbliqtdhni
xiytgiimwuzyqxqceaqcfxhvwbyfxbrqhaqmfvobjftl
ywfrxhotnauycpesbvijoscuccfgguxakpefxkcqxjelc
ywfrxhotnauycpesbvijoscuccfgguxakpefxkcqxjelc
tpus
ywfrxhotnauycpesbvijoscuccfgguxakpefxkcqxjelc
ywfrxhotnauycpesbvijoscuccfgguxakpefxkcqxjelc
idmferqwkywayfbtbmkpfzpigpbnvqwbjvodubecz
xiytgiimwuzyqxqceaqcfxhvwbyfxbrqhaqmfvobjftl
tpus
ndgnfvqunldejslfnupjwzpsosag
xiytgiimwuzyqxqceaqcfxhvwbyfxbrqhaqmfvobjftl
ywfrxhotnauycpesbvijoscuccfgguxakpefxkcqxjelc
ndgnfvqunldejslfnupjwzpsosag
ywfrxhotnauycpesbvijoscuccfgguxakpefxkcqxjelc
tpus
nyrxoliokepdhtbhvtlexasnamqhmnbwpuzgfonqbliqtdhni
jorhmgsbunv
ywfrxhotnauycpesbvijoscuccfgguxakpefxkcqxjelc
ndgnfvqunldejslfnupjwzpsosag
ywfrxhotnauycpesbvijoscuccfgguxakpefxkcqxjelc
xiytgiimwuzyqxqceaqcfxhvwbyfxbrqhaqmfvobjftl
ywfrxhotnauycpesbvijoscuccfgguxakpefxkcqxjelc
xiytgiimwuzyqxqceaqcfxhvwbyfxbrqhaqmfvobjftl
xiytgiimwuzyqxqceaqcfxhvwbyfxbrqhaqmfvobjftl
xiytgiimwuzyqxqceaqcfxhvwbyfxbrqhaqmfvobjftl
xiytgiimwuzyqxqceaqcfxhvwbyfxbrqhaqmfvobjftl
ywfrxhotnauycpesbvijoscuccfgguxakpefxkcqxjelc
ywfrxhotnauycpesbvijoscuccfgguxakpefxkcqxjelc
idmferqwkywayfbtbmkpfzpigpbnvqwbjvodubecz
ywfrxhotnauycpesbvijoscuccfgguxakpefxkcqxjelc
xiytgiimwuzyqxqceaqcfxhvwbyfxbrqhaqmfvobjftl
ywfrxhotnauycpesbvijoscuccfgguxakpefxkcqxjelc
nyrxoliokepdhtbhvtlexasnamqhmnbwpuzgfonqbliqtdhni
ywfrxhotnauycpesbvijoscuccfgguxakpefxkcqxjelc
ndgnfvqunldejslfnupjwzpsosag
ywfrxhotnauycpesbvijoscuccfgguxakpefxkcqxjelc
ywfrxhotnauycpesbvijoscuccfgguxakpefxkcqxjelc
ywfrxhotnauycpesbvijoscuccfgguxakpefxkcqxjelc
ywfrxhotnauycpesbvijoscuccfgguxakpefxkcqxjelc
ywfrxhotnauycpesbvijoscuccfgguxakpefxkcqxjelc
xiytgiimwuzyqxqceaqcfxhvwbyfxbrqhaqmfvobjftl
ywfrxhotnauycpesbvijoscuccfgguxakpefxkcqxjelc
xiytgiimwuzyqxqceaqcfxhvwbyfxbrqhaqmfvobjftl
ywfrxhotnauycpesbvijoscuccfgguxakpefxkcqxjelc
ywfrxhotnauycpesbvijoscuccfgguxakpefxkcqxjelc
tpus
tpus
ywfrxhotnauycpesbvijoscuccfgguxakpefxkcqxjelc
ywfrxhotnauycpesbvijoscuccfgguxakpefxkcqxjelc
ywfrxhotnauycpesbvijoscuccfgguxakpefxkcqxjelc
xiytgiimwuzyqxqceaqcfxhvwbyfxbrqhaqmfvobjftl
nyrxoliokepdhtbhvtlexasnamqhmnbwpuzgfonqbliqtdhni
ywfrxhotnauycpesbvijoscuccfgguxakpefxkcqxjelc
nyrxoliokepdhtbhvtlexasnamqhmnbwpuzgfonqbliqtdhni
jorhmgsbunv
tpus
xiytgiimwuzyqxqceaqcfxhvwbyfxbrqhaqmfvobjftl
idmferqwkywayfbtbmkpfzpigpbnvqwbjvodubecz
nyrxoliokepdhtbhvtlexasnamqhmnbwpuzgfonqbliqtdhni
ywfrxhotnauycpesbvijoscuccfgguxakpefxkcqxjelc
xiytgiimwuzyqxqceaqcfxhvwbyfxbrqhaqmfvobjftl
ywfrxhotnauycpesbvijoscuccfgguxakpefxkcqxjelc
jorhmgsbunv
ywfrxhotnauycpesbvijoscuccfgguxakpefxkcqxjelc
ywfrxhotnauycpesbvijoscuccfgguxakpefxkcqxjelc
bnpwkxilumozwugwyjnxmmsxfscrruesqsgqjbipz
tpus
xiytgiimwuzyqxqceaqcfxhvwbyfxbrqhaqmfvobjftl
xiytgiimwuzyqxqceaqcfxhvwbyfxbrqhaqmfvobjftl
nyrxoliokepdhtbhvtlexasnamqhmnbwpuzgfonqbliqtdhni
nyrxoliokepdhtbhvtlexasnamqhmnbwpuzgfonqbliqtdhni
ndgnfvqunldejslfnupjwzpsosag
jorhmgsbunv
xiytgiimwuzyqxqceaqcfxhvwbyfxbrqhaqmfvobjftl
ywfrxhotnauycpesbvijoscuccfgguxakpefxkcqxjelc
jorhmgsbunv
ndgnfvqunldejslfnupjwzpsosag
ywfrxhotnauycpesbvijoscuccfgguxakpefxkcqxjelc
ywfrxhotnauycpesbvijoscuccfgguxakpefxkcqxjelc
xiytgiimwuzyqxqceaqcfxhvwbyfxbrqhaqmfvobjftl
ywfrxhotnauycpesbvijoscuccfgguxakpefxkcqxjelc
nyrxoliokepdhtbhvtlexasnamqhmnbwpuzgfonqbliqtdhni
xiytgiimwuzyqxqceaqcfxhvwbyfxbrqhaqmfvobjftl
xiytgiimwuzyqxqceaqcfxhvwbyfxbrqhaqmfvobjftl
ywfrxhotnauycpesbvijoscuccfgguxakpefxkcqxjelc
ywfrxhotnauycpesbvijoscuccfgguxakpefxkcqxjelc
ndgnfvqunldejslfnupjwzpsosag
ywfrxhotnauycpesbvijoscuccfgguxakpefxkcqxjelc
tpus
hfpfhhhrpbbyvesduvndqje
nyrxoliokepdhtbhvtlexasnamqhmnbwpuzgfonqbliqtdhni
jorhmgsbunv
ywfrxhotnauycpesbvijoscuccfgguxakpefxkcqxjelc
ywfrxhotnauycpesbvijoscuccfgguxakpefxkcqxjelc
fwjvavwtrwaogcwpjuruyxrkylfxywgyxllktued
tpus
ywfrxhotnauycpesbvijoscuccfgguxakpefxkcqxjelc
xiytgiimwuzyqxqceaqcfxhvwbyfxbrqhaqmfvobjftl
ywfrxhotnauycpesbvijoscuccfgguxakpefxkcqxjelc
idmferqwkywayfbtbmkpfzpigpbnvqwbjvodubecz
nyrxoliokepdhtbhvtlexasnamqhmnbwpuzgfonqbliqtdhni
hfpfhhhrpbbyvesduvndqje
xiytgiimwuzyqxqceaqcfxhvwbyfxbrqhaqmfvobjftl
xiytgiimwuzyqxqceaqcfxhvwbyfxbrqhaqmfvobjftl
idmferqwkywayfbtbmkpfzpigpbnvqwbjvodubecz
xiytgiimwuzyqxqceaqcfxhvwbyfxbrqhaqmfvobjftl
ywfrxhotnauycpesbvijoscuccfgguxakpefxkcqxjelc
ywfrxhotnauycpesbvijoscuccfgguxakpefxkcqxjelc
tpus
ywfrxhotnauycpesbvijoscuccfgguxakpefxkcqxjelc
ndgnfvqunldejslfnupjwzpsosag
ywfrxhotnauycpesbvijoscuccfgguxakpefxkcqxjelc
ywfrxhotnauycpesbvijoscuccfgguxakpefxkcqxjelc
ywfrxhotnauycpesbvijoscuccfgguxakpefxkcqxjelc
tpus
ywfrxhotnauycpesbvijoscuccfgguxakpefxkcqxjelc
ywfrxhotnauycpesbvijoscuccfgguxakpefxkcqxjelc
ndgnfvqunldejslfnupjwzpsosag
jorhmgsbunv
idmferqwkywayfbtbmkpfzpigpbnvqwbjvodubecz
ywfrxhotnauycpesbvijoscuccfgguxakpefxkcqxjelc
nyrxoliokepdhtbhvtlexasnamqhmnbwpuzgfonqbliqtdhni
ndgnfvqunldejslfnupjwzpsosag
ywfrxhotnauycpesbvijoscuccfgguxakpefxkcqxjelc
