662
195201
43607
2
43034
2947
93
1
26
13
9825258
9797461
1171680
17664
24347
14155240
