101
20992
661662160
12484371
16666
1
10901210
2
92560273
2
3
4974
84135
295077
5
1
2032256
1196
42311516
2
26839
69217
1349
3548995
387
1
