342756475112799679721656404788408990315851277662630363892360290328202519943557513739927027433615857730606552106
