yzdqwuincgazdpibohpwqfaitqilhukpbketpga
xwrzifzbohmbhnzpownnddnplccrpxdpcrj
xsucetqtczjobwticinobiqx
qkllxhmazouznhfysevnlhfewidnlfmj
yzdqwuincgazdpibohpwqfaitqilhukpbketpga
xsucetqtczjobwticinobiqx
yzdqwuincgazdpibohpwqfaitqilhukpbketpga
yzdqwuincgazdpibohpwqfaitqilhukpbketpga
fkmznllsomahrjsfactqrragilvtus
yzdqwuincgazdpibohpwqfaitqilhukpbketpga
yzdqwuincgazdpibohpwqfaitqilhukpbketpga
yzdqwuincgazdpibohpwqfaitqilhukpbketpga
yzdqwuincgazdpibohpwqfaitqilhukpbketpga
fkmznllsomahrjsfactqrragilvtus
xwrzifzbohmbhnzpownnddnplccrpxdpcrj
xwrzifzbohmbhnzpownnddnplccrpxdpcrj
yzdqwuincgazdpibohpwqfaitqilhukpbketpga
yzdqwuincgazdpibohpwqfaitqilhukpbketpga
xwrzifzbohmbhnzpownnddnplccrpxdpcrj
xwrzifzbohmbhnzpownnddnplccrpxdpcrj
xsucetqtczjobwticinobiqx
xwrzifzbohmbhnzpownnddnplccrpxdpcrj
xwrzifzbohmbhnzpownnddnplccrpxdpcrj
qkllxhmazouznhfysevnlhfewidnlfmj
yzdqwuincgazdpibohpwqfaitqilhukpbketpga
yzdqwuincgazdpibohpwqfaitqilhukpbketpga
xwrzifzbohmbhnzpownnddnplccrpxdpcrj
lzfqswcvjj
xsucetqtczjobwticinobiqx
yzdqwuincgazdpibohpwqfaitqilhukpbketpga
yzdqwuincgazdpibohpwqfaitqilhukpbketpga
xwrzifzbohmbhnzpownnddnplccrpxdpcrj
yzdqwuincgazdpibohpwqfaitqilhukpbketpga
xwrzifzbohmbhnzpownnddnplccrpxdpcrj
xwrzifzbohmbhnzpownnddnplccrpxdpcrj
yzdqwuincgazdpibohpwqfaitqilhukpbketpga
fkmznllsomahrjsfactqrragilvtus
yzdqwuincgazdpibohpwqfaitqilhukpbketpga
xwrzifzbohmbhnzpownnddnplccrpxdpcrj
yzdqwuincgazdpibohpwqfaitqilhukpbketpga
xsucetqtczjobwticinobiqx
yzdqwuincgazdpibohpwqfaitqilhukpbketpga
lzfqswcvjj
xwrzifzbohmbhnzpownnddnplccrpxdpcrj
xwrzifzbohmbhnzpownnddnplccrpxdpcrj
xwrzifzbohmbhnzpownnddnplccrpxdpcrj
yzdqwuincgazdpibohpwqfaitqilhukpbketpga
yzdqwuincgazdpibohpwqfaitqilhukpbketpga
yzdqwuincgazdpibohpwqfaitqilhukpbketpga
yzdqwuincgazdpibohpwqfaitqilhukpbketpga
yzdqwuincgazdpibohpwqfaitqilhukpbketpga
xsucetqtczjobwticinobiqx
xsucetqtczjobwticinobiqx
xwrzifzbohmbhnzpownnddnplccrpxdpcrj
qkllxhmazouznhfysevnlhfewidnlfmj
xsucetqtczjobwticinobiqx
yzdqwuincgazdpibohpwqfaitqilhukpbketpga
lzfqswcvjj
xsucetqtczjobwticinobiqx
qkllxhmazouznhfysevnlhfewidnlfmj
xwrzifzbohmbhnzpownnddnplccrpxdpcrj
xsucetqtczjobwticinobiqx
yzdqwuincgazdpibohpwqfaitqilhukpbketpga
xwrzifzbohmbhnzpownnddnplccrpxdpcrj
lzfqswcvjj
xwrzifzbohmbhnzpownnddnplccrpxdpcrj
xwrzifzbohmbhnzpownnddnplccrpxdpcrj
yzdqwuincgazdpibohpwqfaitqilhukpbketpga
yzdqwuincgazdpibohpwqfaitqilhukpbketpga
yzdqwuincgazdpibohpwqfaitqilhukpbketpga
xsucetqtczjobwticinobiqx
yzdqwuincgazdpibohpwqfaitqilhukpbketpga
xsucetqtczjobwticinobiqx
yzdqwuincgazdpibohpwqfaitqilhukpbketpga
xwrzifzbohmbhnzpownnddnplccrpxdpcrj
xsucetqtczjobwticinobiqx
yzdqwuincgazdpibohpwqfaitqilhukpbketpga
h
xwrzifzbohmbhnzpownnddnplccrpxdpcrj
yzdqwuincgazdpibohpwqfaitqilhukpbketpga
yzdqwuincgazdpibohpwqfaitqilhukpbketpga
xsucetqtczjobwticinobiqx
xsucetqtczjobwticinobiqx
qkllxhmazouznhfysevnlhfewidnlfmj
fkmznllsomahrjsfactqrragilvtus
yzdqwuincgazdpibohpwqfaitqilhukpbketpga
xwrzifzbohmbhnzpownnddnplccrpxdpcrj
lzfqswcvjj
fkmznllsomahrjsfactqrragilvtus
yzdqwuincgazdpibohpwqfaitqilhukpbketpga
xsucetqtczjobwticinobiqx
qkllxhmazouznhfysevnlhfewidnlfmj
qkllxhmazouznhfysevnlhfewidnlfmj
xsucetqtczjobwticinobiqx
qkllxhmazouznhfysevnlhfewidnlfmj
xsucetqtczjobwticinobiqx
xwrzifzbohmbhnzpownnddnplccrpxdpcrj
yzdqwuincgazdpibohpwqfaitqilhukpbketpga
lzfqswcvjj
yzdqwuincgazdpibohpwqfaitqilhukpbketpga
yzdqwuincgazdpibohpwqfaitqilhukpbketpga
fkmznllsomahrjsfactqrragilvtus
xsucetqtczjobwticinobiqx
yzdqwuincgazdpibohpwqfaitqilhukpbketpga
yzdqwuincgazdpibohpwqfaitqilhukpbketpga
xwrzifzbohmbhnzpownnddnplccrpxdpcrj
qkllxhmazouznhfysevnlhfewidnlfmj
xwrzifzbohmbhnzpownnddnplccrpxdpcrj
yzdqwuincgazdpibohpwqfaitqilhukpbketpga
bjtbliwzhgrnkllrjtghpkusbai
yzdqwuincgazdpibohpwqfaitqilhukpbketpga
xwrzifzbohmbhnzpownnddnplccrpxdpcrj
bjtbliwzhgrnkllrjtghpkusbai
xwrzifzbohmbhnzpownnddnplccrpxdpcrj
yzdqwuincgazdpibohpwqfaitqilhukpbketpga
xsucetqtczjobwticinobiqx
yzdqwuincgazdpibohpwqfaitqilhukpbketpga
xwrzifzbohmbhnzpownnddnplccrpxdpcrj
xsucetqtczjobwticinobiqx
xsucetqtczjobwticinobiqx
yzdqwuincgazdpibohpwqfaitqilhukpbketpga
qkllxhmazouznhfysevnlhfewidnlfmj
yzdqwuincgazdpibohpwqfaitqilhukpbketpga
yzdqwuincgazdpibohpwqfaitqilhukpbketpga
lzfqswcvjj
yzdqwuincgazdpibohpwqfaitqilhukpbketpga
yzdqwuincgazdpibohpwqfaitqilhukpbketpga
xwrzifzbohmbhnzpownnddnplccrpxdpcrj
xsucetqtczjobwticinobiqx
xwrzifzbohmbhnzpownnddnplccrpxdpcrj
yzdqwuincgazdpibohpwqfaitqilhukpbketpga
xsucetqtczjobwticinobiqx
yzdqwuincgazdpibohpwqfaitqilhukpbketpga
yzdqwuincgazdpibohpwqfaitqilhukpbketpga
yzdqwuincgazdpibohpwqfaitqilhukpbketpga
xwrzifzbohmbhnzpownnddnplccrpxdpcrj
xwrzifzbohmbhnzpownnddnplccrpxdpcrj
yzdqwuincgazdpibohpwqfaitqilhukpbketpga
yzdqwuincgazdpibohpwqfaitqilhukpbketpga
yzdqwuincgazdpibohpwqfaitqilhukpbketpga
yzdqwuincgazdpibohpwqfaitqilhukpbketpga
yzdqwuincgazdpibohpwqfaitqilhukpbketpga
clrpewwmogmupplyharxmdnskabbku
yzdqwuincgazdpibohpwqfaitqilhukpbketpga
yzdqwuincgazdpibohpwqfaitqilhukpbketpga
yzdqwuincgazdpibohpwqfaitqilhukpbketpga
lzfqswcvjj
yzdqwuincgazdpibohpwqfaitqilhukpbketpga
qkllxhmazouznhfysevnlhfewidnlfmj
yzdqwuincgazdpibohpwqfaitqilhukpbketpga
yzdqwuincgazdpibohpwqfaitqilhukpbketpga
h
xsucetqtczjobwticinobiqx
xwrzifzbohmbhnzpownnddnplccrpxdpcrj
yzdqwuincgazdpibohpwqfaitqilhukpbketpga
qkllxhmazouznhfysevnlhfewidnlfmj
dgglmjrnhwtfleurakwuclbjkdxuqmo
xwrzifzbohmbhnzpownnddnplccrpxdpcrj
qkllxhmazouznhfysevnlhfewidnlfmj
qkllxhmazouznhfysevnlhfewidnlfmj
h
yzdqwuincgazdpibohpwqfaitqilhukpbketpga
qkllxhmazouznhfysevnlhfewidnlfmj
bjtbliwzhgrnkllrjtghpkusbai
xsucetqtczjobwticinobiqx
xwrzifzbohmbhnzpownnddnplccrpxdpcrj
xsucetqtczjobwticinobiqx
xsucetqtczjobwticinobiqx
qkllxhmazouznhfysevnlhfewidnlfmj
xwrzifzbohmbhnzpownnddnplccrpxdpcrj
yzdqwuincgazdpibohpwqfaitqilhukpbketpga
yzdqwuincgazdpibohpwqfaitqilhukpbketpga
lzfqswcvjj
yzdqwuincgazdpibohpwqfaitqilhukpbketpga
yzdqwuincgazdpibohpwqfaitqilhukpbketpga
lzfqswcvjj
xsucetqtczjobwticinobiqx
qkllxhmazouznhfysevnlhfewidnlfmj
qkllxhmazouznhfysevnlhfewidnlfmj
yzdqwuincgazdpibohpwqfaitqilhukpbketpga
yzdqwuincgazdpibohpwqfaitqilhukpbketpga
h
yzdqwuincgazdpibohpwqfaitqilhukpbketpga
xwrzifzbohmbhnzpownnddnplccrpxdpcrj
yzdqwuincgazdpibohpwqfaitqilhukpbketpga
xwrzifzbohmbhnzpownnddnplccrpxdpcrj
qkllxhmazouznhfysevnlhfewidnlfmj
yzdqwuincgazdpibohpwqfaitqilhukpbketpga
xsucetqtczjobwticinobiqx
xsucetqtczjobwticinobiqx
lzfqswcvjj
xwrzifzbohmbhnzpownnddnplccrpxdpcrj
xsucetqtczjobwticinobiqx
qkllxhmazouznhfysevnlhfewidnlfmj
bjtbliwzhgrnkllrjtghpkusbai
xwrzifzbohmbhnzpownnddnplccrpxdpcrj
yzdqwuincgazdpibohpwqfaitqilhukpbketpga
xwrzifzbohmbhnzpownnddnplccrpxdpcrj
yzdqwuincgazdpibohpwqfaitqilhukpbketpga
yzdqwuincgazdpibohpwqfaitqilhukpbketpga
xsucetqtczjobwticinobiqx
yzdqwuincgazdpibohpwqfaitqilhukpbketpga
xsucetqtczjobwticinobiqx
xsucetqtczjobwticinobiqx
lzfqswcvjj
xwrzifzbohmbhnzpownnddnplccrpxdpcrj
xwrzifzbohmbhnzpownnddnplccrpxdpcrj
xwrzifzbohmbhnzpownnddnplccrpxdpcrj
xsucetqtczjobwticinobiqx
xwrzifzbohmbhnzpownnddnplccrpxdpcrj
yzdqwuincgazdpibohpwqfaitqilhukpbketpga
xsucetqtczjobwticinobiqx
yzdqwuincgazdpibohpwqfaitqilhukpbketpga
yzdqwuincgazdpibohpwqfaitqilhukpbketpga
lzfqswcvjj
xwrzifzbohmbhnzpownnddnplccrpxdpcrj
yzdqwuincgazdpibohpwqfaitqilhukpbketpga
xwrzifzbohmbhnzpownnddnplccrpxdpcrj
xsucetqtczjobwticinobiqx
lzfqswcvjj
h
yzdqwuincgazdpibohpwqfaitqilhukpbketpga
xwrzifzbohmbhnzpownnddnplccrpxdpcrj
yzdqwuincgazdpibohpwqfaitqilhukpbketpga
xsucetqtczjobwticinobiqx
lzfqswcvjj
xwrzifzbohmbhnzpownnddnplccrpxdpcrj
yzdqwuincgazdpibohpwqfaitqilhukpbketpga
xwrzifzbohmbhnzpownnddnplccrpxdpcrj
xwrzifzbohmbhnzpownnddnplccrpxdpcrj
xwrzifzbohmbhnzpownnddnplccrpxdpcrj
dgglmjrnhwtfleurakwuclbjkdxuqmo
xwrzifzbohmbhnzpownnddnplccrpxdpcrj
xsucetqtczjobwticinobiqx
xwrzifzbohmbhnzpownnddnplccrpxdpcrj
h
xwrzifzbohmbhnzpownnddnplccrpxdpcrj
xsucetqtczjobwticinobiqx
yzdqwuincgazdpibohpwqfaitqilhukpbketpga
xwrzifzbohmbhnzpownnddnplccrpxdpcrj
yzdqwuincgazdpibohpwqfaitqilhukpbketpga
yzdqwuincgazdpibohpwqfaitqilhukpbketpga
lzfqswcvjj
h
yzdqwuincgazdpibohpwqfaitqilhukpbketpga
lzfqswcvjj
dgglmjrnhwtfleurakwuclbjkdxuqmo
xwrzifzbohmbhnzpownnddnplccrpxdpcrj
lzfqswcvjj
yzdqwuincgazdpibohpwqfaitqilhukpbketpga
yzdqwuincgazdpibohpwqfaitqilhukpbketpga
yzdqwuincgazdpibohpwqfaitqilhukpbketpga
yzdqwuincgazdpibohpwqfaitqilhukpbketpga
qkllxhmazouznhfysevnlhfewidnlfmj
lzfqswcvjj
yzdqwuincgazdpibohpwqfaitqilhukpbketpga
xwrzifzbohmbhnzpownnddnplccrpxdpcrj
yzdqwuincgazdpibohpwqfaitqilhukpbketpga
yzdqwuincgazdpibohpwqfaitqilhukpbketpga
yzdqwuincgazdpibohpwqfaitqilhukpbketpga
yzdqwuincgazdpibohpwqfaitqilhukpbketpga
h
xwrzifzbohmbhnzpownnddnplccrpxdpcrj
qkllxhmazouznhfysevnlhfewidnlfmj
fkmznllsomahrjsfactqrragilvtus
xwrzifzbohmbhnzpownnddnplccrpxdpcrj
yzdqwuincgazdpibohpwqfaitqilhukpbketpga
h
qkllxhmazouznhfysevnlhfewidnlfmj
lzfqswcvjj
yzdqwuincgazdpibohpwqfaitqilhukpbketpga
yzdqwuincgazdpibohpwqfaitqilhukpbketpga
qkllxhmazouznhfysevnlhfewidnlfmj
yzdqwuincgazdpibohpwqfaitqilhukpbketpga
xsucetqtczjobwticinobiqx
xsucetqtczjobwticinobiqx
yzdqwuincgazdpibohpwqfaitqilhukpbketpga
fkmznllsomahrjsfactqrragilvtus
yzdqwuincgazdpibohpwqfaitqilhukpbketpga
yzdqwuincgazdpibohpwqfaitqilhukpbketpga
xwrzifzbohmbhnzpownnddnplccrpxdpcrj
yzdqwuincgazdpibohpwqfaitqilhukpbketpga
yzdqwuincgazdpibohpwqfaitqilhukpbketpga
lzfqswcvjj
yzdqwuincgazdpibohpwqfaitqilhukpbketpga
yzdqwuincgazdpibohpwqfaitqilhukpbketpga
lzfqswcvjj
xwrzifzbohmbhnzpownnddnplccrpxdpcrj
yzdqwuincgazdpibohpwqfaitqilhukpbketpga
yzdqwuincgazdpibohpwqfaitqilhukpbketpga
yzdqwuincgazdpibohpwqfaitqilhukpbketpga
yzdqwuincgazdpibohpwqfaitqilhukpbketpga
yzdqwuincgazdpibohpwqfaitqilhukpbketpga
xsucetqtczjobwticinobiqx
dgglmjrnhwtfleurakwuclbjkdxuqmo
xsucetqtczjobwticinobiqx
lzfqswcvjj
h
xwrzifzbohmbhnzpownnddnplccrpxdpcrj
qkllxhmazouznhfysevnlhfewidnlfmj
qkllxhmazouznhfysevnlhfewidnlfmj
xwrzifzbohmbhnzpownnddnplccrpxdpcrj
xsucetqtczjobwticinobiqx
xwrzifzbohmbhnzpownnddnplccrpxdpcrj
xwrzifzbohmbhnzpownnddnplccrpxdpcrj
yzdqwuincgazdpibohpwqfaitqilhukpbketpga
yzdqwuincgazdpibohpwqfaitqilhukpbketpga
yzdqwuincgazdpibohpwqfaitqilhukpbketpga
yzdqwuincgazdpibohpwqfaitqilhukpbketpga
lzfqswcvjj
yzdqwuincgazdpibohpwqfaitqilhukpbketpga
yzdqwuincgazdpibohpwqfaitqilhukpbketpga
xsucetqtczjobwticinobiqx
yzdqwuincgazdpibohpwqfaitqilhukpbketpga
h
yzdqwuincgazdpibohpwqfaitqilhukpbketpga
yzdqwuincgazdpibohpwqfaitqilhukpbketpga
xwrzifzbohmbhnzpownnddnplccrpxdpcrj
yzdqwuincgazdpibohpwqfaitqilhukpbketpga
xwrzifzbohmbhnzpownnddnplccrpxdpcrj
fkmznllsomahrjsfactqrragilvtus
xwrzifzbohmbhnzpownnddnplccrpxdpcrj
xsucetqtczjobwticinobiqx
yzdqwuincgazdpibohpwqfaitqilhukpbketpga
dgglmjrnhwtfleurakwuclbjkdxuqmo
xwrzifzbohmbhnzpownnddnplccrpxdpcrj
qkllxhmazouznhfysevnlhfewidnlfmj
qkllxhmazouznhfysevnlhfewidnlfmj
h
xsucetqtczjobwticinobiqx
clrpewwmogmupplyharxmdnskabbku
xwrzifzbohmbhnzpownnddnplccrpxdpcrj
lzfqswcvjj
xsucetqtczjobwticinobiqx
xwrzifzbohmbhnzpownnddnplccrpxdpcrj
yzdqwuincgazdpibohpwqfaitqilhukpbketpga
xwrzifzbohmbhnzpownnddnplccrpxdpcrj
yzdqwuincgazdpibohpwqfaitqilhukpbketpga
yzdqwuincgazdpibohpwqfaitqilhukpbketpga
yzdqwuincgazdpibohpwqfaitqilhukpbketpga
xwrzifzbohmbhnzpownnddnplccrpxdpcrj
xwrzifzbohmbhnzpownnddnplccrpxdpcrj
qkllxhmazouznhfysevnlhfewidnlfmj
xwrzifzbohmbhnzpownnddnplccrpxdpcrj
yzdqwuincgazdpibohpwqfaitqilhukpbketpga
yzdqwuincgazdpibohpwqfaitqilhukpbketpga
yzdqwuincgazdpibohpwqfaitqilhukpbketpga
xwrzifzbohmbhnzpownnddnplccrpxdpcrj
clrpewwmogmupplyharxmdnskabbku
xwrzifzbohmbhnzpownnddnplccrpxdpcrj
yzdqwuincgazdpibohpwqfaitqilhukpbketpga
xwrzifzbohmbhnzpownnddnplccrpxdpcrj
yzdqwuincgazdpibohpwqfaitqilhukpbketpga
xsucetqtczjobwticinobiqx
dgglmjrnhwtfleurakwuclbjkdxuqmo
yzdqwuincgazdpibohpwqfaitqilhukpbketpga
xwrzifzbohmbhnzpownnddnplccrpxdpcrj
yzdqwuincgazdpibohpwqfaitqilhukpbketpga
h
xwrzifzbohmbhnzpownnddnplccrpxdpcrj
clrpewwmogmupplyharxmdnskabbku
xsucetqtczjobwticinobiqx
qkllxhmazouznhfysevnlhfewidnlfmj
xwrzifzbohmbhnzpownnddnplccrpxdpcrj
qkllxhmazouznhfysevnlhfewidnlfmj
yzdqwuincgazdpibohpwqfaitqilhukpbketpga
yzdqwuincgazdpibohpwqfaitqilhukpbketpga
xwrzifzbohmbhnzpownnddnplccrpxdpcrj
qkllxhmazouznhfysevnlhfewidnlfmj
yzdqwuincgazdpibohpwqfaitqilhukpbketpga
yzdqwuincgazdpibohpwqfaitqilhukpbketpga
yzdqwuincgazdpibohpwqfaitqilhukpbketpga
fkmznllsomahrjsfactqrragilvtus
yzdqwuincgazdpibohpwqfaitqilhukpbketpga
lzfqswcvjj
xwrzifzbohmbhnzpownnddnplccrpxdpcrj
xsucetqtczjobwticinobiqx
yzdqwuincgazdpibohpwqfaitqilhukpbketpga
yzdqwuincgazdpibohpwqfaitqilhukpbketpga
yzdqwuincgazdpibohpwqfaitqilhukpbketpga
yzdqwuincgazdpibohpwqfaitqilhukpbketpga
qkllxhmazouznhfysevnlhfewidnlfmj
xsucetqtczjobwticinobiqx
fkmznllsomahrjsfactqrragilvtus
yzdqwuincgazdpibohpwqfaitqilhukpbketpga
yzdqwuincgazdpibohpwqfaitqilhukpbketpga
xsucetqtczjobwticinobiqx
fkmznllsomahrjsfactqrragilvtus
bjtbliwzhgrnkllrjtghpkusbai
lzfqswcvjj
yzdqwuincgazdpibohpwqfaitqilhukpbketpga
yzdqwuincgazdpibohpwqfaitqilhukpbketpga
yzdqwuincgazdpibohpwqfaitqilhukpbketpga
xwrzifzbohmbhnzpownnddnplccrpxdpcrj
yzdqwuincgazdpibohpwqfaitqilhukpbketpga
yzdqwuincgazdpibohpwqfaitqilhukpbketpga
yzdqwuincgazdpibohpwqfaitqilhukpbketpga
yzdqwuincgazdpibohpwqfaitqilhukpbketpga
xwrzifzbohmbhnzpownnddnplccrpxdpcrj
qkllxhmazouznhfysevnlhfewidnlfmj
dgglmjrnhwtfleurakwuclbjkdxuqmo
yzdqwuincgazdpibohpwqfaitqilhukpbketpga
yzdqwuincgazdpibohpwqfaitqilhukpbketpga
xwrzifzbohmbhnzpownnddnplccrpxdpcrj
yzdqwuincgazdpibohpwqfaitqilhukpbketpga
lzfqswcvjj
yzdqwuincgazdpibohpwqfaitqilhukpbketpga
yzdqwuincgazdpibohpwqfaitqilhukpbketpga
yzdqwuincgazdpibohpwqfaitqilhukpbketpga
xwrzifzbohmbhnzpownnddnplccrpxdpcrj
yzdqwuincgazdpibohpwqfaitqilhukpbketpga
yzdqwuincgazdpibohpwqfaitqilhukpbketpga
yzdqwuincgazdpibohpwqfaitqilhukpbketpga
xwrzifzbohmbhnzpownnddnplccrpxdpcrj
xwrzifzbohmbhnzpownnddnplccrpxdpcrj
yzdqwuincgazdpibohpwqfaitqilhukpbketpga
qkllxhmazouznhfysevnlhfewidnlfmj
yzdqwuincgazdpibohpwqfaitqilhukpbketpga
yzdqwuincgazdpibohpwqfaitqilhukpbketpga
qkllxhmazouznhfysevnlhfewidnlfmj
xsucetqtczjobwticinobiqx
yzdqwuincgazdpibohpwqfaitqilhukpbketpga
xsucetqtczjobwticinobiqx
qkllxhmazouznhfysevnlhfewidnlfmj
dgglmjrnhwtfleurakwuclbjkdxuqmo
dgglmjrnhwtfleurakwuclbjkdxuqmo
yzdqwuincgazdpibohpwqfaitqilhukpbketpga
xsucetqtczjobwticinobiqx
qkllxhmazouznhfysevnlhfewidnlfmj
xwrzifzbohmbhnzpownnddnplccrpxdpcrj
yzdqwuincgazdpibohpwqfaitqilhukpbketpga
yzdqwuincgazdpibohpwqfaitqilhukpbketpga
xwrzifzbohmbhnzpownnddnplccrpxdpcrj
yzdqwuincgazdpibohpwqfaitqilhukpbketpga
yzdqwuincgazdpibohpwqfaitqilhukpbketpga
lzfqswcvjj
yzdqwuincgazdpibohpwqfaitqilhukpbketpga
xwrzifzbohmbhnzpownnddnplccrpxdpcrj
yzdqwuincgazdpibohpwqfaitqilhukpbketpga
xwrzifzbohmbhnzpownnddnplccrpxdpcrj
h
xwrzifzbohmbhnzpownnddnplccrpxdpcrj
bjtbliwzhgrnkllrjtghpkusbai
xwrzifzbohmbhnzpownnddnplccrpxdpcrj
yzdqwuincgazdpibohpwqfaitqilhukpbketpga
yzdqwuincgazdpibohpwqfaitqilhukpbketpga
yzdqwuincgazdpibohpwqfaitqilhukpbketpga
yzdqwuincgazdpibohpwqfaitqilhukpbketpga
xwrzifzbohmbhnzpownnddnplccrpxdpcrj
xwrzifzbohmbhnzpownnddnplccrpxdpcrj
xsucetqtczjobwticinobiqx
yzdqwuincgazdpibohpwqfaitqilhukpbketpga
bjtbliwzhgrnkllrjtghpkusbai
yzdqwuincgazdpibohpwqfaitqilhukpbketpga
yzdqwuincgazdpibohpwqfaitqilhukpbketpga
xwrzifzbohmbhnzpownnddnplccrpxdpcrj
xwrzifzbohmbhnzpownnddnplccrpxdpcrj
xsucetqtczjobwticinobiqx
xwrzifzbohmbhnzpownnddnplccrpxdpcrj
lzfqswcvjj
yzdqwuincgazdpibohpwqfaitqilhukpbketpga
xsucetqtczjobwticinobiqx
yzdqwuincgazdpibohpwqfaitqilhukpbketpga
fkmznllsomahrjsfactqrragilvtus
xwrzifzbohmbhnzpownnddnplccrpxdpcrj
yzdqwuincgazdpibohpwqfaitqilhukpbketpga
yzdqwuincgazdpibohpwqfaitqilhukpbketpga
yzdqwuincgazdpibohpwqfaitqilhukpbketpga
clrpewwmogmupplyharxmdnskabbku
yzdqwuincgazdpibohpwqfaitqilhukpbketpga
yzdqwuincgazdpibohpwqfaitqilhukpbketpga
xwrzifzbohmbhnzpownnddnplccrpxdpcrj
xwrzifzbohmbhnzpownnddnplccrpxdpcrj
yzdqwuincgazdpibohpwqfaitqilhukpbketpga
yzdqwuincgazdpibohpwqfaitqilhukpbketpga
yzdqwuincgazdpibohpwqfaitqilhukpbketpga
yzdqwuincgazdpibohpwqfaitqilhukpbketpga
xsucetqtczjobwticinobiqx
xwrzifzbohmbhnzpownnddnplccrpxdpcrj
yzdqwuincgazdpibohpwqfaitqilhukpbketpga
qkllxhmazouznhfysevnlhfewidnlfmj
yzdqwuincgazdpibohpwqfaitqilhukpbketpga
xsucetqtczjobwticinobiqx
h
xwrzifzbohmbhnzpownnddnplccrpxdpcrj
yzdqwuincgazdpibohpwqfaitqilhukpbketpga
qkllxhmazouznhfysevnlhfewidnlfmj
qkllxhmazouznhfysevnlhfewidnlfmj
yzdqwuincgazdpibohpwqfaitqilhukpbketpga
xwrzifzbohmbhnzpownnddnplccrpxdpcrj
xwrzifzbohmbhnzpownnddnplccrpxdpcrj
yzdqwuincgazdpibohpwqfaitqilhukpbketpga
xwrzifzbohmbhnzpownnddnplccrpxdpcrj
yzdqwuincgazdpibohpwqfaitqilhukpbketpga
yzdqwuincgazdpibohpwqfaitqilhukpbketpga
yzdqwuincgazdpibohpwqfaitqilhukpbketpga
yzdqwuincgazdpibohpwqfaitqilhukpbketpga
yzdqwuincgazdpibohpwqfaitqilhukpbketpga
yzdqwuincgazdpibohpwqfaitqilhukpbketpga
fkmznllsomahrjsfactqrragilvtus
xwrzifzbohmbhnzpownnddnplccrpxdpcrj
yzdqwuincgazdpibohpwqfaitqilhukpbketpga
yzdqwuincgazdpibohpwqfaitqilhukpbketpga
lzfqswcvjj
yzdqwuincgazdpibohpwqfaitqilhukpbketpga
dgglmjrnhwtfleurakwuclbjkdxuqmo
xsucetqtczjobwticinobiqx
xsucetqtczjobwticinobiqx
yzdqwuincgazdpibohpwqfaitqilhukpbketpga
xwrzifzbohmbhnzpownnddnplccrpxdpcrj
xwrzifzbohmbhnzpownnddnplccrpxdpcrj
xwrzifzbohmbhnzpownnddnplccrpxdpcrj
yzdqwuincgazdpibohpwqfaitqilhukpbketpga
lzfqswcvjj
xwrzifzbohmbhnzpownnddnplccrpxdpcrj
xsucetqtczjobwticinobiqx
yzdqwuincgazdpibohpwqfaitqilhukpbketpga
xwrzifzbohmbhnzpownnddnplccrpxdpcrj
yzdqwuincgazdpibohpwqfaitqilhukpbketpga
xwrzifzbohmbhnzpownnddnplccrpxdpcrj
yzdqwuincgazdpibohpwqfaitqilhukpbketpga
xwrzifzbohmbhnzpownnddnplccrpxdpcrj
yzdqwuincgazdpibohpwqfaitqilhukpbketpga
yzdqwuincgazdpibohpwqfaitqilhukpbketpga
dgglmjrnhwtfleurakwuclbjkdxuqmo
yzdqwuincgazdpibohpwqfaitqilhukpbketpga
xsucetqtczjobwticinobiqx
qkllxhmazouznhfysevnlhfewidnlfmj
yzdqwuincgazdpibohpwqfaitqilhukpbketpga
h
xwrzifzbohmbhnzpownnddnplccrpxdpcrj
yzdqwuincgazdpibohpwqfaitqilhukpbketpga
yzdqwuincgazdpibohpwqfaitqilhukpbketpga
yzdqwuincgazdpibohpwqfaitqilhukpbketpga
xwrzifzbohmbhnzpownnddnplccrpxdpcrj
xsucetqtczjobwticinobiqx
yzdqwuincgazdpibohpwqfaitqilhukpbketpga
yzdqwuincgazdpibohpwqfaitqilhukpbketpga
xwrzifzbohmbhnzpownnddnplccrpxdpcrj
bjtbliwzhgrnkllrjtghpkusbai
xwrzifzbohmbhnzpownnddnplccrpxdpcrj
yzdqwuincgazdpibohpwqfaitqilhukpbketpga
yzdqwuincgazdpibohpwqfaitqilhukpbketpga
yzdqwuincgazdpibohpwqfaitqilhukpbketpga
yzdqwuincgazdpibohpwqfaitqilhukpbketpga
xwrzifzbohmbhnzpownnddnplccrpxdpcrj
xsucetqtczjobwticinobiqx
qkllxhmazouznhfysevnlhfewidnlfmj
h
yzdqwuincgazdpibohpwqfaitqilhukpbketpga
yzdqwuincgazdpibohpwqfaitqilhukpbketpga
yzdqwuincgazdpibohpwqfaitqilhukpbketpga
clrpewwmogmupplyharxmdnskabbku
yzdqwuincgazdpibohpwqfaitqilhukpbketpga
xsucetqtczjobwticinobiqx
fkmznllsomahrjsfactqrragilvtus
yzdqwuincgazdpibohpwqfaitqilhukpbketpga
lzfqswcvjj
yzdqwuincgazdpibohpwqfaitqilhukpbketpga
yzdqwuincgazdpibohpwqfaitqilhukpbketpga
xwrzifzbohmbhnzpownnddnplccrpxdpcrj
fkmznllsomahrjsfactqrragilvtus
xwrzifzbohmbhnzpownnddnplccrpxdpcrj
xwrzifzbohmbhnzpownnddnplccrpxdpcrj
qkllxhmazouznhfysevnlhfewidnlfmj
yzdqwuincgazdpibohpwqfaitqilhukpbketpga
xsucetqtczjobwticinobiqx
yzdqwuincgazdpibohpwqfaitqilhukpbketpga
yzdqwuincgazdpibohpwqfaitqilhukpbketpga
yzdqwuincgazdpibohpwqfaitqilhukpbketpga
h
yzdqwuincgazdpibohpwqfaitqilhukpbketpga
dgglmjrnhwtfleurakwuclbjkdxuqmo
xsucetqtczjobwticinobiqx
yzdqwuincgazdpibohpwqfaitqilhukpbketpga
yzdqwuincgazdpibohpwqfaitqilhukpbketpga
yzdqwuincgazdpibohpwqfaitqilhukpbketpga
xwrzifzbohmbhnzpownnddnplccrpxdpcrj
yzdqwuincgazdpibohpwqfaitqilhukpbketpga
fkmznllsomahrjsfactqrragilvtus
qkllxhmazouznhfysevnlhfewidnlfmj
yzdqwuincgazdpibohpwqfaitqilhukpbketpga
dgglmjrnhwtfleurakwuclbjkdxuqmo
xwrzifzbohmbhnzpownnddnplccrpxdpcrj
xwrzifzbohmbhnzpownnddnplccrpxdpcrj
yzdqwuincgazdpibohpwqfaitqilhukpbketpga
yzdqwuincgazdpibohpwqfaitqilhukpbketpga
xwrzifzbohmbhnzpownnddnplccrpxdpcrj
yzdqwuincgazdpibohpwqfaitqilhukpbketpga
lzfqswcvjj
h
xsucetqtczjobwticinobiqx
yzdqwuincgazdpibohpwqfaitqilhukpbketpga
yzdqwuincgazdpibohpwqfaitqilhukpbketpga
qkllxhmazouznhfysevnlhfewidnlfmj
yzdqwuincgazdpibohpwqfaitqilhukpbketpga
xwrzifzbohmbhnzpownnddnplccrpxdpcrj
xsucetqtczjobwticinobiqx
xwrzifzbohmbhnzpownnddnplccrpxdpcrj
yzdqwuincgazdpibohpwqfaitqilhukpbketpga
yzdqwuincgazdpibohpwqfaitqilhukpbketpga
yzdqwuincgazdpibohpwqfaitqilhukpbketpga
yzdqwuincgazdpibohpwqfaitqilhukpbketpga
lzfqswcvjj
xwrzifzbohmbhnzpownnddnplccrpxdpcrj
yzdqwuincgazdpibohpwqfaitqilhukpbketpga
yzdqwuincgazdpibohpwqfaitqilhukpbketpga
yzdqwuincgazdpibohpwqfaitqilhukpbketpga
xwrzifzbohmbhnzpownnddnplccrpxdpcrj
lzfqswcvjj
xsucetqtczjobwticinobiqx
yzdqwuincgazdpibohpwqfaitqilhukpbketpga
dgglmjrnhwtfleurakwuclbjkdxuqmo
lzfqswcvjj
xsucetqtczjobwticinobiqx
yzdqwuincgazdpibohpwqfaitqilhukpbketpga
yzdqwuincgazdpibohpwqfaitqilhukpbketpga
lzfqswcvjj
h
xwrzifzbohmbhnzpownnddnplccrpxdpcrj
yzdqwuincgazdpibohpwqfaitqilhukpbketpga
yzdqwuincgazdpibohpwqfaitqilhukpbketpga
xwrzifzbohmbhnzpownnddnplccrpxdpcrj
lzfqswcvjj
yzdqwuincgazdpibohpwqfaitqilhukpbketpga
yzdqwuincgazdpibohpwqfaitqilhukpbketpga
xsucetqtczjobwticinobiqx
yzdqwuincgazdpibohpwqfaitqilhukpbketpga
xsucetqtczjobwticinobiqx
xwrzifzbohmbhnzpownnddnplccrpxdpcrj
lzfqswcvjj
xsucetqtczjobwticinobiqx
dgglmjrnhwtfleurakwuclbjkdxuqmo
xwrzifzbohmbhnzpownnddnplccrpxdpcrj
xwrzifzbohmbhnzpownnddnplccrpxdpcrj
yzdqwuincgazdpibohpwqfaitqilhukpbketpga
xwrzifzbohmbhnzpownnddnplccrpxdpcrj
bjtbliwzhgrnkllrjtghpkusbai
yzdqwuincgazdpibohpwqfaitqilhukpbketpga
xwrzifzbohmbhnzpownnddnplccrpxdpcrj
yzdqwuincgazdpibohpwqfaitqilhukpbketpga
xwrzifzbohmbhnzpownnddnplccrpxdpcrj
yzdqwuincgazdpibohpwqfaitqilhukpbketpga
yzdqwuincgazdpibohpwqfaitqilhukpbketpga
xwrzifzbohmbhnzpownnddnplccrpxdpcrj
qkllxhmazouznhfysevnlhfewidnlfmj
xwrzifzbohmbhnzpownnddnplccrpxdpcrj
yzdqwuincgazdpibohpwqfaitqilhukpbketpga
xsucetqtczjobwticinobiqx
clrpewwmogmupplyharxmdnskabbku
yzdqwuincgazdpibohpwqfaitqilhukpbketpga
qkllxhmazouznhfysevnlhfewidnlfmj
yzdqwuincgazdpibohpwqfaitqilhukpbketpga
yzdqwuincgazdpibohpwqfaitqilhukpbketpga
yzdqwuincgazdpibohpwqfaitqilhukpbketpga
yzdqwuincgazdpibohpwqfaitqilhukpbketpga
dgglmjrnhwtfleurakwuclbjkdxuqmo
bjtbliwzhgrnkllrjtghpkusbai
yzdqwuincgazdpibohpwqfaitqilhukpbketpga
xwrzifzbohmbhnzpownnddnplccrpxdpcrj
qkllxhmazouznhfysevnlhfewidnlfmj
xwrzifzbohmbhnzpownnddnplccrpxdpcrj
yzdqwuincgazdpibohpwqfaitqilhukpbketpga
yzdqwuincgazdpibohpwqfaitqilhukpbketpga
xsucetqtczjobwticinobiqx
yzdqwuincgazdpibohpwqfaitqilhukpbketpga
qkllxhmazouznhfysevnlhfewidnlfmj
yzdqwuincgazdpibohpwqfaitqilhukpbketpga
xwrzifzbohmbhnzpownnddnplccrpxdpcrj
lzfqswcvjj
xwrzifzbohmbhnzpownnddnplccrpxdpcrj
yzdqwuincgazdpibohpwqfaitqilhukpbketpga
yzdqwuincgazdpibohpwqfaitqilhukpbketpga
yzdqwuincgazdpibohpwqfaitqilhukpbketpga
xwrzifzbohmbhnzpownnddnplccrpxdpcrj
yzdqwuincgazdpibohpwqfaitqilhukpbketpga
xwrzifzbohmbhnzpownnddnplccrpxdpcrj
yzdqwuincgazdpibohpwqfaitqilhukpbketpga
h
xsucetqtczjobwticinobiqx
xwrzifzbohmbhnzpownnddnplccrpxdpcrj
lzfqswcvjj
xwrzifzbohmbhnzpownnddnplccrpxdpcrj
yzdqwuincgazdpibohpwqfaitqilhukpbketpga
xwrzifzbohmbhnzpownnddnplccrpxdpcrj
yzdqwuincgazdpibohpwqfaitqilhukpbketpga
lzfqswcvjj
xsucetqtczjobwticinobiqx
yzdqwuincgazdpibohpwqfaitqilhukpbketpga
yzdqwuincgazdpibohpwqfaitqilhukpbketpga
xsucetqtczjobwticinobiqx
qkllxhmazouznhfysevnlhfewidnlfmj
lzfqswcvjj
yzdqwuincgazdpibohpwqfaitqilhukpbketpga
lzfqswcvjj
yzdqwuincgazdpibohpwqfaitqilhukpbketpga
lzfqswcvjj
xwrzifzbohmbhnzpownnddnplccrpxdpcrj
yzdqwuincgazdpibohpwqfaitqilhukpbketpga
xsucetqtczjobwticinobiqx
qkllxhmazouznhfysevnlhfewidnlfmj
qkllxhmazouznhfysevnlhfewidnlfmj
lzfqswcvjj
yzdqwuincgazdpibohpwqfaitqilhukpbketpga
xwrzifzbohmbhnzpownnddnplccrpxdpcrj
yzdqwuincgazdpibohpwqfaitqilhukpbketpga
yzdqwuincgazdpibohpwqfaitqilhukpbketpga
clrpewwmogmupplyharxmdnskabbku
qkllxhmazouznhfysevnlhfewidnlfmj
yzdqwuincgazdpibohpwqfaitqilhukpbketpga
lzfqswcvjj
lzfqswcvjj
yzdqwuincgazdpibohpwqfaitqilhukpbketpga
yzdqwuincgazdpibohpwqfaitqilhukpbketpga
fkmznllsomahrjsfactqrragilvtus
xsucetqtczjobwticinobiqx
qkllxhmazouznhfysevnlhfewidnlfmj
yzdqwuincgazdpibohpwqfaitqilhukpbketpga
xsucetqtczjobwticinobiqx
xwrzifzbohmbhnzpownnddnplccrpxdpcrj
xwrzifzbohmbhnzpownnddnplccrpxdpcrj
yzdqwuincgazdpibohpwqfaitqilhukpbketpga
yzdqwuincgazdpibohpwqfaitqilhukpbketpga
xwrzifzbohmbhnzpownnddnplccrpxdpcrj
yzdqwuincgazdpibohpwqfaitqilhukpbketpga
qkllxhmazouznhfysevnlhfewidnlfmj
yzdqwuincgazdpibohpwqfaitqilhukpbketpga
qkllxhmazouznhfysevnlhfewidnlfmj
yzdqwuincgazdpibohpwqfaitqilhukpbketpga
lzfqswcvjj
xwrzifzbohmbhnzpownnddnplccrpxdpcrj
xwrzifzbohmbhnzpownnddnplccrpxdpcrj
xwrzifzbohmbhnzpownnddnplccrpxdpcrj
yzdqwuincgazdpibohpwqfaitqilhukpbketpga
yzdqwuincgazdpibohpwqfaitqilhukpbketpga
yzdqwuincgazdpibohpwqfaitqilhukpbketpga
yzdqwuincgazdpibohpwqfaitqilhukpbketpga
yzdqwuincgazdpibohpwqfaitqilhukpbketpga
yzdqwuincgazdpibohpwqfaitqilhukpbketpga
yzdqwuincgazdpibohpwqfaitqilhukpbketpga
yzdqwuincgazdpibohpwqfaitqilhukpbketpga
xwrzifzbohmbhnzpownnddnplccrpxdpcrj
qkllxhmazouznhfysevnlhfewidnlfmj
yzdqwuincgazdpibohpwqfaitqilhukpbketpga
xsucetqtczjobwticinobiqx
yzdqwuincgazdpibohpwqfaitqilhukpbketpga
xwrzifzbohmbhnzpownnddnplccrpxdpcrj
fkmznllsomahrjsfactqrragilvtus
yzdqwuincgazdpibohpwqfaitqilhukpbketpga
yzdqwuincgazdpibohpwqfaitqilhukpbketpga
yzdqwuincgazdpibohpwqfaitqilhukpbketpga
yzdqwuincgazdpibohpwqfaitqilhukpbketpga
xwrzifzbohmbhnzpownnddnplccrpxdpcrj
xwrzifzbohmbhnzpownnddnplccrpxdpcrj
yzdqwuincgazdpibohpwqfaitqilhukpbketpga
xsucetqtczjobwticinobiqx
yzdqwuincgazdpibohpwqfaitqilhukpbketpga
yzdqwuincgazdpibohpwqfaitqilhukpbketpga
yzdqwuincgazdpibohpwqfaitqilhukpbketpga
xwrzifzbohmbhnzpownnddnplccrpxdpcrj
xwrzifzbohmbhnzpownnddnplccrpxdpcrj
lzfqswcvjj
yzdqwuincgazdpibohpwqfaitqilhukpbketpga
yzdqwuincgazdpibohpwqfaitqilhukpbketpga
yzdqwuincgazdpibohpwqfaitqilhukpbketpga
h
yzdqwuincgazdpibohpwqfaitqilhukpbketpga
xwrzifzbohmbhnzpownnddnplccrpxdpcrj
xwrzifzbohmbhnzpownnddnplccrpxdpcrj
yzdqwuincgazdpibohpwqfaitqilhukpbketpga
yzdqwuincgazdpibohpwqfaitqilhukpbketpga
yzdqwuincgazdpibohpwqfaitqilhukpbketpga
yzdqwuincgazdpibohpwqfaitqilhukpbketpga
xsucetqtczjobwticinobiqx
yzdqwuincgazdpibohpwqfaitqilhukpbketpga
xsucetqtczjobwticinobiqx
xsucetqtczjobwticinobiqx
xwrzifzbohmbhnzpownnddnplccrpxdpcrj
yzdqwuincgazdpibohpwqfaitqilhukpbketpga
xsucetqtczjobwticinobiqx
xsucetqtczjobwticinobiqx
xwrzifzbohmbhnzpownnddnplccrpxdpcrj
fkmznllsomahrjsfactqrragilvtus
xwrzifzbohmbhnzpownnddnplccrpxdpcrj
yzdqwuincgazdpibohpwqfaitqilhukpbketpga
xsucetqtczjobwticinobiqx
yzdqwuincgazdpibohpwqfaitqilhukpbketpga
yzdqwuincgazdpibohpwqfaitqilhukpbketpga
xwrzifzbohmbhnzpownnddnplccrpxdpcrj
xsucetqtczjobwticinobiqx
xwrzifzbohmbhnzpownnddnplccrpxdpcrj
xwrzifzbohmbhnzpownnddnplccrpxdpcrj
yzdqwuincgazdpibohpwqfaitqilhukpbketpga
qkllxhmazouznhfysevnlhfewidnlfmj
yzdqwuincgazdpibohpwqfaitqilhukpbketpga
yzdqwuincgazdpibohpwqfaitqilhukpbketpga
xwrzifzbohmbhnzpownnddnplccrpxdpcrj
fkmznllsomahrjsfactqrragilvtus
yzdqwuincgazdpibohpwqfaitqilhukpbketpga
lzfqswcvjj
yzdqwuincgazdpibohpwqfaitqilhukpbketpga
xwrzifzbohmbhnzpownnddnplccrpxdpcrj
qkllxhmazouznhfysevnlhfewidnlfmj
lzfqswcvjj
yzdqwuincgazdpibohpwqfaitqilhukpbketpga
h
xsucetqtczjobwticinobiqx
xsucetqtczjobwticinobiqx
yzdqwuincgazdpibohpwqfaitqilhukpbketpga
yzdqwuincgazdpibohpwqfaitqilhukpbketpga
yzdqwuincgazdpibohpwqfaitqilhukpbketpga
yzdqwuincgazdpibohpwqfaitqilhukpbketpga
xwrzifzbohmbhnzpownnddnplccrpxdpcrj
xwrzifzbohmbhnzpownnddnplccrpxdpcrj
yzdqwuincgazdpibohpwqfaitqilhukpbketpga
h
yzdqwuincgazdpibohpwqfaitqilhukpbketpga
dgglmjrnhwtfleurakwuclbjkdxuqmo
xwrzifzbohmbhnzpownnddnplccrpxdpcrj
xwrzifzbohmbhnzpownnddnplccrpxdpcrj
xsucetqtczjobwticinobiqx
xsucetqtczjobwticinobiqx
xwrzifzbohmbhnzpownnddnplccrpxdpcrj
yzdqwuincgazdpibohpwqfaitqilhukpbketpga
xwrzifzbohmbhnzpownnddnplccrpxdpcrj
yzdqwuincgazdpibohpwqfaitqilhukpbketpga
xwrzifzbohmbhnzpownnddnplccrpxdpcrj
clrpewwmogmupplyharxmdnskabbku
dgglmjrnhwtfleurakwuclbjkdxuqmo
yzdqwuincgazdpibohpwqfaitqilhukpbketpga
xwrzifzbohmbhnzpownnddnplccrpxdpcrj
xwrzifzbohmbhnzpownnddnplccrpxdpcrj
fkmznllsomahrjsfactqrragilvtus
qkllxhmazouznhfysevnlhfewidnlfmj
xwrzifzbohmbhnzpownnddnplccrpxdpcrj
yzdqwuincgazdpibohpwqfaitqilhukpbketpga
h
xwrzifzbohmbhnzpownnddnplccrpxdpcrj
yzdqwuincgazdpibohpwqfaitqilhukpbketpga
xwrzifzbohmbhnzpownnddnplccrpxdpcrj
yzdqwuincgazdpibohpwqfaitqilhukpbketpga
xwrzifzbohmbhnzpownnddnplccrpxdpcrj
h
xsucetqtczjobwticinobiqx
xsucetqtczjobwticinobiqx
yzdqwuincgazdpibohpwqfaitqilhukpbketpga
yzdqwuincgazdpibohpwqfaitqilhukpbketpga
yzdqwuincgazdpibohpwqfaitqilhukpbketpga
yzdqwuincgazdpibohpwqfaitqilhukpbketpga
yzdqwuincgazdpibohpwqfaitqilhukpbketpga
yzdqwuincgazdpibohpwqfaitqilhukpbketpga
yzdqwuincgazdpibohpwqfaitqilhukpbketpga
xsucetqtczjobwticinobiqx
xwrzifzbohmbhnzpownnddnplccrpxdpcrj
xwrzifzbohmbhnzpownnddnplccrpxdpcrj
xwrzifzbohmbhnzpownnddnplccrpxdpcrj
xsucetqtczjobwticinobiqx
fkmznllsomahrjsfactqrragilvtus
yzdqwuincgazdpibohpwqfaitqilhukpbketpga
yzdqwuincgazdpibohpwqfaitqilhukpbketpga
yzdqwuincgazdpibohpwqfaitqilhukpbketpga
bjtbliwzhgrnkllrjtghpkusbai
qkllxhmazouznhfysevnlhfewidnlfmj
xsucetqtczjobwticinobiqx
xsucetqtczjobwticinobiqx
yzdqwuincgazdpibohpwqfaitqilhukpbketpga
xwrzifzbohmbhnzpownnddnplccrpxdpcrj
xsucetqtczjobwticinobiqx
xwrzifzbohmbhnzpownnddnplccrpxdpcrj
fkmznllsomahrjsfactqrragilvtus
yzdqwuincgazdpibohpwqfaitqilhukpbketpga
yzdqwuincgazdpibohpwqfaitqilhukpbketpga
yzdqwuincgazdpibohpwqfaitqilhukpbketpga
yzdqwuincgazdpibohpwqfaitqilhukpbketpga
lzfqswcvjj
xsucetqtczjobwticinobiqx
xwrzifzbohmbhnzpownnddnplccrpxdpcrj
xwrzifzbohmbhnzpownnddnplccrpxdpcrj
qkllxhmazouznhfysevnlhfewidnlfmj
fkmznllsomahrjsfactqrragilvtus
xwrzifzbohmbhnzpownnddnplccrpxdpcrj
lzfqswcvjj
qkllxhmazouznhfysevnlhfewidnlfmj
yzdqwuincgazdpibohpwqfaitqilhukpbketpga
xwrzifzbohmbhnzpownnddnplccrpxdpcrj
xwrzifzbohmbhnzpownnddnplccrpxdpcrj
yzdqwuincgazdpibohpwqfaitqilhukpbketpga
yzdqwuincgazdpibohpwqfaitqilhukpbketpga
yzdqwuincgazdpibohpwqfaitqilhukpbketpga
lzfqswcvjj
fkmznllsomahrjsfactqrragilvtus
xwrzifzbohmbhnzpownnddnplccrpxdpcrj
yzdqwuincgazdpibohpwqfaitqilhukpbketpga
yzdqwuincgazdpibohpwqfaitqilhukpbketpga
yzdqwuincgazdpibohpwqfaitqilhukpbketpga
h
xsucetqtczjobwticinobiqx
yzdqwuincgazdpibohpwqfaitqilhukpbketpga
xwrzifzbohmbhnzpownnddnplccrpxdpcrj
h
yzdqwuincgazdpibohpwqfaitqilhukpbketpga
yzdqwuincgazdpibohpwqfaitqilhukpbketpga
qkllxhmazouznhfysevnlhfewidnlfmj
yzdqwuincgazdpibohpwqfaitqilhukpbketpga
qkllxhmazouznhfysevnlhfewidnlfmj
xsucetqtczjobwticinobiqx
xsucetqtczjobwticinobiqx
lzfqswcvjj
yzdqwuincgazdpibohpwqfaitqilhukpbketpga
xwrzifzbohmbhnzpownnddnplccrpxdpcrj
yzdqwuincgazdpibohpwqfaitqilhukpbketpga
xsucetqtczjobwticinobiqx
xwrzifzbohmbhnzpownnddnplccrpxdpcrj
xwrzifzbohmbhnzpownnddnplccrpxdpcrj
yzdqwuincgazdpibohpwqfaitqilhukpbketpga
lzfqswcvjj
yzdqwuincgazdpibohpwqfaitqilhukpbketpga
yzdqwuincgazdpibohpwqfaitqilhukpbketpga
xsucetqtczjobwticinobiqx
yzdqwuincgazdpibohpwqfaitqilhukpbketpga
xwrzifzbohmbhnzpownnddnplccrpxdpcrj
yzdqwuincgazdpibohpwqfaitqilhukpbketpga
lzfqswcvjj
xsucetqtczjobwticinobiqx
yzdqwuincgazdpibohpwqfaitqilhukpbketpga
xwrzifzbohmbhnzpownnddnplccrpxdpcrj
qkllxhmazouznhfysevnlhfewidnlfmj
yzdqwuincgazdpibohpwqfaitqilhukpbketpga
xwrzifzbohmbhnzpownnddnplccrpxdpcrj
yzdqwuincgazdpibohpwqfaitqilhukpbketpga
xsucetqtczjobwticinobiqx
yzdqwuincgazdpibohpwqfaitqilhukpbketpga
yzdqwuincgazdpibohpwqfaitqilhukpbketpga
xwrzifzbohmbhnzpownnddnplccrpxdpcrj
yzdqwuincgazdpibohpwqfaitqilhukpbketpga
yzdqwuincgazdpibohpwqfaitqilhukpbketpga
yzdqwuincgazdpibohpwqfaitqilhukpbketpga
xwrzifzbohmbhnzpownnddnplccrpxdpcrj
yzdqwuincgazdpibohpwqfaitqilhukpbketpga
xsucetqtczjobwticinobiqx
xwrzifzbohmbhnzpownnddnplccrpxdpcrj
yzdqwuincgazdpibohpwqfaitqilhukpbketpga
xwrzifzbohmbhnzpownnddnplccrpxdpcrj
qkllxhmazouznhfysevnlhfewidnlfmj
xsucetqtczjobwticinobiqx
yzdqwuincgazdpibohpwqfaitqilhukpbketpga
yzdqwuincgazdpibohpwqfaitqilhukpbketpga
yzdqwuincgazdpibohpwqfaitqilhukpbketpga
xwrzifzbohmbhnzpownnddnplccrpxdpcrj
yzdqwuincgazdpibohpwqfaitqilhukpbketpga
bjtbliwzhgrnkllrjtghpkusbai
yzdqwuincgazdpibohpwqfaitqilhukpbketpga
xwrzifzbohmbhnzpownnddnplccrpxdpcrj
yzdqwuincgazdpibohpwqfaitqilhukpbketpga
yzdqwuincgazdpibohpwqfaitqilhukpbketpga
yzdqwuincgazdpibohpwqfaitqilhukpbketpga
xwrzifzbohmbhnzpownnddnplccrpxdpcrj
xsucetqtczjobwticinobiqx
xwrzifzbohmbhnzpownnddnplccrpxdpcrj
yzdqwuincgazdpibohpwqfaitqilhukpbketpga
yzdqwuincgazdpibohpwqfaitqilhukpbketpga
h
yzdqwuincgazdpibohpwqfaitqilhukpbketpga
xwrzifzbohmbhnzpownnddnplccrpxdpcrj
yzdqwuincgazdpibohpwqfaitqilhukpbketpga
xwrzifzbohmbhnzpownnddnplccrpxdpcrj
clrpewwmogmupplyharxmdnskabbku
xwrzifzbohmbhnzpownnddnplccrpxdpcrj
clrpewwmogmupplyharxmdnskabbku
lzfqswcvjj
yzdqwuincgazdpibohpwqfaitqilhukpbketpga
yzdqwuincgazdpibohpwqfaitqilhukpbketpga
h
yzdqwuincgazdpibohpwqfaitqilhukpbketpga
yzdqwuincgazdpibohpwqfaitqilhukpbketpga
xwrzifzbohmbhnzpownnddnplccrpxdpcrj
lzfqswcvjj
yzdqwuincgazdpibohpwqfaitqilhukpbketpga
xwrzifzbohmbhnzpownnddnplccrpxdpcrj
xsucetqtczjobwticinobiqx
lzfqswcvjj
xwrzifzbohmbhnzpownnddnplccrpxdpcrj
yzdqwuincgazdpibohpwqfaitqilhukpbketpga
xwrzifzbohmbhnzpownnddnplccrpxdpcrj
yzdqwuincgazdpibohpwqfaitqilhukpbketpga
yzdqwuincgazdpibohpwqfaitqilhukpbketpga
yzdqwuincgazdpibohpwqfaitqilhukpbketpga
yzdqwuincgazdpibohpwqfaitqilhukpbketpga
xwrzifzbohmbhnzpownnddnplccrpxdpcrj
yzdqwuincgazdpibohpwqfaitqilhukpbketpga
qkllxhmazouznhfysevnlhfewidnlfmj
yzdqwuincgazdpibohpwqfaitqilhukpbketpga
xsucetqtczjobwticinobiqx
fkmznllsomahrjsfactqrragilvtus
xwrzifzbohmbhnzpownnddnplccrpxdpcrj
xwrzifzbohmbhnzpownnddnplccrpxdpcrj
yzdqwuincgazdpibohpwqfaitqilhukpbketpga
qkllxhmazouznhfysevnlhfewidnlfmj
fkmznllsomahrjsfactqrragilvtus
yzdqwuincgazdpibohpwqfaitqilhukpbketpga
