1115
  27  23  27  27  25  25  28  28  26  27  29  30  29  28  49  49  27  13  13  10  29  30  29  29  29  29  10  12  11  12  28  29  29  30  27  27  28  29  62   3   2   2   1   1   2   4   5   6   5   5   4   6   5   8   9  10   8   3  10  10  11   1  11
1   9   8   9   7   7   7
