954692
23248057
564
1030
1
3870900
8308477
444418282
2001558
3
15189302
1
589884
26017
440199
2404
18
1
27854163
38408
3053158
12320
107
124
1549469
509709
118274
69559282
1241
125421589
29
0
4846
513725
12
1029
1787
187939507
7190582
129584
33328524
2413
254
4649823
2429832
180
1407303
1
1532
704
132
74015
58406
34
5056841
14931539
756
3
22701324
381664248
50063890
20
13529362
1
1
13830873
101
29665291
1910
137088
99787116
1
0
649033446
1
8
23455377
18
17864747
1536
101
8145
3
18
33
1157330
6745502
138169
11198
11112122
752666
43207
1789361
30
22567
4
18
682
3
62500
