2396
70134
10255559
45477
4310574
1232773
464
4589
69532
51
1
0
2429417
360809
879231
311
14441
23938
3
8726798
1812
387317
259
