69524
1
4816060
59
35810
265285
801
1
61990258
221
2132351
12
11281
13
3037
1
9
437370
8266771
255539
44208
1
20
4
1984
1
35508172
394204
264
3519041
2085810
913
4
4044
2
0
9869
75175313
48
136
3
861744
1130127
12
2
6027
9688
3306332
22
3040
31
4479850
47269
115677
2174
11224587
