whimrgyfhqqchrmlcmssvsjhzcxf
wswitmbgucdlltancnfhghvzkkgjezftyvyfeiszvuphbtgj
lxwdhkwubk
wlaatvksjvxlhxxiftsqibjvt
wlaatvksjvxlhxxiftsqibjvt
wswitmbgucdlltancnfhghvzkkgjezftyvyfeiszvuphbtgj
hjpyxvtxvsrydlaiswnuoujufjellsockdo
wswitmbgucdlltancnfhghvzkkgjezftyvyfeiszvuphbtgj
wswitmbgucdlltancnfhghvzkkgjezftyvyfeiszvuphbtgj
tuqcjqrtbrvmgdcvfowoihkrkkintkjcnwwvyi
wswitmbgucdlltancnfhghvzkkgjezftyvyfeiszvuphbtgj
tuqcjqrtbrvmgdcvfowoihkrkkintkjcnwwvyi
wlaatvksjvxlhxxiftsqibjvt
tuqcjqrtbrvmgdcvfowoihkrkkintkjcnwwvyi
wlaatvksjvxlhxxiftsqibjvt
wswitmbgucdlltancnfhghvzkkgjezftyvyfeiszvuphbtgj
tpmyulxoilmayqzvmkwlyzckjsj
wswitmbgucdlltancnfhghvzkkgjezftyvyfeiszvuphbtgj
qwuokrukhvxgogwofaldskqf
whimrgyfhqqchrmlcmssvsjhzcxf
whimrgyfhqqchrmlcmssvsjhzcxf
wswitmbgucdlltancnfhghvzkkgjezftyvyfeiszvuphbtgj
whimrgyfhqqchrmlcmssvsjhzcxf
wswitmbgucdlltancnfhghvzkkgjezftyvyfeiszvuphbtgj
wswitmbgucdlltancnfhghvzkkgjezftyvyfeiszvuphbtgj
tuqcjqrtbrvmgdcvfowoihkrkkintkjcnwwvyi
wswitmbgucdlltancnfhghvzkkgjezftyvyfeiszvuphbtgj
wswitmbgucdlltancnfhghvzkkgjezftyvyfeiszvuphbtgj
tuqcjqrtbrvmgdcvfowoihkrkkintkjcnwwvyi
tpmyulxoilmayqzvmkwlyzckjsj
wswitmbgucdlltancnfhghvzkkgjezftyvyfeiszvuphbtgj
wswitmbgucdlltancnfhghvzkkgjezftyvyfeiszvuphbtgj
whimrgyfhqqchrmlcmssvsjhzcxf
fkzvuzsukhnwjrejjnbqsnxvbczltgssgo
wlaatvksjvxlhxxiftsqibjvt
wswitmbgucdlltancnfhghvzkkgjezftyvyfeiszvuphbtgj
wswitmbgucdlltancnfhghvzkkgjezftyvyfeiszvuphbtgj
wswitmbgucdlltancnfhghvzkkgjezftyvyfeiszvuphbtgj
wlaatvksjvxlhxxiftsqibjvt
qwuokrukhvxgogwofaldskqf
whimrgyfhqqchrmlcmssvsjhzcxf
hjpyxvtxvsrydlaiswnuoujufjellsockdo
wswitmbgucdlltancnfhghvzkkgjezftyvyfeiszvuphbtgj
wswitmbgucdlltancnfhghvzkkgjezftyvyfeiszvuphbtgj
fkzvuzsukhnwjrejjnbqsnxvbczltgssgo
wswitmbgucdlltancnfhghvzkkgjezftyvyfeiszvuphbtgj
tpmyulxoilmayqzvmkwlyzckjsj
wswitmbgucdlltancnfhghvzkkgjezftyvyfeiszvuphbtgj
wswitmbgucdlltancnfhghvzkkgjezftyvyfeiszvuphbtgj
qwuokrukhvxgogwofaldskqf
hjpyxvtxvsrydlaiswnuoujufjellsockdo
tuqcjqrtbrvmgdcvfowoihkrkkintkjcnwwvyi
tuqcjqrtbrvmgdcvfowoihkrkkintkjcnwwvyi
tpmyulxoilmayqzvmkwlyzckjsj
wlaatvksjvxlhxxiftsqibjvt
wswitmbgucdlltancnfhghvzkkgjezftyvyfeiszvuphbtgj
tuqcjqrtbrvmgdcvfowoihkrkkintkjcnwwvyi
wswitmbgucdlltancnfhghvzkkgjezftyvyfeiszvuphbtgj
qwuokrukhvxgogwofaldskqf
whimrgyfhqqchrmlcmssvsjhzcxf
wlaatvksjvxlhxxiftsqibjvt
wswitmbgucdlltancnfhghvzkkgjezftyvyfeiszvuphbtgj
tuqcjqrtbrvmgdcvfowoihkrkkintkjcnwwvyi
wswitmbgucdlltancnfhghvzkkgjezftyvyfeiszvuphbtgj
wlaatvksjvxlhxxiftsqibjvt
lxwdhkwubk
wlaatvksjvxlhxxiftsqibjvt
wswitmbgucdlltancnfhghvzkkgjezftyvyfeiszvuphbtgj
wlaatvksjvxlhxxiftsqibjvt
wswitmbgucdlltancnfhghvzkkgjezftyvyfeiszvuphbtgj
whimrgyfhqqchrmlcmssvsjhzcxf
qwuokrukhvxgogwofaldskqf
whimrgyfhqqchrmlcmssvsjhzcxf
wswitmbgucdlltancnfhghvzkkgjezftyvyfeiszvuphbtgj
wlaatvksjvxlhxxiftsqibjvt
wswitmbgucdlltancnfhghvzkkgjezftyvyfeiszvuphbtgj
whimrgyfhqqchrmlcmssvsjhzcxf
tuqcjqrtbrvmgdcvfowoihkrkkintkjcnwwvyi
wswitmbgucdlltancnfhghvzkkgjezftyvyfeiszvuphbtgj
wlaatvksjvxlhxxiftsqibjvt
tuqcjqrtbrvmgdcvfowoihkrkkintkjcnwwvyi
hjpyxvtxvsrydlaiswnuoujufjellsockdo
tuqcjqrtbrvmgdcvfowoihkrkkintkjcnwwvyi
wswitmbgucdlltancnfhghvzkkgjezftyvyfeiszvuphbtgj
wlaatvksjvxlhxxiftsqibjvt
wswitmbgucdlltancnfhghvzkkgjezftyvyfeiszvuphbtgj
tuqcjqrtbrvmgdcvfowoihkrkkintkjcnwwvyi
wlaatvksjvxlhxxiftsqibjvt
wswitmbgucdlltancnfhghvzkkgjezftyvyfeiszvuphbtgj
wswitmbgucdlltancnfhghvzkkgjezftyvyfeiszvuphbtgj
tuqcjqrtbrvmgdcvfowoihkrkkintkjcnwwvyi
qwuokrukhvxgogwofaldskqf
wswitmbgucdlltancnfhghvzkkgjezftyvyfeiszvuphbtgj
wswitmbgucdlltancnfhghvzkkgjezftyvyfeiszvuphbtgj
fkzvuzsukhnwjrejjnbqsnxvbczltgssgo
whimrgyfhqqchrmlcmssvsjhzcxf
wswitmbgucdlltancnfhghvzkkgjezftyvyfeiszvuphbtgj
wswitmbgucdlltancnfhghvzkkgjezftyvyfeiszvuphbtgj
wswitmbgucdlltancnfhghvzkkgjezftyvyfeiszvuphbtgj
wlaatvksjvxlhxxiftsqibjvt
whimrgyfhqqchrmlcmssvsjhzcxf
hjpyxvtxvsrydlaiswnuoujufjellsockdo
whimrgyfhqqchrmlcmssvsjhzcxf
wswitmbgucdlltancnfhghvzkkgjezftyvyfeiszvuphbtgj
wlaatvksjvxlhxxiftsqibjvt
wlaatvksjvxlhxxiftsqibjvt
lxwdhkwubk
wlaatvksjvxlhxxiftsqibjvt
wswitmbgucdlltancnfhghvzkkgjezftyvyfeiszvuphbtgj
wswitmbgucdlltancnfhghvzkkgjezftyvyfeiszvuphbtgj
wswitmbgucdlltancnfhghvzkkgjezftyvyfeiszvuphbtgj
lxwdhkwubk
wswitmbgucdlltancnfhghvzkkgjezftyvyfeiszvuphbtgj
wlaatvksjvxlhxxiftsqibjvt
whimrgyfhqqchrmlcmssvsjhzcxf
wswitmbgucdlltancnfhghvzkkgjezftyvyfeiszvuphbtgj
hjpyxvtxvsrydlaiswnuoujufjellsockdo
wlaatvksjvxlhxxiftsqibjvt
wswitmbgucdlltancnfhghvzkkgjezftyvyfeiszvuphbtgj
wlaatvksjvxlhxxiftsqibjvt
wswitmbgucdlltancnfhghvzkkgjezftyvyfeiszvuphbtgj
wswitmbgucdlltancnfhghvzkkgjezftyvyfeiszvuphbtgj
wswitmbgucdlltancnfhghvzkkgjezftyvyfeiszvuphbtgj
wswitmbgucdlltancnfhghvzkkgjezftyvyfeiszvuphbtgj
wswitmbgucdlltancnfhghvzkkgjezftyvyfeiszvuphbtgj
wswitmbgucdlltancnfhghvzkkgjezftyvyfeiszvuphbtgj
wswitmbgucdlltancnfhghvzkkgjezftyvyfeiszvuphbtgj
wlaatvksjvxlhxxiftsqibjvt
wswitmbgucdlltancnfhghvzkkgjezftyvyfeiszvuphbtgj
fkzvuzsukhnwjrejjnbqsnxvbczltgssgo
tuqcjqrtbrvmgdcvfowoihkrkkintkjcnwwvyi
wlaatvksjvxlhxxiftsqibjvt
tuqcjqrtbrvmgdcvfowoihkrkkintkjcnwwvyi
tpmyulxoilmayqzvmkwlyzckjsj
wswitmbgucdlltancnfhghvzkkgjezftyvyfeiszvuphbtgj
whimrgyfhqqchrmlcmssvsjhzcxf
wswitmbgucdlltancnfhghvzkkgjezftyvyfeiszvuphbtgj
wswitmbgucdlltancnfhghvzkkgjezftyvyfeiszvuphbtgj
tuqcjqrtbrvmgdcvfowoihkrkkintkjcnwwvyi
tpmyulxoilmayqzvmkwlyzckjsj
wlaatvksjvxlhxxiftsqibjvt
whimrgyfhqqchrmlcmssvsjhzcxf
wlaatvksjvxlhxxiftsqibjvt
tpmyulxoilmayqzvmkwlyzckjsj
wswitmbgucdlltancnfhghvzkkgjezftyvyfeiszvuphbtgj
wswitmbgucdlltancnfhghvzkkgjezftyvyfeiszvuphbtgj
whimrgyfhqqchrmlcmssvsjhzcxf
qwuokrukhvxgogwofaldskqf
wlaatvksjvxlhxxiftsqibjvt
wlaatvksjvxlhxxiftsqibjvt
wswitmbgucdlltancnfhghvzkkgjezftyvyfeiszvuphbtgj
wswitmbgucdlltancnfhghvzkkgjezftyvyfeiszvuphbtgj
whimrgyfhqqchrmlcmssvsjhzcxf
wswitmbgucdlltancnfhghvzkkgjezftyvyfeiszvuphbtgj
wswitmbgucdlltancnfhghvzkkgjezftyvyfeiszvuphbtgj
whimrgyfhqqchrmlcmssvsjhzcxf
qwuokrukhvxgogwofaldskqf
whimrgyfhqqchrmlcmssvsjhzcxf
lxwdhkwubk
wswitmbgucdlltancnfhghvzkkgjezftyvyfeiszvuphbtgj
tuqcjqrtbrvmgdcvfowoihkrkkintkjcnwwvyi
wlaatvksjvxlhxxiftsqibjvt
wswitmbgucdlltancnfhghvzkkgjezftyvyfeiszvuphbtgj
whimrgyfhqqchrmlcmssvsjhzcxf
tpmyulxoilmayqzvmkwlyzckjsj
wlaatvksjvxlhxxiftsqibjvt
tuqcjqrtbrvmgdcvfowoihkrkkintkjcnwwvyi
wswitmbgucdlltancnfhghvzkkgjezftyvyfeiszvuphbtgj
wswitmbgucdlltancnfhghvzkkgjezftyvyfeiszvuphbtgj
wswitmbgucdlltancnfhghvzkkgjezftyvyfeiszvuphbtgj
wswitmbgucdlltancnfhghvzkkgjezftyvyfeiszvuphbtgj
tuqcjqrtbrvmgdcvfowoihkrkkintkjcnwwvyi
wswitmbgucdlltancnfhghvzkkgjezftyvyfeiszvuphbtgj
qwuokrukhvxgogwofaldskqf
bltxwujkwxzuddalkemtihaddgudkiziqyjl
tuqcjqrtbrvmgdcvfowoihkrkkintkjcnwwvyi
tuqcjqrtbrvmgdcvfowoihkrkkintkjcnwwvyi
tuqcjqrtbrvmgdcvfowoihkrkkintkjcnwwvyi
wswitmbgucdlltancnfhghvzkkgjezftyvyfeiszvuphbtgj
wswitmbgucdlltancnfhghvzkkgjezftyvyfeiszvuphbtgj
wswitmbgucdlltancnfhghvzkkgjezftyvyfeiszvuphbtgj
qwuokrukhvxgogwofaldskqf
whimrgyfhqqchrmlcmssvsjhzcxf
wswitmbgucdlltancnfhghvzkkgjezftyvyfeiszvuphbtgj
wlaatvksjvxlhxxiftsqibjvt
wlaatvksjvxlhxxiftsqibjvt
wswitmbgucdlltancnfhghvzkkgjezftyvyfeiszvuphbtgj
wswitmbgucdlltancnfhghvzkkgjezftyvyfeiszvuphbtgj
wswitmbgucdlltancnfhghvzkkgjezftyvyfeiszvuphbtgj
qwuokrukhvxgogwofaldskqf
whimrgyfhqqchrmlcmssvsjhzcxf
wswitmbgucdlltancnfhghvzkkgjezftyvyfeiszvuphbtgj
wswitmbgucdlltancnfhghvzkkgjezftyvyfeiszvuphbtgj
whimrgyfhqqchrmlcmssvsjhzcxf
wswitmbgucdlltancnfhghvzkkgjezftyvyfeiszvuphbtgj
tpmyulxoilmayqzvmkwlyzckjsj
wswitmbgucdlltancnfhghvzkkgjezftyvyfeiszvuphbtgj
wlaatvksjvxlhxxiftsqibjvt
wswitmbgucdlltancnfhghvzkkgjezftyvyfeiszvuphbtgj
tuqcjqrtbrvmgdcvfowoihkrkkintkjcnwwvyi
wswitmbgucdlltancnfhghvzkkgjezftyvyfeiszvuphbtgj
tuqcjqrtbrvmgdcvfowoihkrkkintkjcnwwvyi
wswitmbgucdlltancnfhghvzkkgjezftyvyfeiszvuphbtgj
whimrgyfhqqchrmlcmssvsjhzcxf
tpmyulxoilmayqzvmkwlyzckjsj
wswitmbgucdlltancnfhghvzkkgjezftyvyfeiszvuphbtgj
wswitmbgucdlltancnfhghvzkkgjezftyvyfeiszvuphbtgj
wswitmbgucdlltancnfhghvzkkgjezftyvyfeiszvuphbtgj
wswitmbgucdlltancnfhghvzkkgjezftyvyfeiszvuphbtgj
qwuokrukhvxgogwofaldskqf
wlaatvksjvxlhxxiftsqibjvt
whimrgyfhqqchrmlcmssvsjhzcxf
qwuokrukhvxgogwofaldskqf
wswitmbgucdlltancnfhghvzkkgjezftyvyfeiszvuphbtgj
wlaatvksjvxlhxxiftsqibjvt
qwuokrukhvxgogwofaldskqf
wlaatvksjvxlhxxiftsqibjvt
tpmyulxoilmayqzvmkwlyzckjsj
lxwdhkwubk
wswitmbgucdlltancnfhghvzkkgjezftyvyfeiszvuphbtgj
wswitmbgucdlltancnfhghvzkkgjezftyvyfeiszvuphbtgj
whimrgyfhqqchrmlcmssvsjhzcxf
qwuokrukhvxgogwofaldskqf
wswitmbgucdlltancnfhghvzkkgjezftyvyfeiszvuphbtgj
wlaatvksjvxlhxxiftsqibjvt
wlaatvksjvxlhxxiftsqibjvt
tuqcjqrtbrvmgdcvfowoihkrkkintkjcnwwvyi
whimrgyfhqqchrmlcmssvsjhzcxf
wswitmbgucdlltancnfhghvzkkgjezftyvyfeiszvuphbtgj
qwuokrukhvxgogwofaldskqf
wswitmbgucdlltancnfhghvzkkgjezftyvyfeiszvuphbtgj
tuqcjqrtbrvmgdcvfowoihkrkkintkjcnwwvyi
whimrgyfhqqchrmlcmssvsjhzcxf
whimrgyfhqqchrmlcmssvsjhzcxf
wswitmbgucdlltancnfhghvzkkgjezftyvyfeiszvuphbtgj
wswitmbgucdlltancnfhghvzkkgjezftyvyfeiszvuphbtgj
wlaatvksjvxlhxxiftsqibjvt
tuqcjqrtbrvmgdcvfowoihkrkkintkjcnwwvyi
wswitmbgucdlltancnfhghvzkkgjezftyvyfeiszvuphbtgj
qwuokrukhvxgogwofaldskqf
tuqcjqrtbrvmgdcvfowoihkrkkintkjcnwwvyi
tpmyulxoilmayqzvmkwlyzckjsj
wlaatvksjvxlhxxiftsqibjvt
wswitmbgucdlltancnfhghvzkkgjezftyvyfeiszvuphbtgj
wswitmbgucdlltancnfhghvzkkgjezftyvyfeiszvuphbtgj
wlaatvksjvxlhxxiftsqibjvt
wlaatvksjvxlhxxiftsqibjvt
tpmyulxoilmayqzvmkwlyzckjsj
wswitmbgucdlltancnfhghvzkkgjezftyvyfeiszvuphbtgj
wswitmbgucdlltancnfhghvzkkgjezftyvyfeiszvuphbtgj
wswitmbgucdlltancnfhghvzkkgjezftyvyfeiszvuphbtgj
tpmyulxoilmayqzvmkwlyzckjsj
wswitmbgucdlltancnfhghvzkkgjezftyvyfeiszvuphbtgj
wlaatvksjvxlhxxiftsqibjvt
wswitmbgucdlltancnfhghvzkkgjezftyvyfeiszvuphbtgj
wswitmbgucdlltancnfhghvzkkgjezftyvyfeiszvuphbtgj
wlaatvksjvxlhxxiftsqibjvt
wswitmbgucdlltancnfhghvzkkgjezftyvyfeiszvuphbtgj
wswitmbgucdlltancnfhghvzkkgjezftyvyfeiszvuphbtgj
qwuokrukhvxgogwofaldskqf
whimrgyfhqqchrmlcmssvsjhzcxf
wswitmbgucdlltancnfhghvzkkgjezftyvyfeiszvuphbtgj
wlaatvksjvxlhxxiftsqibjvt
tuqcjqrtbrvmgdcvfowoihkrkkintkjcnwwvyi
qwuokrukhvxgogwofaldskqf
wswitmbgucdlltancnfhghvzkkgjezftyvyfeiszvuphbtgj
wswitmbgucdlltancnfhghvzkkgjezftyvyfeiszvuphbtgj
wswitmbgucdlltancnfhghvzkkgjezftyvyfeiszvuphbtgj
whimrgyfhqqchrmlcmssvsjhzcxf
tpmyulxoilmayqzvmkwlyzckjsj
wlaatvksjvxlhxxiftsqibjvt
wswitmbgucdlltancnfhghvzkkgjezftyvyfeiszvuphbtgj
wswitmbgucdlltancnfhghvzkkgjezftyvyfeiszvuphbtgj
fkzvuzsukhnwjrejjnbqsnxvbczltgssgo
lxwdhkwubk
wswitmbgucdlltancnfhghvzkkgjezftyvyfeiszvuphbtgj
tuqcjqrtbrvmgdcvfowoihkrkkintkjcnwwvyi
lxwdhkwubk
whimrgyfhqqchrmlcmssvsjhzcxf
wlaatvksjvxlhxxiftsqibjvt
wswitmbgucdlltancnfhghvzkkgjezftyvyfeiszvuphbtgj
wlaatvksjvxlhxxiftsqibjvt
wlaatvksjvxlhxxiftsqibjvt
wswitmbgucdlltancnfhghvzkkgjezftyvyfeiszvuphbtgj
wlaatvksjvxlhxxiftsqibjvt
wswitmbgucdlltancnfhghvzkkgjezftyvyfeiszvuphbtgj
tuqcjqrtbrvmgdcvfowoihkrkkintkjcnwwvyi
wswitmbgucdlltancnfhghvzkkgjezftyvyfeiszvuphbtgj
wswitmbgucdlltancnfhghvzkkgjezftyvyfeiszvuphbtgj
wswitmbgucdlltancnfhghvzkkgjezftyvyfeiszvuphbtgj
wswitmbgucdlltancnfhghvzkkgjezftyvyfeiszvuphbtgj
whimrgyfhqqchrmlcmssvsjhzcxf
wlaatvksjvxlhxxiftsqibjvt
whimrgyfhqqchrmlcmssvsjhzcxf
wswitmbgucdlltancnfhghvzkkgjezftyvyfeiszvuphbtgj
tuqcjqrtbrvmgdcvfowoihkrkkintkjcnwwvyi
tuqcjqrtbrvmgdcvfowoihkrkkintkjcnwwvyi
wlaatvksjvxlhxxiftsqibjvt
tpmyulxoilmayqzvmkwlyzckjsj
wlaatvksjvxlhxxiftsqibjvt
wlaatvksjvxlhxxiftsqibjvt
tpmyulxoilmayqzvmkwlyzckjsj
lxwdhkwubk
wswitmbgucdlltancnfhghvzkkgjezftyvyfeiszvuphbtgj
fkzvuzsukhnwjrejjnbqsnxvbczltgssgo
wlaatvksjvxlhxxiftsqibjvt
wlaatvksjvxlhxxiftsqibjvt
wswitmbgucdlltancnfhghvzkkgjezftyvyfeiszvuphbtgj
wswitmbgucdlltancnfhghvzkkgjezftyvyfeiszvuphbtgj
wswitmbgucdlltancnfhghvzkkgjezftyvyfeiszvuphbtgj
wswitmbgucdlltancnfhghvzkkgjezftyvyfeiszvuphbtgj
wlaatvksjvxlhxxiftsqibjvt
tuqcjqrtbrvmgdcvfowoihkrkkintkjcnwwvyi
wlaatvksjvxlhxxiftsqibjvt
qwuokrukhvxgogwofaldskqf
qwuokrukhvxgogwofaldskqf
wlaatvksjvxlhxxiftsqibjvt
wswitmbgucdlltancnfhghvzkkgjezftyvyfeiszvuphbtgj
tuqcjqrtbrvmgdcvfowoihkrkkintkjcnwwvyi
wlaatvksjvxlhxxiftsqibjvt
wswitmbgucdlltancnfhghvzkkgjezftyvyfeiszvuphbtgj
tuqcjqrtbrvmgdcvfowoihkrkkintkjcnwwvyi
wswitmbgucdlltancnfhghvzkkgjezftyvyfeiszvuphbtgj
qwuokrukhvxgogwofaldskqf
wlaatvksjvxlhxxiftsqibjvt
tuqcjqrtbrvmgdcvfowoihkrkkintkjcnwwvyi
wswitmbgucdlltancnfhghvzkkgjezftyvyfeiszvuphbtgj
wswitmbgucdlltancnfhghvzkkgjezftyvyfeiszvuphbtgj
wlaatvksjvxlhxxiftsqibjvt
wlaatvksjvxlhxxiftsqibjvt
wswitmbgucdlltancnfhghvzkkgjezftyvyfeiszvuphbtgj
whimrgyfhqqchrmlcmssvsjhzcxf
qwuokrukhvxgogwofaldskqf
wlaatvksjvxlhxxiftsqibjvt
hjpyxvtxvsrydlaiswnuoujufjellsockdo
wswitmbgucdlltancnfhghvzkkgjezftyvyfeiszvuphbtgj
wswitmbgucdlltancnfhghvzkkgjezftyvyfeiszvuphbtgj
wswitmbgucdlltancnfhghvzkkgjezftyvyfeiszvuphbtgj
wswitmbgucdlltancnfhghvzkkgjezftyvyfeiszvuphbtgj
wlaatvksjvxlhxxiftsqibjvt
wlaatvksjvxlhxxiftsqibjvt
qwuokrukhvxgogwofaldskqf
tuqcjqrtbrvmgdcvfowoihkrkkintkjcnwwvyi
hjpyxvtxvsrydlaiswnuoujufjellsockdo
wswitmbgucdlltancnfhghvzkkgjezftyvyfeiszvuphbtgj
lxwdhkwubk
qwuokrukhvxgogwofaldskqf
wlaatvksjvxlhxxiftsqibjvt
wlaatvksjvxlhxxiftsqibjvt
whimrgyfhqqchrmlcmssvsjhzcxf
wswitmbgucdlltancnfhghvzkkgjezftyvyfeiszvuphbtgj
whimrgyfhqqchrmlcmssvsjhzcxf
wlaatvksjvxlhxxiftsqibjvt
wswitmbgucdlltancnfhghvzkkgjezftyvyfeiszvuphbtgj
whimrgyfhqqchrmlcmssvsjhzcxf
wlaatvksjvxlhxxiftsqibjvt
wlaatvksjvxlhxxiftsqibjvt
wswitmbgucdlltancnfhghvzkkgjezftyvyfeiszvuphbtgj
whimrgyfhqqchrmlcmssvsjhzcxf
fkzvuzsukhnwjrejjnbqsnxvbczltgssgo
tuqcjqrtbrvmgdcvfowoihkrkkintkjcnwwvyi
wlaatvksjvxlhxxiftsqibjvt
wswitmbgucdlltancnfhghvzkkgjezftyvyfeiszvuphbtgj
wlaatvksjvxlhxxiftsqibjvt
wswitmbgucdlltancnfhghvzkkgjezftyvyfeiszvuphbtgj
wswitmbgucdlltancnfhghvzkkgjezftyvyfeiszvuphbtgj
wswitmbgucdlltancnfhghvzkkgjezftyvyfeiszvuphbtgj
wswitmbgucdlltancnfhghvzkkgjezftyvyfeiszvuphbtgj
wlaatvksjvxlhxxiftsqibjvt
wlaatvksjvxlhxxiftsqibjvt
wswitmbgucdlltancnfhghvzkkgjezftyvyfeiszvuphbtgj
whimrgyfhqqchrmlcmssvsjhzcxf
wlaatvksjvxlhxxiftsqibjvt
wswitmbgucdlltancnfhghvzkkgjezftyvyfeiszvuphbtgj
wswitmbgucdlltancnfhghvzkkgjezftyvyfeiszvuphbtgj
wlaatvksjvxlhxxiftsqibjvt
whimrgyfhqqchrmlcmssvsjhzcxf
wswitmbgucdlltancnfhghvzkkgjezftyvyfeiszvuphbtgj
hjpyxvtxvsrydlaiswnuoujufjellsockdo
wswitmbgucdlltancnfhghvzkkgjezftyvyfeiszvuphbtgj
qwuokrukhvxgogwofaldskqf
tuqcjqrtbrvmgdcvfowoihkrkkintkjcnwwvyi
wlaatvksjvxlhxxiftsqibjvt
tuqcjqrtbrvmgdcvfowoihkrkkintkjcnwwvyi
wlaatvksjvxlhxxiftsqibjvt
tpmyulxoilmayqzvmkwlyzckjsj
wlaatvksjvxlhxxiftsqibjvt
tuqcjqrtbrvmgdcvfowoihkrkkintkjcnwwvyi
wswitmbgucdlltancnfhghvzkkgjezftyvyfeiszvuphbtgj
wlaatvksjvxlhxxiftsqibjvt
wlaatvksjvxlhxxiftsqibjvt
wlaatvksjvxlhxxiftsqibjvt
hjpyxvtxvsrydlaiswnuoujufjellsockdo
whimrgyfhqqchrmlcmssvsjhzcxf
wswitmbgucdlltancnfhghvzkkgjezftyvyfeiszvuphbtgj
wswitmbgucdlltancnfhghvzkkgjezftyvyfeiszvuphbtgj
tuqcjqrtbrvmgdcvfowoihkrkkintkjcnwwvyi
whimrgyfhqqchrmlcmssvsjhzcxf
wswitmbgucdlltancnfhghvzkkgjezftyvyfeiszvuphbtgj
wswitmbgucdlltancnfhghvzkkgjezftyvyfeiszvuphbtgj
wlaatvksjvxlhxxiftsqibjvt
whimrgyfhqqchrmlcmssvsjhzcxf
wswitmbgucdlltancnfhghvzkkgjezftyvyfeiszvuphbtgj
wswitmbgucdlltancnfhghvzkkgjezftyvyfeiszvuphbtgj
tuqcjqrtbrvmgdcvfowoihkrkkintkjcnwwvyi
tuqcjqrtbrvmgdcvfowoihkrkkintkjcnwwvyi
wswitmbgucdlltancnfhghvzkkgjezftyvyfeiszvuphbtgj
wlaatvksjvxlhxxiftsqibjvt
wlaatvksjvxlhxxiftsqibjvt
wswitmbgucdlltancnfhghvzkkgjezftyvyfeiszvuphbtgj
wswitmbgucdlltancnfhghvzkkgjezftyvyfeiszvuphbtgj
wlaatvksjvxlhxxiftsqibjvt
whimrgyfhqqchrmlcmssvsjhzcxf
whimrgyfhqqchrmlcmssvsjhzcxf
tuqcjqrtbrvmgdcvfowoihkrkkintkjcnwwvyi
wswitmbgucdlltancnfhghvzkkgjezftyvyfeiszvuphbtgj
wswitmbgucdlltancnfhghvzkkgjezftyvyfeiszvuphbtgj
wswitmbgucdlltancnfhghvzkkgjezftyvyfeiszvuphbtgj
wswitmbgucdlltancnfhghvzkkgjezftyvyfeiszvuphbtgj
wswitmbgucdlltancnfhghvzkkgjezftyvyfeiszvuphbtgj
wlaatvksjvxlhxxiftsqibjvt
bltxwujkwxzuddalkemtihaddgudkiziqyjl
wswitmbgucdlltancnfhghvzkkgjezftyvyfeiszvuphbtgj
wswitmbgucdlltancnfhghvzkkgjezftyvyfeiszvuphbtgj
wswitmbgucdlltancnfhghvzkkgjezftyvyfeiszvuphbtgj
wswitmbgucdlltancnfhghvzkkgjezftyvyfeiszvuphbtgj
wswitmbgucdlltancnfhghvzkkgjezftyvyfeiszvuphbtgj
wswitmbgucdlltancnfhghvzkkgjezftyvyfeiszvuphbtgj
whimrgyfhqqchrmlcmssvsjhzcxf
wswitmbgucdlltancnfhghvzkkgjezftyvyfeiszvuphbtgj
wswitmbgucdlltancnfhghvzkkgjezftyvyfeiszvuphbtgj
tpmyulxoilmayqzvmkwlyzckjsj
tuqcjqrtbrvmgdcvfowoihkrkkintkjcnwwvyi
wlaatvksjvxlhxxiftsqibjvt
whimrgyfhqqchrmlcmssvsjhzcxf
fkzvuzsukhnwjrejjnbqsnxvbczltgssgo
wswitmbgucdlltancnfhghvzkkgjezftyvyfeiszvuphbtgj
wswitmbgucdlltancnfhghvzkkgjezftyvyfeiszvuphbtgj
wswitmbgucdlltancnfhghvzkkgjezftyvyfeiszvuphbtgj
tuqcjqrtbrvmgdcvfowoihkrkkintkjcnwwvyi
wswitmbgucdlltancnfhghvzkkgjezftyvyfeiszvuphbtgj
wlaatvksjvxlhxxiftsqibjvt
whimrgyfhqqchrmlcmssvsjhzcxf
wlaatvksjvxlhxxiftsqibjvt
whimrgyfhqqchrmlcmssvsjhzcxf
tuqcjqrtbrvmgdcvfowoihkrkkintkjcnwwvyi
wswitmbgucdlltancnfhghvzkkgjezftyvyfeiszvuphbtgj
wswitmbgucdlltancnfhghvzkkgjezftyvyfeiszvuphbtgj
wswitmbgucdlltancnfhghvzkkgjezftyvyfeiszvuphbtgj
fkzvuzsukhnwjrejjnbqsnxvbczltgssgo
lxwdhkwubk
wswitmbgucdlltancnfhghvzkkgjezftyvyfeiszvuphbtgj
wswitmbgucdlltancnfhghvzkkgjezftyvyfeiszvuphbtgj
wswitmbgucdlltancnfhghvzkkgjezftyvyfeiszvuphbtgj
wswitmbgucdlltancnfhghvzkkgjezftyvyfeiszvuphbtgj
wlaatvksjvxlhxxiftsqibjvt
wswitmbgucdlltancnfhghvzkkgjezftyvyfeiszvuphbtgj
wswitmbgucdlltancnfhghvzkkgjezftyvyfeiszvuphbtgj
tuqcjqrtbrvmgdcvfowoihkrkkintkjcnwwvyi
wswitmbgucdlltancnfhghvzkkgjezftyvyfeiszvuphbtgj
wswitmbgucdlltancnfhghvzkkgjezftyvyfeiszvuphbtgj
wswitmbgucdlltancnfhghvzkkgjezftyvyfeiszvuphbtgj
wlaatvksjvxlhxxiftsqibjvt
tuqcjqrtbrvmgdcvfowoihkrkkintkjcnwwvyi
wswitmbgucdlltancnfhghvzkkgjezftyvyfeiszvuphbtgj
wlaatvksjvxlhxxiftsqibjvt
wswitmbgucdlltancnfhghvzkkgjezftyvyfeiszvuphbtgj
wswitmbgucdlltancnfhghvzkkgjezftyvyfeiszvuphbtgj
tuqcjqrtbrvmgdcvfowoihkrkkintkjcnwwvyi
tuqcjqrtbrvmgdcvfowoihkrkkintkjcnwwvyi
wswitmbgucdlltancnfhghvzkkgjezftyvyfeiszvuphbtgj
tpmyulxoilmayqzvmkwlyzckjsj
wswitmbgucdlltancnfhghvzkkgjezftyvyfeiszvuphbtgj
wswitmbgucdlltancnfhghvzkkgjezftyvyfeiszvuphbtgj
wswitmbgucdlltancnfhghvzkkgjezftyvyfeiszvuphbtgj
wswitmbgucdlltancnfhghvzkkgjezftyvyfeiszvuphbtgj
tpmyulxoilmayqzvmkwlyzckjsj
whimrgyfhqqchrmlcmssvsjhzcxf
wswitmbgucdlltancnfhghvzkkgjezftyvyfeiszvuphbtgj
hjpyxvtxvsrydlaiswnuoujufjellsockdo
hjpyxvtxvsrydlaiswnuoujufjellsockdo
tpmyulxoilmayqzvmkwlyzckjsj
wswitmbgucdlltancnfhghvzkkgjezftyvyfeiszvuphbtgj
wswitmbgucdlltancnfhghvzkkgjezftyvyfeiszvuphbtgj
wswitmbgucdlltancnfhghvzkkgjezftyvyfeiszvuphbtgj
tuqcjqrtbrvmgdcvfowoihkrkkintkjcnwwvyi
bltxwujkwxzuddalkemtihaddgudkiziqyjl
wswitmbgucdlltancnfhghvzkkgjezftyvyfeiszvuphbtgj
wswitmbgucdlltancnfhghvzkkgjezftyvyfeiszvuphbtgj
wlaatvksjvxlhxxiftsqibjvt
tpmyulxoilmayqzvmkwlyzckjsj
wswitmbgucdlltancnfhghvzkkgjezftyvyfeiszvuphbtgj
wswitmbgucdlltancnfhghvzkkgjezftyvyfeiszvuphbtgj
wlaatvksjvxlhxxiftsqibjvt
wswitmbgucdlltancnfhghvzkkgjezftyvyfeiszvuphbtgj
wswitmbgucdlltancnfhghvzkkgjezftyvyfeiszvuphbtgj
wlaatvksjvxlhxxiftsqibjvt
wswitmbgucdlltancnfhghvzkkgjezftyvyfeiszvuphbtgj
wlaatvksjvxlhxxiftsqibjvt
wswitmbgucdlltancnfhghvzkkgjezftyvyfeiszvuphbtgj
wswitmbgucdlltancnfhghvzkkgjezftyvyfeiszvuphbtgj
wlaatvksjvxlhxxiftsqibjvt
wswitmbgucdlltancnfhghvzkkgjezftyvyfeiszvuphbtgj
wswitmbgucdlltancnfhghvzkkgjezftyvyfeiszvuphbtgj
wswitmbgucdlltancnfhghvzkkgjezftyvyfeiszvuphbtgj
wlaatvksjvxlhxxiftsqibjvt
tuqcjqrtbrvmgdcvfowoihkrkkintkjcnwwvyi
lxwdhkwubk
tuqcjqrtbrvmgdcvfowoihkrkkintkjcnwwvyi
wswitmbgucdlltancnfhghvzkkgjezftyvyfeiszvuphbtgj
wswitmbgucdlltancnfhghvzkkgjezftyvyfeiszvuphbtgj
whimrgyfhqqchrmlcmssvsjhzcxf
lxwdhkwubk
whimrgyfhqqchrmlcmssvsjhzcxf
wlaatvksjvxlhxxiftsqibjvt
wlaatvksjvxlhxxiftsqibjvt
wswitmbgucdlltancnfhghvzkkgjezftyvyfeiszvuphbtgj
whimrgyfhqqchrmlcmssvsjhzcxf
whimrgyfhqqchrmlcmssvsjhzcxf
wswitmbgucdlltancnfhghvzkkgjezftyvyfeiszvuphbtgj
wlaatvksjvxlhxxiftsqibjvt
lxwdhkwubk
wswitmbgucdlltancnfhghvzkkgjezftyvyfeiszvuphbtgj
wlaatvksjvxlhxxiftsqibjvt
wswitmbgucdlltancnfhghvzkkgjezftyvyfeiszvuphbtgj
tuqcjqrtbrvmgdcvfowoihkrkkintkjcnwwvyi
wlaatvksjvxlhxxiftsqibjvt
wswitmbgucdlltancnfhghvzkkgjezftyvyfeiszvuphbtgj
whimrgyfhqqchrmlcmssvsjhzcxf
wlaatvksjvxlhxxiftsqibjvt
tuqcjqrtbrvmgdcvfowoihkrkkintkjcnwwvyi
wswitmbgucdlltancnfhghvzkkgjezftyvyfeiszvuphbtgj
wlaatvksjvxlhxxiftsqibjvt
tuqcjqrtbrvmgdcvfowoihkrkkintkjcnwwvyi
wswitmbgucdlltancnfhghvzkkgjezftyvyfeiszvuphbtgj
wlaatvksjvxlhxxiftsqibjvt
wswitmbgucdlltancnfhghvzkkgjezftyvyfeiszvuphbtgj
wswitmbgucdlltancnfhghvzkkgjezftyvyfeiszvuphbtgj
tpmyulxoilmayqzvmkwlyzckjsj
tuqcjqrtbrvmgdcvfowoihkrkkintkjcnwwvyi
fkzvuzsukhnwjrejjnbqsnxvbczltgssgo
wswitmbgucdlltancnfhghvzkkgjezftyvyfeiszvuphbtgj
tuqcjqrtbrvmgdcvfowoihkrkkintkjcnwwvyi
wswitmbgucdlltancnfhghvzkkgjezftyvyfeiszvuphbtgj
wswitmbgucdlltancnfhghvzkkgjezftyvyfeiszvuphbtgj
wlaatvksjvxlhxxiftsqibjvt
wswitmbgucdlltancnfhghvzkkgjezftyvyfeiszvuphbtgj
wswitmbgucdlltancnfhghvzkkgjezftyvyfeiszvuphbtgj
wswitmbgucdlltancnfhghvzkkgjezftyvyfeiszvuphbtgj
qwuokrukhvxgogwofaldskqf
whimrgyfhqqchrmlcmssvsjhzcxf
whimrgyfhqqchrmlcmssvsjhzcxf
wlaatvksjvxlhxxiftsqibjvt
wswitmbgucdlltancnfhghvzkkgjezftyvyfeiszvuphbtgj
tpmyulxoilmayqzvmkwlyzckjsj
wlaatvksjvxlhxxiftsqibjvt
wlaatvksjvxlhxxiftsqibjvt
whimrgyfhqqchrmlcmssvsjhzcxf
wlaatvksjvxlhxxiftsqibjvt
wlaatvksjvxlhxxiftsqibjvt
wswitmbgucdlltancnfhghvzkkgjezftyvyfeiszvuphbtgj
bltxwujkwxzuddalkemtihaddgudkiziqyjl
wswitmbgucdlltancnfhghvzkkgjezftyvyfeiszvuphbtgj
whimrgyfhqqchrmlcmssvsjhzcxf
wswitmbgucdlltancnfhghvzkkgjezftyvyfeiszvuphbtgj
wlaatvksjvxlhxxiftsqibjvt
wlaatvksjvxlhxxiftsqibjvt
wswitmbgucdlltancnfhghvzkkgjezftyvyfeiszvuphbtgj
whimrgyfhqqchrmlcmssvsjhzcxf
wlaatvksjvxlhxxiftsqibjvt
qwuokrukhvxgogwofaldskqf
wswitmbgucdlltancnfhghvzkkgjezftyvyfeiszvuphbtgj
wswitmbgucdlltancnfhghvzkkgjezftyvyfeiszvuphbtgj
wswitmbgucdlltancnfhghvzkkgjezftyvyfeiszvuphbtgj
tuqcjqrtbrvmgdcvfowoihkrkkintkjcnwwvyi
fkzvuzsukhnwjrejjnbqsnxvbczltgssgo
tuqcjqrtbrvmgdcvfowoihkrkkintkjcnwwvyi
wlaatvksjvxlhxxiftsqibjvt
whimrgyfhqqchrmlcmssvsjhzcxf
wswitmbgucdlltancnfhghvzkkgjezftyvyfeiszvuphbtgj
wswitmbgucdlltancnfhghvzkkgjezftyvyfeiszvuphbtgj
wswitmbgucdlltancnfhghvzkkgjezftyvyfeiszvuphbtgj
tuqcjqrtbrvmgdcvfowoihkrkkintkjcnwwvyi
whimrgyfhqqchrmlcmssvsjhzcxf
wswitmbgucdlltancnfhghvzkkgjezftyvyfeiszvuphbtgj
wswitmbgucdlltancnfhghvzkkgjezftyvyfeiszvuphbtgj
wswitmbgucdlltancnfhghvzkkgjezftyvyfeiszvuphbtgj
whimrgyfhqqchrmlcmssvsjhzcxf
wlaatvksjvxlhxxiftsqibjvt
wlaatvksjvxlhxxiftsqibjvt
wswitmbgucdlltancnfhghvzkkgjezftyvyfeiszvuphbtgj
wlaatvksjvxlhxxiftsqibjvt
whimrgyfhqqchrmlcmssvsjhzcxf
wlaatvksjvxlhxxiftsqibjvt
wlaatvksjvxlhxxiftsqibjvt
wswitmbgucdlltancnfhghvzkkgjezftyvyfeiszvuphbtgj
wswitmbgucdlltancnfhghvzkkgjezftyvyfeiszvuphbtgj
tuqcjqrtbrvmgdcvfowoihkrkkintkjcnwwvyi
wlaatvksjvxlhxxiftsqibjvt
wlaatvksjvxlhxxiftsqibjvt
tuqcjqrtbrvmgdcvfowoihkrkkintkjcnwwvyi
wlaatvksjvxlhxxiftsqibjvt
wlaatvksjvxlhxxiftsqibjvt
wlaatvksjvxlhxxiftsqibjvt
tuqcjqrtbrvmgdcvfowoihkrkkintkjcnwwvyi
wlaatvksjvxlhxxiftsqibjvt
tuqcjqrtbrvmgdcvfowoihkrkkintkjcnwwvyi
wlaatvksjvxlhxxiftsqibjvt
wswitmbgucdlltancnfhghvzkkgjezftyvyfeiszvuphbtgj
wswitmbgucdlltancnfhghvzkkgjezftyvyfeiszvuphbtgj
wswitmbgucdlltancnfhghvzkkgjezftyvyfeiszvuphbtgj
wswitmbgucdlltancnfhghvzkkgjezftyvyfeiszvuphbtgj
wswitmbgucdlltancnfhghvzkkgjezftyvyfeiszvuphbtgj
wlaatvksjvxlhxxiftsqibjvt
fkzvuzsukhnwjrejjnbqsnxvbczltgssgo
wswitmbgucdlltancnfhghvzkkgjezftyvyfeiszvuphbtgj
qwuokrukhvxgogwofaldskqf
wlaatvksjvxlhxxiftsqibjvt
wswitmbgucdlltancnfhghvzkkgjezftyvyfeiszvuphbtgj
tuqcjqrtbrvmgdcvfowoihkrkkintkjcnwwvyi
wswitmbgucdlltancnfhghvzkkgjezftyvyfeiszvuphbtgj
wlaatvksjvxlhxxiftsqibjvt
whimrgyfhqqchrmlcmssvsjhzcxf
wswitmbgucdlltancnfhghvzkkgjezftyvyfeiszvuphbtgj
wswitmbgucdlltancnfhghvzkkgjezftyvyfeiszvuphbtgj
wswitmbgucdlltancnfhghvzkkgjezftyvyfeiszvuphbtgj
wswitmbgucdlltancnfhghvzkkgjezftyvyfeiszvuphbtgj
wlaatvksjvxlhxxiftsqibjvt
wswitmbgucdlltancnfhghvzkkgjezftyvyfeiszvuphbtgj
wlaatvksjvxlhxxiftsqibjvt
tpmyulxoilmayqzvmkwlyzckjsj
wswitmbgucdlltancnfhghvzkkgjezftyvyfeiszvuphbtgj
wlaatvksjvxlhxxiftsqibjvt
whimrgyfhqqchrmlcmssvsjhzcxf
wswitmbgucdlltancnfhghvzkkgjezftyvyfeiszvuphbtgj
whimrgyfhqqchrmlcmssvsjhzcxf
wswitmbgucdlltancnfhghvzkkgjezftyvyfeiszvuphbtgj
wswitmbgucdlltancnfhghvzkkgjezftyvyfeiszvuphbtgj
wswitmbgucdlltancnfhghvzkkgjezftyvyfeiszvuphbtgj
hjpyxvtxvsrydlaiswnuoujufjellsockdo
tuqcjqrtbrvmgdcvfowoihkrkkintkjcnwwvyi
whimrgyfhqqchrmlcmssvsjhzcxf
wswitmbgucdlltancnfhghvzkkgjezftyvyfeiszvuphbtgj
whimrgyfhqqchrmlcmssvsjhzcxf
qwuokrukhvxgogwofaldskqf
wswitmbgucdlltancnfhghvzkkgjezftyvyfeiszvuphbtgj
wlaatvksjvxlhxxiftsqibjvt
lxwdhkwubk
wlaatvksjvxlhxxiftsqibjvt
wlaatvksjvxlhxxiftsqibjvt
whimrgyfhqqchrmlcmssvsjhzcxf
tuqcjqrtbrvmgdcvfowoihkrkkintkjcnwwvyi
wswitmbgucdlltancnfhghvzkkgjezftyvyfeiszvuphbtgj
tpmyulxoilmayqzvmkwlyzckjsj
wswitmbgucdlltancnfhghvzkkgjezftyvyfeiszvuphbtgj
wswitmbgucdlltancnfhghvzkkgjezftyvyfeiszvuphbtgj
wswitmbgucdlltancnfhghvzkkgjezftyvyfeiszvuphbtgj
wlaatvksjvxlhxxiftsqibjvt
tuqcjqrtbrvmgdcvfowoihkrkkintkjcnwwvyi
whimrgyfhqqchrmlcmssvsjhzcxf
hjpyxvtxvsrydlaiswnuoujufjellsockdo
wlaatvksjvxlhxxiftsqibjvt
whimrgyfhqqchrmlcmssvsjhzcxf
bltxwujkwxzuddalkemtihaddgudkiziqyjl
wswitmbgucdlltancnfhghvzkkgjezftyvyfeiszvuphbtgj
wswitmbgucdlltancnfhghvzkkgjezftyvyfeiszvuphbtgj
wswitmbgucdlltancnfhghvzkkgjezftyvyfeiszvuphbtgj
tuqcjqrtbrvmgdcvfowoihkrkkintkjcnwwvyi
whimrgyfhqqchrmlcmssvsjhzcxf
wswitmbgucdlltancnfhghvzkkgjezftyvyfeiszvuphbtgj
whimrgyfhqqchrmlcmssvsjhzcxf
tuqcjqrtbrvmgdcvfowoihkrkkintkjcnwwvyi
wswitmbgucdlltancnfhghvzkkgjezftyvyfeiszvuphbtgj
wlaatvksjvxlhxxiftsqibjvt
wswitmbgucdlltancnfhghvzkkgjezftyvyfeiszvuphbtgj
wswitmbgucdlltancnfhghvzkkgjezftyvyfeiszvuphbtgj
wlaatvksjvxlhxxiftsqibjvt
wswitmbgucdlltancnfhghvzkkgjezftyvyfeiszvuphbtgj
bltxwujkwxzuddalkemtihaddgudkiziqyjl
wlaatvksjvxlhxxiftsqibjvt
wswitmbgucdlltancnfhghvzkkgjezftyvyfeiszvuphbtgj
wlaatvksjvxlhxxiftsqibjvt
wswitmbgucdlltancnfhghvzkkgjezftyvyfeiszvuphbtgj
tuqcjqrtbrvmgdcvfowoihkrkkintkjcnwwvyi
wlaatvksjvxlhxxiftsqibjvt
wlaatvksjvxlhxxiftsqibjvt
wswitmbgucdlltancnfhghvzkkgjezftyvyfeiszvuphbtgj
wlaatvksjvxlhxxiftsqibjvt
wswitmbgucdlltancnfhghvzkkgjezftyvyfeiszvuphbtgj
wlaatvksjvxlhxxiftsqibjvt
wlaatvksjvxlhxxiftsqibjvt
qwuokrukhvxgogwofaldskqf
wswitmbgucdlltancnfhghvzkkgjezftyvyfeiszvuphbtgj
tuqcjqrtbrvmgdcvfowoihkrkkintkjcnwwvyi
wlaatvksjvxlhxxiftsqibjvt
wswitmbgucdlltancnfhghvzkkgjezftyvyfeiszvuphbtgj
wswitmbgucdlltancnfhghvzkkgjezftyvyfeiszvuphbtgj
wlaatvksjvxlhxxiftsqibjvt
whimrgyfhqqchrmlcmssvsjhzcxf
wlaatvksjvxlhxxiftsqibjvt
whimrgyfhqqchrmlcmssvsjhzcxf
wswitmbgucdlltancnfhghvzkkgjezftyvyfeiszvuphbtgj
whimrgyfhqqchrmlcmssvsjhzcxf
wlaatvksjvxlhxxiftsqibjvt
wswitmbgucdlltancnfhghvzkkgjezftyvyfeiszvuphbtgj
wswitmbgucdlltancnfhghvzkkgjezftyvyfeiszvuphbtgj
wswitmbgucdlltancnfhghvzkkgjezftyvyfeiszvuphbtgj
wlaatvksjvxlhxxiftsqibjvt
wswitmbgucdlltancnfhghvzkkgjezftyvyfeiszvuphbtgj
wswitmbgucdlltancnfhghvzkkgjezftyvyfeiszvuphbtgj
wlaatvksjvxlhxxiftsqibjvt
wswitmbgucdlltancnfhghvzkkgjezftyvyfeiszvuphbtgj
wlaatvksjvxlhxxiftsqibjvt
tuqcjqrtbrvmgdcvfowoihkrkkintkjcnwwvyi
tpmyulxoilmayqzvmkwlyzckjsj
whimrgyfhqqchrmlcmssvsjhzcxf
wlaatvksjvxlhxxiftsqibjvt
wswitmbgucdlltancnfhghvzkkgjezftyvyfeiszvuphbtgj
whimrgyfhqqchrmlcmssvsjhzcxf
tuqcjqrtbrvmgdcvfowoihkrkkintkjcnwwvyi
wlaatvksjvxlhxxiftsqibjvt
wlaatvksjvxlhxxiftsqibjvt
tuqcjqrtbrvmgdcvfowoihkrkkintkjcnwwvyi
tuqcjqrtbrvmgdcvfowoihkrkkintkjcnwwvyi
whimrgyfhqqchrmlcmssvsjhzcxf
wswitmbgucdlltancnfhghvzkkgjezftyvyfeiszvuphbtgj
wlaatvksjvxlhxxiftsqibjvt
wlaatvksjvxlhxxiftsqibjvt
wswitmbgucdlltancnfhghvzkkgjezftyvyfeiszvuphbtgj
wswitmbgucdlltancnfhghvzkkgjezftyvyfeiszvuphbtgj
tuqcjqrtbrvmgdcvfowoihkrkkintkjcnwwvyi
wswitmbgucdlltancnfhghvzkkgjezftyvyfeiszvuphbtgj
hjpyxvtxvsrydlaiswnuoujufjellsockdo
wswitmbgucdlltancnfhghvzkkgjezftyvyfeiszvuphbtgj
wswitmbgucdlltancnfhghvzkkgjezftyvyfeiszvuphbtgj
wswitmbgucdlltancnfhghvzkkgjezftyvyfeiszvuphbtgj
wswitmbgucdlltancnfhghvzkkgjezftyvyfeiszvuphbtgj
wswitmbgucdlltancnfhghvzkkgjezftyvyfeiszvuphbtgj
wlaatvksjvxlhxxiftsqibjvt
lxwdhkwubk
whimrgyfhqqchrmlcmssvsjhzcxf
whimrgyfhqqchrmlcmssvsjhzcxf
wswitmbgucdlltancnfhghvzkkgjezftyvyfeiszvuphbtgj
hjpyxvtxvsrydlaiswnuoujufjellsockdo
wswitmbgucdlltancnfhghvzkkgjezftyvyfeiszvuphbtgj
tpmyulxoilmayqzvmkwlyzckjsj
qwuokrukhvxgogwofaldskqf
tuqcjqrtbrvmgdcvfowoihkrkkintkjcnwwvyi
wlaatvksjvxlhxxiftsqibjvt
wswitmbgucdlltancnfhghvzkkgjezftyvyfeiszvuphbtgj
tpmyulxoilmayqzvmkwlyzckjsj
wswitmbgucdlltancnfhghvzkkgjezftyvyfeiszvuphbtgj
tuqcjqrtbrvmgdcvfowoihkrkkintkjcnwwvyi
tuqcjqrtbrvmgdcvfowoihkrkkintkjcnwwvyi
fkzvuzsukhnwjrejjnbqsnxvbczltgssgo
wswitmbgucdlltancnfhghvzkkgjezftyvyfeiszvuphbtgj
wlaatvksjvxlhxxiftsqibjvt
wswitmbgucdlltancnfhghvzkkgjezftyvyfeiszvuphbtgj
wswitmbgucdlltancnfhghvzkkgjezftyvyfeiszvuphbtgj
wswitmbgucdlltancnfhghvzkkgjezftyvyfeiszvuphbtgj
wswitmbgucdlltancnfhghvzkkgjezftyvyfeiszvuphbtgj
wswitmbgucdlltancnfhghvzkkgjezftyvyfeiszvuphbtgj
wlaatvksjvxlhxxiftsqibjvt
wswitmbgucdlltancnfhghvzkkgjezftyvyfeiszvuphbtgj
wlaatvksjvxlhxxiftsqibjvt
tuqcjqrtbrvmgdcvfowoihkrkkintkjcnwwvyi
wswitmbgucdlltancnfhghvzkkgjezftyvyfeiszvuphbtgj
wswitmbgucdlltancnfhghvzkkgjezftyvyfeiszvuphbtgj
wswitmbgucdlltancnfhghvzkkgjezftyvyfeiszvuphbtgj
lxwdhkwubk
wswitmbgucdlltancnfhghvzkkgjezftyvyfeiszvuphbtgj
hjpyxvtxvsrydlaiswnuoujufjellsockdo
wswitmbgucdlltancnfhghvzkkgjezftyvyfeiszvuphbtgj
tuqcjqrtbrvmgdcvfowoihkrkkintkjcnwwvyi
qwuokrukhvxgogwofaldskqf
wswitmbgucdlltancnfhghvzkkgjezftyvyfeiszvuphbtgj
wlaatvksjvxlhxxiftsqibjvt
wswitmbgucdlltancnfhghvzkkgjezftyvyfeiszvuphbtgj
wlaatvksjvxlhxxiftsqibjvt
wlaatvksjvxlhxxiftsqibjvt
wlaatvksjvxlhxxiftsqibjvt
wswitmbgucdlltancnfhghvzkkgjezftyvyfeiszvuphbtgj
wlaatvksjvxlhxxiftsqibjvt
wlaatvksjvxlhxxiftsqibjvt
wswitmbgucdlltancnfhghvzkkgjezftyvyfeiszvuphbtgj
wswitmbgucdlltancnfhghvzkkgjezftyvyfeiszvuphbtgj
tuqcjqrtbrvmgdcvfowoihkrkkintkjcnwwvyi
tuqcjqrtbrvmgdcvfowoihkrkkintkjcnwwvyi
fkzvuzsukhnwjrejjnbqsnxvbczltgssgo
wswitmbgucdlltancnfhghvzkkgjezftyvyfeiszvuphbtgj
qwuokrukhvxgogwofaldskqf
wswitmbgucdlltancnfhghvzkkgjezftyvyfeiszvuphbtgj
tpmyulxoilmayqzvmkwlyzckjsj
wlaatvksjvxlhxxiftsqibjvt
tpmyulxoilmayqzvmkwlyzckjsj
wlaatvksjvxlhxxiftsqibjvt
wswitmbgucdlltancnfhghvzkkgjezftyvyfeiszvuphbtgj
wswitmbgucdlltancnfhghvzkkgjezftyvyfeiszvuphbtgj
wswitmbgucdlltancnfhghvzkkgjezftyvyfeiszvuphbtgj
wlaatvksjvxlhxxiftsqibjvt
hjpyxvtxvsrydlaiswnuoujufjellsockdo
hjpyxvtxvsrydlaiswnuoujufjellsockdo
tpmyulxoilmayqzvmkwlyzckjsj
lxwdhkwubk
wlaatvksjvxlhxxiftsqibjvt
lxwdhkwubk
tpmyulxoilmayqzvmkwlyzckjsj
wswitmbgucdlltancnfhghvzkkgjezftyvyfeiszvuphbtgj
tpmyulxoilmayqzvmkwlyzckjsj
wswitmbgucdlltancnfhghvzkkgjezftyvyfeiszvuphbtgj
wlaatvksjvxlhxxiftsqibjvt
qwuokrukhvxgogwofaldskqf
wswitmbgucdlltancnfhghvzkkgjezftyvyfeiszvuphbtgj
wswitmbgucdlltancnfhghvzkkgjezftyvyfeiszvuphbtgj
wswitmbgucdlltancnfhghvzkkgjezftyvyfeiszvuphbtgj
wlaatvksjvxlhxxiftsqibjvt
whimrgyfhqqchrmlcmssvsjhzcxf
whimrgyfhqqchrmlcmssvsjhzcxf
qwuokrukhvxgogwofaldskqf
wlaatvksjvxlhxxiftsqibjvt
whimrgyfhqqchrmlcmssvsjhzcxf
wswitmbgucdlltancnfhghvzkkgjezftyvyfeiszvuphbtgj
wlaatvksjvxlhxxiftsqibjvt
wlaatvksjvxlhxxiftsqibjvt
wswitmbgucdlltancnfhghvzkkgjezftyvyfeiszvuphbtgj
tpmyulxoilmayqzvmkwlyzckjsj
tuqcjqrtbrvmgdcvfowoihkrkkintkjcnwwvyi
lxwdhkwubk
wswitmbgucdlltancnfhghvzkkgjezftyvyfeiszvuphbtgj
tuqcjqrtbrvmgdcvfowoihkrkkintkjcnwwvyi
lxwdhkwubk
wlaatvksjvxlhxxiftsqibjvt
wlaatvksjvxlhxxiftsqibjvt
wswitmbgucdlltancnfhghvzkkgjezftyvyfeiszvuphbtgj
tuqcjqrtbrvmgdcvfowoihkrkkintkjcnwwvyi
lxwdhkwubk
wswitmbgucdlltancnfhghvzkkgjezftyvyfeiszvuphbtgj
whimrgyfhqqchrmlcmssvsjhzcxf
whimrgyfhqqchrmlcmssvsjhzcxf
whimrgyfhqqchrmlcmssvsjhzcxf
wswitmbgucdlltancnfhghvzkkgjezftyvyfeiszvuphbtgj
tuqcjqrtbrvmgdcvfowoihkrkkintkjcnwwvyi
whimrgyfhqqchrmlcmssvsjhzcxf
wswitmbgucdlltancnfhghvzkkgjezftyvyfeiszvuphbtgj
wlaatvksjvxlhxxiftsqibjvt
wswitmbgucdlltancnfhghvzkkgjezftyvyfeiszvuphbtgj
tuqcjqrtbrvmgdcvfowoihkrkkintkjcnwwvyi
wlaatvksjvxlhxxiftsqibjvt
whimrgyfhqqchrmlcmssvsjhzcxf
whimrgyfhqqchrmlcmssvsjhzcxf
wswitmbgucdlltancnfhghvzkkgjezftyvyfeiszvuphbtgj
wswitmbgucdlltancnfhghvzkkgjezftyvyfeiszvuphbtgj
whimrgyfhqqchrmlcmssvsjhzcxf
tuqcjqrtbrvmgdcvfowoihkrkkintkjcnwwvyi
whimrgyfhqqchrmlcmssvsjhzcxf
whimrgyfhqqchrmlcmssvsjhzcxf
wswitmbgucdlltancnfhghvzkkgjezftyvyfeiszvuphbtgj
tuqcjqrtbrvmgdcvfowoihkrkkintkjcnwwvyi
wswitmbgucdlltancnfhghvzkkgjezftyvyfeiszvuphbtgj
whimrgyfhqqchrmlcmssvsjhzcxf
wlaatvksjvxlhxxiftsqibjvt
wlaatvksjvxlhxxiftsqibjvt
wswitmbgucdlltancnfhghvzkkgjezftyvyfeiszvuphbtgj
wswitmbgucdlltancnfhghvzkkgjezftyvyfeiszvuphbtgj
wswitmbgucdlltancnfhghvzkkgjezftyvyfeiszvuphbtgj
wswitmbgucdlltancnfhghvzkkgjezftyvyfeiszvuphbtgj
wswitmbgucdlltancnfhghvzkkgjezftyvyfeiszvuphbtgj
wswitmbgucdlltancnfhghvzkkgjezftyvyfeiszvuphbtgj
wswitmbgucdlltancnfhghvzkkgjezftyvyfeiszvuphbtgj
whimrgyfhqqchrmlcmssvsjhzcxf
wlaatvksjvxlhxxiftsqibjvt
wswitmbgucdlltancnfhghvzkkgjezftyvyfeiszvuphbtgj
wswitmbgucdlltancnfhghvzkkgjezftyvyfeiszvuphbtgj
whimrgyfhqqchrmlcmssvsjhzcxf
wlaatvksjvxlhxxiftsqibjvt
wlaatvksjvxlhxxiftsqibjvt
wswitmbgucdlltancnfhghvzkkgjezftyvyfeiszvuphbtgj
wlaatvksjvxlhxxiftsqibjvt
wswitmbgucdlltancnfhghvzkkgjezftyvyfeiszvuphbtgj
lxwdhkwubk
whimrgyfhqqchrmlcmssvsjhzcxf
wswitmbgucdlltancnfhghvzkkgjezftyvyfeiszvuphbtgj
tuqcjqrtbrvmgdcvfowoihkrkkintkjcnwwvyi
wswitmbgucdlltancnfhghvzkkgjezftyvyfeiszvuphbtgj
tuqcjqrtbrvmgdcvfowoihkrkkintkjcnwwvyi
tpmyulxoilmayqzvmkwlyzckjsj
wswitmbgucdlltancnfhghvzkkgjezftyvyfeiszvuphbtgj
wswitmbgucdlltancnfhghvzkkgjezftyvyfeiszvuphbtgj
whimrgyfhqqchrmlcmssvsjhzcxf
tpmyulxoilmayqzvmkwlyzckjsj
wlaatvksjvxlhxxiftsqibjvt
wlaatvksjvxlhxxiftsqibjvt
wswitmbgucdlltancnfhghvzkkgjezftyvyfeiszvuphbtgj
wswitmbgucdlltancnfhghvzkkgjezftyvyfeiszvuphbtgj
whimrgyfhqqchrmlcmssvsjhzcxf
wswitmbgucdlltancnfhghvzkkgjezftyvyfeiszvuphbtgj
whimrgyfhqqchrmlcmssvsjhzcxf
wlaatvksjvxlhxxiftsqibjvt
wswitmbgucdlltancnfhghvzkkgjezftyvyfeiszvuphbtgj
wswitmbgucdlltancnfhghvzkkgjezftyvyfeiszvuphbtgj
wlaatvksjvxlhxxiftsqibjvt
wswitmbgucdlltancnfhghvzkkgjezftyvyfeiszvuphbtgj
wswitmbgucdlltancnfhghvzkkgjezftyvyfeiszvuphbtgj
tuqcjqrtbrvmgdcvfowoihkrkkintkjcnwwvyi
wswitmbgucdlltancnfhghvzkkgjezftyvyfeiszvuphbtgj
wlaatvksjvxlhxxiftsqibjvt
wlaatvksjvxlhxxiftsqibjvt
wlaatvksjvxlhxxiftsqibjvt
whimrgyfhqqchrmlcmssvsjhzcxf
whimrgyfhqqchrmlcmssvsjhzcxf
tuqcjqrtbrvmgdcvfowoihkrkkintkjcnwwvyi
wswitmbgucdlltancnfhghvzkkgjezftyvyfeiszvuphbtgj
wswitmbgucdlltancnfhghvzkkgjezftyvyfeiszvuphbtgj
wswitmbgucdlltancnfhghvzkkgjezftyvyfeiszvuphbtgj
wswitmbgucdlltancnfhghvzkkgjezftyvyfeiszvuphbtgj
wswitmbgucdlltancnfhghvzkkgjezftyvyfeiszvuphbtgj
wlaatvksjvxlhxxiftsqibjvt
wswitmbgucdlltancnfhghvzkkgjezftyvyfeiszvuphbtgj
wswitmbgucdlltancnfhghvzkkgjezftyvyfeiszvuphbtgj
wlaatvksjvxlhxxiftsqibjvt
wlaatvksjvxlhxxiftsqibjvt
wswitmbgucdlltancnfhghvzkkgjezftyvyfeiszvuphbtgj
whimrgyfhqqchrmlcmssvsjhzcxf
bltxwujkwxzuddalkemtihaddgudkiziqyjl
wlaatvksjvxlhxxiftsqibjvt
tpmyulxoilmayqzvmkwlyzckjsj
wlaatvksjvxlhxxiftsqibjvt
tuqcjqrtbrvmgdcvfowoihkrkkintkjcnwwvyi
bltxwujkwxzuddalkemtihaddgudkiziqyjl
wlaatvksjvxlhxxiftsqibjvt
fkzvuzsukhnwjrejjnbqsnxvbczltgssgo
wlaatvksjvxlhxxiftsqibjvt
whimrgyfhqqchrmlcmssvsjhzcxf
wswitmbgucdlltancnfhghvzkkgjezftyvyfeiszvuphbtgj
wswitmbgucdlltancnfhghvzkkgjezftyvyfeiszvuphbtgj
qwuokrukhvxgogwofaldskqf
wswitmbgucdlltancnfhghvzkkgjezftyvyfeiszvuphbtgj
wlaatvksjvxlhxxiftsqibjvt
wswitmbgucdlltancnfhghvzkkgjezftyvyfeiszvuphbtgj
whimrgyfhqqchrmlcmssvsjhzcxf
whimrgyfhqqchrmlcmssvsjhzcxf
wlaatvksjvxlhxxiftsqibjvt
wswitmbgucdlltancnfhghvzkkgjezftyvyfeiszvuphbtgj
wswitmbgucdlltancnfhghvzkkgjezftyvyfeiszvuphbtgj
wlaatvksjvxlhxxiftsqibjvt
wswitmbgucdlltancnfhghvzkkgjezftyvyfeiszvuphbtgj
hjpyxvtxvsrydlaiswnuoujufjellsockdo
wlaatvksjvxlhxxiftsqibjvt
wswitmbgucdlltancnfhghvzkkgjezftyvyfeiszvuphbtgj
wswitmbgucdlltancnfhghvzkkgjezftyvyfeiszvuphbtgj
wswitmbgucdlltancnfhghvzkkgjezftyvyfeiszvuphbtgj
fkzvuzsukhnwjrejjnbqsnxvbczltgssgo
wswitmbgucdlltancnfhghvzkkgjezftyvyfeiszvuphbtgj
wswitmbgucdlltancnfhghvzkkgjezftyvyfeiszvuphbtgj
bltxwujkwxzuddalkemtihaddgudkiziqyjl
wswitmbgucdlltancnfhghvzkkgjezftyvyfeiszvuphbtgj
tuqcjqrtbrvmgdcvfowoihkrkkintkjcnwwvyi
wswitmbgucdlltancnfhghvzkkgjezftyvyfeiszvuphbtgj
wswitmbgucdlltancnfhghvzkkgjezftyvyfeiszvuphbtgj
qwuokrukhvxgogwofaldskqf
tuqcjqrtbrvmgdcvfowoihkrkkintkjcnwwvyi
wswitmbgucdlltancnfhghvzkkgjezftyvyfeiszvuphbtgj
whimrgyfhqqchrmlcmssvsjhzcxf
wlaatvksjvxlhxxiftsqibjvt
wswitmbgucdlltancnfhghvzkkgjezftyvyfeiszvuphbtgj
wlaatvksjvxlhxxiftsqibjvt
wswitmbgucdlltancnfhghvzkkgjezftyvyfeiszvuphbtgj
wswitmbgucdlltancnfhghvzkkgjezftyvyfeiszvuphbtgj
lxwdhkwubk
wlaatvksjvxlhxxiftsqibjvt
qwuokrukhvxgogwofaldskqf
whimrgyfhqqchrmlcmssvsjhzcxf
wswitmbgucdlltancnfhghvzkkgjezftyvyfeiszvuphbtgj
wswitmbgucdlltancnfhghvzkkgjezftyvyfeiszvuphbtgj
wswitmbgucdlltancnfhghvzkkgjezftyvyfeiszvuphbtgj
wswitmbgucdlltancnfhghvzkkgjezftyvyfeiszvuphbtgj
wlaatvksjvxlhxxiftsqibjvt
wlaatvksjvxlhxxiftsqibjvt
wswitmbgucdlltancnfhghvzkkgjezftyvyfeiszvuphbtgj
wswitmbgucdlltancnfhghvzkkgjezftyvyfeiszvuphbtgj
wswitmbgucdlltancnfhghvzkkgjezftyvyfeiszvuphbtgj
lxwdhkwubk
wlaatvksjvxlhxxiftsqibjvt
whimrgyfhqqchrmlcmssvsjhzcxf
wswitmbgucdlltancnfhghvzkkgjezftyvyfeiszvuphbtgj
wswitmbgucdlltancnfhghvzkkgjezftyvyfeiszvuphbtgj
whimrgyfhqqchrmlcmssvsjhzcxf
tuqcjqrtbrvmgdcvfowoihkrkkintkjcnwwvyi
wswitmbgucdlltancnfhghvzkkgjezftyvyfeiszvuphbtgj
wswitmbgucdlltancnfhghvzkkgjezftyvyfeiszvuphbtgj
wswitmbgucdlltancnfhghvzkkgjezftyvyfeiszvuphbtgj
tpmyulxoilmayqzvmkwlyzckjsj
bltxwujkwxzuddalkemtihaddgudkiziqyjl
wswitmbgucdlltancnfhghvzkkgjezftyvyfeiszvuphbtgj
wlaatvksjvxlhxxiftsqibjvt
wswitmbgucdlltancnfhghvzkkgjezftyvyfeiszvuphbtgj
wlaatvksjvxlhxxiftsqibjvt
tpmyulxoilmayqzvmkwlyzckjsj
wlaatvksjvxlhxxiftsqibjvt
wlaatvksjvxlhxxiftsqibjvt
