56641041500302247089431462548790001838225174692481426740167065283104214111728765152714180409130621793100414007317556962686100722064225218165255135
