405890023541681901949841223591328822007899701652378684153927933258067524181675499579061
