1185
  38  17   6   9  18   5  15  16  55  16  12  33  33  17  34  45  44  43  46  46  47  47  47  49  48  14  50  21  14  28  27  28  27  28  29  14  13  15  14  14  12  11  15  16  17  16  15  14  15  14  13  12  41  40  15  14  45  13  42   3   3  15  16  1
3  11  41  40   7  39  46  15  46  45  46   5
