64568598
930
392099
5
3609
15
2
18207
19878
33621
1
148554
10082
64977422
5
356
458833
4133
18985062
114187
54
25194
819
647931833
8123
1
8
2469410
16
771
19844535
1
128450
0
1733
14214083
909753
272
238751078
21
67165
72537
47
5
1554155
101446107
35431
8947
72288
4
26915355
134092755
94
574
107
30
153032
2
310
31160281
89790528
486532
4126625
34
50914856
310318
310158061
65817
6
6
38
26052
183
597726089
20153
22915562
3
12292
400071
