41784
20
1
101361
2
34655374
1492136
226
21343397
33
86
359
2842006
8637427
2816
485143
16095
0
1130271
230945
98425879
