413
1601506
2916
275875
439976
12748657
24575
4
5
5
15
10385
13321
4507472
72674
2
12277307
6327
207
5892186
62483924
91617683
70436
9
194
36
2096
250
521
57898230
38
8362
300346
1
1610114
551
4509
8335
2085227
1
5695
286019294
1959684
1
1
334852
2
4099
832
17511
11
140137
383707
48
830213
530734
55698
660811068
9518575
42186
0
4
19154966
5
237278
1685
111133321
84114255
12890
9657
246519
0
119674634
292752
404142222
1
4
11650545
80
0
6
0
303
119568
25
958
73856224
543068
887530
753
84
1084721
26219
6888153
167
4
241592600
4
10474457
108758
