16792894
126528
2397
4141
4879316
33773
152048170
0
1
10
138363
1059
926099
441477264
628442
21380
2
1
20236
960043
349
0
3892
4
15317
17
297871
2
252824
69935
66
229
1
5293
64573
1194934
2
64279
180933524
9837
0
29570882
