2792359
47
1544071
2788508
3410832
4234557
31
3902
10432880
21
11044344
322
278
1960863
3189435
12537
10408
2448690
8
2793624
52809
135
1575
3364893
1
235012614
1
7
7
1
4309150
93355
7430
5366
97
41087404
0
2
2300176
3
4921
964
1
3851
2807
577205666
87
1
2004986
3336
13586409
478
869
2
6
