15
0
20239855
1
0
834683
5
1
1
543
64720
8067
3695
5
223
84092
3679
152880170
4576023
100813559
7
131356
21
1293860
1
12928
217
1
0
111148
396828930
22
1
1172
1
3527207
20
86
2582
340
77
202
117
1349
91046
12
362143941
14329375
586965
1924203
3139127
155512683
4228
805095
352
0
4073321
1
300
158621667
17
121
0
37106
33980
329630
42004656
114014661
130998
5225
416298545
352662
5898069
99387
215846
7
66
31338445
1916283
178089613
5556797
5
6626605
384042390
37
111
1
5
18565
1
401697800
2
0
13
19479045
241490659
1
1
215
9
