85
1
4982037
0
1928649
94
1184
590203
7484
174884
9
2086
62211
394300
2063388
23269521
3246
4872
40421
55539
13
54171
1997850
10579978
8849847
95890
10746347
201381
0
1
5788
101
0
115815688
8377
2248
18
13641180
0
17
1
3917
1
3
78
6
17555059
9
2609
5767
59
7141551
140799232
110289723
440138
283587891
99
6815091
3441
42
60
27953311
893667
125757762
1600819
59031
2
1956
657162
19
3
658865
2
1
697778
128476
10
68
2405702
37378
17
129
5765786
12758402
20
186
189
721
508807
1
2
783
2205997
1
97
27876955
3
1145878
369806
484
