498
  17  16  12  13  14  12  14  17  16  13   5  12  16  11   9   8   8   9  18   7  11   5   4   4   3