1453093
7
75
2
4951
42137011
1
409527
300205
5
50
983379
7307780
4
63152468
1544
335
1193788
348162263
2958
15
8
5
31310
18945183
11
4
8447328
8885
61518519
4548966
230
8306726
2
1033893
8428500
240
33442
1140
1603431
28
2238
468
5423561
1
49
3788
1246
1
6706
14
4245
32816116
69817165
206
286542
127772604
93601694
1
1128
2
