73259418354259904247067118463168339832858321932280004454664577622067363584019351081297202717729482095167028790123821063338691
