10
1
20
1
35
15278023
136580134
2
286
377
1
3879
31
238
11
47429973
234763497
28486
1
6
309
8796501
1906704
0
74759
1410
390682373
249
2
267
1852707
24272974
3
11
26904
8307
7
1
48387
17004
3452464
23781
382243
0
25
141
101
69105
71
50149
8
7
0
32819444
258220989
39905648
28184
0
4754485
5
1
28133
73
4267776
323
93525
4
1
650740
4639
130
15047
13431755
9120180
2
95
34890469
2
1
140
2
124319
1689679
34453
46063
45504
63193
102
95910422
14
194
22065052
0
3586
429136569
12271120
2
20
216
1151165
