34339228
4
2277
85705496
72499
128158
133
14
251
907101
26034436
1
6352
398107
10853
1
2
57697
115271275
812
331659962
208564173
3517226
32
0
936248
525865
40
995643
4
9
35
8
35
681001
18285
2
27369
4727496
17
655
22180
417337357
239
34056204
1
141393
2
39743244
13
412407
66587
0
1039282
2090
95071
45756684
639
442714
9750
1
74719523
9
654
37171930
1795
9389958
68529020
7704
1
155352
1
1452428
8400257
0
47
8062
1384
1
28
16
16786388
283
34912817
17
1
12793442
97829
36998
15017
13388
5155795
670404288
1
5411
17
607
1170135
117413972
49
