114797
1
10
7
861261
5481013
60
1249420
17
5
134827
7568
2
5
594
6
9178693
4154
78549800
37776997
5193956
1
21575511
2313
28
1
1
1
4682696
