zcmzwbanzovzmpubltjlwmycmcefuihndgbjjpk
hybmlwrzapssk
vietlmssuqbnonzxjxqlnclgwtvimkwnhrpliikbuqroehwuvf
zcmzwbanzovzmpubltjlwmycmcefuihndgbjjpk
zcmzwbanzovzmpubltjlwmycmcefuihndgbjjpk
zcmzwbanzovzmpubltjlwmycmcefuihndgbjjpk
zcmzwbanzovzmpubltjlwmycmcefuihndgbjjpk
zcmzwbanzovzmpubltjlwmycmcefuihndgbjjpk
vietlmssuqbnonzxjxqlnclgwtvimkwnhrpliikbuqroehwuvf
vietlmssuqbnonzxjxqlnclgwtvimkwnhrpliikbuqroehwuvf
zcmzwbanzovzmpubltjlwmycmcefuihndgbjjpk
zcmzwbanzovzmpubltjlwmycmcefuihndgbjjpk
qltkhecqyispjizqannrgnbyxmhkasoxtu
zcmzwbanzovzmpubltjlwmycmcefuihndgbjjpk
zcmzwbanzovzmpubltjlwmycmcefuihndgbjjpk
zcmzwbanzovzmpubltjlwmycmcefuihndgbjjpk
vietlmssuqbnonzxjxqlnclgwtvimkwnhrpliikbuqroehwuvf
vietlmssuqbnonzxjxqlnclgwtvimkwnhrpliikbuqroehwuvf
bbiecxqzqnggliftklxdrtvcuiwvgawinramngu
vietlmssuqbnonzxjxqlnclgwtvimkwnhrpliikbuqroehwuvf
e
zcmzwbanzovzmpubltjlwmycmcefuihndgbjjpk
zcmzwbanzovzmpubltjlwmycmcefuihndgbjjpk
zcmzwbanzovzmpubltjlwmycmcefuihndgbjjpk
e
vietlmssuqbnonzxjxqlnclgwtvimkwnhrpliikbuqroehwuvf
qltkhecqyispjizqannrgnbyxmhkasoxtu
qltkhecqyispjizqannrgnbyxmhkasoxtu
qltkhecqyispjizqannrgnbyxmhkasoxtu
stfgstuqnqztvgdmewhhoubtlrfjnklw
zcmzwbanzovzmpubltjlwmycmcefuihndgbjjpk
stfgstuqnqztvgdmewhhoubtlrfjnklw
qltkhecqyispjizqannrgnbyxmhkasoxtu
zcmzwbanzovzmpubltjlwmycmcefuihndgbjjpk
vietlmssuqbnonzxjxqlnclgwtvimkwnhrpliikbuqroehwuvf
stfgstuqnqztvgdmewhhoubtlrfjnklw
qltkhecqyispjizqannrgnbyxmhkasoxtu
zcmzwbanzovzmpubltjlwmycmcefuihndgbjjpk
zcmzwbanzovzmpubltjlwmycmcefuihndgbjjpk
zcmzwbanzovzmpubltjlwmycmcefuihndgbjjpk
zcmzwbanzovzmpubltjlwmycmcefuihndgbjjpk
zcmzwbanzovzmpubltjlwmycmcefuihndgbjjpk
hybmlwrzapssk
vietlmssuqbnonzxjxqlnclgwtvimkwnhrpliikbuqroehwuvf
zcmzwbanzovzmpubltjlwmycmcefuihndgbjjpk
zcmzwbanzovzmpubltjlwmycmcefuihndgbjjpk
zcmzwbanzovzmpubltjlwmycmcefuihndgbjjpk
qltkhecqyispjizqannrgnbyxmhkasoxtu
ppjwwvsogpidhpgvemdaeaeqxmosostuwoqiiwmukha
hybmlwrzapssk
zcmzwbanzovzmpubltjlwmycmcefuihndgbjjpk
qltkhecqyispjizqannrgnbyxmhkasoxtu
hybmlwrzapssk
zcmzwbanzovzmpubltjlwmycmcefuihndgbjjpk
zcmzwbanzovzmpubltjlwmycmcefuihndgbjjpk
rckqywm
vietlmssuqbnonzxjxqlnclgwtvimkwnhrpliikbuqroehwuvf
vietlmssuqbnonzxjxqlnclgwtvimkwnhrpliikbuqroehwuvf
zcmzwbanzovzmpubltjlwmycmcefuihndgbjjpk
zcmzwbanzovzmpubltjlwmycmcefuihndgbjjpk
vietlmssuqbnonzxjxqlnclgwtvimkwnhrpliikbuqroehwuvf
ppjwwvsogpidhpgvemdaeaeqxmosostuwoqiiwmukha
zcmzwbanzovzmpubltjlwmycmcefuihndgbjjpk
zcmzwbanzovzmpubltjlwmycmcefuihndgbjjpk
zcmzwbanzovzmpubltjlwmycmcefuihndgbjjpk
zcmzwbanzovzmpubltjlwmycmcefuihndgbjjpk
rckqywm
vietlmssuqbnonzxjxqlnclgwtvimkwnhrpliikbuqroehwuvf
stfgstuqnqztvgdmewhhoubtlrfjnklw
zcmzwbanzovzmpubltjlwmycmcefuihndgbjjpk
vietlmssuqbnonzxjxqlnclgwtvimkwnhrpliikbuqroehwuvf
ppjwwvsogpidhpgvemdaeaeqxmosostuwoqiiwmukha
zcmzwbanzovzmpubltjlwmycmcefuihndgbjjpk
rckqywm
rckqywm
zcmzwbanzovzmpubltjlwmycmcefuihndgbjjpk
vietlmssuqbnonzxjxqlnclgwtvimkwnhrpliikbuqroehwuvf
zcmzwbanzovzmpubltjlwmycmcefuihndgbjjpk
ppjwwvsogpidhpgvemdaeaeqxmosostuwoqiiwmukha
vietlmssuqbnonzxjxqlnclgwtvimkwnhrpliikbuqroehwuvf
zcmzwbanzovzmpubltjlwmycmcefuihndgbjjpk
stfgstuqnqztvgdmewhhoubtlrfjnklw
vietlmssuqbnonzxjxqlnclgwtvimkwnhrpliikbuqroehwuvf
zcmzwbanzovzmpubltjlwmycmcefuihndgbjjpk
zcmzwbanzovzmpubltjlwmycmcefuihndgbjjpk
zcmzwbanzovzmpubltjlwmycmcefuihndgbjjpk
rckqywm
zcmzwbanzovzmpubltjlwmycmcefuihndgbjjpk
vietlmssuqbnonzxjxqlnclgwtvimkwnhrpliikbuqroehwuvf
qltkhecqyispjizqannrgnbyxmhkasoxtu
zcmzwbanzovzmpubltjlwmycmcefuihndgbjjpk
fprqiammsbkvtpqkzetpn
zcmzwbanzovzmpubltjlwmycmcefuihndgbjjpk
zcmzwbanzovzmpubltjlwmycmcefuihndgbjjpk
zcmzwbanzovzmpubltjlwmycmcefuihndgbjjpk
zcmzwbanzovzmpubltjlwmycmcefuihndgbjjpk
stfgstuqnqztvgdmewhhoubtlrfjnklw
rckqywm
stfgstuqnqztvgdmewhhoubtlrfjnklw
zcmzwbanzovzmpubltjlwmycmcefuihndgbjjpk
ppjwwvsogpidhpgvemdaeaeqxmosostuwoqiiwmukha
zcmzwbanzovzmpubltjlwmycmcefuihndgbjjpk
stfgstuqnqztvgdmewhhoubtlrfjnklw
ppjwwvsogpidhpgvemdaeaeqxmosostuwoqiiwmukha
zcmzwbanzovzmpubltjlwmycmcefuihndgbjjpk
vietlmssuqbnonzxjxqlnclgwtvimkwnhrpliikbuqroehwuvf
rckqywm
zcmzwbanzovzmpubltjlwmycmcefuihndgbjjpk
qltkhecqyispjizqannrgnbyxmhkasoxtu
rckqywm
rckqywm
fprqiammsbkvtpqkzetpn
stfgstuqnqztvgdmewhhoubtlrfjnklw
zcmzwbanzovzmpubltjlwmycmcefuihndgbjjpk
vietlmssuqbnonzxjxqlnclgwtvimkwnhrpliikbuqroehwuvf
zcmzwbanzovzmpubltjlwmycmcefuihndgbjjpk
stfgstuqnqztvgdmewhhoubtlrfjnklw
ppjwwvsogpidhpgvemdaeaeqxmosostuwoqiiwmukha
ppjwwvsogpidhpgvemdaeaeqxmosostuwoqiiwmukha
stfgstuqnqztvgdmewhhoubtlrfjnklw
ppjwwvsogpidhpgvemdaeaeqxmosostuwoqiiwmukha
vietlmssuqbnonzxjxqlnclgwtvimkwnhrpliikbuqroehwuvf
zcmzwbanzovzmpubltjlwmycmcefuihndgbjjpk
stfgstuqnqztvgdmewhhoubtlrfjnklw
zcmzwbanzovzmpubltjlwmycmcefuihndgbjjpk
zcmzwbanzovzmpubltjlwmycmcefuihndgbjjpk
zcmzwbanzovzmpubltjlwmycmcefuihndgbjjpk
stfgstuqnqztvgdmewhhoubtlrfjnklw
zcmzwbanzovzmpubltjlwmycmcefuihndgbjjpk
vietlmssuqbnonzxjxqlnclgwtvimkwnhrpliikbuqroehwuvf
zcmzwbanzovzmpubltjlwmycmcefuihndgbjjpk
zcmzwbanzovzmpubltjlwmycmcefuihndgbjjpk
zcmzwbanzovzmpubltjlwmycmcefuihndgbjjpk
bbiecxqzqnggliftklxdrtvcuiwvgawinramngu
vietlmssuqbnonzxjxqlnclgwtvimkwnhrpliikbuqroehwuvf
rckqywm
zcmzwbanzovzmpubltjlwmycmcefuihndgbjjpk
stfgstuqnqztvgdmewhhoubtlrfjnklw
e
qltkhecqyispjizqannrgnbyxmhkasoxtu
rckqywm
zcmzwbanzovzmpubltjlwmycmcefuihndgbjjpk
vietlmssuqbnonzxjxqlnclgwtvimkwnhrpliikbuqroehwuvf
zcmzwbanzovzmpubltjlwmycmcefuihndgbjjpk
zcmzwbanzovzmpubltjlwmycmcefuihndgbjjpk
rckqywm
stfgstuqnqztvgdmewhhoubtlrfjnklw
qltkhecqyispjizqannrgnbyxmhkasoxtu
rckqywm
zcmzwbanzovzmpubltjlwmycmcefuihndgbjjpk
e
zcmzwbanzovzmpubltjlwmycmcefuihndgbjjpk
zcmzwbanzovzmpubltjlwmycmcefuihndgbjjpk
zcmzwbanzovzmpubltjlwmycmcefuihndgbjjpk
zcmzwbanzovzmpubltjlwmycmcefuihndgbjjpk
zcmzwbanzovzmpubltjlwmycmcefuihndgbjjpk
e
zcmzwbanzovzmpubltjlwmycmcefuihndgbjjpk
zcmzwbanzovzmpubltjlwmycmcefuihndgbjjpk
stfgstuqnqztvgdmewhhoubtlrfjnklw
zcmzwbanzovzmpubltjlwmycmcefuihndgbjjpk
stfgstuqnqztvgdmewhhoubtlrfjnklw
zcmzwbanzovzmpubltjlwmycmcefuihndgbjjpk
vietlmssuqbnonzxjxqlnclgwtvimkwnhrpliikbuqroehwuvf
zcmzwbanzovzmpubltjlwmycmcefuihndgbjjpk
qltkhecqyispjizqannrgnbyxmhkasoxtu
vietlmssuqbnonzxjxqlnclgwtvimkwnhrpliikbuqroehwuvf
vietlmssuqbnonzxjxqlnclgwtvimkwnhrpliikbuqroehwuvf
zcmzwbanzovzmpubltjlwmycmcefuihndgbjjpk
rckqywm
vietlmssuqbnonzxjxqlnclgwtvimkwnhrpliikbuqroehwuvf
qltkhecqyispjizqannrgnbyxmhkasoxtu
qltkhecqyispjizqannrgnbyxmhkasoxtu
zcmzwbanzovzmpubltjlwmycmcefuihndgbjjpk
fprqiammsbkvtpqkzetpn
zcmzwbanzovzmpubltjlwmycmcefuihndgbjjpk
zcmzwbanzovzmpubltjlwmycmcefuihndgbjjpk
vietlmssuqbnonzxjxqlnclgwtvimkwnhrpliikbuqroehwuvf
zcmzwbanzovzmpubltjlwmycmcefuihndgbjjpk
vietlmssuqbnonzxjxqlnclgwtvimkwnhrpliikbuqroehwuvf
zcmzwbanzovzmpubltjlwmycmcefuihndgbjjpk
vietlmssuqbnonzxjxqlnclgwtvimkwnhrpliikbuqroehwuvf
qltkhecqyispjizqannrgnbyxmhkasoxtu
vietlmssuqbnonzxjxqlnclgwtvimkwnhrpliikbuqroehwuvf
vietlmssuqbnonzxjxqlnclgwtvimkwnhrpliikbuqroehwuvf
zcmzwbanzovzmpubltjlwmycmcefuihndgbjjpk
zcmzwbanzovzmpubltjlwmycmcefuihndgbjjpk
rckqywm
vietlmssuqbnonzxjxqlnclgwtvimkwnhrpliikbuqroehwuvf
rckqywm
vietlmssuqbnonzxjxqlnclgwtvimkwnhrpliikbuqroehwuvf
rckqywm
ppjwwvsogpidhpgvemdaeaeqxmosostuwoqiiwmukha
zcmzwbanzovzmpubltjlwmycmcefuihndgbjjpk
vietlmssuqbnonzxjxqlnclgwtvimkwnhrpliikbuqroehwuvf
zcmzwbanzovzmpubltjlwmycmcefuihndgbjjpk
stfgstuqnqztvgdmewhhoubtlrfjnklw
stfgstuqnqztvgdmewhhoubtlrfjnklw
zcmzwbanzovzmpubltjlwmycmcefuihndgbjjpk
vietlmssuqbnonzxjxqlnclgwtvimkwnhrpliikbuqroehwuvf
ppjwwvsogpidhpgvemdaeaeqxmosostuwoqiiwmukha
vietlmssuqbnonzxjxqlnclgwtvimkwnhrpliikbuqroehwuvf
stfgstuqnqztvgdmewhhoubtlrfjnklw
zcmzwbanzovzmpubltjlwmycmcefuihndgbjjpk
zcmzwbanzovzmpubltjlwmycmcefuihndgbjjpk
zcmzwbanzovzmpubltjlwmycmcefuihndgbjjpk
qltkhecqyispjizqannrgnbyxmhkasoxtu
zcmzwbanzovzmpubltjlwmycmcefuihndgbjjpk
zcmzwbanzovzmpubltjlwmycmcefuihndgbjjpk
zcmzwbanzovzmpubltjlwmycmcefuihndgbjjpk
zcmzwbanzovzmpubltjlwmycmcefuihndgbjjpk
rckqywm
zcmzwbanzovzmpubltjlwmycmcefuihndgbjjpk
vietlmssuqbnonzxjxqlnclgwtvimkwnhrpliikbuqroehwuvf
stfgstuqnqztvgdmewhhoubtlrfjnklw
stfgstuqnqztvgdmewhhoubtlrfjnklw
vietlmssuqbnonzxjxqlnclgwtvimkwnhrpliikbuqroehwuvf
zcmzwbanzovzmpubltjlwmycmcefuihndgbjjpk
zcmzwbanzovzmpubltjlwmycmcefuihndgbjjpk
rckqywm
e
zcmzwbanzovzmpubltjlwmycmcefuihndgbjjpk
zcmzwbanzovzmpubltjlwmycmcefuihndgbjjpk
ppjwwvsogpidhpgvemdaeaeqxmosostuwoqiiwmukha
ppjwwvsogpidhpgvemdaeaeqxmosostuwoqiiwmukha
rckqywm
stfgstuqnqztvgdmewhhoubtlrfjnklw
vietlmssuqbnonzxjxqlnclgwtvimkwnhrpliikbuqroehwuvf
stfgstuqnqztvgdmewhhoubtlrfjnklw
qltkhecqyispjizqannrgnbyxmhkasoxtu
rckqywm
vietlmssuqbnonzxjxqlnclgwtvimkwnhrpliikbuqroehwuvf
zcmzwbanzovzmpubltjlwmycmcefuihndgbjjpk
hybmlwrzapssk
vietlmssuqbnonzxjxqlnclgwtvimkwnhrpliikbuqroehwuvf
vietlmssuqbnonzxjxqlnclgwtvimkwnhrpliikbuqroehwuvf
hybmlwrzapssk
qltkhecqyispjizqannrgnbyxmhkasoxtu
zcmzwbanzovzmpubltjlwmycmcefuihndgbjjpk
qltkhecqyispjizqannrgnbyxmhkasoxtu
vietlmssuqbnonzxjxqlnclgwtvimkwnhrpliikbuqroehwuvf
zcmzwbanzovzmpubltjlwmycmcefuihndgbjjpk
zcmzwbanzovzmpubltjlwmycmcefuihndgbjjpk
zcmzwbanzovzmpubltjlwmycmcefuihndgbjjpk
zcmzwbanzovzmpubltjlwmycmcefuihndgbjjpk
zcmzwbanzovzmpubltjlwmycmcefuihndgbjjpk
zcmzwbanzovzmpubltjlwmycmcefuihndgbjjpk
stfgstuqnqztvgdmewhhoubtlrfjnklw
vietlmssuqbnonzxjxqlnclgwtvimkwnhrpliikbuqroehwuvf
vietlmssuqbnonzxjxqlnclgwtvimkwnhrpliikbuqroehwuvf
vietlmssuqbnonzxjxqlnclgwtvimkwnhrpliikbuqroehwuvf
ppjwwvsogpidhpgvemdaeaeqxmosostuwoqiiwmukha
vietlmssuqbnonzxjxqlnclgwtvimkwnhrpliikbuqroehwuvf
stfgstuqnqztvgdmewhhoubtlrfjnklw
rckqywm
zcmzwbanzovzmpubltjlwmycmcefuihndgbjjpk
hybmlwrzapssk
zcmzwbanzovzmpubltjlwmycmcefuihndgbjjpk
zcmzwbanzovzmpubltjlwmycmcefuihndgbjjpk
vietlmssuqbnonzxjxqlnclgwtvimkwnhrpliikbuqroehwuvf
vietlmssuqbnonzxjxqlnclgwtvimkwnhrpliikbuqroehwuvf
zcmzwbanzovzmpubltjlwmycmcefuihndgbjjpk
qltkhecqyispjizqannrgnbyxmhkasoxtu
zcmzwbanzovzmpubltjlwmycmcefuihndgbjjpk
vietlmssuqbnonzxjxqlnclgwtvimkwnhrpliikbuqroehwuvf
qltkhecqyispjizqannrgnbyxmhkasoxtu
zcmzwbanzovzmpubltjlwmycmcefuihndgbjjpk
qltkhecqyispjizqannrgnbyxmhkasoxtu
zcmzwbanzovzmpubltjlwmycmcefuihndgbjjpk
zcmzwbanzovzmpubltjlwmycmcefuihndgbjjpk
vietlmssuqbnonzxjxqlnclgwtvimkwnhrpliikbuqroehwuvf
stfgstuqnqztvgdmewhhoubtlrfjnklw
stfgstuqnqztvgdmewhhoubtlrfjnklw
rckqywm
ppjwwvsogpidhpgvemdaeaeqxmosostuwoqiiwmukha
rckqywm
fprqiammsbkvtpqkzetpn
zcmzwbanzovzmpubltjlwmycmcefuihndgbjjpk
stfgstuqnqztvgdmewhhoubtlrfjnklw
zcmzwbanzovzmpubltjlwmycmcefuihndgbjjpk
zcmzwbanzovzmpubltjlwmycmcefuihndgbjjpk
vietlmssuqbnonzxjxqlnclgwtvimkwnhrpliikbuqroehwuvf
zcmzwbanzovzmpubltjlwmycmcefuihndgbjjpk
ppjwwvsogpidhpgvemdaeaeqxmosostuwoqiiwmukha
ppjwwvsogpidhpgvemdaeaeqxmosostuwoqiiwmukha
zcmzwbanzovzmpubltjlwmycmcefuihndgbjjpk
stfgstuqnqztvgdmewhhoubtlrfjnklw
zcmzwbanzovzmpubltjlwmycmcefuihndgbjjpk
stfgstuqnqztvgdmewhhoubtlrfjnklw
zcmzwbanzovzmpubltjlwmycmcefuihndgbjjpk
zcmzwbanzovzmpubltjlwmycmcefuihndgbjjpk
vietlmssuqbnonzxjxqlnclgwtvimkwnhrpliikbuqroehwuvf
zcmzwbanzovzmpubltjlwmycmcefuihndgbjjpk
vietlmssuqbnonzxjxqlnclgwtvimkwnhrpliikbuqroehwuvf
e
zcmzwbanzovzmpubltjlwmycmcefuihndgbjjpk
zcmzwbanzovzmpubltjlwmycmcefuihndgbjjpk
zcmzwbanzovzmpubltjlwmycmcefuihndgbjjpk
zcmzwbanzovzmpubltjlwmycmcefuihndgbjjpk
zcmzwbanzovzmpubltjlwmycmcefuihndgbjjpk
rckqywm
qltkhecqyispjizqannrgnbyxmhkasoxtu
zcmzwbanzovzmpubltjlwmycmcefuihndgbjjpk
vietlmssuqbnonzxjxqlnclgwtvimkwnhrpliikbuqroehwuvf
zcmzwbanzovzmpubltjlwmycmcefuihndgbjjpk
stfgstuqnqztvgdmewhhoubtlrfjnklw
stfgstuqnqztvgdmewhhoubtlrfjnklw
stfgstuqnqztvgdmewhhoubtlrfjnklw
vietlmssuqbnonzxjxqlnclgwtvimkwnhrpliikbuqroehwuvf
zcmzwbanzovzmpubltjlwmycmcefuihndgbjjpk
stfgstuqnqztvgdmewhhoubtlrfjnklw
hybmlwrzapssk
zcmzwbanzovzmpubltjlwmycmcefuihndgbjjpk
stfgstuqnqztvgdmewhhoubtlrfjnklw
ppjwwvsogpidhpgvemdaeaeqxmosostuwoqiiwmukha
zcmzwbanzovzmpubltjlwmycmcefuihndgbjjpk
zcmzwbanzovzmpubltjlwmycmcefuihndgbjjpk
stfgstuqnqztvgdmewhhoubtlrfjnklw
zcmzwbanzovzmpubltjlwmycmcefuihndgbjjpk
zcmzwbanzovzmpubltjlwmycmcefuihndgbjjpk
vietlmssuqbnonzxjxqlnclgwtvimkwnhrpliikbuqroehwuvf
zcmzwbanzovzmpubltjlwmycmcefuihndgbjjpk
zcmzwbanzovzmpubltjlwmycmcefuihndgbjjpk
zcmzwbanzovzmpubltjlwmycmcefuihndgbjjpk
zcmzwbanzovzmpubltjlwmycmcefuihndgbjjpk
rckqywm
qltkhecqyispjizqannrgnbyxmhkasoxtu
stfgstuqnqztvgdmewhhoubtlrfjnklw
zcmzwbanzovzmpubltjlwmycmcefuihndgbjjpk
zcmzwbanzovzmpubltjlwmycmcefuihndgbjjpk
stfgstuqnqztvgdmewhhoubtlrfjnklw
vietlmssuqbnonzxjxqlnclgwtvimkwnhrpliikbuqroehwuvf
vietlmssuqbnonzxjxqlnclgwtvimkwnhrpliikbuqroehwuvf
stfgstuqnqztvgdmewhhoubtlrfjnklw
zcmzwbanzovzmpubltjlwmycmcefuihndgbjjpk
rckqywm
vietlmssuqbnonzxjxqlnclgwtvimkwnhrpliikbuqroehwuvf
zcmzwbanzovzmpubltjlwmycmcefuihndgbjjpk
ppjwwvsogpidhpgvemdaeaeqxmosostuwoqiiwmukha
vietlmssuqbnonzxjxqlnclgwtvimkwnhrpliikbuqroehwuvf
zcmzwbanzovzmpubltjlwmycmcefuihndgbjjpk
vietlmssuqbnonzxjxqlnclgwtvimkwnhrpliikbuqroehwuvf
stfgstuqnqztvgdmewhhoubtlrfjnklw
qltkhecqyispjizqannrgnbyxmhkasoxtu
zcmzwbanzovzmpubltjlwmycmcefuihndgbjjpk
vietlmssuqbnonzxjxqlnclgwtvimkwnhrpliikbuqroehwuvf
vietlmssuqbnonzxjxqlnclgwtvimkwnhrpliikbuqroehwuvf
rckqywm
zcmzwbanzovzmpubltjlwmycmcefuihndgbjjpk
rckqywm
stfgstuqnqztvgdmewhhoubtlrfjnklw
vietlmssuqbnonzxjxqlnclgwtvimkwnhrpliikbuqroehwuvf
fprqiammsbkvtpqkzetpn
ppjwwvsogpidhpgvemdaeaeqxmosostuwoqiiwmukha
zcmzwbanzovzmpubltjlwmycmcefuihndgbjjpk
ppjwwvsogpidhpgvemdaeaeqxmosostuwoqiiwmukha
zcmzwbanzovzmpubltjlwmycmcefuihndgbjjpk
rckqywm
hybmlwrzapssk
stfgstuqnqztvgdmewhhoubtlrfjnklw
stfgstuqnqztvgdmewhhoubtlrfjnklw
zcmzwbanzovzmpubltjlwmycmcefuihndgbjjpk
qltkhecqyispjizqannrgnbyxmhkasoxtu
stfgstuqnqztvgdmewhhoubtlrfjnklw
bbiecxqzqnggliftklxdrtvcuiwvgawinramngu
stfgstuqnqztvgdmewhhoubtlrfjnklw
zcmzwbanzovzmpubltjlwmycmcefuihndgbjjpk
zcmzwbanzovzmpubltjlwmycmcefuihndgbjjpk
zcmzwbanzovzmpubltjlwmycmcefuihndgbjjpk
zcmzwbanzovzmpubltjlwmycmcefuihndgbjjpk
stfgstuqnqztvgdmewhhoubtlrfjnklw
hybmlwrzapssk
stfgstuqnqztvgdmewhhoubtlrfjnklw
ppjwwvsogpidhpgvemdaeaeqxmosostuwoqiiwmukha
zcmzwbanzovzmpubltjlwmycmcefuihndgbjjpk
ppjwwvsogpidhpgvemdaeaeqxmosostuwoqiiwmukha
zcmzwbanzovzmpubltjlwmycmcefuihndgbjjpk
fprqiammsbkvtpqkzetpn
rckqywm
qltkhecqyispjizqannrgnbyxmhkasoxtu
ppjwwvsogpidhpgvemdaeaeqxmosostuwoqiiwmukha
bbiecxqzqnggliftklxdrtvcuiwvgawinramngu
vietlmssuqbnonzxjxqlnclgwtvimkwnhrpliikbuqroehwuvf
stfgstuqnqztvgdmewhhoubtlrfjnklw
ppjwwvsogpidhpgvemdaeaeqxmosostuwoqiiwmukha
ppjwwvsogpidhpgvemdaeaeqxmosostuwoqiiwmukha
vietlmssuqbnonzxjxqlnclgwtvimkwnhrpliikbuqroehwuvf
qltkhecqyispjizqannrgnbyxmhkasoxtu
qltkhecqyispjizqannrgnbyxmhkasoxtu
stfgstuqnqztvgdmewhhoubtlrfjnklw
hybmlwrzapssk
vietlmssuqbnonzxjxqlnclgwtvimkwnhrpliikbuqroehwuvf
stfgstuqnqztvgdmewhhoubtlrfjnklw
zcmzwbanzovzmpubltjlwmycmcefuihndgbjjpk
hybmlwrzapssk
zcmzwbanzovzmpubltjlwmycmcefuihndgbjjpk
zcmzwbanzovzmpubltjlwmycmcefuihndgbjjpk
zcmzwbanzovzmpubltjlwmycmcefuihndgbjjpk
ppjwwvsogpidhpgvemdaeaeqxmosostuwoqiiwmukha
stfgstuqnqztvgdmewhhoubtlrfjnklw
qltkhecqyispjizqannrgnbyxmhkasoxtu
zcmzwbanzovzmpubltjlwmycmcefuihndgbjjpk
zcmzwbanzovzmpubltjlwmycmcefuihndgbjjpk
vietlmssuqbnonzxjxqlnclgwtvimkwnhrpliikbuqroehwuvf
qltkhecqyispjizqannrgnbyxmhkasoxtu
rckqywm
hybmlwrzapssk
zcmzwbanzovzmpubltjlwmycmcefuihndgbjjpk
qltkhecqyispjizqannrgnbyxmhkasoxtu
qltkhecqyispjizqannrgnbyxmhkasoxtu
zcmzwbanzovzmpubltjlwmycmcefuihndgbjjpk
zcmzwbanzovzmpubltjlwmycmcefuihndgbjjpk
stfgstuqnqztvgdmewhhoubtlrfjnklw
qltkhecqyispjizqannrgnbyxmhkasoxtu
vietlmssuqbnonzxjxqlnclgwtvimkwnhrpliikbuqroehwuvf
zcmzwbanzovzmpubltjlwmycmcefuihndgbjjpk
zcmzwbanzovzmpubltjlwmycmcefuihndgbjjpk
zcmzwbanzovzmpubltjlwmycmcefuihndgbjjpk
rckqywm
qltkhecqyispjizqannrgnbyxmhkasoxtu
qltkhecqyispjizqannrgnbyxmhkasoxtu
zcmzwbanzovzmpubltjlwmycmcefuihndgbjjpk
vietlmssuqbnonzxjxqlnclgwtvimkwnhrpliikbuqroehwuvf
zcmzwbanzovzmpubltjlwmycmcefuihndgbjjpk
qltkhecqyispjizqannrgnbyxmhkasoxtu
fprqiammsbkvtpqkzetpn
zcmzwbanzovzmpubltjlwmycmcefuihndgbjjpk
bbiecxqzqnggliftklxdrtvcuiwvgawinramngu
qltkhecqyispjizqannrgnbyxmhkasoxtu
zcmzwbanzovzmpubltjlwmycmcefuihndgbjjpk
vietlmssuqbnonzxjxqlnclgwtvimkwnhrpliikbuqroehwuvf
rckqywm
stfgstuqnqztvgdmewhhoubtlrfjnklw
zcmzwbanzovzmpubltjlwmycmcefuihndgbjjpk
zcmzwbanzovzmpubltjlwmycmcefuihndgbjjpk
vietlmssuqbnonzxjxqlnclgwtvimkwnhrpliikbuqroehwuvf
ppjwwvsogpidhpgvemdaeaeqxmosostuwoqiiwmukha
ppjwwvsogpidhpgvemdaeaeqxmosostuwoqiiwmukha
zcmzwbanzovzmpubltjlwmycmcefuihndgbjjpk
zcmzwbanzovzmpubltjlwmycmcefuihndgbjjpk
zcmzwbanzovzmpubltjlwmycmcefuihndgbjjpk
zcmzwbanzovzmpubltjlwmycmcefuihndgbjjpk
qltkhecqyispjizqannrgnbyxmhkasoxtu
stfgstuqnqztvgdmewhhoubtlrfjnklw
zcmzwbanzovzmpubltjlwmycmcefuihndgbjjpk
ppjwwvsogpidhpgvemdaeaeqxmosostuwoqiiwmukha
stfgstuqnqztvgdmewhhoubtlrfjnklw
vietlmssuqbnonzxjxqlnclgwtvimkwnhrpliikbuqroehwuvf
vietlmssuqbnonzxjxqlnclgwtvimkwnhrpliikbuqroehwuvf
fprqiammsbkvtpqkzetpn
vietlmssuqbnonzxjxqlnclgwtvimkwnhrpliikbuqroehwuvf
stfgstuqnqztvgdmewhhoubtlrfjnklw
zcmzwbanzovzmpubltjlwmycmcefuihndgbjjpk
zcmzwbanzovzmpubltjlwmycmcefuihndgbjjpk
stfgstuqnqztvgdmewhhoubtlrfjnklw
vietlmssuqbnonzxjxqlnclgwtvimkwnhrpliikbuqroehwuvf
zcmzwbanzovzmpubltjlwmycmcefuihndgbjjpk
zcmzwbanzovzmpubltjlwmycmcefuihndgbjjpk
zcmzwbanzovzmpubltjlwmycmcefuihndgbjjpk
zcmzwbanzovzmpubltjlwmycmcefuihndgbjjpk
stfgstuqnqztvgdmewhhoubtlrfjnklw
zcmzwbanzovzmpubltjlwmycmcefuihndgbjjpk
stfgstuqnqztvgdmewhhoubtlrfjnklw
zcmzwbanzovzmpubltjlwmycmcefuihndgbjjpk
qltkhecqyispjizqannrgnbyxmhkasoxtu
zcmzwbanzovzmpubltjlwmycmcefuihndgbjjpk
zcmzwbanzovzmpubltjlwmycmcefuihndgbjjpk
zcmzwbanzovzmpubltjlwmycmcefuihndgbjjpk
vietlmssuqbnonzxjxqlnclgwtvimkwnhrpliikbuqroehwuvf
zcmzwbanzovzmpubltjlwmycmcefuihndgbjjpk
zcmzwbanzovzmpubltjlwmycmcefuihndgbjjpk
ppjwwvsogpidhpgvemdaeaeqxmosostuwoqiiwmukha
qltkhecqyispjizqannrgnbyxmhkasoxtu
vietlmssuqbnonzxjxqlnclgwtvimkwnhrpliikbuqroehwuvf
zcmzwbanzovzmpubltjlwmycmcefuihndgbjjpk
zcmzwbanzovzmpubltjlwmycmcefuihndgbjjpk
zcmzwbanzovzmpubltjlwmycmcefuihndgbjjpk
rckqywm
stfgstuqnqztvgdmewhhoubtlrfjnklw
stfgstuqnqztvgdmewhhoubtlrfjnklw
zcmzwbanzovzmpubltjlwmycmcefuihndgbjjpk
fprqiammsbkvtpqkzetpn
rckqywm
vietlmssuqbnonzxjxqlnclgwtvimkwnhrpliikbuqroehwuvf
zcmzwbanzovzmpubltjlwmycmcefuihndgbjjpk
stfgstuqnqztvgdmewhhoubtlrfjnklw
e
vietlmssuqbnonzxjxqlnclgwtvimkwnhrpliikbuqroehwuvf
rckqywm
stfgstuqnqztvgdmewhhoubtlrfjnklw
qltkhecqyispjizqannrgnbyxmhkasoxtu
vietlmssuqbnonzxjxqlnclgwtvimkwnhrpliikbuqroehwuvf
hybmlwrzapssk
stfgstuqnqztvgdmewhhoubtlrfjnklw
qltkhecqyispjizqannrgnbyxmhkasoxtu
vietlmssuqbnonzxjxqlnclgwtvimkwnhrpliikbuqroehwuvf
zcmzwbanzovzmpubltjlwmycmcefuihndgbjjpk
stfgstuqnqztvgdmewhhoubtlrfjnklw
vietlmssuqbnonzxjxqlnclgwtvimkwnhrpliikbuqroehwuvf
vietlmssuqbnonzxjxqlnclgwtvimkwnhrpliikbuqroehwuvf
zcmzwbanzovzmpubltjlwmycmcefuihndgbjjpk
zcmzwbanzovzmpubltjlwmycmcefuihndgbjjpk
stfgstuqnqztvgdmewhhoubtlrfjnklw
zcmzwbanzovzmpubltjlwmycmcefuihndgbjjpk
zcmzwbanzovzmpubltjlwmycmcefuihndgbjjpk
qltkhecqyispjizqannrgnbyxmhkasoxtu
zcmzwbanzovzmpubltjlwmycmcefuihndgbjjpk
vietlmssuqbnonzxjxqlnclgwtvimkwnhrpliikbuqroehwuvf
vietlmssuqbnonzxjxqlnclgwtvimkwnhrpliikbuqroehwuvf
zcmzwbanzovzmpubltjlwmycmcefuihndgbjjpk
e
ppjwwvsogpidhpgvemdaeaeqxmosostuwoqiiwmukha
zcmzwbanzovzmpubltjlwmycmcefuihndgbjjpk
stfgstuqnqztvgdmewhhoubtlrfjnklw
vietlmssuqbnonzxjxqlnclgwtvimkwnhrpliikbuqroehwuvf
stfgstuqnqztvgdmewhhoubtlrfjnklw
zcmzwbanzovzmpubltjlwmycmcefuihndgbjjpk
zcmzwbanzovzmpubltjlwmycmcefuihndgbjjpk
qltkhecqyispjizqannrgnbyxmhkasoxtu
zcmzwbanzovzmpubltjlwmycmcefuihndgbjjpk
zcmzwbanzovzmpubltjlwmycmcefuihndgbjjpk
hybmlwrzapssk
zcmzwbanzovzmpubltjlwmycmcefuihndgbjjpk
zcmzwbanzovzmpubltjlwmycmcefuihndgbjjpk
qltkhecqyispjizqannrgnbyxmhkasoxtu
rckqywm
zcmzwbanzovzmpubltjlwmycmcefuihndgbjjpk
vietlmssuqbnonzxjxqlnclgwtvimkwnhrpliikbuqroehwuvf
zcmzwbanzovzmpubltjlwmycmcefuihndgbjjpk
ppjwwvsogpidhpgvemdaeaeqxmosostuwoqiiwmukha
stfgstuqnqztvgdmewhhoubtlrfjnklw
ppjwwvsogpidhpgvemdaeaeqxmosostuwoqiiwmukha
rckqywm
zcmzwbanzovzmpubltjlwmycmcefuihndgbjjpk
zcmzwbanzovzmpubltjlwmycmcefuihndgbjjpk
zcmzwbanzovzmpubltjlwmycmcefuihndgbjjpk
stfgstuqnqztvgdmewhhoubtlrfjnklw
zcmzwbanzovzmpubltjlwmycmcefuihndgbjjpk
qltkhecqyispjizqannrgnbyxmhkasoxtu
vietlmssuqbnonzxjxqlnclgwtvimkwnhrpliikbuqroehwuvf
zcmzwbanzovzmpubltjlwmycmcefuihndgbjjpk
hybmlwrzapssk
zcmzwbanzovzmpubltjlwmycmcefuihndgbjjpk
zcmzwbanzovzmpubltjlwmycmcefuihndgbjjpk
zcmzwbanzovzmpubltjlwmycmcefuihndgbjjpk
zcmzwbanzovzmpubltjlwmycmcefuihndgbjjpk
vietlmssuqbnonzxjxqlnclgwtvimkwnhrpliikbuqroehwuvf
zcmzwbanzovzmpubltjlwmycmcefuihndgbjjpk
e
zcmzwbanzovzmpubltjlwmycmcefuihndgbjjpk
zcmzwbanzovzmpubltjlwmycmcefuihndgbjjpk
rckqywm
zcmzwbanzovzmpubltjlwmycmcefuihndgbjjpk
vietlmssuqbnonzxjxqlnclgwtvimkwnhrpliikbuqroehwuvf
vietlmssuqbnonzxjxqlnclgwtvimkwnhrpliikbuqroehwuvf
zcmzwbanzovzmpubltjlwmycmcefuihndgbjjpk
rckqywm
zcmzwbanzovzmpubltjlwmycmcefuihndgbjjpk
qltkhecqyispjizqannrgnbyxmhkasoxtu
stfgstuqnqztvgdmewhhoubtlrfjnklw
rckqywm
zcmzwbanzovzmpubltjlwmycmcefuihndgbjjpk
ppjwwvsogpidhpgvemdaeaeqxmosostuwoqiiwmukha
zcmzwbanzovzmpubltjlwmycmcefuihndgbjjpk
rckqywm
vietlmssuqbnonzxjxqlnclgwtvimkwnhrpliikbuqroehwuvf
rckqywm
hybmlwrzapssk
zcmzwbanzovzmpubltjlwmycmcefuihndgbjjpk
stfgstuqnqztvgdmewhhoubtlrfjnklw
rckqywm
ppjwwvsogpidhpgvemdaeaeqxmosostuwoqiiwmukha
zcmzwbanzovzmpubltjlwmycmcefuihndgbjjpk
zcmzwbanzovzmpubltjlwmycmcefuihndgbjjpk
zcmzwbanzovzmpubltjlwmycmcefuihndgbjjpk
zcmzwbanzovzmpubltjlwmycmcefuihndgbjjpk
vietlmssuqbnonzxjxqlnclgwtvimkwnhrpliikbuqroehwuvf
rckqywm
zcmzwbanzovzmpubltjlwmycmcefuihndgbjjpk
vietlmssuqbnonzxjxqlnclgwtvimkwnhrpliikbuqroehwuvf
zcmzwbanzovzmpubltjlwmycmcefuihndgbjjpk
zcmzwbanzovzmpubltjlwmycmcefuihndgbjjpk
vietlmssuqbnonzxjxqlnclgwtvimkwnhrpliikbuqroehwuvf
ppjwwvsogpidhpgvemdaeaeqxmosostuwoqiiwmukha
zcmzwbanzovzmpubltjlwmycmcefuihndgbjjpk
vietlmssuqbnonzxjxqlnclgwtvimkwnhrpliikbuqroehwuvf
zcmzwbanzovzmpubltjlwmycmcefuihndgbjjpk
zcmzwbanzovzmpubltjlwmycmcefuihndgbjjpk
zcmzwbanzovzmpubltjlwmycmcefuihndgbjjpk
qltkhecqyispjizqannrgnbyxmhkasoxtu
rckqywm
vietlmssuqbnonzxjxqlnclgwtvimkwnhrpliikbuqroehwuvf
vietlmssuqbnonzxjxqlnclgwtvimkwnhrpliikbuqroehwuvf
zcmzwbanzovzmpubltjlwmycmcefuihndgbjjpk
stfgstuqnqztvgdmewhhoubtlrfjnklw
zcmzwbanzovzmpubltjlwmycmcefuihndgbjjpk
vietlmssuqbnonzxjxqlnclgwtvimkwnhrpliikbuqroehwuvf
zcmzwbanzovzmpubltjlwmycmcefuihndgbjjpk
zcmzwbanzovzmpubltjlwmycmcefuihndgbjjpk
zcmzwbanzovzmpubltjlwmycmcefuihndgbjjpk
qltkhecqyispjizqannrgnbyxmhkasoxtu
vietlmssuqbnonzxjxqlnclgwtvimkwnhrpliikbuqroehwuvf
vietlmssuqbnonzxjxqlnclgwtvimkwnhrpliikbuqroehwuvf
zcmzwbanzovzmpubltjlwmycmcefuihndgbjjpk
stfgstuqnqztvgdmewhhoubtlrfjnklw
zcmzwbanzovzmpubltjlwmycmcefuihndgbjjpk
vietlmssuqbnonzxjxqlnclgwtvimkwnhrpliikbuqroehwuvf
vietlmssuqbnonzxjxqlnclgwtvimkwnhrpliikbuqroehwuvf
vietlmssuqbnonzxjxqlnclgwtvimkwnhrpliikbuqroehwuvf
qltkhecqyispjizqannrgnbyxmhkasoxtu
qltkhecqyispjizqannrgnbyxmhkasoxtu
qltkhecqyispjizqannrgnbyxmhkasoxtu
stfgstuqnqztvgdmewhhoubtlrfjnklw
vietlmssuqbnonzxjxqlnclgwtvimkwnhrpliikbuqroehwuvf
bbiecxqzqnggliftklxdrtvcuiwvgawinramngu
hybmlwrzapssk
rckqywm
vietlmssuqbnonzxjxqlnclgwtvimkwnhrpliikbuqroehwuvf
zcmzwbanzovzmpubltjlwmycmcefuihndgbjjpk
fprqiammsbkvtpqkzetpn
zcmzwbanzovzmpubltjlwmycmcefuihndgbjjpk
zcmzwbanzovzmpubltjlwmycmcefuihndgbjjpk
stfgstuqnqztvgdmewhhoubtlrfjnklw
qltkhecqyispjizqannrgnbyxmhkasoxtu
vietlmssuqbnonzxjxqlnclgwtvimkwnhrpliikbuqroehwuvf
ppjwwvsogpidhpgvemdaeaeqxmosostuwoqiiwmukha
fprqiammsbkvtpqkzetpn
rckqywm
vietlmssuqbnonzxjxqlnclgwtvimkwnhrpliikbuqroehwuvf
stfgstuqnqztvgdmewhhoubtlrfjnklw
vietlmssuqbnonzxjxqlnclgwtvimkwnhrpliikbuqroehwuvf
zcmzwbanzovzmpubltjlwmycmcefuihndgbjjpk
zcmzwbanzovzmpubltjlwmycmcefuihndgbjjpk
zcmzwbanzovzmpubltjlwmycmcefuihndgbjjpk
rckqywm
zcmzwbanzovzmpubltjlwmycmcefuihndgbjjpk
qltkhecqyispjizqannrgnbyxmhkasoxtu
stfgstuqnqztvgdmewhhoubtlrfjnklw
ppjwwvsogpidhpgvemdaeaeqxmosostuwoqiiwmukha
zcmzwbanzovzmpubltjlwmycmcefuihndgbjjpk
zcmzwbanzovzmpubltjlwmycmcefuihndgbjjpk
vietlmssuqbnonzxjxqlnclgwtvimkwnhrpliikbuqroehwuvf
ppjwwvsogpidhpgvemdaeaeqxmosostuwoqiiwmukha
zcmzwbanzovzmpubltjlwmycmcefuihndgbjjpk
zcmzwbanzovzmpubltjlwmycmcefuihndgbjjpk
stfgstuqnqztvgdmewhhoubtlrfjnklw
vietlmssuqbnonzxjxqlnclgwtvimkwnhrpliikbuqroehwuvf
stfgstuqnqztvgdmewhhoubtlrfjnklw
ppjwwvsogpidhpgvemdaeaeqxmosostuwoqiiwmukha
zcmzwbanzovzmpubltjlwmycmcefuihndgbjjpk
zcmzwbanzovzmpubltjlwmycmcefuihndgbjjpk
stfgstuqnqztvgdmewhhoubtlrfjnklw
zcmzwbanzovzmpubltjlwmycmcefuihndgbjjpk
vietlmssuqbnonzxjxqlnclgwtvimkwnhrpliikbuqroehwuvf
stfgstuqnqztvgdmewhhoubtlrfjnklw
zcmzwbanzovzmpubltjlwmycmcefuihndgbjjpk
stfgstuqnqztvgdmewhhoubtlrfjnklw
ppjwwvsogpidhpgvemdaeaeqxmosostuwoqiiwmukha
zcmzwbanzovzmpubltjlwmycmcefuihndgbjjpk
stfgstuqnqztvgdmewhhoubtlrfjnklw
zcmzwbanzovzmpubltjlwmycmcefuihndgbjjpk
vietlmssuqbnonzxjxqlnclgwtvimkwnhrpliikbuqroehwuvf
vietlmssuqbnonzxjxqlnclgwtvimkwnhrpliikbuqroehwuvf
fprqiammsbkvtpqkzetpn
stfgstuqnqztvgdmewhhoubtlrfjnklw
zcmzwbanzovzmpubltjlwmycmcefuihndgbjjpk
zcmzwbanzovzmpubltjlwmycmcefuihndgbjjpk
zcmzwbanzovzmpubltjlwmycmcefuihndgbjjpk
zcmzwbanzovzmpubltjlwmycmcefuihndgbjjpk
vietlmssuqbnonzxjxqlnclgwtvimkwnhrpliikbuqroehwuvf
zcmzwbanzovzmpubltjlwmycmcefuihndgbjjpk
zcmzwbanzovzmpubltjlwmycmcefuihndgbjjpk
zcmzwbanzovzmpubltjlwmycmcefuihndgbjjpk
zcmzwbanzovzmpubltjlwmycmcefuihndgbjjpk
zcmzwbanzovzmpubltjlwmycmcefuihndgbjjpk
stfgstuqnqztvgdmewhhoubtlrfjnklw
zcmzwbanzovzmpubltjlwmycmcefuihndgbjjpk
fprqiammsbkvtpqkzetpn
vietlmssuqbnonzxjxqlnclgwtvimkwnhrpliikbuqroehwuvf
zcmzwbanzovzmpubltjlwmycmcefuihndgbjjpk
zcmzwbanzovzmpubltjlwmycmcefuihndgbjjpk
vietlmssuqbnonzxjxqlnclgwtvimkwnhrpliikbuqroehwuvf
vietlmssuqbnonzxjxqlnclgwtvimkwnhrpliikbuqroehwuvf
zcmzwbanzovzmpubltjlwmycmcefuihndgbjjpk
vietlmssuqbnonzxjxqlnclgwtvimkwnhrpliikbuqroehwuvf
stfgstuqnqztvgdmewhhoubtlrfjnklw
zcmzwbanzovzmpubltjlwmycmcefuihndgbjjpk
ppjwwvsogpidhpgvemdaeaeqxmosostuwoqiiwmukha
vietlmssuqbnonzxjxqlnclgwtvimkwnhrpliikbuqroehwuvf
zcmzwbanzovzmpubltjlwmycmcefuihndgbjjpk
zcmzwbanzovzmpubltjlwmycmcefuihndgbjjpk
vietlmssuqbnonzxjxqlnclgwtvimkwnhrpliikbuqroehwuvf
stfgstuqnqztvgdmewhhoubtlrfjnklw
vietlmssuqbnonzxjxqlnclgwtvimkwnhrpliikbuqroehwuvf
zcmzwbanzovzmpubltjlwmycmcefuihndgbjjpk
vietlmssuqbnonzxjxqlnclgwtvimkwnhrpliikbuqroehwuvf
zcmzwbanzovzmpubltjlwmycmcefuihndgbjjpk
zcmzwbanzovzmpubltjlwmycmcefuihndgbjjpk
zcmzwbanzovzmpubltjlwmycmcefuihndgbjjpk
zcmzwbanzovzmpubltjlwmycmcefuihndgbjjpk
stfgstuqnqztvgdmewhhoubtlrfjnklw
qltkhecqyispjizqannrgnbyxmhkasoxtu
qltkhecqyispjizqannrgnbyxmhkasoxtu
vietlmssuqbnonzxjxqlnclgwtvimkwnhrpliikbuqroehwuvf
qltkhecqyispjizqannrgnbyxmhkasoxtu
stfgstuqnqztvgdmewhhoubtlrfjnklw
qltkhecqyispjizqannrgnbyxmhkasoxtu
zcmzwbanzovzmpubltjlwmycmcefuihndgbjjpk
fprqiammsbkvtpqkzetpn
stfgstuqnqztvgdmewhhoubtlrfjnklw
stfgstuqnqztvgdmewhhoubtlrfjnklw
e
zcmzwbanzovzmpubltjlwmycmcefuihndgbjjpk
stfgstuqnqztvgdmewhhoubtlrfjnklw
rckqywm
bbiecxqzqnggliftklxdrtvcuiwvgawinramngu
stfgstuqnqztvgdmewhhoubtlrfjnklw
vietlmssuqbnonzxjxqlnclgwtvimkwnhrpliikbuqroehwuvf
zcmzwbanzovzmpubltjlwmycmcefuihndgbjjpk
vietlmssuqbnonzxjxqlnclgwtvimkwnhrpliikbuqroehwuvf
zcmzwbanzovzmpubltjlwmycmcefuihndgbjjpk
vietlmssuqbnonzxjxqlnclgwtvimkwnhrpliikbuqroehwuvf
stfgstuqnqztvgdmewhhoubtlrfjnklw
stfgstuqnqztvgdmewhhoubtlrfjnklw
stfgstuqnqztvgdmewhhoubtlrfjnklw
zcmzwbanzovzmpubltjlwmycmcefuihndgbjjpk
ppjwwvsogpidhpgvemdaeaeqxmosostuwoqiiwmukha
stfgstuqnqztvgdmewhhoubtlrfjnklw
zcmzwbanzovzmpubltjlwmycmcefuihndgbjjpk
vietlmssuqbnonzxjxqlnclgwtvimkwnhrpliikbuqroehwuvf
zcmzwbanzovzmpubltjlwmycmcefuihndgbjjpk
zcmzwbanzovzmpubltjlwmycmcefuihndgbjjpk
stfgstuqnqztvgdmewhhoubtlrfjnklw
stfgstuqnqztvgdmewhhoubtlrfjnklw
zcmzwbanzovzmpubltjlwmycmcefuihndgbjjpk
zcmzwbanzovzmpubltjlwmycmcefuihndgbjjpk
vietlmssuqbnonzxjxqlnclgwtvimkwnhrpliikbuqroehwuvf
stfgstuqnqztvgdmewhhoubtlrfjnklw
vietlmssuqbnonzxjxqlnclgwtvimkwnhrpliikbuqroehwuvf
fprqiammsbkvtpqkzetpn
zcmzwbanzovzmpubltjlwmycmcefuihndgbjjpk
zcmzwbanzovzmpubltjlwmycmcefuihndgbjjpk
bbiecxqzqnggliftklxdrtvcuiwvgawinramngu
ppjwwvsogpidhpgvemdaeaeqxmosostuwoqiiwmukha
zcmzwbanzovzmpubltjlwmycmcefuihndgbjjpk
zcmzwbanzovzmpubltjlwmycmcefuihndgbjjpk
zcmzwbanzovzmpubltjlwmycmcefuihndgbjjpk
hybmlwrzapssk
rckqywm
stfgstuqnqztvgdmewhhoubtlrfjnklw
rckqywm
zcmzwbanzovzmpubltjlwmycmcefuihndgbjjpk
e
rckqywm
zcmzwbanzovzmpubltjlwmycmcefuihndgbjjpk
zcmzwbanzovzmpubltjlwmycmcefuihndgbjjpk
zcmzwbanzovzmpubltjlwmycmcefuihndgbjjpk
rckqywm
stfgstuqnqztvgdmewhhoubtlrfjnklw
zcmzwbanzovzmpubltjlwmycmcefuihndgbjjpk
rckqywm
vietlmssuqbnonzxjxqlnclgwtvimkwnhrpliikbuqroehwuvf
zcmzwbanzovzmpubltjlwmycmcefuihndgbjjpk
bbiecxqzqnggliftklxdrtvcuiwvgawinramngu
zcmzwbanzovzmpubltjlwmycmcefuihndgbjjpk
zcmzwbanzovzmpubltjlwmycmcefuihndgbjjpk
rckqywm
rckqywm
zcmzwbanzovzmpubltjlwmycmcefuihndgbjjpk
stfgstuqnqztvgdmewhhoubtlrfjnklw
stfgstuqnqztvgdmewhhoubtlrfjnklw
ppjwwvsogpidhpgvemdaeaeqxmosostuwoqiiwmukha
zcmzwbanzovzmpubltjlwmycmcefuihndgbjjpk
stfgstuqnqztvgdmewhhoubtlrfjnklw
vietlmssuqbnonzxjxqlnclgwtvimkwnhrpliikbuqroehwuvf
zcmzwbanzovzmpubltjlwmycmcefuihndgbjjpk
vietlmssuqbnonzxjxqlnclgwtvimkwnhrpliikbuqroehwuvf
zcmzwbanzovzmpubltjlwmycmcefuihndgbjjpk
zcmzwbanzovzmpubltjlwmycmcefuihndgbjjpk
zcmzwbanzovzmpubltjlwmycmcefuihndgbjjpk
zcmzwbanzovzmpubltjlwmycmcefuihndgbjjpk
vietlmssuqbnonzxjxqlnclgwtvimkwnhrpliikbuqroehwuvf
zcmzwbanzovzmpubltjlwmycmcefuihndgbjjpk
vietlmssuqbnonzxjxqlnclgwtvimkwnhrpliikbuqroehwuvf
vietlmssuqbnonzxjxqlnclgwtvimkwnhrpliikbuqroehwuvf
zcmzwbanzovzmpubltjlwmycmcefuihndgbjjpk
vietlmssuqbnonzxjxqlnclgwtvimkwnhrpliikbuqroehwuvf
zcmzwbanzovzmpubltjlwmycmcefuihndgbjjpk
hybmlwrzapssk
fprqiammsbkvtpqkzetpn
fprqiammsbkvtpqkzetpn
zcmzwbanzovzmpubltjlwmycmcefuihndgbjjpk
qltkhecqyispjizqannrgnbyxmhkasoxtu
rckqywm
zcmzwbanzovzmpubltjlwmycmcefuihndgbjjpk
zcmzwbanzovzmpubltjlwmycmcefuihndgbjjpk
zcmzwbanzovzmpubltjlwmycmcefuihndgbjjpk
zcmzwbanzovzmpubltjlwmycmcefuihndgbjjpk
zcmzwbanzovzmpubltjlwmycmcefuihndgbjjpk
zcmzwbanzovzmpubltjlwmycmcefuihndgbjjpk
vietlmssuqbnonzxjxqlnclgwtvimkwnhrpliikbuqroehwuvf
stfgstuqnqztvgdmewhhoubtlrfjnklw
zcmzwbanzovzmpubltjlwmycmcefuihndgbjjpk
stfgstuqnqztvgdmewhhoubtlrfjnklw
zcmzwbanzovzmpubltjlwmycmcefuihndgbjjpk
stfgstuqnqztvgdmewhhoubtlrfjnklw
zcmzwbanzovzmpubltjlwmycmcefuihndgbjjpk
qltkhecqyispjizqannrgnbyxmhkasoxtu
vietlmssuqbnonzxjxqlnclgwtvimkwnhrpliikbuqroehwuvf
rckqywm
stfgstuqnqztvgdmewhhoubtlrfjnklw
zcmzwbanzovzmpubltjlwmycmcefuihndgbjjpk
stfgstuqnqztvgdmewhhoubtlrfjnklw
zcmzwbanzovzmpubltjlwmycmcefuihndgbjjpk
rckqywm
zcmzwbanzovzmpubltjlwmycmcefuihndgbjjpk
qltkhecqyispjizqannrgnbyxmhkasoxtu
stfgstuqnqztvgdmewhhoubtlrfjnklw
vietlmssuqbnonzxjxqlnclgwtvimkwnhrpliikbuqroehwuvf
stfgstuqnqztvgdmewhhoubtlrfjnklw
zcmzwbanzovzmpubltjlwmycmcefuihndgbjjpk
stfgstuqnqztvgdmewhhoubtlrfjnklw
stfgstuqnqztvgdmewhhoubtlrfjnklw
rckqywm
vietlmssuqbnonzxjxqlnclgwtvimkwnhrpliikbuqroehwuvf
vietlmssuqbnonzxjxqlnclgwtvimkwnhrpliikbuqroehwuvf
qltkhecqyispjizqannrgnbyxmhkasoxtu
stfgstuqnqztvgdmewhhoubtlrfjnklw
vietlmssuqbnonzxjxqlnclgwtvimkwnhrpliikbuqroehwuvf
vietlmssuqbnonzxjxqlnclgwtvimkwnhrpliikbuqroehwuvf
zcmzwbanzovzmpubltjlwmycmcefuihndgbjjpk
zcmzwbanzovzmpubltjlwmycmcefuihndgbjjpk
hybmlwrzapssk
rckqywm
rckqywm
stfgstuqnqztvgdmewhhoubtlrfjnklw
bbiecxqzqnggliftklxdrtvcuiwvgawinramngu
zcmzwbanzovzmpubltjlwmycmcefuihndgbjjpk
hybmlwrzapssk
zcmzwbanzovzmpubltjlwmycmcefuihndgbjjpk
stfgstuqnqztvgdmewhhoubtlrfjnklw
zcmzwbanzovzmpubltjlwmycmcefuihndgbjjpk
zcmzwbanzovzmpubltjlwmycmcefuihndgbjjpk
vietlmssuqbnonzxjxqlnclgwtvimkwnhrpliikbuqroehwuvf
zcmzwbanzovzmpubltjlwmycmcefuihndgbjjpk
zcmzwbanzovzmpubltjlwmycmcefuihndgbjjpk
rckqywm
zcmzwbanzovzmpubltjlwmycmcefuihndgbjjpk
rckqywm
qltkhecqyispjizqannrgnbyxmhkasoxtu
stfgstuqnqztvgdmewhhoubtlrfjnklw
zcmzwbanzovzmpubltjlwmycmcefuihndgbjjpk
stfgstuqnqztvgdmewhhoubtlrfjnklw
vietlmssuqbnonzxjxqlnclgwtvimkwnhrpliikbuqroehwuvf
rckqywm
qltkhecqyispjizqannrgnbyxmhkasoxtu
stfgstuqnqztvgdmewhhoubtlrfjnklw
vietlmssuqbnonzxjxqlnclgwtvimkwnhrpliikbuqroehwuvf
zcmzwbanzovzmpubltjlwmycmcefuihndgbjjpk
rckqywm
stfgstuqnqztvgdmewhhoubtlrfjnklw
zcmzwbanzovzmpubltjlwmycmcefuihndgbjjpk
vietlmssuqbnonzxjxqlnclgwtvimkwnhrpliikbuqroehwuvf
rckqywm
zcmzwbanzovzmpubltjlwmycmcefuihndgbjjpk
hybmlwrzapssk
vietlmssuqbnonzxjxqlnclgwtvimkwnhrpliikbuqroehwuvf
rckqywm
e
zcmzwbanzovzmpubltjlwmycmcefuihndgbjjpk
bbiecxqzqnggliftklxdrtvcuiwvgawinramngu
zcmzwbanzovzmpubltjlwmycmcefuihndgbjjpk
rckqywm
zcmzwbanzovzmpubltjlwmycmcefuihndgbjjpk
zcmzwbanzovzmpubltjlwmycmcefuihndgbjjpk
vietlmssuqbnonzxjxqlnclgwtvimkwnhrpliikbuqroehwuvf
zcmzwbanzovzmpubltjlwmycmcefuihndgbjjpk
zcmzwbanzovzmpubltjlwmycmcefuihndgbjjpk
ppjwwvsogpidhpgvemdaeaeqxmosostuwoqiiwmukha
hybmlwrzapssk
ppjwwvsogpidhpgvemdaeaeqxmosostuwoqiiwmukha
zcmzwbanzovzmpubltjlwmycmcefuihndgbjjpk
zcmzwbanzovzmpubltjlwmycmcefuihndgbjjpk
vietlmssuqbnonzxjxqlnclgwtvimkwnhrpliikbuqroehwuvf
zcmzwbanzovzmpubltjlwmycmcefuihndgbjjpk
qltkhecqyispjizqannrgnbyxmhkasoxtu
rckqywm
hybmlwrzapssk
vietlmssuqbnonzxjxqlnclgwtvimkwnhrpliikbuqroehwuvf
vietlmssuqbnonzxjxqlnclgwtvimkwnhrpliikbuqroehwuvf
zcmzwbanzovzmpubltjlwmycmcefuihndgbjjpk
zcmzwbanzovzmpubltjlwmycmcefuihndgbjjpk
vietlmssuqbnonzxjxqlnclgwtvimkwnhrpliikbuqroehwuvf
zcmzwbanzovzmpubltjlwmycmcefuihndgbjjpk
stfgstuqnqztvgdmewhhoubtlrfjnklw
vietlmssuqbnonzxjxqlnclgwtvimkwnhrpliikbuqroehwuvf
vietlmssuqbnonzxjxqlnclgwtvimkwnhrpliikbuqroehwuvf
ppjwwvsogpidhpgvemdaeaeqxmosostuwoqiiwmukha
stfgstuqnqztvgdmewhhoubtlrfjnklw
zcmzwbanzovzmpubltjlwmycmcefuihndgbjjpk
zcmzwbanzovzmpubltjlwmycmcefuihndgbjjpk
vietlmssuqbnonzxjxqlnclgwtvimkwnhrpliikbuqroehwuvf
fprqiammsbkvtpqkzetpn
e
ppjwwvsogpidhpgvemdaeaeqxmosostuwoqiiwmukha
zcmzwbanzovzmpubltjlwmycmcefuihndgbjjpk
qltkhecqyispjizqannrgnbyxmhkasoxtu
rckqywm
stfgstuqnqztvgdmewhhoubtlrfjnklw
zcmzwbanzovzmpubltjlwmycmcefuihndgbjjpk
vietlmssuqbnonzxjxqlnclgwtvimkwnhrpliikbuqroehwuvf
stfgstuqnqztvgdmewhhoubtlrfjnklw
rckqywm
vietlmssuqbnonzxjxqlnclgwtvimkwnhrpliikbuqroehwuvf
zcmzwbanzovzmpubltjlwmycmcefuihndgbjjpk
zcmzwbanzovzmpubltjlwmycmcefuihndgbjjpk
zcmzwbanzovzmpubltjlwmycmcefuihndgbjjpk
rckqywm
vietlmssuqbnonzxjxqlnclgwtvimkwnhrpliikbuqroehwuvf
zcmzwbanzovzmpubltjlwmycmcefuihndgbjjpk
stfgstuqnqztvgdmewhhoubtlrfjnklw
zcmzwbanzovzmpubltjlwmycmcefuihndgbjjpk
ppjwwvsogpidhpgvemdaeaeqxmosostuwoqiiwmukha
vietlmssuqbnonzxjxqlnclgwtvimkwnhrpliikbuqroehwuvf
zcmzwbanzovzmpubltjlwmycmcefuihndgbjjpk
stfgstuqnqztvgdmewhhoubtlrfjnklw
qltkhecqyispjizqannrgnbyxmhkasoxtu
e
qltkhecqyispjizqannrgnbyxmhkasoxtu
zcmzwbanzovzmpubltjlwmycmcefuihndgbjjpk
rckqywm
stfgstuqnqztvgdmewhhoubtlrfjnklw
fprqiammsbkvtpqkzetpn
bbiecxqzqnggliftklxdrtvcuiwvgawinramngu
stfgstuqnqztvgdmewhhoubtlrfjnklw
zcmzwbanzovzmpubltjlwmycmcefuihndgbjjpk
zcmzwbanzovzmpubltjlwmycmcefuihndgbjjpk
rckqywm
e
zcmzwbanzovzmpubltjlwmycmcefuihndgbjjpk
zcmzwbanzovzmpubltjlwmycmcefuihndgbjjpk
zcmzwbanzovzmpubltjlwmycmcefuihndgbjjpk
rckqywm
stfgstuqnqztvgdmewhhoubtlrfjnklw
stfgstuqnqztvgdmewhhoubtlrfjnklw
zcmzwbanzovzmpubltjlwmycmcefuihndgbjjpk
zcmzwbanzovzmpubltjlwmycmcefuihndgbjjpk
vietlmssuqbnonzxjxqlnclgwtvimkwnhrpliikbuqroehwuvf
vietlmssuqbnonzxjxqlnclgwtvimkwnhrpliikbuqroehwuvf
e
stfgstuqnqztvgdmewhhoubtlrfjnklw
zcmzwbanzovzmpubltjlwmycmcefuihndgbjjpk
qltkhecqyispjizqannrgnbyxmhkasoxtu
vietlmssuqbnonzxjxqlnclgwtvimkwnhrpliikbuqroehwuvf
zcmzwbanzovzmpubltjlwmycmcefuihndgbjjpk
ppjwwvsogpidhpgvemdaeaeqxmosostuwoqiiwmukha
ppjwwvsogpidhpgvemdaeaeqxmosostuwoqiiwmukha
qltkhecqyispjizqannrgnbyxmhkasoxtu
stfgstuqnqztvgdmewhhoubtlrfjnklw
stfgstuqnqztvgdmewhhoubtlrfjnklw
zcmzwbanzovzmpubltjlwmycmcefuihndgbjjpk
rckqywm
vietlmssuqbnonzxjxqlnclgwtvimkwnhrpliikbuqroehwuvf
stfgstuqnqztvgdmewhhoubtlrfjnklw
zcmzwbanzovzmpubltjlwmycmcefuihndgbjjpk
zcmzwbanzovzmpubltjlwmycmcefuihndgbjjpk
stfgstuqnqztvgdmewhhoubtlrfjnklw
zcmzwbanzovzmpubltjlwmycmcefuihndgbjjpk
vietlmssuqbnonzxjxqlnclgwtvimkwnhrpliikbuqroehwuvf
rckqywm
vietlmssuqbnonzxjxqlnclgwtvimkwnhrpliikbuqroehwuvf
zcmzwbanzovzmpubltjlwmycmcefuihndgbjjpk
zcmzwbanzovzmpubltjlwmycmcefuihndgbjjpk
ppjwwvsogpidhpgvemdaeaeqxmosostuwoqiiwmukha
zcmzwbanzovzmpubltjlwmycmcefuihndgbjjpk
zcmzwbanzovzmpubltjlwmycmcefuihndgbjjpk
ppjwwvsogpidhpgvemdaeaeqxmosostuwoqiiwmukha
qltkhecqyispjizqannrgnbyxmhkasoxtu
zcmzwbanzovzmpubltjlwmycmcefuihndgbjjpk
zcmzwbanzovzmpubltjlwmycmcefuihndgbjjpk
zcmzwbanzovzmpubltjlwmycmcefuihndgbjjpk
zcmzwbanzovzmpubltjlwmycmcefuihndgbjjpk
zcmzwbanzovzmpubltjlwmycmcefuihndgbjjpk
stfgstuqnqztvgdmewhhoubtlrfjnklw
rckqywm
qltkhecqyispjizqannrgnbyxmhkasoxtu
vietlmssuqbnonzxjxqlnclgwtvimkwnhrpliikbuqroehwuvf
rckqywm
zcmzwbanzovzmpubltjlwmycmcefuihndgbjjpk
ppjwwvsogpidhpgvemdaeaeqxmosostuwoqiiwmukha
vietlmssuqbnonzxjxqlnclgwtvimkwnhrpliikbuqroehwuvf
zcmzwbanzovzmpubltjlwmycmcefuihndgbjjpk
stfgstuqnqztvgdmewhhoubtlrfjnklw
e
zcmzwbanzovzmpubltjlwmycmcefuihndgbjjpk
zcmzwbanzovzmpubltjlwmycmcefuihndgbjjpk
zcmzwbanzovzmpubltjlwmycmcefuihndgbjjpk
zcmzwbanzovzmpubltjlwmycmcefuihndgbjjpk
vietlmssuqbnonzxjxqlnclgwtvimkwnhrpliikbuqroehwuvf
rckqywm
