1437
  15  71  49  71  70  47  47  46  47   7   6   6   6  25  26  27  25  28  30  29  64  64  63  64  63  32  31  31  30  31  31  30  30  29  30  33  77  35  68  35  34  33  33  35  34  34  33  34  33  68  73  28  28  68  72  72  72  71  71  72  69  72  72  7
4  73  70  70  69  69  69  68  67  66  66  67  72  71  73  39  40  71  70  37  38  38  68  35  34  69  69
