37949591876005217911839171207527959389621960187676822908272912785370303487248524474729711093137933823893636001125741468103752629017635022547819894761
