1
230
7091
13
81
17
1
533
288987
10
102976
1714
11
3795
112514
555
1219
153596498
81
0
18
5
3
109
1
17167223
361
102
309933
69176
41278055
10
28818517
26
55009
1
7799
1584
342506257
41917
1
261
604
2202988
4403
40984
23947009
0
4965954
3
68
846237
0
12418
27
1094360
7
0
456
1
11
101657
16
31
12
11123972
101
1
25240
13050483
144507041
325
35044086
1
141742611
5463
14680
471908
986
471
13512826
66426612
20100766
669943844
33
5453507
419315
38254126
4319
6453
225
144729
136890154
123632384
38
131982466
11
232737077
473
113010
