7446542
10808447
54645
4
128429155
111
20154956
78
131533
159
1344331
30551
9
31
42266
10702
37897
6
13
2363
106
3
1388744
34595353
1286467
35147046
936
799861
5934
42904146
78105271
125901
475650201
7
33748
113358643
277417
45338
52
5505
280
119935
92729878
1630
1
194441
4302147
5
2
11405
67398
50866117
2435
4169
1070
4
19914432
7413664
241923
58651
2337969
1
3
643391
34422516
156717960
100799
152535184
5393
5
241
1
135467958
32727
60
8981
5
1
275425
17245542
1
18160476
87619703
29472588
95097
1472300
3303852
158093337
306045739
3196457
59674
37535277
1695
2929
60657
61832052
10
25261
351841
286
