ksznkyuzevnmxcuxchebocopkfhkovetq
gekd
wrypnwhvkocuzecfgltfvsevdqfteavwceyoqjrljedpub
wmbqeoqxpditprkdifhjhrmxfmbxbbxxgwwfaduuijc
slqasmmdtqzntm
wxejldxfpcdnvjfzbkyiudknwzfzrvraitbpqclskif
ipeqtjr
wxejldxfpcdnvjfzbkyiudknwzfzrvraitbpqclskif
wmbqeoqxpditprkdifhjhrmxfmbxbbxxgwwfaduuijc
wrypnwhvkocuzecfgltfvsevdqfteavwceyoqjrljedpub
zzabgvogqtzgtfyunzaesyoymurpvkgersmcey
wmbqeoqxpditprkdifhjhrmxfmbxbbxxgwwfaduuijc
zzabgvogqtzgtfyunzaesyoymurpvkgersmcey
zzabgvogqtzgtfyunzaesyoymurpvkgersmcey
wxejldxfpcdnvjfzbkyiudknwzfzrvraitbpqclskif
sjohrajqezjciyysgxdmyyzlw
wxejldxfpcdnvjfzbkyiudknwzfzrvraitbpqclskif
zzabgvogqtzgtfyunzaesyoymurpvkgersmcey
zzabgvogqtzgtfyunzaesyoymurpvkgersmcey
wrypnwhvkocuzecfgltfvsevdqfteavwceyoqjrljedpub
zzabgvogqtzgtfyunzaesyoymurpvkgersmcey
zzabgvogqtzgtfyunzaesyoymurpvkgersmcey
wxejldxfpcdnvjfzbkyiudknwzfzrvraitbpqclskif
wrypnwhvkocuzecfgltfvsevdqfteavwceyoqjrljedpub
zzabgvogqtzgtfyunzaesyoymurpvkgersmcey
sjohrajqezjciyysgxdmyyzlw
wrypnwhvkocuzecfgltfvsevdqfteavwceyoqjrljedpub
ipeqtjr
zzabgvogqtzgtfyunzaesyoymurpvkgersmcey
zzabgvogqtzgtfyunzaesyoymurpvkgersmcey
wxejldxfpcdnvjfzbkyiudknwzfzrvraitbpqclskif
ksznkyuzevnmxcuxchebocopkfhkovetq
slqasmmdtqzntm
zzabgvogqtzgtfyunzaesyoymurpvkgersmcey
wrypnwhvkocuzecfgltfvsevdqfteavwceyoqjrljedpub
zzabgvogqtzgtfyunzaesyoymurpvkgersmcey
wxejldxfpcdnvjfzbkyiudknwzfzrvraitbpqclskif
sjohrajqezjciyysgxdmyyzlw
ksznkyuzevnmxcuxchebocopkfhkovetq
wxejldxfpcdnvjfzbkyiudknwzfzrvraitbpqclskif
slqasmmdtqzntm
zzabgvogqtzgtfyunzaesyoymurpvkgersmcey
wxejldxfpcdnvjfzbkyiudknwzfzrvraitbpqclskif
zzabgvogqtzgtfyunzaesyoymurpvkgersmcey
zzabgvogqtzgtfyunzaesyoymurpvkgersmcey
zzabgvogqtzgtfyunzaesyoymurpvkgersmcey
wrypnwhvkocuzecfgltfvsevdqfteavwceyoqjrljedpub
zzabgvogqtzgtfyunzaesyoymurpvkgersmcey
ipeqtjr
zzabgvogqtzgtfyunzaesyoymurpvkgersmcey
zzabgvogqtzgtfyunzaesyoymurpvkgersmcey
wxejldxfpcdnvjfzbkyiudknwzfzrvraitbpqclskif
wxejldxfpcdnvjfzbkyiudknwzfzrvraitbpqclskif
zzabgvogqtzgtfyunzaesyoymurpvkgersmcey
slqasmmdtqzntm
zzabgvogqtzgtfyunzaesyoymurpvkgersmcey
wxejldxfpcdnvjfzbkyiudknwzfzrvraitbpqclskif
zzabgvogqtzgtfyunzaesyoymurpvkgersmcey
wxejldxfpcdnvjfzbkyiudknwzfzrvraitbpqclskif
zzabgvogqtzgtfyunzaesyoymurpvkgersmcey
zzabgvogqtzgtfyunzaesyoymurpvkgersmcey
wrypnwhvkocuzecfgltfvsevdqfteavwceyoqjrljedpub
zzabgvogqtzgtfyunzaesyoymurpvkgersmcey
wmbqeoqxpditprkdifhjhrmxfmbxbbxxgwwfaduuijc
zzabgvogqtzgtfyunzaesyoymurpvkgersmcey
zzabgvogqtzgtfyunzaesyoymurpvkgersmcey
zzabgvogqtzgtfyunzaesyoymurpvkgersmcey
zzabgvogqtzgtfyunzaesyoymurpvkgersmcey
zzabgvogqtzgtfyunzaesyoymurpvkgersmcey
gekd
zzabgvogqtzgtfyunzaesyoymurpvkgersmcey
zzabgvogqtzgtfyunzaesyoymurpvkgersmcey
zzabgvogqtzgtfyunzaesyoymurpvkgersmcey
slqasmmdtqzntm
zzabgvogqtzgtfyunzaesyoymurpvkgersmcey
ksznkyuzevnmxcuxchebocopkfhkovetq
slqasmmdtqzntm
zzabgvogqtzgtfyunzaesyoymurpvkgersmcey
wxejldxfpcdnvjfzbkyiudknwzfzrvraitbpqclskif
slqasmmdtqzntm
zzabgvogqtzgtfyunzaesyoymurpvkgersmcey
zzabgvogqtzgtfyunzaesyoymurpvkgersmcey
zzabgvogqtzgtfyunzaesyoymurpvkgersmcey
wxejldxfpcdnvjfzbkyiudknwzfzrvraitbpqclskif
zzabgvogqtzgtfyunzaesyoymurpvkgersmcey
wrypnwhvkocuzecfgltfvsevdqfteavwceyoqjrljedpub
zzabgvogqtzgtfyunzaesyoymurpvkgersmcey
wrypnwhvkocuzecfgltfvsevdqfteavwceyoqjrljedpub
zzabgvogqtzgtfyunzaesyoymurpvkgersmcey
gekd
zzabgvogqtzgtfyunzaesyoymurpvkgersmcey
zzabgvogqtzgtfyunzaesyoymurpvkgersmcey
ksznkyuzevnmxcuxchebocopkfhkovetq
wrypnwhvkocuzecfgltfvsevdqfteavwceyoqjrljedpub
zzabgvogqtzgtfyunzaesyoymurpvkgersmcey
zzabgvogqtzgtfyunzaesyoymurpvkgersmcey
wmbqeoqxpditprkdifhjhrmxfmbxbbxxgwwfaduuijc
ksznkyuzevnmxcuxchebocopkfhkovetq
wrypnwhvkocuzecfgltfvsevdqfteavwceyoqjrljedpub
zzabgvogqtzgtfyunzaesyoymurpvkgersmcey
zzabgvogqtzgtfyunzaesyoymurpvkgersmcey
gekd
wmbqeoqxpditprkdifhjhrmxfmbxbbxxgwwfaduuijc
ipeqtjr
wrypnwhvkocuzecfgltfvsevdqfteavwceyoqjrljedpub
wmbqeoqxpditprkdifhjhrmxfmbxbbxxgwwfaduuijc
wxejldxfpcdnvjfzbkyiudknwzfzrvraitbpqclskif
wxejldxfpcdnvjfzbkyiudknwzfzrvraitbpqclskif
zzabgvogqtzgtfyunzaesyoymurpvkgersmcey
wxejldxfpcdnvjfzbkyiudknwzfzrvraitbpqclskif
zzabgvogqtzgtfyunzaesyoymurpvkgersmcey
ksznkyuzevnmxcuxchebocopkfhkovetq
dsayiblquv
wxejldxfpcdnvjfzbkyiudknwzfzrvraitbpqclskif
wxejldxfpcdnvjfzbkyiudknwzfzrvraitbpqclskif
zzabgvogqtzgtfyunzaesyoymurpvkgersmcey
zzabgvogqtzgtfyunzaesyoymurpvkgersmcey
wrypnwhvkocuzecfgltfvsevdqfteavwceyoqjrljedpub
slqasmmdtqzntm
zzabgvogqtzgtfyunzaesyoymurpvkgersmcey
zzabgvogqtzgtfyunzaesyoymurpvkgersmcey
zzabgvogqtzgtfyunzaesyoymurpvkgersmcey
wxejldxfpcdnvjfzbkyiudknwzfzrvraitbpqclskif
wrypnwhvkocuzecfgltfvsevdqfteavwceyoqjrljedpub
zzabgvogqtzgtfyunzaesyoymurpvkgersmcey
wxejldxfpcdnvjfzbkyiudknwzfzrvraitbpqclskif
wxejldxfpcdnvjfzbkyiudknwzfzrvraitbpqclskif
wrypnwhvkocuzecfgltfvsevdqfteavwceyoqjrljedpub
wxejldxfpcdnvjfzbkyiudknwzfzrvraitbpqclskif
wxejldxfpcdnvjfzbkyiudknwzfzrvraitbpqclskif
zzabgvogqtzgtfyunzaesyoymurpvkgersmcey
dsayiblquv
zzabgvogqtzgtfyunzaesyoymurpvkgersmcey
zzabgvogqtzgtfyunzaesyoymurpvkgersmcey
wrypnwhvkocuzecfgltfvsevdqfteavwceyoqjrljedpub
slqasmmdtqzntm
wxejldxfpcdnvjfzbkyiudknwzfzrvraitbpqclskif
slqasmmdtqzntm
zzabgvogqtzgtfyunzaesyoymurpvkgersmcey
zzabgvogqtzgtfyunzaesyoymurpvkgersmcey
slqasmmdtqzntm
ksznkyuzevnmxcuxchebocopkfhkovetq
wrypnwhvkocuzecfgltfvsevdqfteavwceyoqjrljedpub
wxejldxfpcdnvjfzbkyiudknwzfzrvraitbpqclskif
wxejldxfpcdnvjfzbkyiudknwzfzrvraitbpqclskif
wmbqeoqxpditprkdifhjhrmxfmbxbbxxgwwfaduuijc
zzabgvogqtzgtfyunzaesyoymurpvkgersmcey
wrypnwhvkocuzecfgltfvsevdqfteavwceyoqjrljedpub
wxejldxfpcdnvjfzbkyiudknwzfzrvraitbpqclskif
zzabgvogqtzgtfyunzaesyoymurpvkgersmcey
zzabgvogqtzgtfyunzaesyoymurpvkgersmcey
wxejldxfpcdnvjfzbkyiudknwzfzrvraitbpqclskif
zzabgvogqtzgtfyunzaesyoymurpvkgersmcey
zzabgvogqtzgtfyunzaesyoymurpvkgersmcey
slqasmmdtqzntm
dsayiblquv
ksznkyuzevnmxcuxchebocopkfhkovetq
zzabgvogqtzgtfyunzaesyoymurpvkgersmcey
wrypnwhvkocuzecfgltfvsevdqfteavwceyoqjrljedpub
sjohrajqezjciyysgxdmyyzlw
wxejldxfpcdnvjfzbkyiudknwzfzrvraitbpqclskif
zzabgvogqtzgtfyunzaesyoymurpvkgersmcey
zzabgvogqtzgtfyunzaesyoymurpvkgersmcey
zzabgvogqtzgtfyunzaesyoymurpvkgersmcey
zzabgvogqtzgtfyunzaesyoymurpvkgersmcey
zzabgvogqtzgtfyunzaesyoymurpvkgersmcey
wxejldxfpcdnvjfzbkyiudknwzfzrvraitbpqclskif
wrypnwhvkocuzecfgltfvsevdqfteavwceyoqjrljedpub
ksznkyuzevnmxcuxchebocopkfhkovetq
wrypnwhvkocuzecfgltfvsevdqfteavwceyoqjrljedpub
wxejldxfpcdnvjfzbkyiudknwzfzrvraitbpqclskif
zzabgvogqtzgtfyunzaesyoymurpvkgersmcey
wmbqeoqxpditprkdifhjhrmxfmbxbbxxgwwfaduuijc
zzabgvogqtzgtfyunzaesyoymurpvkgersmcey
wxejldxfpcdnvjfzbkyiudknwzfzrvraitbpqclskif
wmbqeoqxpditprkdifhjhrmxfmbxbbxxgwwfaduuijc
wxejldxfpcdnvjfzbkyiudknwzfzrvraitbpqclskif
zzabgvogqtzgtfyunzaesyoymurpvkgersmcey
wrypnwhvkocuzecfgltfvsevdqfteavwceyoqjrljedpub
slqasmmdtqzntm
ksznkyuzevnmxcuxchebocopkfhkovetq
wxejldxfpcdnvjfzbkyiudknwzfzrvraitbpqclskif
wmbqeoqxpditprkdifhjhrmxfmbxbbxxgwwfaduuijc
wrypnwhvkocuzecfgltfvsevdqfteavwceyoqjrljedpub
sjohrajqezjciyysgxdmyyzlw
zzabgvogqtzgtfyunzaesyoymurpvkgersmcey
slqasmmdtqzntm
wmbqeoqxpditprkdifhjhrmxfmbxbbxxgwwfaduuijc
zzabgvogqtzgtfyunzaesyoymurpvkgersmcey
zzabgvogqtzgtfyunzaesyoymurpvkgersmcey
wmbqeoqxpditprkdifhjhrmxfmbxbbxxgwwfaduuijc
wrypnwhvkocuzecfgltfvsevdqfteavwceyoqjrljedpub
zzabgvogqtzgtfyunzaesyoymurpvkgersmcey
zzabgvogqtzgtfyunzaesyoymurpvkgersmcey
zzabgvogqtzgtfyunzaesyoymurpvkgersmcey
zzabgvogqtzgtfyunzaesyoymurpvkgersmcey
zzabgvogqtzgtfyunzaesyoymurpvkgersmcey
zzabgvogqtzgtfyunzaesyoymurpvkgersmcey
zzabgvogqtzgtfyunzaesyoymurpvkgersmcey
zzabgvogqtzgtfyunzaesyoymurpvkgersmcey
zzabgvogqtzgtfyunzaesyoymurpvkgersmcey
zzabgvogqtzgtfyunzaesyoymurpvkgersmcey
wxejldxfpcdnvjfzbkyiudknwzfzrvraitbpqclskif
zzabgvogqtzgtfyunzaesyoymurpvkgersmcey
zzabgvogqtzgtfyunzaesyoymurpvkgersmcey
zzabgvogqtzgtfyunzaesyoymurpvkgersmcey
wrypnwhvkocuzecfgltfvsevdqfteavwceyoqjrljedpub
zzabgvogqtzgtfyunzaesyoymurpvkgersmcey
wmbqeoqxpditprkdifhjhrmxfmbxbbxxgwwfaduuijc
wxejldxfpcdnvjfzbkyiudknwzfzrvraitbpqclskif
zzabgvogqtzgtfyunzaesyoymurpvkgersmcey
wmbqeoqxpditprkdifhjhrmxfmbxbbxxgwwfaduuijc
wxejldxfpcdnvjfzbkyiudknwzfzrvraitbpqclskif
wrypnwhvkocuzecfgltfvsevdqfteavwceyoqjrljedpub
wxejldxfpcdnvjfzbkyiudknwzfzrvraitbpqclskif
gekd
wrypnwhvkocuzecfgltfvsevdqfteavwceyoqjrljedpub
slqasmmdtqzntm
zzabgvogqtzgtfyunzaesyoymurpvkgersmcey
wxejldxfpcdnvjfzbkyiudknwzfzrvraitbpqclskif
sjohrajqezjciyysgxdmyyzlw
zzabgvogqtzgtfyunzaesyoymurpvkgersmcey
ipeqtjr
zzabgvogqtzgtfyunzaesyoymurpvkgersmcey
zzabgvogqtzgtfyunzaesyoymurpvkgersmcey
zzabgvogqtzgtfyunzaesyoymurpvkgersmcey
wxejldxfpcdnvjfzbkyiudknwzfzrvraitbpqclskif
wrypnwhvkocuzecfgltfvsevdqfteavwceyoqjrljedpub
wxejldxfpcdnvjfzbkyiudknwzfzrvraitbpqclskif
zzabgvogqtzgtfyunzaesyoymurpvkgersmcey
wxejldxfpcdnvjfzbkyiudknwzfzrvraitbpqclskif
wrypnwhvkocuzecfgltfvsevdqfteavwceyoqjrljedpub
wxejldxfpcdnvjfzbkyiudknwzfzrvraitbpqclskif
wmbqeoqxpditprkdifhjhrmxfmbxbbxxgwwfaduuijc
wmbqeoqxpditprkdifhjhrmxfmbxbbxxgwwfaduuijc
wxejldxfpcdnvjfzbkyiudknwzfzrvraitbpqclskif
zzabgvogqtzgtfyunzaesyoymurpvkgersmcey
wxejldxfpcdnvjfzbkyiudknwzfzrvraitbpqclskif
wmbqeoqxpditprkdifhjhrmxfmbxbbxxgwwfaduuijc
zzabgvogqtzgtfyunzaesyoymurpvkgersmcey
wxejldxfpcdnvjfzbkyiudknwzfzrvraitbpqclskif
zzabgvogqtzgtfyunzaesyoymurpvkgersmcey
ksznkyuzevnmxcuxchebocopkfhkovetq
ipeqtjr
zzabgvogqtzgtfyunzaesyoymurpvkgersmcey
zzabgvogqtzgtfyunzaesyoymurpvkgersmcey
wmbqeoqxpditprkdifhjhrmxfmbxbbxxgwwfaduuijc
wxejldxfpcdnvjfzbkyiudknwzfzrvraitbpqclskif
zzabgvogqtzgtfyunzaesyoymurpvkgersmcey
zzabgvogqtzgtfyunzaesyoymurpvkgersmcey
slqasmmdtqzntm
wxejldxfpcdnvjfzbkyiudknwzfzrvraitbpqclskif
zzabgvogqtzgtfyunzaesyoymurpvkgersmcey
ksznkyuzevnmxcuxchebocopkfhkovetq
wxejldxfpcdnvjfzbkyiudknwzfzrvraitbpqclskif
zzabgvogqtzgtfyunzaesyoymurpvkgersmcey
ksznkyuzevnmxcuxchebocopkfhkovetq
zzabgvogqtzgtfyunzaesyoymurpvkgersmcey
wrypnwhvkocuzecfgltfvsevdqfteavwceyoqjrljedpub
zzabgvogqtzgtfyunzaesyoymurpvkgersmcey
zzabgvogqtzgtfyunzaesyoymurpvkgersmcey
zzabgvogqtzgtfyunzaesyoymurpvkgersmcey
zzabgvogqtzgtfyunzaesyoymurpvkgersmcey
zzabgvogqtzgtfyunzaesyoymurpvkgersmcey
wrypnwhvkocuzecfgltfvsevdqfteavwceyoqjrljedpub
wrypnwhvkocuzecfgltfvsevdqfteavwceyoqjrljedpub
zzabgvogqtzgtfyunzaesyoymurpvkgersmcey
wrypnwhvkocuzecfgltfvsevdqfteavwceyoqjrljedpub
dsayiblquv
ksznkyuzevnmxcuxchebocopkfhkovetq
zzabgvogqtzgtfyunzaesyoymurpvkgersmcey
zzabgvogqtzgtfyunzaesyoymurpvkgersmcey
zzabgvogqtzgtfyunzaesyoymurpvkgersmcey
wmbqeoqxpditprkdifhjhrmxfmbxbbxxgwwfaduuijc
wrypnwhvkocuzecfgltfvsevdqfteavwceyoqjrljedpub
zzabgvogqtzgtfyunzaesyoymurpvkgersmcey
wxejldxfpcdnvjfzbkyiudknwzfzrvraitbpqclskif
zzabgvogqtzgtfyunzaesyoymurpvkgersmcey
zzabgvogqtzgtfyunzaesyoymurpvkgersmcey
wmbqeoqxpditprkdifhjhrmxfmbxbbxxgwwfaduuijc
wxejldxfpcdnvjfzbkyiudknwzfzrvraitbpqclskif
wrypnwhvkocuzecfgltfvsevdqfteavwceyoqjrljedpub
wxejldxfpcdnvjfzbkyiudknwzfzrvraitbpqclskif
wrypnwhvkocuzecfgltfvsevdqfteavwceyoqjrljedpub
zzabgvogqtzgtfyunzaesyoymurpvkgersmcey
wxejldxfpcdnvjfzbkyiudknwzfzrvraitbpqclskif
slqasmmdtqzntm
wmbqeoqxpditprkdifhjhrmxfmbxbbxxgwwfaduuijc
wxejldxfpcdnvjfzbkyiudknwzfzrvraitbpqclskif
zzabgvogqtzgtfyunzaesyoymurpvkgersmcey
zzabgvogqtzgtfyunzaesyoymurpvkgersmcey
zzabgvogqtzgtfyunzaesyoymurpvkgersmcey
gekd
zzabgvogqtzgtfyunzaesyoymurpvkgersmcey
wmbqeoqxpditprkdifhjhrmxfmbxbbxxgwwfaduuijc
zzabgvogqtzgtfyunzaesyoymurpvkgersmcey
zzabgvogqtzgtfyunzaesyoymurpvkgersmcey
zzabgvogqtzgtfyunzaesyoymurpvkgersmcey
zzabgvogqtzgtfyunzaesyoymurpvkgersmcey
slqasmmdtqzntm
wrypnwhvkocuzecfgltfvsevdqfteavwceyoqjrljedpub
sjohrajqezjciyysgxdmyyzlw
zzabgvogqtzgtfyunzaesyoymurpvkgersmcey
wxejldxfpcdnvjfzbkyiudknwzfzrvraitbpqclskif
zzabgvogqtzgtfyunzaesyoymurpvkgersmcey
wrypnwhvkocuzecfgltfvsevdqfteavwceyoqjrljedpub
wrypnwhvkocuzecfgltfvsevdqfteavwceyoqjrljedpub
wxejldxfpcdnvjfzbkyiudknwzfzrvraitbpqclskif
wxejldxfpcdnvjfzbkyiudknwzfzrvraitbpqclskif
zzabgvogqtzgtfyunzaesyoymurpvkgersmcey
ksznkyuzevnmxcuxchebocopkfhkovetq
slqasmmdtqzntm
wmbqeoqxpditprkdifhjhrmxfmbxbbxxgwwfaduuijc
slqasmmdtqzntm
sjohrajqezjciyysgxdmyyzlw
wxejldxfpcdnvjfzbkyiudknwzfzrvraitbpqclskif
wrypnwhvkocuzecfgltfvsevdqfteavwceyoqjrljedpub
zzabgvogqtzgtfyunzaesyoymurpvkgersmcey
wxejldxfpcdnvjfzbkyiudknwzfzrvraitbpqclskif
zzabgvogqtzgtfyunzaesyoymurpvkgersmcey
wxejldxfpcdnvjfzbkyiudknwzfzrvraitbpqclskif
wrypnwhvkocuzecfgltfvsevdqfteavwceyoqjrljedpub
zzabgvogqtzgtfyunzaesyoymurpvkgersmcey
wxejldxfpcdnvjfzbkyiudknwzfzrvraitbpqclskif
wxejldxfpcdnvjfzbkyiudknwzfzrvraitbpqclskif
wxejldxfpcdnvjfzbkyiudknwzfzrvraitbpqclskif
wrypnwhvkocuzecfgltfvsevdqfteavwceyoqjrljedpub
wrypnwhvkocuzecfgltfvsevdqfteavwceyoqjrljedpub
zzabgvogqtzgtfyunzaesyoymurpvkgersmcey
wxejldxfpcdnvjfzbkyiudknwzfzrvraitbpqclskif
wrypnwhvkocuzecfgltfvsevdqfteavwceyoqjrljedpub
dsayiblquv
wxejldxfpcdnvjfzbkyiudknwzfzrvraitbpqclskif
slqasmmdtqzntm
zzabgvogqtzgtfyunzaesyoymurpvkgersmcey
zzabgvogqtzgtfyunzaesyoymurpvkgersmcey
wxejldxfpcdnvjfzbkyiudknwzfzrvraitbpqclskif
sjohrajqezjciyysgxdmyyzlw
wrypnwhvkocuzecfgltfvsevdqfteavwceyoqjrljedpub
wxejldxfpcdnvjfzbkyiudknwzfzrvraitbpqclskif
wmbqeoqxpditprkdifhjhrmxfmbxbbxxgwwfaduuijc
wmbqeoqxpditprkdifhjhrmxfmbxbbxxgwwfaduuijc
zzabgvogqtzgtfyunzaesyoymurpvkgersmcey
zzabgvogqtzgtfyunzaesyoymurpvkgersmcey
zzabgvogqtzgtfyunzaesyoymurpvkgersmcey
wmbqeoqxpditprkdifhjhrmxfmbxbbxxgwwfaduuijc
zzabgvogqtzgtfyunzaesyoymurpvkgersmcey
wxejldxfpcdnvjfzbkyiudknwzfzrvraitbpqclskif
zzabgvogqtzgtfyunzaesyoymurpvkgersmcey
wxejldxfpcdnvjfzbkyiudknwzfzrvraitbpqclskif
wxejldxfpcdnvjfzbkyiudknwzfzrvraitbpqclskif
wrypnwhvkocuzecfgltfvsevdqfteavwceyoqjrljedpub
wrypnwhvkocuzecfgltfvsevdqfteavwceyoqjrljedpub
zzabgvogqtzgtfyunzaesyoymurpvkgersmcey
zzabgvogqtzgtfyunzaesyoymurpvkgersmcey
wrypnwhvkocuzecfgltfvsevdqfteavwceyoqjrljedpub
zzabgvogqtzgtfyunzaesyoymurpvkgersmcey
wrypnwhvkocuzecfgltfvsevdqfteavwceyoqjrljedpub
zzabgvogqtzgtfyunzaesyoymurpvkgersmcey
zzabgvogqtzgtfyunzaesyoymurpvkgersmcey
wrypnwhvkocuzecfgltfvsevdqfteavwceyoqjrljedpub
wxejldxfpcdnvjfzbkyiudknwzfzrvraitbpqclskif
zzabgvogqtzgtfyunzaesyoymurpvkgersmcey
zzabgvogqtzgtfyunzaesyoymurpvkgersmcey
gekd
zzabgvogqtzgtfyunzaesyoymurpvkgersmcey
dsayiblquv
wxejldxfpcdnvjfzbkyiudknwzfzrvraitbpqclskif
zzabgvogqtzgtfyunzaesyoymurpvkgersmcey
zzabgvogqtzgtfyunzaesyoymurpvkgersmcey
wxejldxfpcdnvjfzbkyiudknwzfzrvraitbpqclskif
wrypnwhvkocuzecfgltfvsevdqfteavwceyoqjrljedpub
zzabgvogqtzgtfyunzaesyoymurpvkgersmcey
wxejldxfpcdnvjfzbkyiudknwzfzrvraitbpqclskif
wxejldxfpcdnvjfzbkyiudknwzfzrvraitbpqclskif
wxejldxfpcdnvjfzbkyiudknwzfzrvraitbpqclskif
dsayiblquv
zzabgvogqtzgtfyunzaesyoymurpvkgersmcey
wmbqeoqxpditprkdifhjhrmxfmbxbbxxgwwfaduuijc
wrypnwhvkocuzecfgltfvsevdqfteavwceyoqjrljedpub
slqasmmdtqzntm
wxejldxfpcdnvjfzbkyiudknwzfzrvraitbpqclskif
zzabgvogqtzgtfyunzaesyoymurpvkgersmcey
wrypnwhvkocuzecfgltfvsevdqfteavwceyoqjrljedpub
wrypnwhvkocuzecfgltfvsevdqfteavwceyoqjrljedpub
wxejldxfpcdnvjfzbkyiudknwzfzrvraitbpqclskif
wrypnwhvkocuzecfgltfvsevdqfteavwceyoqjrljedpub
zzabgvogqtzgtfyunzaesyoymurpvkgersmcey
ipeqtjr
wmbqeoqxpditprkdifhjhrmxfmbxbbxxgwwfaduuijc
zzabgvogqtzgtfyunzaesyoymurpvkgersmcey
zzabgvogqtzgtfyunzaesyoymurpvkgersmcey
wxejldxfpcdnvjfzbkyiudknwzfzrvraitbpqclskif
zzabgvogqtzgtfyunzaesyoymurpvkgersmcey
wxejldxfpcdnvjfzbkyiudknwzfzrvraitbpqclskif
wxejldxfpcdnvjfzbkyiudknwzfzrvraitbpqclskif
wmbqeoqxpditprkdifhjhrmxfmbxbbxxgwwfaduuijc
wrypnwhvkocuzecfgltfvsevdqfteavwceyoqjrljedpub
zzabgvogqtzgtfyunzaesyoymurpvkgersmcey
zzabgvogqtzgtfyunzaesyoymurpvkgersmcey
ipeqtjr
ipeqtjr
zzabgvogqtzgtfyunzaesyoymurpvkgersmcey
zzabgvogqtzgtfyunzaesyoymurpvkgersmcey
wrypnwhvkocuzecfgltfvsevdqfteavwceyoqjrljedpub
wrypnwhvkocuzecfgltfvsevdqfteavwceyoqjrljedpub
zzabgvogqtzgtfyunzaesyoymurpvkgersmcey
zzabgvogqtzgtfyunzaesyoymurpvkgersmcey
zzabgvogqtzgtfyunzaesyoymurpvkgersmcey
wxejldxfpcdnvjfzbkyiudknwzfzrvraitbpqclskif
zzabgvogqtzgtfyunzaesyoymurpvkgersmcey
zzabgvogqtzgtfyunzaesyoymurpvkgersmcey
zzabgvogqtzgtfyunzaesyoymurpvkgersmcey
zzabgvogqtzgtfyunzaesyoymurpvkgersmcey
sjohrajqezjciyysgxdmyyzlw
zzabgvogqtzgtfyunzaesyoymurpvkgersmcey
wrypnwhvkocuzecfgltfvsevdqfteavwceyoqjrljedpub
zzabgvogqtzgtfyunzaesyoymurpvkgersmcey
wrypnwhvkocuzecfgltfvsevdqfteavwceyoqjrljedpub
wmbqeoqxpditprkdifhjhrmxfmbxbbxxgwwfaduuijc
zzabgvogqtzgtfyunzaesyoymurpvkgersmcey
slqasmmdtqzntm
ksznkyuzevnmxcuxchebocopkfhkovetq
slqasmmdtqzntm
zzabgvogqtzgtfyunzaesyoymurpvkgersmcey
slqasmmdtqzntm
zzabgvogqtzgtfyunzaesyoymurpvkgersmcey
wxejldxfpcdnvjfzbkyiudknwzfzrvraitbpqclskif
wmbqeoqxpditprkdifhjhrmxfmbxbbxxgwwfaduuijc
wxejldxfpcdnvjfzbkyiudknwzfzrvraitbpqclskif
wxejldxfpcdnvjfzbkyiudknwzfzrvraitbpqclskif
zzabgvogqtzgtfyunzaesyoymurpvkgersmcey
zzabgvogqtzgtfyunzaesyoymurpvkgersmcey
zzabgvogqtzgtfyunzaesyoymurpvkgersmcey
dsayiblquv
ipeqtjr
zzabgvogqtzgtfyunzaesyoymurpvkgersmcey
wrypnwhvkocuzecfgltfvsevdqfteavwceyoqjrljedpub
wxejldxfpcdnvjfzbkyiudknwzfzrvraitbpqclskif
zzabgvogqtzgtfyunzaesyoymurpvkgersmcey
zzabgvogqtzgtfyunzaesyoymurpvkgersmcey
zzabgvogqtzgtfyunzaesyoymurpvkgersmcey
zzabgvogqtzgtfyunzaesyoymurpvkgersmcey
wmbqeoqxpditprkdifhjhrmxfmbxbbxxgwwfaduuijc
wmbqeoqxpditprkdifhjhrmxfmbxbbxxgwwfaduuijc
wmbqeoqxpditprkdifhjhrmxfmbxbbxxgwwfaduuijc
wrypnwhvkocuzecfgltfvsevdqfteavwceyoqjrljedpub
wrypnwhvkocuzecfgltfvsevdqfteavwceyoqjrljedpub
zzabgvogqtzgtfyunzaesyoymurpvkgersmcey
zzabgvogqtzgtfyunzaesyoymurpvkgersmcey
zzabgvogqtzgtfyunzaesyoymurpvkgersmcey
zzabgvogqtzgtfyunzaesyoymurpvkgersmcey
zzabgvogqtzgtfyunzaesyoymurpvkgersmcey
wxejldxfpcdnvjfzbkyiudknwzfzrvraitbpqclskif
wxejldxfpcdnvjfzbkyiudknwzfzrvraitbpqclskif
zzabgvogqtzgtfyunzaesyoymurpvkgersmcey
zzabgvogqtzgtfyunzaesyoymurpvkgersmcey
zzabgvogqtzgtfyunzaesyoymurpvkgersmcey
sjohrajqezjciyysgxdmyyzlw
sjohrajqezjciyysgxdmyyzlw
wxejldxfpcdnvjfzbkyiudknwzfzrvraitbpqclskif
wmbqeoqxpditprkdifhjhrmxfmbxbbxxgwwfaduuijc
wxejldxfpcdnvjfzbkyiudknwzfzrvraitbpqclskif
zzabgvogqtzgtfyunzaesyoymurpvkgersmcey
zzabgvogqtzgtfyunzaesyoymurpvkgersmcey
wxejldxfpcdnvjfzbkyiudknwzfzrvraitbpqclskif
wxejldxfpcdnvjfzbkyiudknwzfzrvraitbpqclskif
wrypnwhvkocuzecfgltfvsevdqfteavwceyoqjrljedpub
wrypnwhvkocuzecfgltfvsevdqfteavwceyoqjrljedpub
sjohrajqezjciyysgxdmyyzlw
wxejldxfpcdnvjfzbkyiudknwzfzrvraitbpqclskif
zzabgvogqtzgtfyunzaesyoymurpvkgersmcey
zzabgvogqtzgtfyunzaesyoymurpvkgersmcey
zzabgvogqtzgtfyunzaesyoymurpvkgersmcey
ipeqtjr
zzabgvogqtzgtfyunzaesyoymurpvkgersmcey
ksznkyuzevnmxcuxchebocopkfhkovetq
wxejldxfpcdnvjfzbkyiudknwzfzrvraitbpqclskif
slqasmmdtqzntm
wrypnwhvkocuzecfgltfvsevdqfteavwceyoqjrljedpub
wxejldxfpcdnvjfzbkyiudknwzfzrvraitbpqclskif
zzabgvogqtzgtfyunzaesyoymurpvkgersmcey
slqasmmdtqzntm
wrypnwhvkocuzecfgltfvsevdqfteavwceyoqjrljedpub
wxejldxfpcdnvjfzbkyiudknwzfzrvraitbpqclskif
wrypnwhvkocuzecfgltfvsevdqfteavwceyoqjrljedpub
zzabgvogqtzgtfyunzaesyoymurpvkgersmcey
wrypnwhvkocuzecfgltfvsevdqfteavwceyoqjrljedpub
wmbqeoqxpditprkdifhjhrmxfmbxbbxxgwwfaduuijc
wxejldxfpcdnvjfzbkyiudknwzfzrvraitbpqclskif
wmbqeoqxpditprkdifhjhrmxfmbxbbxxgwwfaduuijc
wmbqeoqxpditprkdifhjhrmxfmbxbbxxgwwfaduuijc
wmbqeoqxpditprkdifhjhrmxfmbxbbxxgwwfaduuijc
wrypnwhvkocuzecfgltfvsevdqfteavwceyoqjrljedpub
zzabgvogqtzgtfyunzaesyoymurpvkgersmcey
wxejldxfpcdnvjfzbkyiudknwzfzrvraitbpqclskif
zzabgvogqtzgtfyunzaesyoymurpvkgersmcey
zzabgvogqtzgtfyunzaesyoymurpvkgersmcey
wxejldxfpcdnvjfzbkyiudknwzfzrvraitbpqclskif
wmbqeoqxpditprkdifhjhrmxfmbxbbxxgwwfaduuijc
wmbqeoqxpditprkdifhjhrmxfmbxbbxxgwwfaduuijc
wrypnwhvkocuzecfgltfvsevdqfteavwceyoqjrljedpub
zzabgvogqtzgtfyunzaesyoymurpvkgersmcey
sjohrajqezjciyysgxdmyyzlw
zzabgvogqtzgtfyunzaesyoymurpvkgersmcey
sjohrajqezjciyysgxdmyyzlw
zzabgvogqtzgtfyunzaesyoymurpvkgersmcey
zzabgvogqtzgtfyunzaesyoymurpvkgersmcey
zzabgvogqtzgtfyunzaesyoymurpvkgersmcey
zzabgvogqtzgtfyunzaesyoymurpvkgersmcey
gekd
slqasmmdtqzntm
zzabgvogqtzgtfyunzaesyoymurpvkgersmcey
wxejldxfpcdnvjfzbkyiudknwzfzrvraitbpqclskif
wrypnwhvkocuzecfgltfvsevdqfteavwceyoqjrljedpub
wxejldxfpcdnvjfzbkyiudknwzfzrvraitbpqclskif
zzabgvogqtzgtfyunzaesyoymurpvkgersmcey
zzabgvogqtzgtfyunzaesyoymurpvkgersmcey
wxejldxfpcdnvjfzbkyiudknwzfzrvraitbpqclskif
wmbqeoqxpditprkdifhjhrmxfmbxbbxxgwwfaduuijc
wxejldxfpcdnvjfzbkyiudknwzfzrvraitbpqclskif
wrypnwhvkocuzecfgltfvsevdqfteavwceyoqjrljedpub
wxejldxfpcdnvjfzbkyiudknwzfzrvraitbpqclskif
wxejldxfpcdnvjfzbkyiudknwzfzrvraitbpqclskif
wxejldxfpcdnvjfzbkyiudknwzfzrvraitbpqclskif
wmbqeoqxpditprkdifhjhrmxfmbxbbxxgwwfaduuijc
wrypnwhvkocuzecfgltfvsevdqfteavwceyoqjrljedpub
zzabgvogqtzgtfyunzaesyoymurpvkgersmcey
zzabgvogqtzgtfyunzaesyoymurpvkgersmcey
wxejldxfpcdnvjfzbkyiudknwzfzrvraitbpqclskif
wxejldxfpcdnvjfzbkyiudknwzfzrvraitbpqclskif
slqasmmdtqzntm
wxejldxfpcdnvjfzbkyiudknwzfzrvraitbpqclskif
wxejldxfpcdnvjfzbkyiudknwzfzrvraitbpqclskif
zzabgvogqtzgtfyunzaesyoymurpvkgersmcey
zzabgvogqtzgtfyunzaesyoymurpvkgersmcey
zzabgvogqtzgtfyunzaesyoymurpvkgersmcey
zzabgvogqtzgtfyunzaesyoymurpvkgersmcey
zzabgvogqtzgtfyunzaesyoymurpvkgersmcey
wrypnwhvkocuzecfgltfvsevdqfteavwceyoqjrljedpub
wxejldxfpcdnvjfzbkyiudknwzfzrvraitbpqclskif
dsayiblquv
zzabgvogqtzgtfyunzaesyoymurpvkgersmcey
sjohrajqezjciyysgxdmyyzlw
wrypnwhvkocuzecfgltfvsevdqfteavwceyoqjrljedpub
wmbqeoqxpditprkdifhjhrmxfmbxbbxxgwwfaduuijc
wxejldxfpcdnvjfzbkyiudknwzfzrvraitbpqclskif
wxejldxfpcdnvjfzbkyiudknwzfzrvraitbpqclskif
slqasmmdtqzntm
wxejldxfpcdnvjfzbkyiudknwzfzrvraitbpqclskif
wxejldxfpcdnvjfzbkyiudknwzfzrvraitbpqclskif
zzabgvogqtzgtfyunzaesyoymurpvkgersmcey
ksznkyuzevnmxcuxchebocopkfhkovetq
zzabgvogqtzgtfyunzaesyoymurpvkgersmcey
ksznkyuzevnmxcuxchebocopkfhkovetq
wxejldxfpcdnvjfzbkyiudknwzfzrvraitbpqclskif
ipeqtjr
zzabgvogqtzgtfyunzaesyoymurpvkgersmcey
wmbqeoqxpditprkdifhjhrmxfmbxbbxxgwwfaduuijc
wrypnwhvkocuzecfgltfvsevdqfteavwceyoqjrljedpub
zzabgvogqtzgtfyunzaesyoymurpvkgersmcey
wxejldxfpcdnvjfzbkyiudknwzfzrvraitbpqclskif
gekd
zzabgvogqtzgtfyunzaesyoymurpvkgersmcey
wmbqeoqxpditprkdifhjhrmxfmbxbbxxgwwfaduuijc
slqasmmdtqzntm
slqasmmdtqzntm
wrypnwhvkocuzecfgltfvsevdqfteavwceyoqjrljedpub
zzabgvogqtzgtfyunzaesyoymurpvkgersmcey
wxejldxfpcdnvjfzbkyiudknwzfzrvraitbpqclskif
slqasmmdtqzntm
wrypnwhvkocuzecfgltfvsevdqfteavwceyoqjrljedpub
wxejldxfpcdnvjfzbkyiudknwzfzrvraitbpqclskif
sjohrajqezjciyysgxdmyyzlw
wxejldxfpcdnvjfzbkyiudknwzfzrvraitbpqclskif
wmbqeoqxpditprkdifhjhrmxfmbxbbxxgwwfaduuijc
zzabgvogqtzgtfyunzaesyoymurpvkgersmcey
wrypnwhvkocuzecfgltfvsevdqfteavwceyoqjrljedpub
wxejldxfpcdnvjfzbkyiudknwzfzrvraitbpqclskif
zzabgvogqtzgtfyunzaesyoymurpvkgersmcey
wrypnwhvkocuzecfgltfvsevdqfteavwceyoqjrljedpub
wrypnwhvkocuzecfgltfvsevdqfteavwceyoqjrljedpub
ksznkyuzevnmxcuxchebocopkfhkovetq
wrypnwhvkocuzecfgltfvsevdqfteavwceyoqjrljedpub
zzabgvogqtzgtfyunzaesyoymurpvkgersmcey
sjohrajqezjciyysgxdmyyzlw
zzabgvogqtzgtfyunzaesyoymurpvkgersmcey
zzabgvogqtzgtfyunzaesyoymurpvkgersmcey
zzabgvogqtzgtfyunzaesyoymurpvkgersmcey
zzabgvogqtzgtfyunzaesyoymurpvkgersmcey
zzabgvogqtzgtfyunzaesyoymurpvkgersmcey
wxejldxfpcdnvjfzbkyiudknwzfzrvraitbpqclskif
gekd
zzabgvogqtzgtfyunzaesyoymurpvkgersmcey
wrypnwhvkocuzecfgltfvsevdqfteavwceyoqjrljedpub
wxejldxfpcdnvjfzbkyiudknwzfzrvraitbpqclskif
wxejldxfpcdnvjfzbkyiudknwzfzrvraitbpqclskif
wxejldxfpcdnvjfzbkyiudknwzfzrvraitbpqclskif
zzabgvogqtzgtfyunzaesyoymurpvkgersmcey
wxejldxfpcdnvjfzbkyiudknwzfzrvraitbpqclskif
slqasmmdtqzntm
zzabgvogqtzgtfyunzaesyoymurpvkgersmcey
wrypnwhvkocuzecfgltfvsevdqfteavwceyoqjrljedpub
wrypnwhvkocuzecfgltfvsevdqfteavwceyoqjrljedpub
wmbqeoqxpditprkdifhjhrmxfmbxbbxxgwwfaduuijc
wxejldxfpcdnvjfzbkyiudknwzfzrvraitbpqclskif
wxejldxfpcdnvjfzbkyiudknwzfzrvraitbpqclskif
slqasmmdtqzntm
wxejldxfpcdnvjfzbkyiudknwzfzrvraitbpqclskif
wxejldxfpcdnvjfzbkyiudknwzfzrvraitbpqclskif
wxejldxfpcdnvjfzbkyiudknwzfzrvraitbpqclskif
wxejldxfpcdnvjfzbkyiudknwzfzrvraitbpqclskif
wrypnwhvkocuzecfgltfvsevdqfteavwceyoqjrljedpub
zzabgvogqtzgtfyunzaesyoymurpvkgersmcey
wxejldxfpcdnvjfzbkyiudknwzfzrvraitbpqclskif
wxejldxfpcdnvjfzbkyiudknwzfzrvraitbpqclskif
zzabgvogqtzgtfyunzaesyoymurpvkgersmcey
wrypnwhvkocuzecfgltfvsevdqfteavwceyoqjrljedpub
wrypnwhvkocuzecfgltfvsevdqfteavwceyoqjrljedpub
zzabgvogqtzgtfyunzaesyoymurpvkgersmcey
wrypnwhvkocuzecfgltfvsevdqfteavwceyoqjrljedpub
wxejldxfpcdnvjfzbkyiudknwzfzrvraitbpqclskif
wrypnwhvkocuzecfgltfvsevdqfteavwceyoqjrljedpub
wrypnwhvkocuzecfgltfvsevdqfteavwceyoqjrljedpub
wxejldxfpcdnvjfzbkyiudknwzfzrvraitbpqclskif
wxejldxfpcdnvjfzbkyiudknwzfzrvraitbpqclskif
zzabgvogqtzgtfyunzaesyoymurpvkgersmcey
ksznkyuzevnmxcuxchebocopkfhkovetq
slqasmmdtqzntm
zzabgvogqtzgtfyunzaesyoymurpvkgersmcey
wxejldxfpcdnvjfzbkyiudknwzfzrvraitbpqclskif
zzabgvogqtzgtfyunzaesyoymurpvkgersmcey
slqasmmdtqzntm
zzabgvogqtzgtfyunzaesyoymurpvkgersmcey
sjohrajqezjciyysgxdmyyzlw
wxejldxfpcdnvjfzbkyiudknwzfzrvraitbpqclskif
wrypnwhvkocuzecfgltfvsevdqfteavwceyoqjrljedpub
wxejldxfpcdnvjfzbkyiudknwzfzrvraitbpqclskif
wmbqeoqxpditprkdifhjhrmxfmbxbbxxgwwfaduuijc
wrypnwhvkocuzecfgltfvsevdqfteavwceyoqjrljedpub
wxejldxfpcdnvjfzbkyiudknwzfzrvraitbpqclskif
zzabgvogqtzgtfyunzaesyoymurpvkgersmcey
zzabgvogqtzgtfyunzaesyoymurpvkgersmcey
zzabgvogqtzgtfyunzaesyoymurpvkgersmcey
wxejldxfpcdnvjfzbkyiudknwzfzrvraitbpqclskif
wmbqeoqxpditprkdifhjhrmxfmbxbbxxgwwfaduuijc
zzabgvogqtzgtfyunzaesyoymurpvkgersmcey
zzabgvogqtzgtfyunzaesyoymurpvkgersmcey
zzabgvogqtzgtfyunzaesyoymurpvkgersmcey
zzabgvogqtzgtfyunzaesyoymurpvkgersmcey
wxejldxfpcdnvjfzbkyiudknwzfzrvraitbpqclskif
zzabgvogqtzgtfyunzaesyoymurpvkgersmcey
zzabgvogqtzgtfyunzaesyoymurpvkgersmcey
zzabgvogqtzgtfyunzaesyoymurpvkgersmcey
zzabgvogqtzgtfyunzaesyoymurpvkgersmcey
gekd
zzabgvogqtzgtfyunzaesyoymurpvkgersmcey
zzabgvogqtzgtfyunzaesyoymurpvkgersmcey
wmbqeoqxpditprkdifhjhrmxfmbxbbxxgwwfaduuijc
wmbqeoqxpditprkdifhjhrmxfmbxbbxxgwwfaduuijc
wmbqeoqxpditprkdifhjhrmxfmbxbbxxgwwfaduuijc
wrypnwhvkocuzecfgltfvsevdqfteavwceyoqjrljedpub
zzabgvogqtzgtfyunzaesyoymurpvkgersmcey
zzabgvogqtzgtfyunzaesyoymurpvkgersmcey
zzabgvogqtzgtfyunzaesyoymurpvkgersmcey
sjohrajqezjciyysgxdmyyzlw
wrypnwhvkocuzecfgltfvsevdqfteavwceyoqjrljedpub
zzabgvogqtzgtfyunzaesyoymurpvkgersmcey
wmbqeoqxpditprkdifhjhrmxfmbxbbxxgwwfaduuijc
zzabgvogqtzgtfyunzaesyoymurpvkgersmcey
wrypnwhvkocuzecfgltfvsevdqfteavwceyoqjrljedpub
wxejldxfpcdnvjfzbkyiudknwzfzrvraitbpqclskif
zzabgvogqtzgtfyunzaesyoymurpvkgersmcey
wxejldxfpcdnvjfzbkyiudknwzfzrvraitbpqclskif
zzabgvogqtzgtfyunzaesyoymurpvkgersmcey
zzabgvogqtzgtfyunzaesyoymurpvkgersmcey
zzabgvogqtzgtfyunzaesyoymurpvkgersmcey
wmbqeoqxpditprkdifhjhrmxfmbxbbxxgwwfaduuijc
sjohrajqezjciyysgxdmyyzlw
zzabgvogqtzgtfyunzaesyoymurpvkgersmcey
wxejldxfpcdnvjfzbkyiudknwzfzrvraitbpqclskif
wmbqeoqxpditprkdifhjhrmxfmbxbbxxgwwfaduuijc
wrypnwhvkocuzecfgltfvsevdqfteavwceyoqjrljedpub
zzabgvogqtzgtfyunzaesyoymurpvkgersmcey
zzabgvogqtzgtfyunzaesyoymurpvkgersmcey
gekd
zzabgvogqtzgtfyunzaesyoymurpvkgersmcey
zzabgvogqtzgtfyunzaesyoymurpvkgersmcey
zzabgvogqtzgtfyunzaesyoymurpvkgersmcey
wxejldxfpcdnvjfzbkyiudknwzfzrvraitbpqclskif
zzabgvogqtzgtfyunzaesyoymurpvkgersmcey
zzabgvogqtzgtfyunzaesyoymurpvkgersmcey
zzabgvogqtzgtfyunzaesyoymurpvkgersmcey
sjohrajqezjciyysgxdmyyzlw
wrypnwhvkocuzecfgltfvsevdqfteavwceyoqjrljedpub
zzabgvogqtzgtfyunzaesyoymurpvkgersmcey
wmbqeoqxpditprkdifhjhrmxfmbxbbxxgwwfaduuijc
zzabgvogqtzgtfyunzaesyoymurpvkgersmcey
wmbqeoqxpditprkdifhjhrmxfmbxbbxxgwwfaduuijc
wrypnwhvkocuzecfgltfvsevdqfteavwceyoqjrljedpub
zzabgvogqtzgtfyunzaesyoymurpvkgersmcey
wxejldxfpcdnvjfzbkyiudknwzfzrvraitbpqclskif
wrypnwhvkocuzecfgltfvsevdqfteavwceyoqjrljedpub
wmbqeoqxpditprkdifhjhrmxfmbxbbxxgwwfaduuijc
wrypnwhvkocuzecfgltfvsevdqfteavwceyoqjrljedpub
zzabgvogqtzgtfyunzaesyoymurpvkgersmcey
wxejldxfpcdnvjfzbkyiudknwzfzrvraitbpqclskif
wmbqeoqxpditprkdifhjhrmxfmbxbbxxgwwfaduuijc
zzabgvogqtzgtfyunzaesyoymurpvkgersmcey
wrypnwhvkocuzecfgltfvsevdqfteavwceyoqjrljedpub
zzabgvogqtzgtfyunzaesyoymurpvkgersmcey
ipeqtjr
slqasmmdtqzntm
slqasmmdtqzntm
wrypnwhvkocuzecfgltfvsevdqfteavwceyoqjrljedpub
wmbqeoqxpditprkdifhjhrmxfmbxbbxxgwwfaduuijc
wmbqeoqxpditprkdifhjhrmxfmbxbbxxgwwfaduuijc
gekd
zzabgvogqtzgtfyunzaesyoymurpvkgersmcey
wxejldxfpcdnvjfzbkyiudknwzfzrvraitbpqclskif
slqasmmdtqzntm
wxejldxfpcdnvjfzbkyiudknwzfzrvraitbpqclskif
zzabgvogqtzgtfyunzaesyoymurpvkgersmcey
wxejldxfpcdnvjfzbkyiudknwzfzrvraitbpqclskif
zzabgvogqtzgtfyunzaesyoymurpvkgersmcey
zzabgvogqtzgtfyunzaesyoymurpvkgersmcey
sjohrajqezjciyysgxdmyyzlw
slqasmmdtqzntm
wrypnwhvkocuzecfgltfvsevdqfteavwceyoqjrljedpub
wxejldxfpcdnvjfzbkyiudknwzfzrvraitbpqclskif
wmbqeoqxpditprkdifhjhrmxfmbxbbxxgwwfaduuijc
zzabgvogqtzgtfyunzaesyoymurpvkgersmcey
zzabgvogqtzgtfyunzaesyoymurpvkgersmcey
zzabgvogqtzgtfyunzaesyoymurpvkgersmcey
slqasmmdtqzntm
gekd
wrypnwhvkocuzecfgltfvsevdqfteavwceyoqjrljedpub
ipeqtjr
wxejldxfpcdnvjfzbkyiudknwzfzrvraitbpqclskif
zzabgvogqtzgtfyunzaesyoymurpvkgersmcey
wrypnwhvkocuzecfgltfvsevdqfteavwceyoqjrljedpub
wrypnwhvkocuzecfgltfvsevdqfteavwceyoqjrljedpub
wrypnwhvkocuzecfgltfvsevdqfteavwceyoqjrljedpub
wrypnwhvkocuzecfgltfvsevdqfteavwceyoqjrljedpub
wxejldxfpcdnvjfzbkyiudknwzfzrvraitbpqclskif
wrypnwhvkocuzecfgltfvsevdqfteavwceyoqjrljedpub
zzabgvogqtzgtfyunzaesyoymurpvkgersmcey
zzabgvogqtzgtfyunzaesyoymurpvkgersmcey
zzabgvogqtzgtfyunzaesyoymurpvkgersmcey
zzabgvogqtzgtfyunzaesyoymurpvkgersmcey
ipeqtjr
wxejldxfpcdnvjfzbkyiudknwzfzrvraitbpqclskif
wmbqeoqxpditprkdifhjhrmxfmbxbbxxgwwfaduuijc
zzabgvogqtzgtfyunzaesyoymurpvkgersmcey
wmbqeoqxpditprkdifhjhrmxfmbxbbxxgwwfaduuijc
zzabgvogqtzgtfyunzaesyoymurpvkgersmcey
wrypnwhvkocuzecfgltfvsevdqfteavwceyoqjrljedpub
wmbqeoqxpditprkdifhjhrmxfmbxbbxxgwwfaduuijc
zzabgvogqtzgtfyunzaesyoymurpvkgersmcey
wrypnwhvkocuzecfgltfvsevdqfteavwceyoqjrljedpub
wmbqeoqxpditprkdifhjhrmxfmbxbbxxgwwfaduuijc
wmbqeoqxpditprkdifhjhrmxfmbxbbxxgwwfaduuijc
wxejldxfpcdnvjfzbkyiudknwzfzrvraitbpqclskif
zzabgvogqtzgtfyunzaesyoymurpvkgersmcey
slqasmmdtqzntm
wxejldxfpcdnvjfzbkyiudknwzfzrvraitbpqclskif
wrypnwhvkocuzecfgltfvsevdqfteavwceyoqjrljedpub
wrypnwhvkocuzecfgltfvsevdqfteavwceyoqjrljedpub
wxejldxfpcdnvjfzbkyiudknwzfzrvraitbpqclskif
wrypnwhvkocuzecfgltfvsevdqfteavwceyoqjrljedpub
zzabgvogqtzgtfyunzaesyoymurpvkgersmcey
zzabgvogqtzgtfyunzaesyoymurpvkgersmcey
wmbqeoqxpditprkdifhjhrmxfmbxbbxxgwwfaduuijc
zzabgvogqtzgtfyunzaesyoymurpvkgersmcey
zzabgvogqtzgtfyunzaesyoymurpvkgersmcey
wxejldxfpcdnvjfzbkyiudknwzfzrvraitbpqclskif
ksznkyuzevnmxcuxchebocopkfhkovetq
ksznkyuzevnmxcuxchebocopkfhkovetq
zzabgvogqtzgtfyunzaesyoymurpvkgersmcey
zzabgvogqtzgtfyunzaesyoymurpvkgersmcey
wrypnwhvkocuzecfgltfvsevdqfteavwceyoqjrljedpub
zzabgvogqtzgtfyunzaesyoymurpvkgersmcey
wrypnwhvkocuzecfgltfvsevdqfteavwceyoqjrljedpub
wxejldxfpcdnvjfzbkyiudknwzfzrvraitbpqclskif
wxejldxfpcdnvjfzbkyiudknwzfzrvraitbpqclskif
zzabgvogqtzgtfyunzaesyoymurpvkgersmcey
slqasmmdtqzntm
dsayiblquv
zzabgvogqtzgtfyunzaesyoymurpvkgersmcey
wmbqeoqxpditprkdifhjhrmxfmbxbbxxgwwfaduuijc
zzabgvogqtzgtfyunzaesyoymurpvkgersmcey
wmbqeoqxpditprkdifhjhrmxfmbxbbxxgwwfaduuijc
wmbqeoqxpditprkdifhjhrmxfmbxbbxxgwwfaduuijc
zzabgvogqtzgtfyunzaesyoymurpvkgersmcey
zzabgvogqtzgtfyunzaesyoymurpvkgersmcey
zzabgvogqtzgtfyunzaesyoymurpvkgersmcey
zzabgvogqtzgtfyunzaesyoymurpvkgersmcey
wrypnwhvkocuzecfgltfvsevdqfteavwceyoqjrljedpub
zzabgvogqtzgtfyunzaesyoymurpvkgersmcey
wxejldxfpcdnvjfzbkyiudknwzfzrvraitbpqclskif
sjohrajqezjciyysgxdmyyzlw
wxejldxfpcdnvjfzbkyiudknwzfzrvraitbpqclskif
wxejldxfpcdnvjfzbkyiudknwzfzrvraitbpqclskif
wrypnwhvkocuzecfgltfvsevdqfteavwceyoqjrljedpub
zzabgvogqtzgtfyunzaesyoymurpvkgersmcey
zzabgvogqtzgtfyunzaesyoymurpvkgersmcey
wmbqeoqxpditprkdifhjhrmxfmbxbbxxgwwfaduuijc
dsayiblquv
wxejldxfpcdnvjfzbkyiudknwzfzrvraitbpqclskif
wxejldxfpcdnvjfzbkyiudknwzfzrvraitbpqclskif
wmbqeoqxpditprkdifhjhrmxfmbxbbxxgwwfaduuijc
wrypnwhvkocuzecfgltfvsevdqfteavwceyoqjrljedpub
zzabgvogqtzgtfyunzaesyoymurpvkgersmcey
wrypnwhvkocuzecfgltfvsevdqfteavwceyoqjrljedpub
slqasmmdtqzntm
zzabgvogqtzgtfyunzaesyoymurpvkgersmcey
wxejldxfpcdnvjfzbkyiudknwzfzrvraitbpqclskif
wxejldxfpcdnvjfzbkyiudknwzfzrvraitbpqclskif
zzabgvogqtzgtfyunzaesyoymurpvkgersmcey
zzabgvogqtzgtfyunzaesyoymurpvkgersmcey
zzabgvogqtzgtfyunzaesyoymurpvkgersmcey
zzabgvogqtzgtfyunzaesyoymurpvkgersmcey
zzabgvogqtzgtfyunzaesyoymurpvkgersmcey
zzabgvogqtzgtfyunzaesyoymurpvkgersmcey
wxejldxfpcdnvjfzbkyiudknwzfzrvraitbpqclskif
dsayiblquv
zzabgvogqtzgtfyunzaesyoymurpvkgersmcey
sjohrajqezjciyysgxdmyyzlw
ipeqtjr
zzabgvogqtzgtfyunzaesyoymurpvkgersmcey
slqasmmdtqzntm
gekd
wrypnwhvkocuzecfgltfvsevdqfteavwceyoqjrljedpub
zzabgvogqtzgtfyunzaesyoymurpvkgersmcey
gekd
zzabgvogqtzgtfyunzaesyoymurpvkgersmcey
zzabgvogqtzgtfyunzaesyoymurpvkgersmcey
wrypnwhvkocuzecfgltfvsevdqfteavwceyoqjrljedpub
zzabgvogqtzgtfyunzaesyoymurpvkgersmcey
slqasmmdtqzntm
wxejldxfpcdnvjfzbkyiudknwzfzrvraitbpqclskif
zzabgvogqtzgtfyunzaesyoymurpvkgersmcey
zzabgvogqtzgtfyunzaesyoymurpvkgersmcey
zzabgvogqtzgtfyunzaesyoymurpvkgersmcey
zzabgvogqtzgtfyunzaesyoymurpvkgersmcey
wxejldxfpcdnvjfzbkyiudknwzfzrvraitbpqclskif
wxejldxfpcdnvjfzbkyiudknwzfzrvraitbpqclskif
wxejldxfpcdnvjfzbkyiudknwzfzrvraitbpqclskif
wmbqeoqxpditprkdifhjhrmxfmbxbbxxgwwfaduuijc
wxejldxfpcdnvjfzbkyiudknwzfzrvraitbpqclskif
zzabgvogqtzgtfyunzaesyoymurpvkgersmcey
zzabgvogqtzgtfyunzaesyoymurpvkgersmcey
wrypnwhvkocuzecfgltfvsevdqfteavwceyoqjrljedpub
zzabgvogqtzgtfyunzaesyoymurpvkgersmcey
wrypnwhvkocuzecfgltfvsevdqfteavwceyoqjrljedpub
wrypnwhvkocuzecfgltfvsevdqfteavwceyoqjrljedpub
wxejldxfpcdnvjfzbkyiudknwzfzrvraitbpqclskif
wxejldxfpcdnvjfzbkyiudknwzfzrvraitbpqclskif
wrypnwhvkocuzecfgltfvsevdqfteavwceyoqjrljedpub
sjohrajqezjciyysgxdmyyzlw
wxejldxfpcdnvjfzbkyiudknwzfzrvraitbpqclskif
wxejldxfpcdnvjfzbkyiudknwzfzrvraitbpqclskif
gekd
wxejldxfpcdnvjfzbkyiudknwzfzrvraitbpqclskif
zzabgvogqtzgtfyunzaesyoymurpvkgersmcey
zzabgvogqtzgtfyunzaesyoymurpvkgersmcey
wmbqeoqxpditprkdifhjhrmxfmbxbbxxgwwfaduuijc
wrypnwhvkocuzecfgltfvsevdqfteavwceyoqjrljedpub
sjohrajqezjciyysgxdmyyzlw
wxejldxfpcdnvjfzbkyiudknwzfzrvraitbpqclskif
zzabgvogqtzgtfyunzaesyoymurpvkgersmcey
wmbqeoqxpditprkdifhjhrmxfmbxbbxxgwwfaduuijc
zzabgvogqtzgtfyunzaesyoymurpvkgersmcey
zzabgvogqtzgtfyunzaesyoymurpvkgersmcey
wxejldxfpcdnvjfzbkyiudknwzfzrvraitbpqclskif
slqasmmdtqzntm
gekd
zzabgvogqtzgtfyunzaesyoymurpvkgersmcey
zzabgvogqtzgtfyunzaesyoymurpvkgersmcey
zzabgvogqtzgtfyunzaesyoymurpvkgersmcey
ksznkyuzevnmxcuxchebocopkfhkovetq
wxejldxfpcdnvjfzbkyiudknwzfzrvraitbpqclskif
wxejldxfpcdnvjfzbkyiudknwzfzrvraitbpqclskif
sjohrajqezjciyysgxdmyyzlw
zzabgvogqtzgtfyunzaesyoymurpvkgersmcey
gekd
wrypnwhvkocuzecfgltfvsevdqfteavwceyoqjrljedpub
zzabgvogqtzgtfyunzaesyoymurpvkgersmcey
zzabgvogqtzgtfyunzaesyoymurpvkgersmcey
wxejldxfpcdnvjfzbkyiudknwzfzrvraitbpqclskif
zzabgvogqtzgtfyunzaesyoymurpvkgersmcey
zzabgvogqtzgtfyunzaesyoymurpvkgersmcey
zzabgvogqtzgtfyunzaesyoymurpvkgersmcey
zzabgvogqtzgtfyunzaesyoymurpvkgersmcey
wrypnwhvkocuzecfgltfvsevdqfteavwceyoqjrljedpub
wxejldxfpcdnvjfzbkyiudknwzfzrvraitbpqclskif
wmbqeoqxpditprkdifhjhrmxfmbxbbxxgwwfaduuijc
wxejldxfpcdnvjfzbkyiudknwzfzrvraitbpqclskif
wxejldxfpcdnvjfzbkyiudknwzfzrvraitbpqclskif
zzabgvogqtzgtfyunzaesyoymurpvkgersmcey
ksznkyuzevnmxcuxchebocopkfhkovetq
gekd
slqasmmdtqzntm
wrypnwhvkocuzecfgltfvsevdqfteavwceyoqjrljedpub
sjohrajqezjciyysgxdmyyzlw
zzabgvogqtzgtfyunzaesyoymurpvkgersmcey
wxejldxfpcdnvjfzbkyiudknwzfzrvraitbpqclskif
ksznkyuzevnmxcuxchebocopkfhkovetq
wmbqeoqxpditprkdifhjhrmxfmbxbbxxgwwfaduuijc
wxejldxfpcdnvjfzbkyiudknwzfzrvraitbpqclskif
zzabgvogqtzgtfyunzaesyoymurpvkgersmcey
ksznkyuzevnmxcuxchebocopkfhkovetq
zzabgvogqtzgtfyunzaesyoymurpvkgersmcey
zzabgvogqtzgtfyunzaesyoymurpvkgersmcey
wxejldxfpcdnvjfzbkyiudknwzfzrvraitbpqclskif
wrypnwhvkocuzecfgltfvsevdqfteavwceyoqjrljedpub
wmbqeoqxpditprkdifhjhrmxfmbxbbxxgwwfaduuijc
wxejldxfpcdnvjfzbkyiudknwzfzrvraitbpqclskif
slqasmmdtqzntm
dsayiblquv
zzabgvogqtzgtfyunzaesyoymurpvkgersmcey
wrypnwhvkocuzecfgltfvsevdqfteavwceyoqjrljedpub
wxejldxfpcdnvjfzbkyiudknwzfzrvraitbpqclskif
zzabgvogqtzgtfyunzaesyoymurpvkgersmcey
wxejldxfpcdnvjfzbkyiudknwzfzrvraitbpqclskif
zzabgvogqtzgtfyunzaesyoymurpvkgersmcey
zzabgvogqtzgtfyunzaesyoymurpvkgersmcey
zzabgvogqtzgtfyunzaesyoymurpvkgersmcey
wrypnwhvkocuzecfgltfvsevdqfteavwceyoqjrljedpub
zzabgvogqtzgtfyunzaesyoymurpvkgersmcey
dsayiblquv
zzabgvogqtzgtfyunzaesyoymurpvkgersmcey
zzabgvogqtzgtfyunzaesyoymurpvkgersmcey
zzabgvogqtzgtfyunzaesyoymurpvkgersmcey
wxejldxfpcdnvjfzbkyiudknwzfzrvraitbpqclskif
zzabgvogqtzgtfyunzaesyoymurpvkgersmcey
wxejldxfpcdnvjfzbkyiudknwzfzrvraitbpqclskif
sjohrajqezjciyysgxdmyyzlw
zzabgvogqtzgtfyunzaesyoymurpvkgersmcey
sjohrajqezjciyysgxdmyyzlw
zzabgvogqtzgtfyunzaesyoymurpvkgersmcey
wxejldxfpcdnvjfzbkyiudknwzfzrvraitbpqclskif
zzabgvogqtzgtfyunzaesyoymurpvkgersmcey
zzabgvogqtzgtfyunzaesyoymurpvkgersmcey
zzabgvogqtzgtfyunzaesyoymurpvkgersmcey
wmbqeoqxpditprkdifhjhrmxfmbxbbxxgwwfaduuijc
zzabgvogqtzgtfyunzaesyoymurpvkgersmcey
wxejldxfpcdnvjfzbkyiudknwzfzrvraitbpqclskif
wxejldxfpcdnvjfzbkyiudknwzfzrvraitbpqclskif
ksznkyuzevnmxcuxchebocopkfhkovetq
zzabgvogqtzgtfyunzaesyoymurpvkgersmcey
ksznkyuzevnmxcuxchebocopkfhkovetq
wxejldxfpcdnvjfzbkyiudknwzfzrvraitbpqclskif
wxejldxfpcdnvjfzbkyiudknwzfzrvraitbpqclskif
wxejldxfpcdnvjfzbkyiudknwzfzrvraitbpqclskif
zzabgvogqtzgtfyunzaesyoymurpvkgersmcey
wxejldxfpcdnvjfzbkyiudknwzfzrvraitbpqclskif
zzabgvogqtzgtfyunzaesyoymurpvkgersmcey
wxejldxfpcdnvjfzbkyiudknwzfzrvraitbpqclskif
slqasmmdtqzntm
wxejldxfpcdnvjfzbkyiudknwzfzrvraitbpqclskif
wmbqeoqxpditprkdifhjhrmxfmbxbbxxgwwfaduuijc
wxejldxfpcdnvjfzbkyiudknwzfzrvraitbpqclskif
slqasmmdtqzntm
wxejldxfpcdnvjfzbkyiudknwzfzrvraitbpqclskif
zzabgvogqtzgtfyunzaesyoymurpvkgersmcey
wxejldxfpcdnvjfzbkyiudknwzfzrvraitbpqclskif
wrypnwhvkocuzecfgltfvsevdqfteavwceyoqjrljedpub
wxejldxfpcdnvjfzbkyiudknwzfzrvraitbpqclskif
zzabgvogqtzgtfyunzaesyoymurpvkgersmcey
zzabgvogqtzgtfyunzaesyoymurpvkgersmcey
wrypnwhvkocuzecfgltfvsevdqfteavwceyoqjrljedpub
zzabgvogqtzgtfyunzaesyoymurpvkgersmcey
wmbqeoqxpditprkdifhjhrmxfmbxbbxxgwwfaduuijc
zzabgvogqtzgtfyunzaesyoymurpvkgersmcey
zzabgvogqtzgtfyunzaesyoymurpvkgersmcey
zzabgvogqtzgtfyunzaesyoymurpvkgersmcey
wxejldxfpcdnvjfzbkyiudknwzfzrvraitbpqclskif
sjohrajqezjciyysgxdmyyzlw
ipeqtjr
zzabgvogqtzgtfyunzaesyoymurpvkgersmcey
wrypnwhvkocuzecfgltfvsevdqfteavwceyoqjrljedpub
wrypnwhvkocuzecfgltfvsevdqfteavwceyoqjrljedpub
slqasmmdtqzntm
zzabgvogqtzgtfyunzaesyoymurpvkgersmcey
wmbqeoqxpditprkdifhjhrmxfmbxbbxxgwwfaduuijc
zzabgvogqtzgtfyunzaesyoymurpvkgersmcey
wrypnwhvkocuzecfgltfvsevdqfteavwceyoqjrljedpub
zzabgvogqtzgtfyunzaesyoymurpvkgersmcey
wxejldxfpcdnvjfzbkyiudknwzfzrvraitbpqclskif
zzabgvogqtzgtfyunzaesyoymurpvkgersmcey
zzabgvogqtzgtfyunzaesyoymurpvkgersmcey
zzabgvogqtzgtfyunzaesyoymurpvkgersmcey
ksznkyuzevnmxcuxchebocopkfhkovetq
wxejldxfpcdnvjfzbkyiudknwzfzrvraitbpqclskif
sjohrajqezjciyysgxdmyyzlw
wrypnwhvkocuzecfgltfvsevdqfteavwceyoqjrljedpub
zzabgvogqtzgtfyunzaesyoymurpvkgersmcey
zzabgvogqtzgtfyunzaesyoymurpvkgersmcey
zzabgvogqtzgtfyunzaesyoymurpvkgersmcey
