28304568650837266885316911911907108135502924585863690689413539888448939324388568369517201213289112966384809808131028478607656529184783271650473789786320
