465079
51
177
5
0
354
5126960
122
160
3617
0
1748
3332
9969
416353
2036014
5206332
1595
1310199
754145
22223046
1
1629046
59246908
53
11828
315636
668
16001
339999197
8121
91741485
340
1
2662
1
17740963
10213655
246
28
3048
81176
168103
1456790
34277353
352
10595
836
2
565887
30702732
100
7
161
1127540
415268314
19
1
7490
722
35626699
1498352
811962
11341
3005674
1547545
0
2
8377
8
1
2109710
153
33384
5
215453
9151
3
2
2693296
1
69232
3918
869268
7
2095
302
7616696
433301
10
184
55100322
8616
44774
1
256901
3745891
1175
12559092
362
