24173
4488035
509556
410
13774510
6035356
1
63084
51636
282804
1
347
39581
79
1
1
18904161
313172920
4977481
2
4090198
80624
690919
66076
212134626
90285342
49175506
55
1
44320
9750
51518
