vjwybuotkl
takfvbmjzzbhwbqyzeybkoszb
noa
vjwybuotkl
luxrpgeiwnuaqjvbqdumzlfxkiwjkdoqermxasdstalq
vjwybuotkl
vjwybuotkl
czdqzcpfzebvysliaxzarukmubbujcrzmhylqogaarnuti
sc
vjwybuotkl
sc
vjwybuotkl
rqsdcebgqhqjdqguhgbwcbixj
takfvbmjzzbhwbqyzeybkoszb
vjwybuotkl
ekoffueaaj
rqsdcebgqhqjdqguhgbwcbixj
vjwybuotkl
mrs
avfrzwdxqwabhzdybuqywviqwahhufxlrxkyt
luxrpgeiwnuaqjvbqdumzlfxkiwjkdoqermxasdstalq
vjwybuotkl
czdqzcpfzebvysliaxzarukmubbujcrzmhylqogaarnuti
vjwybuotkl
takfvbmjzzbhwbqyzeybkoszb
vjwybuotkl
sc
noa
takfvbmjzzbhwbqyzeybkoszb
noa
vjwybuotkl
ekoffueaaj
rqsdcebgqhqjdqguhgbwcbixj
vjwybuotkl
rqsdcebgqhqjdqguhgbwcbixj
vjwybuotkl
takfvbmjzzbhwbqyzeybkoszb
sc
takfvbmjzzbhwbqyzeybkoszb
vjwybuotkl
rqsdcebgqhqjdqguhgbwcbixj
vjwybuotkl
mrs
sc
vjwybuotkl
noa
sc
mrs
mrs
rqsdcebgqhqjdqguhgbwcbixj
vjwybuotkl
vjwybuotkl
sc
noa
sc
mrs
vjwybuotkl
vjwybuotkl
rqsdcebgqhqjdqguhgbwcbixj
vjwybuotkl
mrs
vjwybuotkl
vjwybuotkl
vjwybuotkl
vjwybuotkl
takfvbmjzzbhwbqyzeybkoszb
vjwybuotkl
vjwybuotkl
takfvbmjzzbhwbqyzeybkoszb
vjwybuotkl
noa
rqsdcebgqhqjdqguhgbwcbixj
luxrpgeiwnuaqjvbqdumzlfxkiwjkdoqermxasdstalq
noa
vjwybuotkl
sc
rqsdcebgqhqjdqguhgbwcbixj
sc
takfvbmjzzbhwbqyzeybkoszb
vjwybuotkl
vjwybuotkl
vjwybuotkl
vjwybuotkl
mrs
luxrpgeiwnuaqjvbqdumzlfxkiwjkdoqermxasdstalq
vjwybuotkl
vjwybuotkl
ekoffueaaj
vjwybuotkl
takfvbmjzzbhwbqyzeybkoszb
avfrzwdxqwabhzdybuqywviqwahhufxlrxkyt
vjwybuotkl
sc
takfvbmjzzbhwbqyzeybkoszb
vjwybuotkl
noa
takfvbmjzzbhwbqyzeybkoszb
noa
vjwybuotkl
vjwybuotkl
vjwybuotkl
takfvbmjzzbhwbqyzeybkoszb
noa
vjwybuotkl
luxrpgeiwnuaqjvbqdumzlfxkiwjkdoqermxasdstalq
vjwybuotkl
rqsdcebgqhqjdqguhgbwcbixj
vjwybuotkl
vjwybuotkl
takfvbmjzzbhwbqyzeybkoszb
avfrzwdxqwabhzdybuqywviqwahhufxlrxkyt
takfvbmjzzbhwbqyzeybkoszb
vjwybuotkl
sc
vjwybuotkl
sc
sc
vjwybuotkl
sc
takfvbmjzzbhwbqyzeybkoszb
vjwybuotkl
vjwybuotkl
takfvbmjzzbhwbqyzeybkoszb
takfvbmjzzbhwbqyzeybkoszb
takfvbmjzzbhwbqyzeybkoszb
vjwybuotkl
rqsdcebgqhqjdqguhgbwcbixj
vjwybuotkl
vjwybuotkl
takfvbmjzzbhwbqyzeybkoszb
vjwybuotkl
vjwybuotkl
rqsdcebgqhqjdqguhgbwcbixj
vjwybuotkl
vjwybuotkl
vjwybuotkl
vjwybuotkl
takfvbmjzzbhwbqyzeybkoszb
vjwybuotkl
ekoffueaaj
vjwybuotkl
mrs
sc
sc
vjwybuotkl
vjwybuotkl
luxrpgeiwnuaqjvbqdumzlfxkiwjkdoqermxasdstalq
vjwybuotkl
vjwybuotkl
noa
vjwybuotkl
vjwybuotkl
sc
vjwybuotkl
takfvbmjzzbhwbqyzeybkoszb
takfvbmjzzbhwbqyzeybkoszb
vjwybuotkl
vjwybuotkl
luxrpgeiwnuaqjvbqdumzlfxkiwjkdoqermxasdstalq
vjwybuotkl
vjwybuotkl
sc
vjwybuotkl
vjwybuotkl
vjwybuotkl
noa
takfvbmjzzbhwbqyzeybkoszb
avfrzwdxqwabhzdybuqywviqwahhufxlrxkyt
vjwybuotkl
vjwybuotkl
vjwybuotkl
takfvbmjzzbhwbqyzeybkoszb
vjwybuotkl
vjwybuotkl
vjwybuotkl
rqsdcebgqhqjdqguhgbwcbixj
sc
vjwybuotkl
noa
noa
sc
rqsdcebgqhqjdqguhgbwcbixj
vjwybuotkl
vjwybuotkl
vjwybuotkl
takfvbmjzzbhwbqyzeybkoszb
takfvbmjzzbhwbqyzeybkoszb
rqsdcebgqhqjdqguhgbwcbixj
mrs
takfvbmjzzbhwbqyzeybkoszb
vjwybuotkl
noa
vjwybuotkl
sc
vjwybuotkl
rqsdcebgqhqjdqguhgbwcbixj
vjwybuotkl
noa
noa
takfvbmjzzbhwbqyzeybkoszb
vjwybuotkl
mrs
vjwybuotkl
vjwybuotkl
takfvbmjzzbhwbqyzeybkoszb
ekoffueaaj
vjwybuotkl
vjwybuotkl
vjwybuotkl
sc
vjwybuotkl
vjwybuotkl
vjwybuotkl
vjwybuotkl
vjwybuotkl
vjwybuotkl
vjwybuotkl
vjwybuotkl
sc
takfvbmjzzbhwbqyzeybkoszb
sc
takfvbmjzzbhwbqyzeybkoszb
vjwybuotkl
ekoffueaaj
sc
vjwybuotkl
sc
vjwybuotkl
takfvbmjzzbhwbqyzeybkoszb
takfvbmjzzbhwbqyzeybkoszb
takfvbmjzzbhwbqyzeybkoszb
takfvbmjzzbhwbqyzeybkoszb
vjwybuotkl
mrs
rqsdcebgqhqjdqguhgbwcbixj
vjwybuotkl
ekoffueaaj
rqsdcebgqhqjdqguhgbwcbixj
vjwybuotkl
takfvbmjzzbhwbqyzeybkoszb
rqsdcebgqhqjdqguhgbwcbixj
takfvbmjzzbhwbqyzeybkoszb
rqsdcebgqhqjdqguhgbwcbixj
takfvbmjzzbhwbqyzeybkoszb
takfvbmjzzbhwbqyzeybkoszb
luxrpgeiwnuaqjvbqdumzlfxkiwjkdoqermxasdstalq
sc
sc
noa
takfvbmjzzbhwbqyzeybkoszb
ekoffueaaj
rqsdcebgqhqjdqguhgbwcbixj
vjwybuotkl
vjwybuotkl
vjwybuotkl
vjwybuotkl
vjwybuotkl
vjwybuotkl
vjwybuotkl
vjwybuotkl
sc
vjwybuotkl
vjwybuotkl
vjwybuotkl
czdqzcpfzebvysliaxzarukmubbujcrzmhylqogaarnuti
takfvbmjzzbhwbqyzeybkoszb
vjwybuotkl
vjwybuotkl
sc
vjwybuotkl
vjwybuotkl
rqsdcebgqhqjdqguhgbwcbixj
vjwybuotkl
vjwybuotkl
takfvbmjzzbhwbqyzeybkoszb
rqsdcebgqhqjdqguhgbwcbixj
takfvbmjzzbhwbqyzeybkoszb
ekoffueaaj
vjwybuotkl
vjwybuotkl
rqsdcebgqhqjdqguhgbwcbixj
rqsdcebgqhqjdqguhgbwcbixj
noa
vjwybuotkl
vjwybuotkl
sc
takfvbmjzzbhwbqyzeybkoszb
sc
rqsdcebgqhqjdqguhgbwcbixj
mrs
vjwybuotkl
noa
mrs
vjwybuotkl
ekoffueaaj
takfvbmjzzbhwbqyzeybkoszb
vjwybuotkl
avfrzwdxqwabhzdybuqywviqwahhufxlrxkyt
vjwybuotkl
rqsdcebgqhqjdqguhgbwcbixj
takfvbmjzzbhwbqyzeybkoszb
takfvbmjzzbhwbqyzeybkoszb
sc
noa
takfvbmjzzbhwbqyzeybkoszb
takfvbmjzzbhwbqyzeybkoszb
rqsdcebgqhqjdqguhgbwcbixj
vjwybuotkl
noa
takfvbmjzzbhwbqyzeybkoszb
sc
vjwybuotkl
noa
takfvbmjzzbhwbqyzeybkoszb
vjwybuotkl
avfrzwdxqwabhzdybuqywviqwahhufxlrxkyt
vjwybuotkl
rqsdcebgqhqjdqguhgbwcbixj
takfvbmjzzbhwbqyzeybkoszb
takfvbmjzzbhwbqyzeybkoszb
noa
vjwybuotkl
luxrpgeiwnuaqjvbqdumzlfxkiwjkdoqermxasdstalq
takfvbmjzzbhwbqyzeybkoszb
vjwybuotkl
rqsdcebgqhqjdqguhgbwcbixj
takfvbmjzzbhwbqyzeybkoszb
vjwybuotkl
takfvbmjzzbhwbqyzeybkoszb
vjwybuotkl
vjwybuotkl
takfvbmjzzbhwbqyzeybkoszb
avfrzwdxqwabhzdybuqywviqwahhufxlrxkyt
takfvbmjzzbhwbqyzeybkoszb
vjwybuotkl
vjwybuotkl
vjwybuotkl
luxrpgeiwnuaqjvbqdumzlfxkiwjkdoqermxasdstalq
vjwybuotkl
vjwybuotkl
luxrpgeiwnuaqjvbqdumzlfxkiwjkdoqermxasdstalq
sc
takfvbmjzzbhwbqyzeybkoszb
vjwybuotkl
mrs
mrs
sc
vjwybuotkl
mrs
vjwybuotkl
takfvbmjzzbhwbqyzeybkoszb
vjwybuotkl
noa
vjwybuotkl
rqsdcebgqhqjdqguhgbwcbixj
noa
sc
vjwybuotkl
rqsdcebgqhqjdqguhgbwcbixj
rqsdcebgqhqjdqguhgbwcbixj
takfvbmjzzbhwbqyzeybkoszb
vjwybuotkl
takfvbmjzzbhwbqyzeybkoszb
vjwybuotkl
vjwybuotkl
vjwybuotkl
ekoffueaaj
vjwybuotkl
takfvbmjzzbhwbqyzeybkoszb
vjwybuotkl
vjwybuotkl
vjwybuotkl
vjwybuotkl
luxrpgeiwnuaqjvbqdumzlfxkiwjkdoqermxasdstalq
vjwybuotkl
vjwybuotkl
czdqzcpfzebvysliaxzarukmubbujcrzmhylqogaarnuti
takfvbmjzzbhwbqyzeybkoszb
vjwybuotkl
takfvbmjzzbhwbqyzeybkoszb
mrs
noa
takfvbmjzzbhwbqyzeybkoszb
avfrzwdxqwabhzdybuqywviqwahhufxlrxkyt
rqsdcebgqhqjdqguhgbwcbixj
vjwybuotkl
vjwybuotkl
sc
ekoffueaaj
takfvbmjzzbhwbqyzeybkoszb
sc
sc
mrs
vjwybuotkl
rqsdcebgqhqjdqguhgbwcbixj
noa
rqsdcebgqhqjdqguhgbwcbixj
takfvbmjzzbhwbqyzeybkoszb
noa
rqsdcebgqhqjdqguhgbwcbixj
vjwybuotkl
sc
czdqzcpfzebvysliaxzarukmubbujcrzmhylqogaarnuti
ekoffueaaj
vjwybuotkl
vjwybuotkl
takfvbmjzzbhwbqyzeybkoszb
vjwybuotkl
takfvbmjzzbhwbqyzeybkoszb
takfvbmjzzbhwbqyzeybkoszb
mrs
czdqzcpfzebvysliaxzarukmubbujcrzmhylqogaarnuti
vjwybuotkl
vjwybuotkl
vjwybuotkl
takfvbmjzzbhwbqyzeybkoszb
vjwybuotkl
ekoffueaaj
vjwybuotkl
mrs
vjwybuotkl
vjwybuotkl
rqsdcebgqhqjdqguhgbwcbixj
vjwybuotkl
takfvbmjzzbhwbqyzeybkoszb
rqsdcebgqhqjdqguhgbwcbixj
vjwybuotkl
rqsdcebgqhqjdqguhgbwcbixj
vjwybuotkl
vjwybuotkl
avfrzwdxqwabhzdybuqywviqwahhufxlrxkyt
vjwybuotkl
vjwybuotkl
vjwybuotkl
vjwybuotkl
takfvbmjzzbhwbqyzeybkoszb
czdqzcpfzebvysliaxzarukmubbujcrzmhylqogaarnuti
noa
vjwybuotkl
vjwybuotkl
rqsdcebgqhqjdqguhgbwcbixj
takfvbmjzzbhwbqyzeybkoszb
ekoffueaaj
vjwybuotkl
takfvbmjzzbhwbqyzeybkoszb
vjwybuotkl
takfvbmjzzbhwbqyzeybkoszb
vjwybuotkl
takfvbmjzzbhwbqyzeybkoszb
mrs
vjwybuotkl
sc
vjwybuotkl
takfvbmjzzbhwbqyzeybkoszb
noa
vjwybuotkl
ekoffueaaj
sc
vjwybuotkl
vjwybuotkl
takfvbmjzzbhwbqyzeybkoszb
takfvbmjzzbhwbqyzeybkoszb
rqsdcebgqhqjdqguhgbwcbixj
vjwybuotkl
vjwybuotkl
vjwybuotkl
mrs
takfvbmjzzbhwbqyzeybkoszb
takfvbmjzzbhwbqyzeybkoszb
ekoffueaaj
vjwybuotkl
vjwybuotkl
vjwybuotkl
vjwybuotkl
noa
noa
luxrpgeiwnuaqjvbqdumzlfxkiwjkdoqermxasdstalq
vjwybuotkl
mrs
ekoffueaaj
vjwybuotkl
takfvbmjzzbhwbqyzeybkoszb
vjwybuotkl
vjwybuotkl
takfvbmjzzbhwbqyzeybkoszb
rqsdcebgqhqjdqguhgbwcbixj
takfvbmjzzbhwbqyzeybkoszb
vjwybuotkl
rqsdcebgqhqjdqguhgbwcbixj
vjwybuotkl
vjwybuotkl
vjwybuotkl
takfvbmjzzbhwbqyzeybkoszb
rqsdcebgqhqjdqguhgbwcbixj
rqsdcebgqhqjdqguhgbwcbixj
sc
vjwybuotkl
noa
sc
vjwybuotkl
takfvbmjzzbhwbqyzeybkoszb
vjwybuotkl
vjwybuotkl
ekoffueaaj
vjwybuotkl
takfvbmjzzbhwbqyzeybkoszb
ekoffueaaj
takfvbmjzzbhwbqyzeybkoszb
vjwybuotkl
vjwybuotkl
vjwybuotkl
vjwybuotkl
ekoffueaaj
noa
sc
rqsdcebgqhqjdqguhgbwcbixj
mrs
sc
vjwybuotkl
vjwybuotkl
vjwybuotkl
vjwybuotkl
luxrpgeiwnuaqjvbqdumzlfxkiwjkdoqermxasdstalq
vjwybuotkl
noa
takfvbmjzzbhwbqyzeybkoszb
vjwybuotkl
vjwybuotkl
takfvbmjzzbhwbqyzeybkoszb
takfvbmjzzbhwbqyzeybkoszb
vjwybuotkl
vjwybuotkl
takfvbmjzzbhwbqyzeybkoszb
vjwybuotkl
vjwybuotkl
vjwybuotkl
vjwybuotkl
vjwybuotkl
vjwybuotkl
vjwybuotkl
vjwybuotkl
rqsdcebgqhqjdqguhgbwcbixj
noa
takfvbmjzzbhwbqyzeybkoszb
sc
vjwybuotkl
vjwybuotkl
vjwybuotkl
vjwybuotkl
vjwybuotkl
vjwybuotkl
sc
avfrzwdxqwabhzdybuqywviqwahhufxlrxkyt
sc
vjwybuotkl
vjwybuotkl
takfvbmjzzbhwbqyzeybkoszb
sc
sc
vjwybuotkl
rqsdcebgqhqjdqguhgbwcbixj
vjwybuotkl
rqsdcebgqhqjdqguhgbwcbixj
vjwybuotkl
vjwybuotkl
vjwybuotkl
takfvbmjzzbhwbqyzeybkoszb
sc
takfvbmjzzbhwbqyzeybkoszb
mrs
takfvbmjzzbhwbqyzeybkoszb
vjwybuotkl
noa
takfvbmjzzbhwbqyzeybkoszb
takfvbmjzzbhwbqyzeybkoszb
czdqzcpfzebvysliaxzarukmubbujcrzmhylqogaarnuti
noa
vjwybuotkl
takfvbmjzzbhwbqyzeybkoszb
takfvbmjzzbhwbqyzeybkoszb
vjwybuotkl
sc
vjwybuotkl
vjwybuotkl
rqsdcebgqhqjdqguhgbwcbixj
vjwybuotkl
vjwybuotkl
vjwybuotkl
vjwybuotkl
vjwybuotkl
takfvbmjzzbhwbqyzeybkoszb
czdqzcpfzebvysliaxzarukmubbujcrzmhylqogaarnuti
sc
takfvbmjzzbhwbqyzeybkoszb
takfvbmjzzbhwbqyzeybkoszb
takfvbmjzzbhwbqyzeybkoszb
vjwybuotkl
vjwybuotkl
vjwybuotkl
vjwybuotkl
avfrzwdxqwabhzdybuqywviqwahhufxlrxkyt
noa
takfvbmjzzbhwbqyzeybkoszb
mrs
rqsdcebgqhqjdqguhgbwcbixj
vjwybuotkl
vjwybuotkl
noa
takfvbmjzzbhwbqyzeybkoszb
vjwybuotkl
takfvbmjzzbhwbqyzeybkoszb
takfvbmjzzbhwbqyzeybkoszb
sc
mrs
takfvbmjzzbhwbqyzeybkoszb
takfvbmjzzbhwbqyzeybkoszb
vjwybuotkl
vjwybuotkl
avfrzwdxqwabhzdybuqywviqwahhufxlrxkyt
vjwybuotkl
takfvbmjzzbhwbqyzeybkoszb
sc
rqsdcebgqhqjdqguhgbwcbixj
takfvbmjzzbhwbqyzeybkoszb
vjwybuotkl
vjwybuotkl
vjwybuotkl
luxrpgeiwnuaqjvbqdumzlfxkiwjkdoqermxasdstalq
noa
vjwybuotkl
sc
vjwybuotkl
mrs
takfvbmjzzbhwbqyzeybkoszb
vjwybuotkl
takfvbmjzzbhwbqyzeybkoszb
mrs
rqsdcebgqhqjdqguhgbwcbixj
vjwybuotkl
vjwybuotkl
takfvbmjzzbhwbqyzeybkoszb
vjwybuotkl
vjwybuotkl
vjwybuotkl
vjwybuotkl
noa
luxrpgeiwnuaqjvbqdumzlfxkiwjkdoqermxasdstalq
sc
rqsdcebgqhqjdqguhgbwcbixj
sc
vjwybuotkl
vjwybuotkl
vjwybuotkl
rqsdcebgqhqjdqguhgbwcbixj
vjwybuotkl
vjwybuotkl
rqsdcebgqhqjdqguhgbwcbixj
vjwybuotkl
vjwybuotkl
vjwybuotkl
vjwybuotkl
takfvbmjzzbhwbqyzeybkoszb
vjwybuotkl
vjwybuotkl
ekoffueaaj
luxrpgeiwnuaqjvbqdumzlfxkiwjkdoqermxasdstalq
takfvbmjzzbhwbqyzeybkoszb
vjwybuotkl
takfvbmjzzbhwbqyzeybkoszb
vjwybuotkl
sc
vjwybuotkl
vjwybuotkl
mrs
takfvbmjzzbhwbqyzeybkoszb
rqsdcebgqhqjdqguhgbwcbixj
takfvbmjzzbhwbqyzeybkoszb
noa
sc
takfvbmjzzbhwbqyzeybkoszb
takfvbmjzzbhwbqyzeybkoszb
takfvbmjzzbhwbqyzeybkoszb
czdqzcpfzebvysliaxzarukmubbujcrzmhylqogaarnuti
vjwybuotkl
takfvbmjzzbhwbqyzeybkoszb
vjwybuotkl
vjwybuotkl
vjwybuotkl
vjwybuotkl
rqsdcebgqhqjdqguhgbwcbixj
takfvbmjzzbhwbqyzeybkoszb
mrs
vjwybuotkl
takfvbmjzzbhwbqyzeybkoszb
noa
vjwybuotkl
vjwybuotkl
vjwybuotkl
takfvbmjzzbhwbqyzeybkoszb
rqsdcebgqhqjdqguhgbwcbixj
noa
vjwybuotkl
vjwybuotkl
vjwybuotkl
vjwybuotkl
ekoffueaaj
sc
vjwybuotkl
noa
vjwybuotkl
sc
sc
mrs
noa
takfvbmjzzbhwbqyzeybkoszb
takfvbmjzzbhwbqyzeybkoszb
sc
vjwybuotkl
vjwybuotkl
sc
sc
mrs
rqsdcebgqhqjdqguhgbwcbixj
takfvbmjzzbhwbqyzeybkoszb
vjwybuotkl
vjwybuotkl
ekoffueaaj
mrs
sc
noa
takfvbmjzzbhwbqyzeybkoszb
vjwybuotkl
vjwybuotkl
vjwybuotkl
vjwybuotkl
sc
vjwybuotkl
vjwybuotkl
rqsdcebgqhqjdqguhgbwcbixj
rqsdcebgqhqjdqguhgbwcbixj
rqsdcebgqhqjdqguhgbwcbixj
luxrpgeiwnuaqjvbqdumzlfxkiwjkdoqermxasdstalq
takfvbmjzzbhwbqyzeybkoszb
sc
vjwybuotkl
takfvbmjzzbhwbqyzeybkoszb
takfvbmjzzbhwbqyzeybkoszb
takfvbmjzzbhwbqyzeybkoszb
takfvbmjzzbhwbqyzeybkoszb
noa
vjwybuotkl
takfvbmjzzbhwbqyzeybkoszb
vjwybuotkl
rqsdcebgqhqjdqguhgbwcbixj
rqsdcebgqhqjdqguhgbwcbixj
takfvbmjzzbhwbqyzeybkoszb
takfvbmjzzbhwbqyzeybkoszb
sc
takfvbmjzzbhwbqyzeybkoszb
vjwybuotkl
sc
vjwybuotkl
takfvbmjzzbhwbqyzeybkoszb
rqsdcebgqhqjdqguhgbwcbixj
vjwybuotkl
noa
takfvbmjzzbhwbqyzeybkoszb
vjwybuotkl
noa
vjwybuotkl
vjwybuotkl
rqsdcebgqhqjdqguhgbwcbixj
vjwybuotkl
sc
takfvbmjzzbhwbqyzeybkoszb
takfvbmjzzbhwbqyzeybkoszb
rqsdcebgqhqjdqguhgbwcbixj
takfvbmjzzbhwbqyzeybkoszb
noa
sc
sc
vjwybuotkl
sc
vjwybuotkl
luxrpgeiwnuaqjvbqdumzlfxkiwjkdoqermxasdstalq
vjwybuotkl
noa
ekoffueaaj
vjwybuotkl
vjwybuotkl
sc
rqsdcebgqhqjdqguhgbwcbixj
vjwybuotkl
vjwybuotkl
takfvbmjzzbhwbqyzeybkoszb
vjwybuotkl
sc
vjwybuotkl
vjwybuotkl
takfvbmjzzbhwbqyzeybkoszb
sc
sc
ekoffueaaj
vjwybuotkl
rqsdcebgqhqjdqguhgbwcbixj
takfvbmjzzbhwbqyzeybkoszb
vjwybuotkl
vjwybuotkl
noa
sc
vjwybuotkl
sc
vjwybuotkl
vjwybuotkl
sc
takfvbmjzzbhwbqyzeybkoszb
sc
sc
sc
rqsdcebgqhqjdqguhgbwcbixj
vjwybuotkl
vjwybuotkl
vjwybuotkl
takfvbmjzzbhwbqyzeybkoszb
sc
vjwybuotkl
takfvbmjzzbhwbqyzeybkoszb
takfvbmjzzbhwbqyzeybkoszb
takfvbmjzzbhwbqyzeybkoszb
vjwybuotkl
vjwybuotkl
vjwybuotkl
sc
sc
takfvbmjzzbhwbqyzeybkoszb
sc
takfvbmjzzbhwbqyzeybkoszb
vjwybuotkl
ekoffueaaj
rqsdcebgqhqjdqguhgbwcbixj
vjwybuotkl
vjwybuotkl
vjwybuotkl
takfvbmjzzbhwbqyzeybkoszb
takfvbmjzzbhwbqyzeybkoszb
vjwybuotkl
vjwybuotkl
vjwybuotkl
noa
sc
vjwybuotkl
vjwybuotkl
ekoffueaaj
rqsdcebgqhqjdqguhgbwcbixj
vjwybuotkl
vjwybuotkl
vjwybuotkl
vjwybuotkl
vjwybuotkl
rqsdcebgqhqjdqguhgbwcbixj
sc
takfvbmjzzbhwbqyzeybkoszb
takfvbmjzzbhwbqyzeybkoszb
takfvbmjzzbhwbqyzeybkoszb
vjwybuotkl
takfvbmjzzbhwbqyzeybkoszb
vjwybuotkl
avfrzwdxqwabhzdybuqywviqwahhufxlrxkyt
rqsdcebgqhqjdqguhgbwcbixj
takfvbmjzzbhwbqyzeybkoszb
noa
rqsdcebgqhqjdqguhgbwcbixj
vjwybuotkl
sc
vjwybuotkl
takfvbmjzzbhwbqyzeybkoszb
takfvbmjzzbhwbqyzeybkoszb
vjwybuotkl
takfvbmjzzbhwbqyzeybkoszb
rqsdcebgqhqjdqguhgbwcbixj
vjwybuotkl
vjwybuotkl
luxrpgeiwnuaqjvbqdumzlfxkiwjkdoqermxasdstalq
takfvbmjzzbhwbqyzeybkoszb
vjwybuotkl
sc
luxrpgeiwnuaqjvbqdumzlfxkiwjkdoqermxasdstalq
rqsdcebgqhqjdqguhgbwcbixj
luxrpgeiwnuaqjvbqdumzlfxkiwjkdoqermxasdstalq
sc
rqsdcebgqhqjdqguhgbwcbixj
sc
sc
sc
takfvbmjzzbhwbqyzeybkoszb
rqsdcebgqhqjdqguhgbwcbixj
vjwybuotkl
takfvbmjzzbhwbqyzeybkoszb
vjwybuotkl
sc
noa
vjwybuotkl
takfvbmjzzbhwbqyzeybkoszb
noa
takfvbmjzzbhwbqyzeybkoszb
vjwybuotkl
vjwybuotkl
takfvbmjzzbhwbqyzeybkoszb
takfvbmjzzbhwbqyzeybkoszb
vjwybuotkl
vjwybuotkl
vjwybuotkl
vjwybuotkl
vjwybuotkl
mrs
vjwybuotkl
vjwybuotkl
vjwybuotkl
vjwybuotkl
sc
vjwybuotkl
noa
rqsdcebgqhqjdqguhgbwcbixj
takfvbmjzzbhwbqyzeybkoszb
czdqzcpfzebvysliaxzarukmubbujcrzmhylqogaarnuti
vjwybuotkl
noa
takfvbmjzzbhwbqyzeybkoszb
vjwybuotkl
takfvbmjzzbhwbqyzeybkoszb
avfrzwdxqwabhzdybuqywviqwahhufxlrxkyt
mrs
noa
takfvbmjzzbhwbqyzeybkoszb
ekoffueaaj
sc
vjwybuotkl
takfvbmjzzbhwbqyzeybkoszb
vjwybuotkl
rqsdcebgqhqjdqguhgbwcbixj
vjwybuotkl
vjwybuotkl
ekoffueaaj
avfrzwdxqwabhzdybuqywviqwahhufxlrxkyt
vjwybuotkl
vjwybuotkl
noa
vjwybuotkl
vjwybuotkl
sc
vjwybuotkl
vjwybuotkl
luxrpgeiwnuaqjvbqdumzlfxkiwjkdoqermxasdstalq
mrs
noa
vjwybuotkl
vjwybuotkl
vjwybuotkl
vjwybuotkl
vjwybuotkl
sc
sc
mrs
vjwybuotkl
vjwybuotkl
vjwybuotkl
mrs
vjwybuotkl
sc
vjwybuotkl
vjwybuotkl
avfrzwdxqwabhzdybuqywviqwahhufxlrxkyt
noa
noa
sc
takfvbmjzzbhwbqyzeybkoszb
vjwybuotkl
sc
luxrpgeiwnuaqjvbqdumzlfxkiwjkdoqermxasdstalq
vjwybuotkl
noa
takfvbmjzzbhwbqyzeybkoszb
takfvbmjzzbhwbqyzeybkoszb
sc
czdqzcpfzebvysliaxzarukmubbujcrzmhylqogaarnuti
sc
rqsdcebgqhqjdqguhgbwcbixj
takfvbmjzzbhwbqyzeybkoszb
sc
vjwybuotkl
vjwybuotkl
mrs
takfvbmjzzbhwbqyzeybkoszb
rqsdcebgqhqjdqguhgbwcbixj
sc
vjwybuotkl
takfvbmjzzbhwbqyzeybkoszb
vjwybuotkl
rqsdcebgqhqjdqguhgbwcbixj
rqsdcebgqhqjdqguhgbwcbixj
