63711064886063047853137284663982725539758245880394767797879321095940190937913458559779945625926139120723750836197458
