62618437829004520117849274711715535147431768080181786940234785103765414268236656916909098837368
